Archive member included to satisfy reference by file (symbol)

g:/rt-threadstudio/platform/env_released/env/tools/gnu_gcc/arm_gcc/mingw/bin/../lib/gcc/arm-none-eabi/10.3.1/../../../../arm-none-eabi/lib/thumb/v7-m/nofp\libc.a(lib_a-atoi.o)
                              build\kernel\components\drivers\misc\pin.o (atoi)
g:/rt-threadstudio/platform/env_released/env/tools/gnu_gcc/arm_gcc/mingw/bin/../lib/gcc/arm-none-eabi/10.3.1/../../../../arm-none-eabi/lib/thumb/v7-m/nofp\libc.a(lib_a-ctype_.o)
                              build\kernel\components\drivers\misc\pin.o (_ctype_)
g:/rt-threadstudio/platform/env_released/env/tools/gnu_gcc/arm_gcc/mingw/bin/../lib/gcc/arm-none-eabi/10.3.1/../../../../arm-none-eabi/lib/thumb/v7-m/nofp\libc.a(lib_a-exit.o)
                              g:/rt-threadstudio/platform/env_released/env/tools/gnu_gcc/arm_gcc/mingw/bin/../lib/gcc/arm-none-eabi/10.3.1/../../../../arm-none-eabi/lib/thumb/v7-m/nofp/crt0.o (exit)
g:/rt-threadstudio/platform/env_released/env/tools/gnu_gcc/arm_gcc/mingw/bin/../lib/gcc/arm-none-eabi/10.3.1/../../../../arm-none-eabi/lib/thumb/v7-m/nofp\libc.a(lib_a-impure.o)
                              g:/rt-threadstudio/platform/env_released/env/tools/gnu_gcc/arm_gcc/mingw/bin/../lib/gcc/arm-none-eabi/10.3.1/../../../../arm-none-eabi/lib/thumb/v7-m/nofp\libc.a(lib_a-exit.o) (_global_impure_ptr)
g:/rt-threadstudio/platform/env_released/env/tools/gnu_gcc/arm_gcc/mingw/bin/../lib/gcc/arm-none-eabi/10.3.1/../../../../arm-none-eabi/lib/thumb/v7-m/nofp\libc.a(lib_a-malloc.o)
                              build\kernel\components\libc\compilers\common\cstring.o (malloc)
g:/rt-threadstudio/platform/env_released/env/tools/gnu_gcc/arm_gcc/mingw/bin/../lib/gcc/arm-none-eabi/10.3.1/../../../../arm-none-eabi/lib/thumb/v7-m/nofp\libc.a(lib_a-memcmp.o)
                              build\kernel\components\finsh\shell.o (memcmp)
g:/rt-threadstudio/platform/env_released/env/tools/gnu_gcc/arm_gcc/mingw/bin/../lib/gcc/arm-none-eabi/10.3.1/../../../../arm-none-eabi/lib/thumb/v7-m/nofp\libc.a(lib_a-memcpy.o)
                              build\kernel\components\finsh\msh.o (memcpy)
g:/rt-threadstudio/platform/env_released/env/tools/gnu_gcc/arm_gcc/mingw/bin/../lib/gcc/arm-none-eabi/10.3.1/../../../../arm-none-eabi/lib/thumb/v7-m/nofp\libc.a(lib_a-memset.o)
                              g:/rt-threadstudio/platform/env_released/env/tools/gnu_gcc/arm_gcc/mingw/bin/../lib/gcc/arm-none-eabi/10.3.1/../../../../arm-none-eabi/lib/thumb/v7-m/nofp/crt0.o (memset)
g:/rt-threadstudio/platform/env_released/env/tools/gnu_gcc/arm_gcc/mingw/bin/../lib/gcc/arm-none-eabi/10.3.1/../../../../arm-none-eabi/lib/thumb/v7-m/nofp\libc.a(lib_a-strchr.o)
                              build\kernel\components\libc\compilers\common\cstring.o (strchr)
g:/rt-threadstudio/platform/env_released/env/tools/gnu_gcc/arm_gcc/mingw/bin/../lib/gcc/arm-none-eabi/10.3.1/../../../../arm-none-eabi/lib/thumb/v7-m/nofp\libc.a(lib_a-strcmp.o)
                              build\kernel\components\dfs\src\dfs_fs.o (strcmp)
g:/rt-threadstudio/platform/env_released/env/tools/gnu_gcc/arm_gcc/mingw/bin/../lib/gcc/arm-none-eabi/10.3.1/../../../../arm-none-eabi/lib/thumb/v7-m/nofp\libc.a(lib_a-strcpy.o)
                              build\kernel\components\finsh\shell.o (strcpy)
g:/rt-threadstudio/platform/env_released/env/tools/gnu_gcc/arm_gcc/mingw/bin/../lib/gcc/arm-none-eabi/10.3.1/../../../../arm-none-eabi/lib/thumb/v7-m/nofp\libc.a(lib_a-strlen-stub.o)
                              build\kernel\src\kservice.o (strlen)
g:/rt-threadstudio/platform/env_released/env/tools/gnu_gcc/arm_gcc/mingw/bin/../lib/gcc/arm-none-eabi/10.3.1/../../../../arm-none-eabi/lib/thumb/v7-m/nofp\libc.a(lib_a-strncat.o)
                              build\kernel\components\drivers\misc\pin.o (strncat)
g:/rt-threadstudio/platform/env_released/env/tools/gnu_gcc/arm_gcc/mingw/bin/../lib/gcc/arm-none-eabi/10.3.1/../../../../arm-none-eabi/lib/thumb/v7-m/nofp\libc.a(lib_a-strncmp.o)
                              build\kernel\src\object.o (strncmp)
g:/rt-threadstudio/platform/env_released/env/tools/gnu_gcc/arm_gcc/mingw/bin/../lib/gcc/arm-none-eabi/10.3.1/../../../../arm-none-eabi/lib/thumb/v7-m/nofp\libc.a(lib_a-strncpy.o)
                              build\kernel\src\object.o (strncpy)
g:/rt-threadstudio/platform/env_released/env/tools/gnu_gcc/arm_gcc/mingw/bin/../lib/gcc/arm-none-eabi/10.3.1/../../../../arm-none-eabi/lib/thumb/v7-m/nofp\libc.a(lib_a-strrchr.o)
                              build\kernel\components\dfs\src\dfs_file.o (strrchr)
g:/rt-threadstudio/platform/env_released/env/tools/gnu_gcc/arm_gcc/mingw/bin/../lib/gcc/arm-none-eabi/10.3.1/../../../../arm-none-eabi/lib/thumb/v7-m/nofp\libc.a(lib_a-strstr.o)
                              build\kernel\components\finsh\msh_file.o (strstr)
[...]
Memory Configuration

Name             Origin             Length             Attributes
ROM              0x08000000         0x00010000         xr
RAM              0x20000000         0x00005000         rw
*default*        0x00000000         0xffffffff

Linker script and memory map

LOAD g:/rt-threadstudio/platform/env_released/env/tools/gnu_gcc/arm_gcc/mingw/bin/../lib/gcc/arm-none-eabi/10.3.1/thumb/v7-m/nofp/crti.o
LOAD g:/rt-threadstudio/platform/env_released/env/tools/gnu_gcc/arm_gcc/mingw/bin/../lib/gcc/arm-none-eabi/10.3.1/thumb/v7-m/nofp/crtbegin.o
LOAD g:/rt-threadstudio/platform/env_released/env/tools/gnu_gcc/arm_gcc/mingw/bin/../lib/gcc/arm-none-eabi/10.3.1/../../../../arm-none-eabi/lib/thumb/v7-m/nofp/crt0.o
LOAD build\applications\main.o
LOAD build\board\ports\user_key.o
LOAD libraries\STM32F1xx_HAL\CMSIS\Device\ST\STM32F1xx\Source\Templates\gcc\startup_stm32f103xb.o
LOAD build\board\CubeMX_Config\Src\stm32f1xx_hal_msp.o
LOAD build\board\board.o
LOAD build\kernel\src\mem.o
LOAD build\kernel\src\timer.o
LOAD build\kernel\src\irq.o
LOAD build\kernel\src\components.o
LOAD build\kernel\src\mempool.o
LOAD build\kernel\src\thread.o
LOAD build\kernel\src\clock.o
LOAD build\kernel\src\ipc.o
LOAD build\kernel\src\device.o
LOAD build\kernel\src\scheduler.o
LOAD build\kernel\src\idle.o
LOAD build\kernel\src\object.o
LOAD build\kernel\src\kservice.o
LOAD build\kernel\libcpu\arm\common\div0.o
LOAD build\kernel\libcpu\arm\common\backtrace.o
LOAD build\kernel\libcpu\arm\common\showmem.o
LOAD build\kernel\libcpu\arm\cortex-m3\context_gcc.o
LOAD build\kernel\libcpu\arm\cortex-m3\cpuport.o
LOAD build\kernel\components\dfs\src\dfs_posix.o
LOAD build\kernel\components\dfs\src\dfs_fs.o
LOAD build\kernel\components\dfs\src\dfs.o
LOAD build\kernel\components\dfs\src\dfs_file.o
LOAD build\kernel\components\drivers\ipc\completion.o
LOAD build\kernel\components\drivers\ipc\dataqueue.o
LOAD build\kernel\components\drivers\ipc\ringblk_buf.o
LOAD build\kernel\components\drivers\ipc\workqueue.o
LOAD build\kernel\components\drivers\ipc\ringbuffer.o
LOAD build\kernel\components\drivers\ipc\waitqueue.o
LOAD build\kernel\components\drivers\ipc\pipe.o
LOAD build\kernel\components\drivers\misc\pin.o
LOAD build\kernel\components\drivers\serial\serial.o
LOAD build\kernel\components\finsh\shell.o
LOAD build\kernel\components\finsh\msh.o
LOAD build\kernel\components\finsh\msh_parse.o
LOAD build\kernel\components\finsh\cmd.o
LOAD build\kernel\components\finsh\msh_file.o
LOAD build\kernel\components\libc\compilers\common\cwchar.o
LOAD build\kernel\components\libc\compilers\common\cstdlib.o
LOAD build\kernel\components\libc\compilers\common\ctime.o
LOAD build\kernel\components\libc\compilers\common\cctype.o
LOAD build\kernel\components\libc\compilers\common\cstring.o
LOAD build\kernel\components\libc\compilers\common\cstdio.o
LOAD build\kernel\components\libc\compilers\newlib\syscalls.o
LOAD libraries\STM32F1xx_HAL\STM32F1xx_HAL_Driver\Src\stm32f1xx_hal_rcc_ex.o
LOAD libraries\STM32F1xx_HAL\STM32F1xx_HAL_Driver\Src\stm32f1xx_hal_cortex.o
LOAD libraries\STM32F1xx_HAL\STM32F1xx_HAL_Driver\Src\stm32f1xx_hal_gpio_ex.o
LOAD libraries\STM32F1xx_HAL\STM32F1xx_HAL_Driver\Src\stm32f1xx_hal_rcc.o
LOAD libraries\STM32F1xx_HAL\STM32F1xx_HAL_Driver\Src\stm32f1xx_hal_pwr.o
LOAD libraries\STM32F1xx_HAL\STM32F1xx_HAL_Driver\Src\stm32f1xx_hal_dma.o
LOAD libraries\STM32F1xx_HAL\STM32F1xx_HAL_Driver\Src\stm32f1xx_hal_crc.o
LOAD libraries\STM32F1xx_HAL\CMSIS\Device\ST\STM32F1xx\Source\Templates\system_stm32f1xx.o
LOAD libraries\STM32F1xx_HAL\STM32F1xx_HAL_Driver\Src\stm32f1xx_hal_uart.o
LOAD libraries\STM32F1xx_HAL\STM32F1xx_HAL_Driver\Src\stm32f1xx_hal.o
LOAD libraries\STM32F1xx_HAL\STM32F1xx_HAL_Driver\Src\stm32f1xx_hal_cec.o
LOAD libraries\STM32F1xx_HAL\STM32F1xx_HAL_Driver\Src\stm32f1xx_hal_usart.o
LOAD libraries\STM32F1xx_HAL\STM32F1xx_HAL_Driver\Src\stm32f1xx_hal_gpio.o
LOAD libraries\HAL_Drivers\drv_gpio.o
LOAD libraries\HAL_Drivers\drv_usart.o
LOAD libraries\HAL_Drivers\drv_common.o
LOAD g:/rt-threadstudio/platform/env_released/env/tools/gnu_gcc/arm_gcc/mingw/bin/../lib/gcc/arm-none-eabi/10.3.1/../../../../arm-none-eabi/lib/thumb/v7-m/nofp\libc.a
LOAD g:/rt-threadstudio/platform/env_released/env/tools/gnu_gcc/arm_gcc/mingw/bin/../lib/gcc/arm-none-eabi/10.3.1/../../../../arm-none-eabi/lib/thumb/v7-m/nofp\libm.a
START GROUP
LOAD g:/rt-threadstudio/platform/env_released/env/tools/gnu_gcc/arm_gcc/mingw/bin/../lib/gcc/arm-none-eabi/10.3.1/thumb/v7-m/nofp\libgcc.a
LOAD g:/rt-threadstudio/platform/env_released/env/tools/gnu_gcc/arm_gcc/mingw/bin/../lib/gcc/arm-none-eabi/10.3.1/../../../../arm-none-eabi/lib/thumb/v7-m/nofp\libc.a
END GROUP
LOAD g:/rt-threadstudio/platform/env_released/env/tools/gnu_gcc/arm_gcc/mingw/bin/../lib/gcc/arm-none-eabi/10.3.1/thumb/v7-m/nofp/crtend.o
LOAD g:/rt-threadstudio/platform/env_released/env/tools/gnu_gcc/arm_gcc/mingw/bin/../lib/gcc/arm-none-eabi/10.3.1/thumb/v7-m/nofp/crtn.o
                0x00000400                _system_stack_size = 0x400

.text           0x08000000     0xebf4
                0x08000000                . = ALIGN (0x4)
                0x08000000                _stext = .
 *(.isr_vector)
 .isr_vector    0x08000000      0x10c libraries\STM32F1xx_HAL\CMSIS\Device\ST\STM32F1xx\Source\Templates\gcc\startup_stm32f103xb.o
                0x08000000                g_pfnVectors
                0x0800010c                . = ALIGN (0x4)
 *(.text)
 .text          0x0800010c       0x40 g:/rt-threadstudio/platform/env_released/env/tools/gnu_gcc/arm_gcc/mingw/bin/../lib/gcc/arm-none-eabi/10.3.1/thumb/v7-m/nofp/crtbegin.o
 .text          0x0800014c      0x108 build\kernel\libcpu\arm\cortex-m3\context_gcc.o
                0x0800014c                rt_hw_interrupt_disable
                0x08000154                rt_hw_interrupt_enable
                0x0800015a                rt_hw_context_switch_interrupt
                0x0800015a                rt_hw_context_switch
                0x0800017a                PendSV_Handler
                0x080001b6                rt_hw_context_switch_to
                0x080001f8                rt_hw_interrupt_thread_switch
                0x080001fc                HardFault_Handler
                0x08000232                rt_hw_interrupt_check
 .text          0x08000254       0xec g:/rt-threadstudio/platform/env_released/env/tools/gnu_gcc/arm_gcc/mingw/bin/../lib/gcc/arm-none-eabi/10.3.1/../../../../arm-none-eabi/lib/thumb/v7-m/nofp\libc.a(lib_a-memcpy.o)
                0x08000254                memcpy
 .text          0x08000340      0x1bc g:/rt-threadstudio/platform/env_released/env/tools/gnu_gcc/arm_gcc/mingw/bin/../lib/gcc/arm-none-eabi/10.3.1/../../../../arm-none-eabi/lib/thumb/v7-m/nofp\libc.a(lib_a-strcmp.o)
                0x08000340                strcmp
 *(.text.*)
 .text.startup.main
                0x080004fc       0x2c build\applications\main.o
                0x080004fc                main
 .text.rt_hw_user_key_init
                0x08000528       0x28 build\board\ports\user_key.o
 .text.KEY_IRQHandler
                0x08000550       0x30 build\board\ports\user_key.o
 .text.Reset_Handler
                0x08000580       0x48 libraries\STM32F1xx_HAL\CMSIS\Device\ST\STM32F1xx\Source\Templates\gcc\startup_stm32f103xb.o
                0x08000580                Reset_Handler
 .text.Default_Handler
                0x080005c8        0x2 libraries\STM32F1xx_HAL\CMSIS\Device\ST\STM32F1xx\Source\Templates\gcc\startup_stm32f103xb.o
                0x080005c8                RTC_Alarm_IRQHandler
                0x080005c8                DebugMon_Handler
                0x080005c8                TIM1_CC_IRQHandler
                0x080005c8                PVD_IRQHandler
                0x080005c8                NMI_Handler
                0x080005c8                I2C2_EV_IRQHandler
                0x080005c8                UsageFault_Handler
                0x080005c8                ADC1_2_IRQHandler
                0x080005c8                SPI1_IRQHandler
                0x080005c8                TAMPER_IRQHandler
                0x080005c8                DMA1_Channel4_IRQHandler
                0x080005c8                USART3_IRQHandler
                0x080005c8                RTC_IRQHandler
                0x080005c8                DMA1_Channel7_IRQHandler
                0x080005c8                CAN1_RX1_IRQHandler
                0x080005c8                TIM4_IRQHandler
                0x080005c8                I2C1_EV_IRQHandler
                0x080005c8                DMA1_Channel6_IRQHandler
                0x080005c8                TIM3_IRQHandler
                0x080005c8                RCC_IRQHandler
                0x080005c8                TIM1_TRG_COM_IRQHandler
                0x080005c8                DMA1_Channel1_IRQHandler
                0x080005c8                Default_Handler
                0x080005c8                SPI2_IRQHandler
                0x080005c8                MemManage_Handler
                0x080005c8                SVC_Handler
                0x080005c8                DMA1_Channel5_IRQHandler
                0x080005c8                USB_LP_CAN1_RX0_IRQHandler
                0x080005c8                USB_HP_CAN1_TX_IRQHandler
                0x080005c8                DMA1_Channel3_IRQHandler
                0x080005c8                TIM1_UP_IRQHandler
                0x080005c8                WWDG_IRQHandler
                0x080005c8                TIM2_IRQHandler
                0x080005c8                TIM1_BRK_IRQHandler
                0x080005c8                USART2_IRQHandler
                0x080005c8                I2C2_ER_IRQHandler
                0x080005c8                DMA1_Channel2_IRQHandler
                0x080005c8                CAN1_SCE_IRQHandler
                0x080005c8                FLASH_IRQHandler
                0x080005c8                BusFault_Handler
                0x080005c8                I2C1_ER_IRQHandler
                0x080005c8                USBWakeUp_IRQHandler
 *fill*         0x080005ca        0x2 00000000
 .text.HAL_MspInit
                0x080005cc       0x44 build\board\CubeMX_Config\Src\stm32f1xx_hal_msp.o
                0x080005cc                HAL_MspInit
 .text.HAL_UART_MspInit
                0x08000610       0xd0 build\board\CubeMX_Config\Src\stm32f1xx_hal_msp.o
                0x08000610                HAL_UART_MspInit
 .text.HAL_UART_MspDeInit
                0x080006e0       0x48 build\board\CubeMX_Config\Src\stm32f1xx_hal_msp.o
                0x080006e0                HAL_UART_MspDeInit
 .text.SystemClock_Config
                0x08000728       0x9c build\board\board.o
                0x08000728                SystemClock_Config
 .text.plug_holes
                0x080007c4       0x8c build\kernel\src\mem.o
 .text.rt_smem_init
                0x08000850       0x84 build\kernel\src\mem.o
                0x08000850                rt_smem_init
 .text.rt_smem_alloc
                0x080008d4      0x170 build\kernel\src\mem.o
                0x080008d4                rt_smem_alloc
 .text.rt_smem_free
                0x08000a44      0x104 build\kernel\src\mem.o
                0x08000a44                rt_smem_free
 .text.rt_smem_realloc
                0x08000b48      0x174 build\kernel\src\mem.o
                0x08000b48                rt_smem_realloc
 .text.rt_timer_init
                0x08000cbc       0x84 build\kernel\src\timer.o
                0x08000cbc                rt_timer_init
 .text.rt_timer_detach
                0x08000d40       0x7c build\kernel\src\timer.o
                0x08000d40                rt_timer_detach
 .text.rt_timer_start
                0x08000dbc      0x110 build\kernel\src\timer.o
                0x08000dbc                rt_timer_start
 .text.rt_timer_stop
                0x08000ecc       0x74 build\kernel\src\timer.o
                0x08000ecc                rt_timer_stop
 .text.rt_timer_control
                0x08000f40       0xc8 build\kernel\src\timer.o
                0x08000f40                rt_timer_control
 .text.rt_timer_check
                0x08001008       0xdc build\kernel\src\timer.o
                0x08001008                rt_timer_check
 .text.rt_soft_timer_check
                0x080010e4       0xe8 build\kernel\src\timer.o
                0x080010e4                rt_soft_timer_check
 .text._timer_thread_entry
                0x080011cc       0x44 build\kernel\src\timer.o
 .text.rt_system_timer_init
                0x08001210        0xc build\kernel\src\timer.o
                0x08001210                rt_system_timer_init
 .text.rt_system_timer_thread_init
                0x0800121c       0x4c build\kernel\src\timer.o
                0x0800121c                rt_system_timer_thread_init
 .text.rt_interrupt_enter
                0x08001268       0x2c build\kernel\src\irq.o
                0x08001268                rt_interrupt_enter
 .text.rt_interrupt_leave
                0x08001294       0x2c build\kernel\src\irq.o
                0x08001294                rt_interrupt_leave
 .text.rt_interrupt_get_nest
                0x080012c0       0x18 build\kernel\src\irq.o
                0x080012c0                rt_interrupt_get_nest
 .text.rti_start
                0x080012d8        0x4 build\kernel\src\components.o
 .text.main_thread_entry
                0x080012dc       0x24 build\kernel\src\components.o
                0x080012dc                main_thread_entry
 .text.rti_end  0x08001300        0x4 build\kernel\src\components.o
 .text.rti_board_start
                0x08001304        0x4 build\kernel\src\components.o
 .text.rti_board_end
                0x08001308        0x4 build\kernel\src\components.o
 .text.rt_components_board_init
                0x0800130c       0x20 build\kernel\src\components.o
                0x0800130c                rt_components_board_init
 .text.rt_application_init
                0x0800132c       0x50 build\kernel\src\components.o
                0x0800132c                rt_application_init
 .text.entry    0x0800137c       0x2c build\kernel\src\components.o
                0x0800137c                entry
 .text._thread_timeout
                0x080013a8       0x7c build\kernel\src\thread.o
 .text._thread_exit
                0x08001424       0x38 build\kernel\src\thread.o
 .text._thread_init.constprop.0
                0x0800145c       0xa0 build\kernel\src\thread.o
 .text.rt_thread_init
                0x080014fc       0x74 build\kernel\src\thread.o
                0x080014fc                rt_thread_init
 .text.rt_thread_self
                0x08001570        0xc build\kernel\src\thread.o
                0x08001570                rt_thread_self
 .text.rt_thread_detach
                0x0800157c       0x8c build\kernel\src\thread.o
                0x0800157c                rt_thread_detach
 .text.rt_thread_create
                0x08001608       0x54 build\kernel\src\thread.o
                0x08001608                rt_thread_create
 .text.rt_thread_delete
                0x0800165c       0x8c build\kernel\src\thread.o
                0x0800165c                rt_thread_delete
 .text.rt_thread_suspend
                0x080016e8       0xa8 build\kernel\src\thread.o
                0x080016e8                rt_thread_suspend
 .text.rt_thread_sleep
                0x08001790       0x7c build\kernel\src\thread.o
                0x08001790                rt_thread_sleep
 .text.rt_thread_delay
                0x0800180c        0x4 build\kernel\src\thread.o
                0x0800180c                rt_thread_delay
 .text.rt_thread_mdelay
                0x08001810       0x10 build\kernel\src\thread.o
                0x08001810                rt_thread_mdelay
 .text.rt_thread_resume
                0x08001820       0x88 build\kernel\src\thread.o
                0x08001820                rt_thread_resume
 .text.rt_thread_startup
                0x080018a8       0x78 build\kernel\src\thread.o
                0x080018a8                rt_thread_startup
 .text.rt_thread_control
                0x08001920       0xb8 build\kernel\src\thread.o
                0x08001920                rt_thread_control
 .text.rt_tick_get
                0x080019d8        0xc build\kernel\src\clock.o
                0x080019d8                rt_tick_get
 .text.rt_tick_increase
                0x080019e4       0x60 build\kernel\src\clock.o
                0x080019e4                rt_tick_increase
 .text.rt_tick_from_millisecond
                0x08001a44       0x3c build\kernel\src\clock.o
                0x08001a44                rt_tick_from_millisecond
 .text.rt_sem_init
                0x08001a80       0x68 build\kernel\src\ipc.o
                0x08001a80                rt_sem_init
 .text.rt_sem_take
                0x08001ae8      0x1bc build\kernel\src\ipc.o
                0x08001ae8                rt_sem_take
 .text.rt_sem_release
                0x08001ca4       0x8c build\kernel\src\ipc.o
                0x08001ca4                rt_sem_release
 .text.rt_mutex_init
                0x08001d30       0x44 build\kernel\src\ipc.o
                0x08001d30                rt_mutex_init
 .text.rt_mutex_take
                0x08001d74      0x210 build\kernel\src\ipc.o
                0x08001d74                rt_mutex_take
 .text.rt_mutex_release
                0x08001f84      0x160 build\kernel\src\ipc.o
                0x08001f84                rt_mutex_release
 .text.rt_device_register
                0x080020e4       0x38 build\kernel\src\device.o
                0x080020e4                rt_device_register
 .text.rt_device_find
                0x0800211c        0x8 build\kernel\src\device.o
                0x0800211c                rt_device_find
 .text.rt_device_open
                0x08002124       0xb8 build\kernel\src\device.o
                0x08002124                rt_device_open
 .text.rt_device_close
                0x080021dc       0x64 build\kernel\src\device.o
                0x080021dc                rt_device_close
 .text.rt_device_read
                0x08002240       0x78 build\kernel\src\device.o
                0x08002240                rt_device_read
 .text.rt_device_write
                0x080022b8       0x78 build\kernel\src\device.o
                0x080022b8                rt_device_write
 .text.rt_device_set_rx_indicate
                0x08002330       0x40 build\kernel\src\device.o
                0x08002330                rt_device_set_rx_indicate
 .text.rt_system_scheduler_init
                0x08002370       0x2c build\kernel\src\scheduler.o
                0x08002370                rt_system_scheduler_init
 .text.rt_schedule_insert_thread
                0x0800239c       0x9c build\kernel\src\scheduler.o
                0x0800239c                rt_schedule_insert_thread
 .text.rt_schedule_remove_thread
                0x08002438       0x68 build\kernel\src\scheduler.o
                0x08002438                rt_schedule_remove_thread
 .text.rt_system_scheduler_start
                0x080024a0       0x3c build\kernel\src\scheduler.o
                0x080024a0                rt_system_scheduler_start
 .text.rt_schedule
                0x080024dc      0x15c build\kernel\src\scheduler.o
                0x080024dc                rt_schedule
 .text.rt_enter_critical
                0x08002638       0x1c build\kernel\src\scheduler.o
                0x08002638                rt_enter_critical
 .text.rt_exit_critical
                0x08002654       0x3c build\kernel\src\scheduler.o
                0x08002654                rt_exit_critical
 .text.rt_critical_level
                0x08002690        0xc build\kernel\src\scheduler.o
                0x08002690                rt_critical_level
 .text.rt_thread_idle_entry
                0x0800269c       0x7c build\kernel\src\idle.o
 .text.rt_thread_defunct_enqueue
                0x08002718       0x18 build\kernel\src\idle.o
                0x08002718                rt_thread_defunct_enqueue
 .text.rt_thread_idle_init
                0x08002730       0x48 build\kernel\src\idle.o
                0x08002730                rt_thread_idle_init
 .text.rt_object_get_information
                0x08002778       0x24 build\kernel\src\object.o
                0x08002778                rt_object_get_information
 .text.rt_object_init
                0x0800279c       0xc4 build\kernel\src\object.o
                0x0800279c                rt_object_init
 .text.rt_object_detach
                0x08002860       0x4c build\kernel\src\object.o
                0x08002860                rt_object_detach
 .text.rt_object_allocate
                0x080028ac       0xc8 build\kernel\src\object.o
                0x080028ac                rt_object_allocate
 .text.rt_object_delete
                0x08002974       0x6c build\kernel\src\object.o
                0x08002974                rt_object_delete
 .text.rt_object_is_systemobject
                0x080029e0       0x2c build\kernel\src\object.o
                0x080029e0                rt_object_is_systemobject
 .text.rt_object_get_type
                0x08002a0c       0x2c build\kernel\src\object.o
                0x08002a0c                rt_object_get_type
 .text.rt_object_find
                0x08002a38       0x94 build\kernel\src\object.o
                0x08002a38                rt_object_find
 .text.print_number
                0x08002acc      0x1bc build\kernel\src\kservice.o
 .text.rt_strerror
                0x08002c88       0x1c build\kernel\src\kservice.o
                0x08002c88                rt_strerror
 .text.rt_set_errno
                0x08002ca4       0x20 build\kernel\src\kservice.o
                0x08002ca4                rt_set_errno
 .text._rt_errno
                0x08002cc4       0x1c build\kernel\src\kservice.o
                0x08002cc4                _rt_errno
 .text.rt_memset
                0x08002ce0       0x84 build\kernel\src\kservice.o
                0x08002ce0                rt_memset
 .text.rt_memcpy
                0x08002d64       0xd8 build\kernel\src\kservice.o
                0x08002d64                rt_memcpy
 .text.rt_memmove
                0x08002e3c       0x38 build\kernel\src\kservice.o
                0x08002e3c                rt_memmove
 .text.rt_vsnprintf
                0x08002e74      0x384 build\kernel\src\kservice.o
                0x08002e74                rt_vsnprintf
 .text.rt_snprintf
                0x080031f8       0x1c build\kernel\src\kservice.o
                0x080031f8                rt_snprintf
 .text.rt_sprintf
                0x08003214       0x20 build\kernel\src\kservice.o
                0x08003214                rt_sprintf
 .text.rt_console_get_device
                0x08003234        0xc build\kernel\src\kservice.o
                0x08003234                rt_console_get_device
 .text.rt_console_set_device
                0x08003240       0x30 build\kernel\src\kservice.o
                0x08003240                rt_console_set_device
 .text.rt_hw_console_output
                0x08003270        0x4 build\kernel\src\kservice.o
                0x08003270                rt_hw_console_output
 .text.rt_kprintf
                0x08003274       0x4c build\kernel\src\kservice.o
                0x08003274                rt_kprintf
 .text.rt_show_version
                0x080032c0       0x48 build\kernel\src\kservice.o
                0x080032c0                rt_show_version
 .text.rt_system_heap_init
                0x08003308       0x80 build\kernel\src\kservice.o
                0x08003308                rt_system_heap_init
 .text.rt_malloc
                0x08003388       0x9c build\kernel\src\kservice.o
                0x08003388                rt_malloc
 .text.rt_strdup
                0x08003424       0x20 build\kernel\src\kservice.o
                0x08003424                rt_strdup
 .text.rt_realloc
                0x08003444       0x94 build\kernel\src\kservice.o
                0x08003444                rt_realloc
 .text.rt_calloc
                0x080034d8       0x1c build\kernel\src\kservice.o
                0x080034d8                rt_calloc
 .text.rt_free  0x080034f4       0x98 build\kernel\src\kservice.o
                0x080034f4                rt_free
 .text.rt_memory_info
                0x0800358c       0x98 build\kernel\src\kservice.o
                0x0800358c                rt_memory_info
 .text.rt_assert_handler
                0x08003624       0x3c build\kernel\src\kservice.o
                0x08003624                rt_assert_handler
 .text.rt_hw_stack_init
                0x08003660       0x40 build\kernel\libcpu\arm\cortex-m3\cpuport.o
                0x08003660                rt_hw_stack_init
 .text.rt_hw_hard_fault_exception
                0x080036a0      0x348 build\kernel\libcpu\arm\cortex-m3\cpuport.o
                0x080036a0                rt_hw_hard_fault_exception
 .text.rt_hw_cpu_reset
                0x080039e8       0x10 build\kernel\libcpu\arm\cortex-m3\cpuport.o
                0x080039e8                rt_hw_cpu_reset
 .text.__rt_ffs
                0x080039f8       0x14 build\kernel\libcpu\arm\cortex-m3\cpuport.o
                0x080039f8                __rt_ffs
 .text.open     0x08003a0c       0x54 build\kernel\components\dfs\src\dfs_posix.o
                0x08003a0c                open
 .text.close    0x08003a60       0x40 build\kernel\components\dfs\src\dfs_posix.o
                0x08003a60                close
 .text.read     0x08003aa0       0x44 build\kernel\components\dfs\src\dfs_posix.o
                0x08003aa0                read
 .text.write    0x08003ae4       0x44 build\kernel\components\dfs\src\dfs_posix.o
                0x08003ae4                write
 .text.lseek    0x08003b28       0x74 build\kernel\components\dfs\src\dfs_posix.o
                0x08003b28                lseek
 .text.rename   0x08003b9c       0x1c build\kernel\components\dfs\src\dfs_posix.o
                0x08003b9c                rename
 .text.unlink   0x08003bb8       0x1c build\kernel\components\dfs\src\dfs_posix.o
                0x08003bb8                unlink
 .text.stat     0x08003bd4       0x18 build\kernel\components\dfs\src\dfs_posix.o
                0x08003bd4                stat
 .text.mkdir    0x08003bec       0x5c build\kernel\components\dfs\src\dfs_posix.o
                0x08003bec                mkdir
 .text.opendir  0x08003c48       0x78 build\kernel\components\dfs\src\dfs_posix.o
                0x08003c48                opendir
 .text.readdir  0x08003cc0       0x6c build\kernel\components\dfs\src\dfs_posix.o
                0x08003cc0                readdir
 .text.rewinddir
                0x08003d2c       0x38 build\kernel\components\dfs\src\dfs_posix.o
                0x08003d2c                rewinddir
 .text.closedir
                0x08003d64       0x4c build\kernel\components\dfs\src\dfs_posix.o
                0x08003d64                closedir
 .text.chdir    0x08003db0       0x80 build\kernel\components\dfs\src\dfs_posix.o
                0x08003db0                chdir
 .text.getcwd   0x08003e30       0x20 build\kernel\components\dfs\src\dfs_posix.o
                0x08003e30                getcwd
 .text.dfs_filesystem_lookup
                0x08003e50       0x90 build\kernel\components\dfs\src\dfs_fs.o
                0x08003e50                dfs_filesystem_lookup
 .text.dfs_mount
                0x08003ee0      0x1c0 build\kernel\components\dfs\src\dfs_fs.o
                0x08003ee0                dfs_mount
 .text.dfs_unmount
                0x080040a0       0x88 build\kernel\components\dfs\src\dfs_fs.o
                0x080040a0                dfs_unmount
 .text.dfs_mkfs
                0x08004128       0xc0 build\kernel\components\dfs\src\dfs_fs.o
                0x08004128                dfs_mkfs
 .text.df       0x080041e8       0xe8 build\kernel\components\dfs\src\dfs_fs.o
                0x080041e8                df
 .text.list_fd  0x080042d0      0x12c build\kernel\components\dfs\src\dfs.o
                0x080042d0                list_fd
 .text.dfs_init
                0x080043fc       0x74 build\kernel\components\dfs\src\dfs.o
                0x080043fc                dfs_init
 .text.dfs_lock
                0x08004470       0x30 build\kernel\components\dfs\src\dfs.o
                0x08004470                dfs_lock
 .text.dfs_unlock
                0x080044a0        0xc build\kernel\components\dfs\src\dfs.o
                0x080044a0                dfs_unlock
 .text.fd_new   0x080044ac      0x134 build\kernel\components\dfs\src\dfs.o
                0x080044ac                fd_new
 .text.fd_get   0x080045e0       0x70 build\kernel\components\dfs\src\dfs.o
                0x080045e0                fd_get
 .text.fd_put   0x08004650       0x88 build\kernel\components\dfs\src\dfs.o
                0x08004650                fd_put
 .text.dfs_subdir
                0x080046d8       0x28 build\kernel\components\dfs\src\dfs.o
                0x080046d8                dfs_subdir
 .text.dfs_normalize_path
                0x08004700      0x16c build\kernel\components\dfs\src\dfs.o
                0x08004700                dfs_normalize_path
 .text.fd_is_open
                0x0800486c       0xd4 build\kernel\components\dfs\src\dfs.o
                0x0800486c                fd_is_open
 .text.dfs_file_open
                0x08004940       0xcc build\kernel\components\dfs\src\dfs_file.o
                0x08004940                dfs_file_open
 .text.copyfile
                0x08004a0c      0x118 build\kernel\components\dfs\src\dfs_file.o
 .text.dfs_file_close
                0x08004b24       0x28 build\kernel\components\dfs\src\dfs_file.o
                0x08004b24                dfs_file_close
 .text.dfs_file_read
                0x08004b4c       0x2c build\kernel\components\dfs\src\dfs_file.o
                0x08004b4c                dfs_file_read
 .text.dfs_file_getdents
                0x08004b78       0x20 build\kernel\components\dfs\src\dfs_file.o
                0x08004b78                dfs_file_getdents
 .text.dfs_file_unlink
                0x08004b98       0x84 build\kernel\components\dfs\src\dfs_file.o
                0x08004b98                dfs_file_unlink
 .text.dfs_file_write
                0x08004c1c       0x18 build\kernel\components\dfs\src\dfs_file.o
                0x08004c1c                dfs_file_write
 .text.dfs_file_lseek
                0x08004c34       0x24 build\kernel\components\dfs\src\dfs_file.o
                0x08004c34                dfs_file_lseek
 .text.dfs_file_stat
                0x08004c58       0xe4 build\kernel\components\dfs\src\dfs_file.o
                0x08004c58                dfs_file_stat
 .text.copydir  0x08004d3c      0x11c build\kernel\components\dfs\src\dfs_file.o
 .text.dfs_file_rename
                0x08004e58       0x8c build\kernel\components\dfs\src\dfs_file.o
                0x08004e58                dfs_file_rename
 .text.ls       0x08004ee4      0x118 build\kernel\components\dfs\src\dfs_file.o
                0x08004ee4                ls
 .text.cat      0x08004ffc       0x88 build\kernel\components\dfs\src\dfs_file.o
                0x08004ffc                cat
 .text.copy     0x08005084      0x114 build\kernel\components\dfs\src\dfs_file.o
                0x08005084                copy
 .text.rt_completion_init
                0x08005198       0x34 build\kernel\components\drivers\ipc\completion.o
                0x08005198                rt_completion_init
 .text.rt_completion_wait
                0x080051cc      0x140 build\kernel\components\drivers\ipc\completion.o
                0x080051cc                rt_completion_wait
 .text.rt_completion_done
                0x0800530c       0x54 build\kernel\components\drivers\ipc\completion.o
                0x0800530c                rt_completion_done
 .text.rt_data_queue_init
                0x08005360       0x6c build\kernel\components\drivers\ipc\dataqueue.o
                0x08005360                rt_data_queue_init
 .text.rt_data_queue_push
                0x080053cc      0x1ec build\kernel\components\drivers\ipc\dataqueue.o
                0x080053cc                rt_data_queue_push
 .text.rt_data_queue_peek
                0x080055b8       0x74 build\kernel\components\drivers\ipc\dataqueue.o
                0x080055b8                rt_data_queue_peek
 .text.rt_data_queue_reset
                0x0800562c       0xac build\kernel\components\drivers\ipc\dataqueue.o
                0x0800562c                rt_data_queue_reset
 .text.rt_data_queue_deinit
                0x080056d8       0x54 build\kernel\components\drivers\ipc\dataqueue.o
                0x080056d8                rt_data_queue_deinit
 .text.rt_data_queue_len
                0x0800572c       0x6c build\kernel\components\drivers\ipc\dataqueue.o
                0x0800572c                rt_data_queue_len
 .text.rt_data_queue_pop
                0x08005798      0x264 build\kernel\components\drivers\ipc\dataqueue.o
                0x08005798                rt_data_queue_pop
 .text._pin_control
                0x080059fc       0x34 build\kernel\components\drivers\misc\pin.o
 .text._pin_cmd_print_usage
                0x08005a30       0x58 build\kernel\components\drivers\misc\pin.o
 .text._pin_write
                0x08005a88       0x38 build\kernel\components\drivers\misc\pin.o
 .text._pin_read
                0x08005ac0       0x3c build\kernel\components\drivers\misc\pin.o
 .text.rt_device_pin_register
                0x08005afc       0x44 build\kernel\components\drivers\misc\pin.o
                0x08005afc                rt_device_pin_register
 .text.rt_pin_attach_irq
                0x08005b40       0x54 build\kernel\components\drivers\misc\pin.o
                0x08005b40                rt_pin_attach_irq
 .text.rt_pin_irq_enable
                0x08005b94       0x3c build\kernel\components\drivers\misc\pin.o
                0x08005b94                rt_pin_irq_enable
 .text.rt_pin_mode
                0x08005bd0       0x34 build\kernel\components\drivers\misc\pin.o
                0x08005bd0                rt_pin_mode
 .text.rt_pin_write
                0x08005c04       0x34 build\kernel\components\drivers\misc\pin.o
                0x08005c04                rt_pin_write
 .text.rt_pin_read
                0x08005c38       0x30 build\kernel\components\drivers\misc\pin.o
                0x08005c38                rt_pin_read
 .text.rt_pin_get
                0x08005c68       0x48 build\kernel\components\drivers\misc\pin.o
                0x08005c68                rt_pin_get
 .text._pin_cmd_conv
                0x08005cb0       0x70 build\kernel\components\drivers\misc\pin.o
 .text._pin_cmd
                0x08005d20      0x230 build\kernel\components\drivers\misc\pin.o
 .text.rt_serial_control
                0x08005f50       0xa0 build\kernel\components\drivers\serial\serial.o
 .text._serial_fifo_calc_recved_len
                0x08005ff0       0x48 build\kernel\components\drivers\serial\serial.o
 .text.rt_serial_init
                0x08006038       0x38 build\kernel\components\drivers\serial\serial.o
 .text.rt_serial_open
                0x08006070      0x228 build\kernel\components\drivers\serial\serial.o
 .text.rt_serial_write
                0x08006298      0x118 build\kernel\components\drivers\serial\serial.o
 .text.rt_serial_read
                0x080063b0      0x24c build\kernel\components\drivers\serial\serial.o
 .text.rt_serial_close
                0x080065fc      0x140 build\kernel\components\drivers\serial\serial.o
 .text.rt_hw_serial_register
                0x0800673c       0x6c build\kernel\components\drivers\serial\serial.o
                0x0800673c                rt_hw_serial_register
 .text.rt_hw_serial_isr
                0x080067a8      0x244 build\kernel\components\drivers\serial\serial.o
                0x080067a8                rt_hw_serial_isr
 .text.finsh_rx_ind
                0x080069ec       0x30 build\kernel\components\finsh\shell.o
 .text.finsh_get_prompt.part.0
                0x08006a1c       0x50 build\kernel\components\finsh\shell.o
 .text.finsh_system_init
                0x08006a6c       0xa8 build\kernel\components\finsh\shell.o
                0x08006a6c                finsh_system_init
 .text.finsh_get_prompt
                0x08006b14       0x28 build\kernel\components\finsh\shell.o
                0x08006b14                finsh_get_prompt
 .text.finsh_getchar
                0x08006b3c       0x70 build\kernel\components\finsh\shell.o
                0x08006b3c                finsh_getchar
 .text.finsh_set_device
                0x08006bac       0x94 build\kernel\components\finsh\shell.o
                0x08006bac                finsh_set_device
 .text.finsh_thread_entry
                0x08006c40      0x46c build\kernel\components\finsh\shell.o
                0x08006c40                finsh_thread_entry
 .text.msh_help
                0x080070ac       0x48 build\kernel\components\finsh\msh.o
                0x080070ac                msh_help
 .text.cmd_ps   0x080070f4        0xc build\kernel\components\finsh\msh.o
                0x080070f4                cmd_ps
 .text.cmd_free
                0x08007100       0x50 build\kernel\components\finsh\msh.o
                0x08007100                cmd_free
 .text.msh_auto_complete_path.part.0
                0x08007150      0x1a0 build\kernel\components\finsh\msh.o
 .text.msh_exec
                0x080072f0      0x1cc build\kernel\components\finsh\msh.o
                0x080072f0                msh_exec
 .text.msh_auto_complete
                0x080074bc      0x104 build\kernel\components\finsh\msh.o
                0x080074bc                msh_auto_complete
 .text.msh_isint
                0x080075c0       0x34 build\kernel\components\finsh\msh_parse.o
                0x080075c0                msh_isint
 .text.clear    0x080075f4       0x10 build\kernel\components\finsh\cmd.o
 .text.version  0x08007604        0xc build\kernel\components\finsh\cmd.o
                0x08007604                version
 .text.list_get_next.part.0
                0x08007610       0x58 build\kernel\components\finsh\cmd.o
 .text.list_thread
                0x08007668      0x194 build\kernel\components\finsh\cmd.o
                0x08007668                list_thread
 .text.list_mutex
                0x080077fc       0xf4 build\kernel\components\finsh\cmd.o
                0x080077fc                list_mutex
 .text.list_device
                0x080078f0       0xf8 build\kernel\components\finsh\cmd.o
                0x080078f0                list_device
 .text.list_timer
                0x080079e8      0x118 build\kernel\components\finsh\cmd.o
                0x080079e8                list_timer
 .text.list_mempool
                0x08007b00      0x158 build\kernel\components\finsh\cmd.o
                0x08007b00                list_mempool
 .text.list_event
                0x08007c58      0x148 build\kernel\components\finsh\cmd.o
                0x08007c58                list_event
 .text.list_sem
                0x08007da0      0x14c build\kernel\components\finsh\cmd.o
                0x08007da0                list_sem
 .text.list_msgqueue
                0x08007eec      0x14c build\kernel\components\finsh\cmd.o
                0x08007eec                list_msgqueue
 .text.list_mailbox
                0x08008038      0x158 build\kernel\components\finsh\cmd.o
                0x08008038                list_mailbox
 .text.cmd_list
                0x08008190      0x164 build\kernel\components\finsh\cmd.o
                0x08008190                cmd_list
 .text.cmd_ls   0x080082f4       0x18 build\kernel\components\finsh\msh_file.o
 .text.cmd_pwd  0x0800830c       0x18 build\kernel\components\finsh\msh_file.o
 .text.directory_delete_for_msh
                0x08008324      0x10c build\kernel\components\finsh\msh_file.o
 .text.cmd_rm   0x08008430      0x114 build\kernel\components\finsh\msh_file.o
 .text.cmd_mkfs
                0x08008544       0x60 build\kernel\components\finsh\msh_file.o
 .text.cmd_mount
                0x080085a4       0xac build\kernel\components\finsh\msh_file.o
 .text.cmd_umount
                0x08008650       0x4c build\kernel\components\finsh\msh_file.o
 .text.cmd_tail
                0x0800869c      0x130 build\kernel\components\finsh\msh_file.o
 .text.cmd_cp   0x080087cc       0x2c build\kernel\components\finsh\msh_file.o
 .text.cmd_mv   0x080087f8       0xdc build\kernel\components\finsh\msh_file.o
 .text.cmd_cat  0x080088d4       0x38 build\kernel\components\finsh\msh_file.o
 .text.cmd_cd   0x0800890c       0x3c build\kernel\components\finsh\msh_file.o
 .text.cmd_mkdir
                0x08008948       0x2c build\kernel\components\finsh\msh_file.o
 .text.cmd_df   0x08008974       0x4c build\kernel\components\finsh\msh_file.o
 .text.cmd_echo
                0x080089c0       0x68 build\kernel\components\finsh\msh_file.o
 .text.msh_exec_script
                0x08008a28      0x17c build\kernel\components\finsh\msh_file.o
                0x08008a28                msh_exec_script
 .text.strnlen  0x08008ba4       0x24 build\kernel\components\libc\compilers\common\cstring.o
                0x08008ba4                strnlen
 .text.__libc_init_array
                0x08008bc8        0x4 build\kernel\components\libc\compilers\newlib\syscalls.o
                0x08008bc8                __libc_init_array
 .text.__errno  0x08008bcc        0x4 build\kernel\components\libc\compilers\newlib\syscalls.o
                0x08008bcc                __errno
 .text.HAL_RCCEx_PeriphCLKConfig
                0x08008bd0      0x104 libraries\STM32F1xx_HAL\STM32F1xx_HAL_Driver\Src\stm32f1xx_hal_rcc_ex.o
                0x08008bd0                HAL_RCCEx_PeriphCLKConfig
 .text.HAL_NVIC_SetPriorityGrouping
                0x08008cd4       0x24 libraries\STM32F1xx_HAL\STM32F1xx_HAL_Driver\Src\stm32f1xx_hal_cortex.o
                0x08008cd4                HAL_NVIC_SetPriorityGrouping
 .text.HAL_NVIC_SetPriority
                0x08008cf8       0x7c libraries\STM32F1xx_HAL\STM32F1xx_HAL_Driver\Src\stm32f1xx_hal_cortex.o
                0x08008cf8                HAL_NVIC_SetPriority
 .text.HAL_NVIC_EnableIRQ
                0x08008d74       0x1c libraries\STM32F1xx_HAL\STM32F1xx_HAL_Driver\Src\stm32f1xx_hal_cortex.o
                0x08008d74                HAL_NVIC_EnableIRQ
 .text.HAL_NVIC_DisableIRQ
                0x08008d90       0x28 libraries\STM32F1xx_HAL\STM32F1xx_HAL_Driver\Src\stm32f1xx_hal_cortex.o
                0x08008d90                HAL_NVIC_DisableIRQ
 .text.HAL_SYSTICK_Config
                0x08008db8       0x30 libraries\STM32F1xx_HAL\STM32F1xx_HAL_Driver\Src\stm32f1xx_hal_cortex.o
                0x08008db8                HAL_SYSTICK_Config
 .text.HAL_RCC_OscConfig
                0x08008de8      0x3e0 libraries\STM32F1xx_HAL\STM32F1xx_HAL_Driver\Src\stm32f1xx_hal_rcc.o
                0x08008de8                HAL_RCC_OscConfig
 .text.HAL_RCC_GetSysClockFreq
                0x080091c8       0x78 libraries\STM32F1xx_HAL\STM32F1xx_HAL_Driver\Src\stm32f1xx_hal_rcc.o
                0x080091c8                HAL_RCC_GetSysClockFreq
 .text.HAL_RCC_ClockConfig
                0x08009240      0x140 libraries\STM32F1xx_HAL\STM32F1xx_HAL_Driver\Src\stm32f1xx_hal_rcc.o
                0x08009240                HAL_RCC_ClockConfig
 .text.HAL_RCC_GetPCLK1Freq
                0x08009380       0x20 libraries\STM32F1xx_HAL\STM32F1xx_HAL_Driver\Src\stm32f1xx_hal_rcc.o
                0x08009380                HAL_RCC_GetPCLK1Freq
 .text.HAL_RCC_GetPCLK2Freq
                0x080093a0       0x20 libraries\STM32F1xx_HAL\STM32F1xx_HAL_Driver\Src\stm32f1xx_hal_rcc.o
                0x080093a0                HAL_RCC_GetPCLK2Freq
 .text.HAL_DMA_Init
                0x080093c0       0x64 libraries\STM32F1xx_HAL\STM32F1xx_HAL_Driver\Src\stm32f1xx_hal_dma.o
                0x080093c0                HAL_DMA_Init
 .text.HAL_DMA_DeInit
                0x08009424       0x58 libraries\STM32F1xx_HAL\STM32F1xx_HAL_Driver\Src\stm32f1xx_hal_dma.o
                0x08009424                HAL_DMA_DeInit
 .text.HAL_DMA_Start_IT
                0x0800947c       0x90 libraries\STM32F1xx_HAL\STM32F1xx_HAL_Driver\Src\stm32f1xx_hal_dma.o
                0x0800947c                HAL_DMA_Start_IT
 .text.HAL_DMA_Abort
                0x0800950c       0x44 libraries\STM32F1xx_HAL\STM32F1xx_HAL_Driver\Src\stm32f1xx_hal_dma.o
                0x0800950c                HAL_DMA_Abort
 .text.HAL_DMA_Abort_IT
                0x08009550       0x94 libraries\STM32F1xx_HAL\STM32F1xx_HAL_Driver\Src\stm32f1xx_hal_dma.o
                0x08009550                HAL_DMA_Abort_IT
 .text.SystemInit
                0x080095e4        0x4 libraries\STM32F1xx_HAL\CMSIS\Device\ST\STM32F1xx\Source\Templates\system_stm32f1xx.o
                0x080095e4                SystemInit
 .text.UART_SetConfig
                0x080095e8       0x84 libraries\STM32F1xx_HAL\STM32F1xx_HAL_Driver\Src\stm32f1xx_hal_uart.o
 .text.HAL_UART_Init
                0x0800966c       0x60 libraries\STM32F1xx_HAL\STM32F1xx_HAL_Driver\Src\stm32f1xx_hal_uart.o
                0x0800966c                HAL_UART_Init
 .text.HAL_UART_DeInit
                0x080096cc       0x34 libraries\STM32F1xx_HAL\STM32F1xx_HAL_Driver\Src\stm32f1xx_hal_uart.o
                0x080096cc                HAL_UART_DeInit
 .text.HAL_UART_Transmit_DMA
                0x08009700       0x78 libraries\STM32F1xx_HAL\STM32F1xx_HAL_Driver\Src\stm32f1xx_hal_uart.o
                0x08009700                HAL_UART_Transmit_DMA
 .text.UART_DMATransmitCplt
                0x08009778       0x2c libraries\STM32F1xx_HAL\STM32F1xx_HAL_Driver\Src\stm32f1xx_hal_uart.o
 .text.HAL_UART_TxHalfCpltCallback
                0x080097a4        0x4 libraries\STM32F1xx_HAL\STM32F1xx_HAL_Driver\Src\stm32f1xx_hal_uart.o
                0x080097a4                HAL_UART_TxHalfCpltCallback
 .text.UART_DMATxHalfCplt
                0x080097a8        0xc libraries\STM32F1xx_HAL\STM32F1xx_HAL_Driver\Src\stm32f1xx_hal_uart.o
 .text.UART_DMAError
                0x080097b4       0x7c libraries\STM32F1xx_HAL\STM32F1xx_HAL_Driver\Src\stm32f1xx_hal_uart.o
 .text.UART_DMAAbortOnError
                0x08009830       0x10 libraries\STM32F1xx_HAL\STM32F1xx_HAL_Driver\Src\stm32f1xx_hal_uart.o
 .text.HAL_UARTEx_RxEventCallback
                0x08009840        0x4 libraries\STM32F1xx_HAL\STM32F1xx_HAL_Driver\Src\stm32f1xx_hal_uart.o
                0x08009840                HAL_UARTEx_RxEventCallback
 .text.UART_DMARxHalfCplt
                0x08009844       0x1c libraries\STM32F1xx_HAL\STM32F1xx_HAL_Driver\Src\stm32f1xx_hal_uart.o
 .text.UART_DMAReceiveCplt
                0x08009860       0x54 libraries\STM32F1xx_HAL\STM32F1xx_HAL_Driver\Src\stm32f1xx_hal_uart.o
 .text.UART_Receive_IT.part.0.isra.0
                0x080098b4       0xb8 libraries\STM32F1xx_HAL\STM32F1xx_HAL_Driver\Src\stm32f1xx_hal_uart.o
 .text.HAL_UART_IRQHandler
                0x0800996c      0x268 libraries\STM32F1xx_HAL\STM32F1xx_HAL_Driver\Src\stm32f1xx_hal_uart.o
                0x0800996c                HAL_UART_IRQHandler
 .text.UART_Start_Receive_DMA
                0x08009bd4       0x70 libraries\STM32F1xx_HAL\STM32F1xx_HAL_Driver\Src\stm32f1xx_hal_uart.o
                0x08009bd4                UART_Start_Receive_DMA
 .text.HAL_UART_Receive_DMA
                0x08009c44       0x38 libraries\STM32F1xx_HAL\STM32F1xx_HAL_Driver\Src\stm32f1xx_hal_uart.o
                0x08009c44                HAL_UART_Receive_DMA
 .text.HAL_Init
                0x08009c7c       0x24 libraries\STM32F1xx_HAL\STM32F1xx_HAL_Driver\Src\stm32f1xx_hal.o
                0x08009c7c                HAL_Init
 .text.HAL_GPIO_Init
                0x08009ca0      0x21c libraries\STM32F1xx_HAL\STM32F1xx_HAL_Driver\Src\stm32f1xx_hal_gpio.o
                0x08009ca0                HAL_GPIO_Init
 .text.HAL_GPIO_DeInit
                0x08009ebc      0x110 libraries\STM32F1xx_HAL\STM32F1xx_HAL_Driver\Src\stm32f1xx_hal_gpio.o
                0x08009ebc                HAL_GPIO_DeInit
 .text.HAL_GPIO_ReadPin
                0x08009fcc        0xc libraries\STM32F1xx_HAL\STM32F1xx_HAL_Driver\Src\stm32f1xx_hal_gpio.o
                0x08009fcc                HAL_GPIO_ReadPin
 .text.HAL_GPIO_WritePin
                0x08009fd8        0x8 libraries\STM32F1xx_HAL\STM32F1xx_HAL_Driver\Src\stm32f1xx_hal_gpio.o
                0x08009fd8                HAL_GPIO_WritePin
 .text.HAL_GPIO_EXTI_IRQHandler
                0x08009fe0       0x18 libraries\STM32F1xx_HAL\STM32F1xx_HAL_Driver\Src\stm32f1xx_hal_gpio.o
                0x08009fe0                HAL_GPIO_EXTI_IRQHandler
 .text.stm32_pin_get
                0x08009ff8       0x5c libraries\HAL_Drivers\drv_gpio.o
 .text.stm32_pin_dettach_irq
                0x0800a054       0x74 libraries\HAL_Drivers\drv_gpio.o
 .text.stm32_pin_attach_irq
                0x0800a0c8       0xa4 libraries\HAL_Drivers\drv_gpio.o
 .text.stm32_pin_mode
                0x0800a16c       0x58 libraries\HAL_Drivers\drv_gpio.o
 .text.stm32_pin_irq_enable
                0x0800a1c4      0x164 libraries\HAL_Drivers\drv_gpio.o
 .text.stm32_pin_read
                0x0800a328       0x28 libraries\HAL_Drivers\drv_gpio.o
 .text.stm32_pin_write
                0x0800a350       0x24 libraries\HAL_Drivers\drv_gpio.o
 .text.HAL_GPIO_EXTI_Callback
                0x0800a374       0x34 libraries\HAL_Drivers\drv_gpio.o
                0x0800a374                HAL_GPIO_EXTI_Callback
 .text.EXTI0_IRQHandler
                0x0800a3a8       0x14 libraries\HAL_Drivers\drv_gpio.o
                0x0800a3a8                EXTI0_IRQHandler
 .text.EXTI1_IRQHandler
                0x0800a3bc       0x14 libraries\HAL_Drivers\drv_gpio.o
                0x0800a3bc                EXTI1_IRQHandler
 .text.EXTI2_IRQHandler
                0x0800a3d0       0x14 libraries\HAL_Drivers\drv_gpio.o
                0x0800a3d0                EXTI2_IRQHandler
 .text.EXTI3_IRQHandler
                0x0800a3e4       0x14 libraries\HAL_Drivers\drv_gpio.o
                0x0800a3e4                EXTI3_IRQHandler
 .text.EXTI4_IRQHandler
                0x0800a3f8       0x14 libraries\HAL_Drivers\drv_gpio.o
                0x0800a3f8                EXTI4_IRQHandler
 .text.EXTI9_5_IRQHandler
                0x0800a40c       0x30 libraries\HAL_Drivers\drv_gpio.o
                0x0800a40c                EXTI9_5_IRQHandler
 .text.EXTI15_10_IRQHandler
                0x0800a43c       0x40 libraries\HAL_Drivers\drv_gpio.o
                0x0800a43c                EXTI15_10_IRQHandler
 .text.rt_hw_pin_init
                0x0800a47c       0x7c libraries\HAL_Drivers\drv_gpio.o
                0x0800a47c                rt_hw_pin_init
 .text.stm32_putc
                0x0800a4f8       0x34 libraries\HAL_Drivers\drv_usart.o
 .text.stm32_getc
                0x0800a52c       0x58 libraries\HAL_Drivers\drv_usart.o
 .text.stm32_control
                0x0800a584      0x308 libraries\HAL_Drivers\drv_usart.o
 .text.stm32_configure
                0x0800a88c       0xdc libraries\HAL_Drivers\drv_usart.o
 .text.dma_isr  0x0800a968       0x50 libraries\HAL_Drivers\drv_usart.o
 .text.stm32_dma_transmit
                0x0800a9b8       0x58 libraries\HAL_Drivers\drv_usart.o
 .text.USART1_IRQHandler
                0x0800aa10      0x150 libraries\HAL_Drivers\drv_usart.o
                0x0800aa10                USART1_IRQHandler
 .text.HAL_UART_ErrorCallback
                0x0800ab60       0x18 libraries\HAL_Drivers\drv_usart.o
                0x0800ab60                HAL_UART_ErrorCallback
 .text.HAL_UART_RxCpltCallback
                0x0800ab78       0x34 libraries\HAL_Drivers\drv_usart.o
                0x0800ab78                HAL_UART_RxCpltCallback
 .text.HAL_UART_RxHalfCpltCallback
                0x0800abac       0x34 libraries\HAL_Drivers\drv_usart.o
                0x0800abac                HAL_UART_RxHalfCpltCallback
 .text.HAL_UART_TxCpltCallback
                0x0800abe0       0x3c libraries\HAL_Drivers\drv_usart.o
                0x0800abe0                HAL_UART_TxCpltCallback
 .text.rt_hw_usart_init
                0x0800ac1c       0x68 libraries\HAL_Drivers\drv_usart.o
                0x0800ac1c                rt_hw_usart_init
 .text.reboot   0x0800ac84        0x4 libraries\HAL_Drivers\drv_common.o
 .text.SysTick_Handler
                0x0800ac88       0x30 libraries\HAL_Drivers\drv_common.o
                0x0800ac88                SysTick_Handler
 .text.HAL_GetTick
                0x0800acb8       0x24 libraries\HAL_Drivers\drv_common.o
                0x0800acb8                HAL_GetTick
 .text.HAL_InitTick
                0x0800acdc       0x38 libraries\HAL_Drivers\drv_common.o
                0x0800acdc                HAL_InitTick
 .text._Error_Handler
                0x0800ad14       0x2c libraries\HAL_Drivers\drv_common.o
                0x0800ad14                _Error_Handler
 .text.rt_hw_board_init
                0x0800ad40       0x34 libraries\HAL_Drivers\drv_common.o
                0x0800ad40                rt_hw_board_init
 .text.atoi     0x0800ad74        0x8 g:/rt-threadstudio/platform/env_released/env/tools/gnu_gcc/arm_gcc/mingw/bin/../lib/gcc/arm-none-eabi/10.3.1/../../../../arm-none-eabi/lib/thumb/v7-m/nofp\libc.a(lib_a-atoi.o)
                0x0800ad74                atoi
 .text.memcmp   0x0800ad7c       0x68 g:/rt-threadstudio/platform/env_released/env/tools/gnu_gcc/arm_gcc/mingw/bin/../lib/gcc/arm-none-eabi/10.3.1/../../../../arm-none-eabi/lib/thumb/v7-m/nofp\libc.a(lib_a-memcmp.o)
                0x0800ad7c                memcmp
 .text.memset   0x0800ade4       0xa4 g:/rt-threadstudio/platform/env_released/env/tools/gnu_gcc/arm_gcc/mingw/bin/../lib/gcc/arm-none-eabi/10.3.1/../../../../arm-none-eabi/lib/thumb/v7-m/nofp\libc.a(lib_a-memset.o)
                0x0800ade4                memset
 .text.strchr   0x0800ae88       0xcc g:/rt-threadstudio/platform/env_released/env/tools/gnu_gcc/arm_gcc/mingw/bin/../lib/gcc/arm-none-eabi/10.3.1/../../../../arm-none-eabi/lib/thumb/v7-m/nofp\libc.a(lib_a-strchr.o)
                0x0800ae88                strchr
 .text.strlen   0x0800af54       0x5c g:/rt-threadstudio/platform/env_released/env/tools/gnu_gcc/arm_gcc/mingw/bin/../lib/gcc/arm-none-eabi/10.3.1/../../../../arm-none-eabi/lib/thumb/v7-m/nofp\libc.a(lib_a-strlen-stub.o)
                0x0800af54                strlen
 .text.strncat  0x0800afb0       0x5c g:/rt-threadstudio/platform/env_released/env/tools/gnu_gcc/arm_gcc/mingw/bin/../lib/gcc/arm-none-eabi/10.3.1/../../../../arm-none-eabi/lib/thumb/v7-m/nofp\libc.a(lib_a-strncat.o)
                0x0800afb0                strncat
 .text.strncmp  0x0800b00c       0x7c g:/rt-threadstudio/platform/env_released/env/tools/gnu_gcc/arm_gcc/mingw/bin/../lib/gcc/arm-none-eabi/10.3.1/../../../../arm-none-eabi/lib/thumb/v7-m/nofp\libc.a(lib_a-strncmp.o)
                0x0800b00c                strncmp
 .text.strncpy  0x0800b088       0x68 g:/rt-threadstudio/platform/env_released/env/tools/gnu_gcc/arm_gcc/mingw/bin/../lib/gcc/arm-none-eabi/10.3.1/../../../../arm-none-eabi/lib/thumb/v7-m/nofp\libc.a(lib_a-strncpy.o)
                0x0800b088                strncpy
 .text.strrchr  0x0800b0f0       0x24 g:/rt-threadstudio/platform/env_released/env/tools/gnu_gcc/arm_gcc/mingw/bin/../lib/gcc/arm-none-eabi/10.3.1/../../../../arm-none-eabi/lib/thumb/v7-m/nofp\libc.a(lib_a-strrchr.o)
                0x0800b0f0                strrchr
 .text.two_way_long_needle
                0x0800b114      0x2b8 g:/rt-threadstudio/platform/env_released/env/tools/gnu_gcc/arm_gcc/mingw/bin/../lib/gcc/arm-none-eabi/10.3.1/../../../../arm-none-eabi/lib/thumb/v7-m/nofp\libc.a(lib_a-strstr.o)
 .text.strstr   0x0800b3cc      0x168 g:/rt-threadstudio/platform/env_released/env/tools/gnu_gcc/arm_gcc/mingw/bin/../lib/gcc/arm-none-eabi/10.3.1/../../../../arm-none-eabi/lib/thumb/v7-m/nofp\libc.a(lib_a-strstr.o)
                0x0800b3cc                strstr
 .text._strtol_l.part.0
                0x0800b534      0x120 g:/rt-threadstudio/platform/env_released/env/tools/gnu_gcc/arm_gcc/mingw/bin/../lib/gcc/arm-none-eabi/10.3.1/../../../../arm-none-eabi/lib/thumb/v7-m/nofp\libc.a(lib_a-strtol.o)
 .text.strtol   0x0800b654       0x2c g:/rt-threadstudio/platform/env_released/env/tools/gnu_gcc/arm_gcc/mingw/bin/../lib/gcc/arm-none-eabi/10.3.1/../../../../arm-none-eabi/lib/thumb/v7-m/nofp\libc.a(lib_a-strtol.o)
                0x0800b654                strtol
 .text.startup.register_fini
                0x0800b680       0x14 g:/rt-threadstudio/platform/env_released/env/tools/gnu_gcc/arm_gcc/mingw/bin/../lib/gcc/arm-none-eabi/10.3.1/../../../../arm-none-eabi/lib/thumb/v7-m/nofp\libc.a(lib_a-__call_atexit.o)
 .text.atexit   0x0800b694        0xc g:/rt-threadstudio/platform/env_released/env/tools/gnu_gcc/arm_gcc/mingw/bin/../lib/gcc/arm-none-eabi/10.3.1/../../../../arm-none-eabi/lib/thumb/v7-m/nofp\libc.a(lib_a-atexit.o)
                0x0800b694                atexit
 .text.__libc_fini_array
                0x0800b6a0       0x2c g:/rt-threadstudio/platform/env_released/env/tools/gnu_gcc/arm_gcc/mingw/bin/../lib/gcc/arm-none-eabi/10.3.1/../../../../arm-none-eabi/lib/thumb/v7-m/nofp\libc.a(lib_a-fini.o)
                0x0800b6a0                __libc_fini_array
 .text.__retarget_lock_acquire_recursive
                0x0800b6cc        0x4 g:/rt-threadstudio/platform/env_released/env/tools/gnu_gcc/arm_gcc/mingw/bin/../lib/gcc/arm-none-eabi/10.3.1/../../../../arm-none-eabi/lib/thumb/v7-m/nofp\libc.a(lib_a-lock.o)
                0x0800b6cc                __retarget_lock_acquire_recursive
 .text.__retarget_lock_release_recursive
                0x0800b6d0        0x4 g:/rt-threadstudio/platform/env_released/env/tools/gnu_gcc/arm_gcc/mingw/bin/../lib/gcc/arm-none-eabi/10.3.1/../../../../arm-none-eabi/lib/thumb/v7-m/nofp\libc.a(lib_a-lock.o)
                0x0800b6d0                __retarget_lock_release_recursive
 .text.__register_exitproc
                0x0800b6d4       0x8c g:/rt-threadstudio/platform/env_released/env/tools/gnu_gcc/arm_gcc/mingw/bin/../lib/gcc/arm-none-eabi/10.3.1/../../../../arm-none-eabi/lib/thumb/v7-m/nofp\libc.a(lib_a-__atexit.o)
                0x0800b6d4                __register_exitproc
 *(.rodata)
 .rodata        0x0800b760        0xc build\kernel\components\dfs\src\dfs_fs.o
 .rodata        0x0800b76c        0x8 libraries\HAL_Drivers\drv_usart.o
 *(.rodata*)
 .rodata.KEY_IRQHandler.str1.4
                0x0800b774       0x28 build\board\ports\user_key.o
 .rodata.SystemClock_Config.str1.4
                0x0800b79c        0xe build\board\board.o
 *fill*         0x0800b7aa        0x2 00000000
 .rodata.plug_holes.str1.4
                0x0800b7ac       0x52 build\kernel\src\mem.o
 *fill*         0x0800b7fe        0x2 00000000
 .rodata.rt_smem_init.str1.4
                0x0800b800       0x42 build\kernel\src\mem.o
 *fill*         0x0800b842        0x2 00000000
 .rodata.rt_smem_detach.str1.4
                0x0800b844       0x62 build\kernel\src\mem.o
                                 0x72 (size before relaxing)
 *fill*         0x0800b8a6        0x2 00000000
 .rodata.rt_smem_alloc.str1.4
                0x0800b8a8       0xcb build\kernel\src\mem.o
 *fill*         0x0800b973        0x1 00000000
 .rodata.rt_smem_free.str1.4
                0x0800b974      0x183 build\kernel\src\mem.o
 *fill*         0x0800baf7        0x1 00000000
 .rodata.rt_smem_realloc.str1.4
                0x0800baf8       0x6f build\kernel\src\mem.o
 *fill*         0x0800bb67        0x1 00000000
 .rodata.__FUNCTION__.0
                0x0800bb68        0xd build\kernel\src\mem.o
 *fill*         0x0800bb75        0x3 00000000
 .rodata.__FUNCTION__.1
                0x0800bb78        0xb build\kernel\src\mem.o
 *fill*         0x0800bb83        0x1 00000000
 .rodata.__FUNCTION__.2
                0x0800bb84       0x10 build\kernel\src\mem.o
 .rodata.__FUNCTION__.3
                0x0800bb94        0xe build\kernel\src\mem.o
 *fill*         0x0800bba2        0x2 00000000
 .rodata.rt_timer_init.str1.4
                0x0800bba4       0x3f build\kernel\src\timer.o
 *fill*         0x0800bbe3        0x1 00000000
 .rodata.rt_timer_detach.str1.4
                0x0800bbe4       0x66 build\kernel\src\timer.o
 *fill*         0x0800bc4a        0x2 00000000
 .rodata.rt_timer_control.str1.4
                0x0800bc4c       0x26 build\kernel\src\timer.o
 *fill*         0x0800bc72        0x2 00000000
 .rodata.rt_system_timer_thread_init.str1.4
                0x0800bc74        0x6 build\kernel\src\timer.o
 *fill*         0x0800bc7a        0x2 00000000
 .rodata.__FUNCTION__.0
                0x0800bc7c       0x11 build\kernel\src\timer.o
 *fill*         0x0800bc8d        0x3 00000000
 .rodata.__FUNCTION__.1
                0x0800bc90        0xe build\kernel\src\timer.o
 *fill*         0x0800bc9e        0x2 00000000
 .rodata.__FUNCTION__.3
                0x0800bca0        0xf build\kernel\src\timer.o
 *fill*         0x0800bcaf        0x1 00000000
 .rodata.__FUNCTION__.6
                0x0800bcb0       0x10 build\kernel\src\timer.o
 .rodata.__FUNCTION__.7
                0x0800bcc0        0xe build\kernel\src\timer.o
 *fill*         0x0800bcce        0x2 00000000
 .rodata.rt_application_init.str1.4
                0x0800bcd0       0x17 build\kernel\src\components.o
 *fill*         0x0800bce7        0x1 00000000
 .rodata.__FUNCTION__.0
                0x0800bce8       0x14 build\kernel\src\components.o
 .rodata._thread_timeout.str1.4
                0x0800bcfc       0x92 build\kernel\src\thread.o
 *fill*         0x0800bd8e        0x2 00000000
 .rodata._thread_init.constprop.0.str1.4
                0x0800bd90       0x22 build\kernel\src\thread.o
 *fill*         0x0800bdb2        0x2 00000000
 .rodata.rt_thread_init.str1.4
                0x0800bdb4       0x17 build\kernel\src\thread.o
 *fill*         0x0800bdcb        0x1 00000000
 .rodata.rt_thread_detach.str1.4
                0x0800bdcc       0x2f build\kernel\src\thread.o
 *fill*         0x0800bdfb        0x1 00000000
 .rodata.rt_thread_delete.str1.4
                0x0800bdfc       0x3b build\kernel\src\thread.o
 *fill*         0x0800be37        0x1 00000000
 .rodata.rt_thread_suspend.str1.4
                0x0800be38       0x1b build\kernel\src\thread.o
 *fill*         0x0800be53        0x1 00000000
 .rodata.rt_thread_startup.str1.4
                0x0800be54       0x37 build\kernel\src\thread.o
 *fill*         0x0800be8b        0x1 00000000
 .rodata.__FUNCTION__.0
                0x0800be8c       0x11 build\kernel\src\thread.o
 *fill*         0x0800be9d        0x3 00000000
 .rodata.__FUNCTION__.1
                0x0800bea0       0x12 build\kernel\src\thread.o
 *fill*         0x0800beb2        0x2 00000000
 .rodata.__FUNCTION__.10
                0x0800beb4        0xf build\kernel\src\thread.o
 *fill*         0x0800bec3        0x1 00000000
 .rodata.__FUNCTION__.2
                0x0800bec4       0x12 build\kernel\src\thread.o
 *fill*         0x0800bed6        0x2 00000000
 .rodata.__FUNCTION__.4
                0x0800bed8       0x10 build\kernel\src\thread.o
 .rodata.__FUNCTION__.5
                0x0800bee8       0x11 build\kernel\src\thread.o
 *fill*         0x0800bef9        0x3 00000000
 .rodata.__FUNCTION__.6
                0x0800befc       0x11 build\kernel\src\thread.o
 *fill*         0x0800bf0d        0x3 00000000
 .rodata.__FUNCTION__.7
                0x0800bf10       0x12 build\kernel\src\thread.o
 *fill*         0x0800bf22        0x2 00000000
 .rodata.__FUNCTION__.8
                0x0800bf24       0x10 build\kernel\src\thread.o
 .rodata.__FUNCTION__.9
                0x0800bf34        0xd build\kernel\src\thread.o
 *fill*         0x0800bf41        0x3 00000000
 .rodata.rt_sem_init.str1.4
                0x0800bf44       0x5d build\kernel\src\ipc.o
 *fill*         0x0800bfa1        0x3 00000000
 .rodata.rt_sem_detach.str1.4
                0x0800bfa4       0x77 build\kernel\src\ipc.o
 *fill*         0x0800c01b        0x1 00000000
 .rodata.rt_sem_create.str1.4
                0x0800c01c       0x2a build\kernel\src\ipc.o
 *fill*         0x0800c046        0x2 00000000
 .rodata.rt_sem_take.str1.4
                0x0800c048       0x63 build\kernel\src\ipc.o
 *fill*         0x0800c0ab        0x1 00000000
 .rodata.rt_mutex_init.str1.4
                0x0800c0ac       0x11 build\kernel\src\ipc.o
 *fill*         0x0800c0bd        0x3 00000000
 .rodata.rt_mutex_detach.str1.4
                0x0800c0c0       0x75 build\kernel\src\ipc.o
 *fill*         0x0800c135        0x3 00000000
 .rodata.__FUNCTION__.24
                0x0800c138       0x11 build\kernel\src\ipc.o
 *fill*         0x0800c149        0x3 00000000
 .rodata.__FUNCTION__.25
                0x0800c14c        0xe build\kernel\src\ipc.o
 *fill*         0x0800c15a        0x2 00000000
 .rodata.__FUNCTION__.29
                0x0800c15c        0xe build\kernel\src\ipc.o
 *fill*         0x0800c16a        0x2 00000000
 .rodata.__FUNCTION__.31
                0x0800c16c        0xf build\kernel\src\ipc.o
 *fill*         0x0800c17b        0x1 00000000
 .rodata.__FUNCTION__.32
                0x0800c17c       0x12 build\kernel\src\ipc.o
 *fill*         0x0800c18e        0x2 00000000
 .rodata.__FUNCTION__.33
                0x0800c190        0xc build\kernel\src\ipc.o
 .rodata.__FUNCTION__.37
                0x0800c19c        0xc build\kernel\src\ipc.o
 .rodata.rt_device_unregister.str1.4
                0x0800c1a8       0x74 build\kernel\src\device.o
 .rodata.rt_device_init.str1.4
                0x0800c21c       0x36 build\kernel\src\device.o
 *fill*         0x0800c252        0x2 00000000
 .rodata.rt_device_open.str1.4
                0x0800c254       0x14 build\kernel\src\device.o
 .rodata.__FUNCTION__.1
                0x0800c268       0x1a build\kernel\src\device.o
 *fill*         0x0800c282        0x2 00000000
 .rodata.__FUNCTION__.3
                0x0800c284       0x10 build\kernel\src\device.o
 .rodata.__FUNCTION__.4
                0x0800c294        0xf build\kernel\src\device.o
 *fill*         0x0800c2a3        0x1 00000000
 .rodata.__FUNCTION__.5
                0x0800c2a4       0x10 build\kernel\src\device.o
 .rodata.__FUNCTION__.6
                0x0800c2b4        0xf build\kernel\src\device.o
 .rodata.rt_schedule_insert_thread.str1.4
                0x0800c2c3       0x12 build\kernel\src\scheduler.o
 *fill*         0x0800c2c3        0x1 00000000
 .rodata.rt_schedule.str1.4
                0x0800c2c4       0x51 build\kernel\src\scheduler.o
 *fill*         0x0800c315        0x3 00000000
 .rodata.__FUNCTION__.0
                0x0800c318       0x1a build\kernel\src\scheduler.o
 *fill*         0x0800c332        0x2 00000000
 .rodata.__FUNCTION__.1
                0x0800c334       0x1a build\kernel\src\scheduler.o
 *fill*         0x0800c34e        0x2 00000000
 .rodata.rt_thread_idle_init.str1.4
                0x0800c350        0x8 build\kernel\src\idle.o
 .rodata.rt_object_init.str1.4
                0x0800c358       0x27 build\kernel\src\object.o
 *fill*         0x0800c37f        0x1 00000000
 .rodata.rt_object_detach.str1.4
                0x0800c380       0x12 build\kernel\src\object.o
 .rodata.rt_object_allocate.str1.4
                0x0800c392       0x2a build\kernel\src\object.o
 *fill*         0x0800c392        0x2 00000000
 .rodata.rt_object_delete.str1.4
                0x0800c394       0x29 build\kernel\src\object.o
 *fill*         0x0800c3bd        0x3 00000000
 .rodata.__FUNCTION__.0
                0x0800c3c0        0xf build\kernel\src\object.o
 *fill*         0x0800c3cf        0x1 00000000
 .rodata.__FUNCTION__.1
                0x0800c3d0       0x13 build\kernel\src\object.o
 *fill*         0x0800c3e3        0x1 00000000
 .rodata.__FUNCTION__.2
                0x0800c3e4       0x1a build\kernel\src\object.o
 *fill*         0x0800c3fe        0x2 00000000
 .rodata.__FUNCTION__.3
                0x0800c400       0x11 build\kernel\src\object.o
 *fill*         0x0800c411        0x3 00000000
 .rodata.__FUNCTION__.4
                0x0800c414       0x13 build\kernel\src\object.o
 *fill*         0x0800c427        0x1 00000000
 .rodata.__FUNCTION__.5
                0x0800c428       0x11 build\kernel\src\object.o
 *fill*         0x0800c439        0x3 00000000
 .rodata.__FUNCTION__.6
                0x0800c43c        0xf build\kernel\src\object.o
 *fill*         0x0800c44b        0x1 00000000
 .rodata.rt_strerror.str1.4
                0x0800c44c        0x8 build\kernel\src\kservice.o
 .rodata.rt_vsnprintf.str1.4
                0x0800c454        0x7 build\kernel\src\kservice.o
 *fill*         0x0800c45b        0x1 00000000
 .rodata.rt_show_version.str1.4
                0x0800c45c       0x96 build\kernel\src\kservice.o
 *fill*         0x0800c4f2        0x2 00000000
 .rodata.rt_system_heap_init.str1.4
                0x0800c4f4       0x55 build\kernel\src\kservice.o
 *fill*         0x0800c549        0x3 00000000
 .rodata.rt_malloc.str1.4
                0x0800c54c       0x10 build\kernel\src\kservice.o
 .rodata.str1.4
                0x0800c55c       0x4f build\kernel\src\kservice.o
 *fill*         0x0800c5ab        0x1 00000000
 .rodata.__FUNCTION__.0
                0x0800c5ac        0xd build\kernel\src\kservice.o
 *fill*         0x0800c5b9        0x3 00000000
 .rodata.__FUNCTION__.1
                0x0800c5bc       0x14 build\kernel\src\kservice.o
 .rodata.large_digits.4
                0x0800c5d0       0x11 build\kernel\src\kservice.o
 *fill*         0x0800c5e1        0x3 00000000
 .rodata.rt_errno_strs
                0x0800c5e4       0x30 build\kernel\src\kservice.o
 .rodata.small_digits.3
                0x0800c614       0x11 build\kernel\src\kservice.o
 *fill*         0x0800c625        0x3 00000000
 .rodata.rt_hw_hard_fault_exception.str1.4
                0x0800c628      0x2a5 build\kernel\libcpu\arm\cortex-m3\cpuport.o
                                0x2a9 (size before relaxing)
 .rodata.chdir.str1.4
                0x0800c8cd      0x2a5 build\kernel\components\dfs\src\dfs_posix.o
                                  0x4 (size before relaxing)
 *fill*         0x0800c8cd        0x3 00000000
 .rodata.str1.4
                0x0800c8d0        0xb build\kernel\components\dfs\src\dfs_fs.o
 *fill*         0x0800c8db        0x1 00000000
 .rodata.dfs_register.str1.4
                0x0800c8dc       0x41 build\kernel\components\dfs\src\dfs_fs.o
                                 0x46 (size before relaxing)
 *fill*         0x0800c91d        0x3 00000000
 .rodata.dfs_filesystem_lookup.str1.4
                0x0800c920        0x5 build\kernel\components\dfs\src\dfs_fs.o
 *fill*         0x0800c925        0x3 00000000
 .rodata.dfs_mount.str1.4
                0x0800c928       0x3a build\kernel\components\dfs\src\dfs_fs.o
 *fill*         0x0800c962        0x2 00000000
 .rodata.dfs_mkfs.str1.4
                0x0800c964       0x74 build\kernel\components\dfs\src\dfs_fs.o
 .rodata.df.str1.4
                0x0800c9d8       0x4a build\kernel\components\dfs\src\dfs_fs.o
 *fill*         0x0800ca22        0x2 00000000
 .rodata.__FUNCTION__.1
                0x0800ca24       0x16 build\kernel\components\dfs\src\dfs_fs.o
 *fill*         0x0800ca3a        0x2 00000000
 .rodata.list_fd.str1.4
                0x0800ca3c       0x93 build\kernel\components\dfs\src\dfs.o
                                 0x9a (size before relaxing)
 *fill*         0x0800cacf        0x1 00000000
 .rodata.dfs_init.str1.4
                0x0800cad0       0x1b build\kernel\components\dfs\src\dfs.o
 .rodata.dfs_lock.str1.4
                0x0800caeb        0x2 build\kernel\components\dfs\src\dfs.o
 *fill*         0x0800caeb        0x1 00000000
 .rodata.fd_new.str1.4
                0x0800caec       0x39 build\kernel\components\dfs\src\dfs.o
                                 0x45 (size before relaxing)
 *fill*         0x0800cb25        0x3 00000000
 .rodata.fd_put.str1.4
                0x0800cb28        0xb build\kernel\components\dfs\src\dfs.o
 *fill*         0x0800cb33        0x1 00000000
 .rodata.dfs_normalize_path.str1.4
                0x0800cb34       0x1a build\kernel\components\dfs\src\dfs.o
 *fill*         0x0800cb4e        0x2 00000000
 .rodata.__FUNCTION__.0
                0x0800cb50       0x13 build\kernel\components\dfs\src\dfs.o
 *fill*         0x0800cb63        0x1 00000000
 .rodata.__FUNCTION__.1
                0x0800cb64        0x7 build\kernel\components\dfs\src\dfs.o
 *fill*         0x0800cb6b        0x1 00000000
 .rodata.__FUNCTION__.2
                0x0800cb6c        0x9 build\kernel\components\dfs\src\dfs.o
 *fill*         0x0800cb75        0x3 00000000
 .rodata.name   0x0800cb78       0x20 build\kernel\components\dfs\src\dfs.o
                0x0800cb78                __fsym_list_fd_desc
                0x0800cb90                __fsym_list_fd_name
 .rodata.dfs_file_open.str1.4
                0x0800cb98        0x2 build\kernel\components\dfs\src\dfs_file.o
 *fill*         0x0800cb9a        0x2 00000000
 .rodata.copyfile.str1.4
                0x0800cb9c       0x56 build\kernel\components\dfs\src\dfs_file.o
 *fill*         0x0800cbf2        0x2 00000000
 .rodata.dfs_file_stat.str1.4
                0x0800cbf4       0x5e build\kernel\components\dfs\src\dfs_file.o
                                 0x6e (size before relaxing)
 *fill*         0x0800cc52        0x2 00000000
 .rodata.copydir.str1.4
                0x0800cc54       0x3a build\kernel\components\dfs\src\dfs_file.o
                                 0x3e (size before relaxing)
 *fill*         0x0800cc8e        0x2 00000000
 .rodata.ls.str1.4
                0x0800cc90       0x53 build\kernel\components\dfs\src\dfs_file.o
 *fill*         0x0800cce3        0x1 00000000
 .rodata.cat.str1.4
                0x0800cce4       0x10 build\kernel\components\dfs\src\dfs_file.o
                                 0x13 (size before relaxing)
 .rodata.copy.str1.4
                0x0800ccf4       0x44 build\kernel\components\dfs\src\dfs_file.o
 .rodata.rt_completion_init.str1.4
                0x0800cd38       0x16 build\kernel\components\drivers\ipc\completion.o
 *fill*         0x0800cd4e        0x2 00000000
 .rodata.rt_completion_wait.str1.4
                0x0800cd50       0x2f build\kernel\components\drivers\ipc\completion.o
                                 0xbf (size before relaxing)
 *fill*         0x0800cd7f        0x1 00000000
 .rodata.__FUNCTION__.0
                0x0800cd80       0x13 build\kernel\components\drivers\ipc\completion.o
 *fill*         0x0800cd93        0x1 00000000
 .rodata.__FUNCTION__.1
                0x0800cd94       0x13 build\kernel\components\drivers\ipc\completion.o
 *fill*         0x0800cda7        0x1 00000000
 .rodata.__FUNCTION__.2
                0x0800cda8       0x13 build\kernel\components\drivers\ipc\completion.o
 *fill*         0x0800cdbb        0x1 00000000
 .rodata.rt_data_queue_init.str1.4
                0x0800cdbc       0x1d build\kernel\components\drivers\ipc\dataqueue.o
 *fill*         0x0800cdd9        0x3 00000000
 .rodata.rt_data_queue_push.str1.4
                0x0800cddc       0x20 build\kernel\components\drivers\ipc\dataqueue.o
                                 0xaf (size before relaxing)
 .rodata.rt_data_queue_pop.str1.4
                0x0800cdfc       0x24 build\kernel\components\drivers\ipc\dataqueue.o
 .rodata.__FUNCTION__.0
                0x0800ce20       0x12 build\kernel\components\drivers\ipc\dataqueue.o
 *fill*         0x0800ce32        0x2 00000000
 .rodata.__FUNCTION__.1
                0x0800ce34       0x15 build\kernel\components\drivers\ipc\dataqueue.o
 *fill*         0x0800ce49        0x3 00000000
 .rodata.__FUNCTION__.2
                0x0800ce4c       0x14 build\kernel\components\drivers\ipc\dataqueue.o
 .rodata.__FUNCTION__.3
                0x0800ce60       0x13 build\kernel\components\drivers\ipc\dataqueue.o
 *fill*         0x0800ce73        0x1 00000000
 .rodata.__FUNCTION__.4
                0x0800ce74       0x12 build\kernel\components\drivers\ipc\dataqueue.o
 *fill*         0x0800ce86        0x2 00000000
 .rodata.__FUNCTION__.5
                0x0800ce88       0x13 build\kernel\components\drivers\ipc\dataqueue.o
 *fill*         0x0800ce9b        0x1 00000000
 .rodata.__FUNCTION__.6
                0x0800ce9c       0x13 build\kernel\components\drivers\ipc\dataqueue.o
 *fill*         0x0800ceaf        0x1 00000000
 .rodata._pin_control.str1.4
                0x0800ceb0        0xf build\kernel\components\drivers\misc\pin.o
 *fill*         0x0800cebf        0x1 00000000
 .rodata._pin_cmd_print_usage.str1.4
                0x0800cec0      0x1d0 build\kernel\components\drivers\misc\pin.o
 .rodata.rt_pin_attach_irq.str1.4
                0x0800d090       0x17 build\kernel\components\drivers\misc\pin.o
 *fill*         0x0800d0a7        0x1 00000000
 .rodata._pin_cmd.str1.4
                0x0800d0a8       0xb0 build\kernel\components\drivers\misc\pin.o
 .rodata.__FUNCTION__.0
                0x0800d158        0xb build\kernel\components\drivers\misc\pin.o
 *fill*         0x0800d163        0x1 00000000
 .rodata.__FUNCTION__.1
                0x0800d164        0xc build\kernel\components\drivers\misc\pin.o
 .rodata.__FUNCTION__.2
                0x0800d170        0xd build\kernel\components\drivers\misc\pin.o
 *fill*         0x0800d17d        0x3 00000000
 .rodata.__FUNCTION__.3
                0x0800d180        0xc build\kernel\components\drivers\misc\pin.o
 .rodata.__FUNCTION__.4
                0x0800d18c       0x12 build\kernel\components\drivers\misc\pin.o
 *fill*         0x0800d19e        0x2 00000000
 .rodata.__FUNCTION__.6
                0x0800d1a0       0x12 build\kernel\components\drivers\misc\pin.o
 *fill*         0x0800d1b2        0x2 00000000
 .rodata.__FUNCTION__.7
                0x0800d1b4        0xa build\kernel\components\drivers\misc\pin.o
 *fill*         0x0800d1be        0x2 00000000
 .rodata.__FUNCTION__.8
                0x0800d1c0        0xb build\kernel\components\drivers\misc\pin.o
 *fill*         0x0800d1cb        0x1 00000000
 .rodata.__FUNCTION__.9
                0x0800d1cc        0xd build\kernel\components\drivers\misc\pin.o
 *fill*         0x0800d1d9        0x3 00000000
 .rodata.name   0x0800d1dc       0x14 build\kernel\components\drivers\misc\pin.o
                0x0800d1dc                __fsym_pin_desc
                0x0800d1ec                __fsym_pin_name
 .rodata.rt_serial_control.str1.4
                0x0800d1f0        0xf build\kernel\components\drivers\serial\serial.o
 .rodata._serial_fifo_calc_recved_len.str1.4
                0x0800d1f0       0x13 build\kernel\components\drivers\serial\serial.o
 *fill*         0x0800d203        0x1 00000000
 .rodata.rt_serial_open.str1.4
                0x0800d204       0x3a build\kernel\components\drivers\serial\serial.o
 *fill*         0x0800d23e        0x2 00000000
 .rodata.rt_serial_write.str1.4
                0x0800d240        0xe build\kernel\components\drivers\serial\serial.o
 *fill*         0x0800d24e        0x2 00000000
 .rodata.rt_serial_read.str1.4
                0x0800d250       0x7a build\kernel\components\drivers\serial\serial.o
 *fill*         0x0800d2ca        0x2 00000000
 .rodata.rt_hw_serial_register.str1.4
                0x0800d2cc       0x12 build\kernel\components\drivers\serial\serial.o
 *fill*         0x0800d2de        0x2 00000000
 .rodata.rt_hw_serial_isr.str1.4
                0x0800d2e0       0x96 build\kernel\components\drivers\serial\serial.o
                                 0x9a (size before relaxing)
 *fill*         0x0800d376        0x2 00000000
 .rodata.__FUNCTION__.0
                0x0800d378       0x1d build\kernel\components\drivers\serial\serial.o
 *fill*         0x0800d395        0x3 00000000
 .rodata.__FUNCTION__.10
                0x0800d398        0xf build\kernel\components\drivers\serial\serial.o
 *fill*         0x0800d3a7        0x1 00000000
 .rodata.__FUNCTION__.11
                0x0800d3a8        0xf build\kernel\components\drivers\serial\serial.o
 *fill*         0x0800d3b7        0x1 00000000
 .rodata.__FUNCTION__.13
                0x0800d3b8        0xf build\kernel\components\drivers\serial\serial.o
 *fill*         0x0800d3c7        0x1 00000000
 .rodata.__FUNCTION__.14
                0x0800d3c8       0x10 build\kernel\components\drivers\serial\serial.o
 .rodata.__FUNCTION__.15
                0x0800d3d8       0x12 build\kernel\components\drivers\serial\serial.o
 *fill*         0x0800d3ea        0x2 00000000
 .rodata.__FUNCTION__.16
                0x0800d3ec       0x16 build\kernel\components\drivers\serial\serial.o
 *fill*         0x0800d402        0x2 00000000
 .rodata.__FUNCTION__.2
                0x0800d404       0x11 build\kernel\components\drivers\serial\serial.o
 *fill*         0x0800d415        0x3 00000000
 .rodata.__FUNCTION__.3
                0x0800d418        0xf build\kernel\components\drivers\serial\serial.o
 *fill*         0x0800d427        0x1 00000000
 .rodata.__FUNCTION__.4
                0x0800d428        0xf build\kernel\components\drivers\serial\serial.o
 *fill*         0x0800d437        0x1 00000000
 .rodata.__FUNCTION__.5
                0x0800d438       0x10 build\kernel\components\drivers\serial\serial.o
 .rodata.__FUNCTION__.7
                0x0800d448       0x1d build\kernel\components\drivers\serial\serial.o
 *fill*         0x0800d465        0x3 00000000
 .rodata.__FUNCTION__.8
                0x0800d468       0x1d build\kernel\components\drivers\serial\serial.o
 *fill*         0x0800d485        0x3 00000000
 .rodata.__FUNCTION__.9
                0x0800d488        0xf build\kernel\components\drivers\serial\serial.o
 *fill*         0x0800d497        0x1 00000000
 .rodata.finsh_rx_ind.str1.4
                0x0800d498       0x11 build\kernel\components\finsh\shell.o
 *fill*         0x0800d4a9        0x3 00000000
 .rodata.finsh_get_prompt.part.0.str1.4
                0x0800d4ac        0x5 build\kernel\components\finsh\shell.o
                                  0xa (size before relaxing)
 *fill*         0x0800d4b1        0x3 00000000
 .rodata.finsh_system_init.str1.4
                0x0800d4b4       0x25 build\kernel\components\finsh\shell.o
 *fill*         0x0800d4d9        0x3 00000000
 .rodata.finsh_set_device.str1.4
                0x0800d4dc       0x20 build\kernel\components\finsh\shell.o
 .rodata.finsh_thread_entry.str1.4
                0x0800d4fc       0x24 build\kernel\components\finsh\shell.o
                                 0x2b (size before relaxing)
 .rodata.__FUNCTION__.3
                0x0800d520        0xd build\kernel\components\finsh\shell.o
 *fill*         0x0800d52d        0x3 00000000
 .rodata.__FUNCTION__.4
                0x0800d530       0x11 build\kernel\components\finsh\shell.o
 *fill*         0x0800d541        0x3 00000000
 .rodata.__FUNCTION__.5
                0x0800d544        0xe build\kernel\components\finsh\shell.o
 *fill*         0x0800d552        0x2 00000000
 .rodata.__FUNCTION__.6
                0x0800d554       0x16 build\kernel\components\finsh\shell.o
 *fill*         0x0800d56a        0x2 00000000
 .rodata.msh_help.str1.4
                0x0800d56c       0x28 build\kernel\components\finsh\msh.o
                                 0x2a (size before relaxing)
 .rodata.cmd_free.str1.4
                0x0800d594       0x3f build\kernel\components\finsh\msh.o
 .rodata.msh_auto_complete_path.part.0.str1.4
                0x0800d5d3        0x8 build\kernel\components\finsh\msh.o
 *fill*         0x0800d5d3        0x1 00000000
 .rodata.msh_exec.str1.4
                0x0800d5d4       0x3c build\kernel\components\finsh\msh.o
 .rodata.name   0x0800d610       0x6d build\kernel\components\finsh\msh.o
                0x0800d610                __fsym_free_desc
                0x0800d638                __fsym_free_name
                0x0800d640                __fsym_ps_desc
                0x0800d65c                __fsym_ps_name
                0x0800d660                __fsym_help_desc
                0x0800d678                __fsym_help_name
 *fill*         0x0800d67d        0x3 00000000
 .rodata.clear.str1.4
                0x0800d680        0x8 build\kernel\components\finsh\cmd.o
 .rodata.list_thread.str1.4
                0x0800d688       0xfe build\kernel\components\finsh\cmd.o
 *fill*         0x0800d786        0x2 00000000
 .rodata.list_mutex.str1.4
                0x0800d788       0x63 build\kernel\components\finsh\cmd.o
 *fill*         0x0800d7eb        0x1 00000000
 .rodata.list_device.str1.4
                0x0800d7ec       0x67 build\kernel\components\finsh\cmd.o
                                 0x6f (size before relaxing)
 *fill*         0x0800d853        0x1 00000000
 .rodata.list_timer.str1.4
                0x0800d854       0xca build\kernel\components\finsh\cmd.o
                                 0xd2 (size before relaxing)
 *fill*         0x0800d91e        0x2 00000000
 .rodata.list_mempool.str1.4
                0x0800d920       0x91 build\kernel\components\finsh\cmd.o
                                 0x9a (size before relaxing)
 *fill*         0x0800d9b1        0x3 00000000
 .rodata.list_event.str1.4
                0x0800d9b4       0x76 build\kernel\components\finsh\cmd.o
 *fill*         0x0800da2a        0x2 00000000
 .rodata.list_sem.str1.4
                0x0800da2c       0x60 build\kernel\components\finsh\cmd.o
 .rodata.list_msgqueue.str1.4
                0x0800da8c       0x65 build\kernel\components\finsh\cmd.o
 *fill*         0x0800daf1        0x3 00000000
 .rodata.list_mailbox.str1.4
                0x0800daf4       0x76 build\kernel\components\finsh\cmd.o
 *fill*         0x0800db6a        0x2 00000000
 .rodata.cmd_list.str1.4
                0x0800db6c      0x158 build\kernel\components\finsh\cmd.o
 .rodata.str1.4
                0x0800dcc4      0x1a3 build\kernel\components\finsh\cmd.o
 *fill*         0x0800de67        0x1 00000000
 .rodata.device_type_str
                0x0800de68       0x78 build\kernel\components\finsh\cmd.o
 .rodata.name   0x0800dee0      0x1ba build\kernel\components\finsh\cmd.o
                0x0800dee0                __fsym_list_desc
                0x0800def0                __fsym_list_name
                0x0800def8                __fsym_list_device_desc
                0x0800df10                __fsym_list_device_name
                0x0800df1c                __fsym_list_timer_desc
                0x0800df34                __fsym_list_timer_name
                0x0800df40                __fsym_list_mempool_desc
                0x0800df5c                __fsym_list_mempool_name
                0x0800df6c                __fsym_list_msgqueue_desc
                0x0800df8c                __fsym_list_msgqueue_name
                0x0800df9c                __fsym_list_mailbox_desc
                0x0800dfb4                __fsym_list_mailbox_name
                0x0800dfc4                __fsym_list_mutex_desc
                0x0800dfdc                __fsym_list_mutex_name
                0x0800dfe8                __fsym_list_event_desc
                0x0800e000                __fsym_list_event_name
                0x0800e00c                __fsym_list_sem_desc
                0x0800e028                __fsym_list_sem_name
                0x0800e034                __fsym_list_thread_desc
                0x0800e040                __fsym_list_thread_name
                0x0800e04c                __fsym_version_desc
                0x0800e070                __fsym_version_name
                0x0800e078                __fsym_clear_desc
                0x0800e094                __fsym_clear_name
 .rodata.cmd_pwd.str1.4
                0x0800e09a        0x4 build\kernel\components\finsh\msh_file.o
 *fill*         0x0800e09a        0x2 00000000
 .rodata.directory_delete_for_msh.str1.4
                0x0800e09c       0x3c build\kernel\components\finsh\msh_file.o
                                 0x44 (size before relaxing)
 .rodata.cmd_rm.str1.4
                0x0800e0d8       0xab build\kernel\components\finsh\msh_file.o
 *fill*         0x0800e183        0x1 00000000
 .rodata.cmd_mkfs.str1.4
                0x0800e184       0x3c build\kernel\components\finsh\msh_file.o
 .rodata.cmd_mount.str1.4
                0x0800e1c0       0xbe build\kernel\components\finsh\msh_file.o
 *fill*         0x0800e27e        0x2 00000000
 .rodata.cmd_umount.str1.4
                0x0800e280       0x30 build\kernel\components\finsh\msh_file.o
 .rodata.cmd_tail.str1.4
                0x0800e2b0       0xb1 build\kernel\components\finsh\msh_file.o
                                 0xba (size before relaxing)
 *fill*         0x0800e361        0x3 00000000
 .rodata.cmd_cp.str1.4
                0x0800e364       0x2e build\kernel\components\finsh\msh_file.o
 *fill*         0x0800e392        0x2 00000000
 .rodata.cmd_mv.str1.4
                0x0800e394       0x5a build\kernel\components\finsh\msh_file.o
                                 0x6b (size before relaxing)
 *fill*         0x0800e3ee        0x2 00000000
 .rodata.cmd_cat.str1.4
                0x0800e3f0       0x2d build\kernel\components\finsh\msh_file.o
 *fill*         0x0800e41d        0x3 00000000
 .rodata.cmd_cd.str1.4
                0x0800e420       0x17 build\kernel\components\finsh\msh_file.o
 *fill*         0x0800e437        0x1 00000000
 .rodata.cmd_mkdir.str1.4
                0x0800e438       0x59 build\kernel\components\finsh\msh_file.o
 *fill*         0x0800e491        0x3 00000000
 .rodata.cmd_df.str1.4
                0x0800e494       0x13 build\kernel\components\finsh\msh_file.o
                                 0x17 (size before relaxing)
 *fill*         0x0800e4a7        0x1 00000000
 .rodata.cmd_echo.str1.4
                0x0800e4a8       0x39 build\kernel\components\finsh\msh_file.o
 *fill*         0x0800e4e1        0x3 00000000
 .rodata.msh_exec_script.str1.4
                0x0800e4e4       0x12 build\kernel\components\finsh\msh_file.o
 *fill*         0x0800e4f6        0x2 00000000
 .rodata.name   0x0800e4f8      0x1fb build\kernel\components\finsh\msh_file.o
                0x0800e4f8                __fsym_tail_desc
                0x0800e528                __fsym_tail_name
                0x0800e530                __fsym_echo_desc
                0x0800e544                __fsym_echo_name
                0x0800e54c                __fsym_df_desc
                0x0800e558                __fsym_df_name
                0x0800e55c                __fsym_umount_desc
                0x0800e57c                __fsym_umount_name
                0x0800e584                __fsym_mount_desc
                0x0800e5ac                __fsym_mount_name
                0x0800e5b4                __fsym_mkfs_desc
                0x0800e5d4                __fsym_mkfs_name
                0x0800e5dc                __fsym_mkdir_desc
                0x0800e5f4                __fsym_mkdir_name
                0x0800e5fc                __fsym_pwd_desc
                0x0800e630                __fsym_pwd_name
                0x0800e634                __fsym_cd_desc
                0x0800e658                __fsym_cd_name
                0x0800e65c                __fsym_rm_desc
                0x0800e678                __fsym_rm_name
                0x0800e67c                __fsym_cat_desc
                0x0800e690                __fsym_cat_name
                0x0800e694                __fsym_mv_desc
                0x0800e6ac                __fsym_mv_name
                0x0800e6b0                __fsym_cp_desc
                0x0800e6c8                __fsym_cp_name
                0x0800e6cc                __fsym_ls_desc
                0x0800e6f0                __fsym_ls_name
 *fill*         0x0800e6f3        0x1 00000000
 .rodata.HAL_RCC_GetSysClockFreq.str1.4
                0x0800e6f4       0x11 libraries\STM32F1xx_HAL\STM32F1xx_HAL_Driver\Src\stm32f1xx_hal_rcc.o
 *fill*         0x0800e705        0x3 00000000
 .rodata.AHBPrescTable
                0x0800e708       0x10 libraries\STM32F1xx_HAL\CMSIS\Device\ST\STM32F1xx\Source\Templates\system_stm32f1xx.o
                0x0800e708                AHBPrescTable
 .rodata.APBPrescTable
                0x0800e718        0x8 libraries\STM32F1xx_HAL\CMSIS\Device\ST\STM32F1xx\Source\Templates\system_stm32f1xx.o
                0x0800e718                APBPrescTable
 .rodata.rt_hw_pin_init.str1.4
                0x0800e720        0x4 libraries\HAL_Drivers\drv_gpio.o
 .rodata._stm32_pin_ops
                0x0800e724       0x1c libraries\HAL_Drivers\drv_gpio.o
 .rodata.pin_irq_map
                0x0800e740       0x40 libraries\HAL_Drivers\drv_gpio.o
 .rodata.stm32_putc.str1.4
                0x0800e780       0x12 libraries\HAL_Drivers\drv_usart.o
 .rodata.stm32_control.str1.4
                0x0800e780       0x3f libraries\HAL_Drivers\drv_usart.o
                                 0x43 (size before relaxing)
 *fill*         0x0800e7bf        0x1 00000000
 .rodata.stm32_configure.str1.4
                0x0800e7c0        0xf libraries\HAL_Drivers\drv_usart.o
 *fill*         0x0800e7cf        0x1 00000000
 .rodata.stm32_dma_transmit.str1.4
                0x0800e7d0        0xf libraries\HAL_Drivers\drv_usart.o
 *fill*         0x0800e7df        0x1 00000000
 .rodata.HAL_UART_ErrorCallback.str1.4
                0x0800e7e0        0xe libraries\HAL_Drivers\drv_usart.o
 *fill*         0x0800e7ee        0x2 00000000
 .rodata.rt_hw_usart_init.str1.4
                0x0800e7f0       0x11 libraries\HAL_Drivers\drv_usart.o
 *fill*         0x0800e801        0x3 00000000
 .rodata.str1.4
                0x0800e804        0x6 libraries\HAL_Drivers\drv_usart.o
 *fill*         0x0800e80a        0x2 00000000
 .rodata.__FUNCTION__.0
                0x0800e80c       0x10 libraries\HAL_Drivers\drv_usart.o
 .rodata.__FUNCTION__.1
                0x0800e81c       0x11 libraries\HAL_Drivers\drv_usart.o
 *fill*         0x0800e82d        0x3 00000000
 .rodata.__FUNCTION__.11
                0x0800e830       0x18 libraries\HAL_Drivers\drv_usart.o
 .rodata.__FUNCTION__.12
                0x0800e848       0x17 libraries\HAL_Drivers\drv_usart.o
 *fill*         0x0800e85f        0x1 00000000
 .rodata.__FUNCTION__.2
                0x0800e860        0xe libraries\HAL_Drivers\drv_usart.o
 *fill*         0x0800e86e        0x2 00000000
 .rodata.__FUNCTION__.3
                0x0800e870        0xb libraries\HAL_Drivers\drv_usart.o
 *fill*         0x0800e87b        0x1 00000000
 .rodata.__FUNCTION__.4
                0x0800e87c        0xb libraries\HAL_Drivers\drv_usart.o
 *fill*         0x0800e887        0x1 00000000
 .rodata.__FUNCTION__.5
                0x0800e888       0x13 libraries\HAL_Drivers\drv_usart.o
 *fill*         0x0800e89b        0x1 00000000
 .rodata.__FUNCTION__.6