<!doctype html public "-//w3c//dtd html 4.0 transitional//en">
<html><head>
<title>Static Call Graph - [.\Objects\rt-thread.axf]</title></head>
<body><HR>
<H1>Static Call Graph for image .\Objects\rt-thread.axf</H1><HR>
<BR><P>#&#060CALLGRAPH&#062# ARM Linker, 5060750: Last Updated: Tue Feb 07 14:37:26 2023
<BR><P>
<H3>Maximum Stack Usage =        984 bytes + Unknown(Functions without stacksize, Cycles, Untraceable Function Pointers)</H3><H3>
Call chain for Maximum Stack Depth:</H3>
exception_hook &rArr; rt_cm_backtrace_exception_hook &rArr; cm_backtrace_fault &rArr; print_call_stack &rArr; cm_backtrace_call_stack &rArr; get_cur_thread_stack_info &rArr; rt_kprintf &rArr; rt_vsnprintf &rArr; __vsnprintf &rArr; print_floating_point &rArr; print_exponential_number &rArr; print_integer &rArr; print_integer_finalization &rArr; out_rev_
<P>
<H3>
Functions with no stack information
</H3><UL>
 <LI><a href="#[ad]">__user_initial_stackheap</a>
</UL>
</UL>
<P>
<H3>
Mutually Recursive functions
</H3> <LI><a href="#[c9]">rt_assert_handler</a>&nbsp;&nbsp;&nbsp;&rArr;&nbsp;&nbsp;&nbsp;<a href="#[df]">rt_kprintf</a><BR>
 <LI><a href="#[5]">NMI_Handler</a>&nbsp;&nbsp;&nbsp;&rArr;&nbsp;&nbsp;&nbsp;<a href="#[5]">NMI_Handler</a><BR>
 <LI><a href="#[7]">MemManage_Handler</a>&nbsp;&nbsp;&nbsp;&rArr;&nbsp;&nbsp;&nbsp;<a href="#[7]">MemManage_Handler</a><BR>
 <LI><a href="#[8]">BusFault_Handler</a>&nbsp;&nbsp;&nbsp;&rArr;&nbsp;&nbsp;&nbsp;<a href="#[8]">BusFault_Handler</a><BR>
 <LI><a href="#[9]">UsageFault_Handler</a>&nbsp;&nbsp;&nbsp;&rArr;&nbsp;&nbsp;&nbsp;<a href="#[9]">UsageFault_Handler</a><BR>
 <LI><a href="#[a]">SVC_Handler</a>&nbsp;&nbsp;&nbsp;&rArr;&nbsp;&nbsp;&nbsp;<a href="#[a]">SVC_Handler</a><BR>
 <LI><a href="#[b]">DebugMon_Handler</a>&nbsp;&nbsp;&nbsp;&rArr;&nbsp;&nbsp;&nbsp;<a href="#[b]">DebugMon_Handler</a><BR>
 <LI><a href="#[20]">ADC1_2_IRQHandler</a>&nbsp;&nbsp;&nbsp;&rArr;&nbsp;&nbsp;&nbsp;<a href="#[20]">ADC1_2_IRQHandler</a><BR>
 <LI><a href="#[65]">stm32_control</a>&nbsp;&nbsp;&nbsp;&rArr;&nbsp;&nbsp;&nbsp;<a href="#[65]">stm32_control</a><BR>
</UL>
<P>
<H3>
Function Pointers
</H3><UL>
 <LI><a href="#[20]">ADC1_2_IRQHandler</a> from startup_stm32f103xb.o(.text) referenced from startup_stm32f103xb.o(RESET)
 <LI><a href="#[8]">BusFault_Handler</a> from startup_stm32f103xb.o(.text) referenced from startup_stm32f103xb.o(RESET)
 <LI><a href="#[23]">CAN1_RX1_IRQHandler</a> from startup_stm32f103xb.o(.text) referenced from startup_stm32f103xb.o(RESET)
 <LI><a href="#[24]">CAN1_SCE_IRQHandler</a> from startup_stm32f103xb.o(.text) referenced from startup_stm32f103xb.o(RESET)
 <LI><a href="#[19]">DMA1_Channel1_IRQHandler</a> from startup_stm32f103xb.o(.text) referenced from startup_stm32f103xb.o(RESET)
 <LI><a href="#[1a]">DMA1_Channel2_IRQHandler</a> from startup_stm32f103xb.o(.text) referenced from startup_stm32f103xb.o(RESET)
 <LI><a href="#[1b]">DMA1_Channel3_IRQHandler</a> from startup_stm32f103xb.o(.text) referenced from startup_stm32f103xb.o(RESET)
 <LI><a href="#[1c]">DMA1_Channel4_IRQHandler</a> from startup_stm32f103xb.o(.text) referenced from startup_stm32f103xb.o(RESET)
 <LI><a href="#[1d]">DMA1_Channel5_IRQHandler</a> from drv_usart_v2.o(i.DMA1_Channel5_IRQHandler) referenced from startup_stm32f103xb.o(RESET)
 <LI><a href="#[1e]">DMA1_Channel6_IRQHandler</a> from drv_usart_v2.o(i.DMA1_Channel6_IRQHandler) referenced from startup_stm32f103xb.o(RESET)
 <LI><a href="#[1f]">DMA1_Channel7_IRQHandler</a> from startup_stm32f103xb.o(.text) referenced from startup_stm32f103xb.o(RESET)
 <LI><a href="#[b]">DebugMon_Handler</a> from startup_stm32f103xb.o(.text) referenced from startup_stm32f103xb.o(RESET)
 <LI><a href="#[14]">EXTI0_IRQHandler</a> from drv_gpio.o(i.EXTI0_IRQHandler) referenced from startup_stm32f103xb.o(RESET)
 <LI><a href="#[36]">EXTI15_10_IRQHandler</a> from drv_gpio.o(i.EXTI15_10_IRQHandler) referenced from startup_stm32f103xb.o(RESET)
 <LI><a href="#[15]">EXTI1_IRQHandler</a> from drv_gpio.o(i.EXTI1_IRQHandler) referenced from startup_stm32f103xb.o(RESET)
 <LI><a href="#[16]">EXTI2_IRQHandler</a> from drv_gpio.o(i.EXTI2_IRQHandler) referenced from startup_stm32f103xb.o(RESET)
 <LI><a href="#[17]">EXTI3_IRQHandler</a> from drv_gpio.o(i.EXTI3_IRQHandler) referenced from startup_stm32f103xb.o(RESET)
 <LI><a href="#[18]">EXTI4_IRQHandler</a> from drv_gpio.o(i.EXTI4_IRQHandler) referenced from startup_stm32f103xb.o(RESET)
 <LI><a href="#[25]">EXTI9_5_IRQHandler</a> from drv_gpio.o(i.EXTI9_5_IRQHandler) referenced from startup_stm32f103xb.o(RESET)
 <LI><a href="#[12]">FLASH_IRQHandler</a> from startup_stm32f103xb.o(.text) referenced from startup_stm32f103xb.o(RESET)
 <LI><a href="#[6]">HardFault_Handler</a> from context_rvds.o(.text) referenced from startup_stm32f103xb.o(RESET)
 <LI><a href="#[2e]">I2C1_ER_IRQHandler</a> from startup_stm32f103xb.o(.text) referenced from startup_stm32f103xb.o(RESET)
 <LI><a href="#[2d]">I2C1_EV_IRQHandler</a> from startup_stm32f103xb.o(.text) referenced from startup_stm32f103xb.o(RESET)
 <LI><a href="#[30]">I2C2_ER_IRQHandler</a> from startup_stm32f103xb.o(.text) referenced from startup_stm32f103xb.o(RESET)
 <LI><a href="#[2f]">I2C2_EV_IRQHandler</a> from startup_stm32f103xb.o(.text) referenced from startup_stm32f103xb.o(RESET)
 <LI><a href="#[53]">KEY_IRQHandler</a> from user_key.o(i.KEY_IRQHandler) referenced from user_key.o(i.rt_hw_user_key_init)
 <LI><a href="#[7]">MemManage_Handler</a> from startup_stm32f103xb.o(.text) referenced from startup_stm32f103xb.o(RESET)
 <LI><a href="#[5]">NMI_Handler</a> from startup_stm32f103xb.o(.text) referenced from startup_stm32f103xb.o(RESET)
 <LI><a href="#[f]">PVD_IRQHandler</a> from startup_stm32f103xb.o(.text) referenced from startup_stm32f103xb.o(RESET)
 <LI><a href="#[c]">PendSV_Handler</a> from context_rvds.o(.text) referenced from startup_stm32f103xb.o(RESET)
 <LI><a href="#[13]">RCC_IRQHandler</a> from startup_stm32f103xb.o(.text) referenced from startup_stm32f103xb.o(RESET)
 <LI><a href="#[37]">RTC_Alarm_IRQHandler</a> from startup_stm32f103xb.o(.text) referenced from startup_stm32f103xb.o(RESET)
 <LI><a href="#[11]">RTC_IRQHandler</a> from startup_stm32f103xb.o(.text) referenced from startup_stm32f103xb.o(RESET)
 <LI><a href="#[4]">Reset_Handler</a> from startup_stm32f103xb.o(.text) referenced from startup_stm32f103xb.o(RESET)
 <LI><a href="#[31]">SPI1_IRQHandler</a> from startup_stm32f103xb.o(.text) referenced from startup_stm32f103xb.o(RESET)
 <LI><a href="#[32]">SPI2_IRQHandler</a> from startup_stm32f103xb.o(.text) referenced from startup_stm32f103xb.o(RESET)
 <LI><a href="#[a]">SVC_Handler</a> from startup_stm32f103xb.o(.text) referenced from startup_stm32f103xb.o(RESET)
 <LI><a href="#[d]">SysTick_Handler</a> from drv_common.o(i.SysTick_Handler) referenced from startup_stm32f103xb.o(RESET)
 <LI><a href="#[39]">SystemInit</a> from system_stm32f1xx.o(i.SystemInit) referenced from startup_stm32f103xb.o(.text)
 <LI><a href="#[10]">TAMPER_IRQHandler</a> from startup_stm32f103xb.o(.text) referenced from startup_stm32f103xb.o(RESET)
 <LI><a href="#[26]">TIM1_BRK_IRQHandler</a> from startup_stm32f103xb.o(.text) referenced from startup_stm32f103xb.o(RESET)
 <LI><a href="#[29]">TIM1_CC_IRQHandler</a> from startup_stm32f103xb.o(.text) referenced from startup_stm32f103xb.o(RESET)
 <LI><a href="#[28]">TIM1_TRG_COM_IRQHandler</a> from startup_stm32f103xb.o(.text) referenced from startup_stm32f103xb.o(RESET)
 <LI><a href="#[27]">TIM1_UP_IRQHandler</a> from startup_stm32f103xb.o(.text) referenced from startup_stm32f103xb.o(RESET)
 <LI><a href="#[2a]">TIM2_IRQHandler</a> from startup_stm32f103xb.o(.text) referenced from startup_stm32f103xb.o(RESET)
 <LI><a href="#[2b]">TIM3_IRQHandler</a> from startup_stm32f103xb.o(.text) referenced from startup_stm32f103xb.o(RESET)
 <LI><a href="#[2c]">TIM4_IRQHandler</a> from startup_stm32f103xb.o(.text) referenced from startup_stm32f103xb.o(RESET)
 <LI><a href="#[3e]">UART_DMAAbortOnError</a> from stm32f1xx_hal_uart.o(i.UART_DMAAbortOnError) referenced from stm32f1xx_hal_uart.o(i.HAL_UART_IRQHandler)
 <LI><a href="#[41]">UART_DMAError</a> from stm32f1xx_hal_uart.o(i.UART_DMAError) referenced from stm32f1xx_hal_uart.o(i.HAL_UART_Transmit_DMA)
 <LI><a href="#[41]">UART_DMAError</a> from stm32f1xx_hal_uart.o(i.UART_DMAError) referenced from stm32f1xx_hal_uart.o(i.UART_Start_Receive_DMA)
 <LI><a href="#[42]">UART_DMAReceiveCplt</a> from stm32f1xx_hal_uart.o(i.UART_DMAReceiveCplt) referenced from stm32f1xx_hal_uart.o(i.UART_Start_Receive_DMA)
 <LI><a href="#[43]">UART_DMARxHalfCplt</a> from stm32f1xx_hal_uart.o(i.UART_DMARxHalfCplt) referenced from stm32f1xx_hal_uart.o(i.UART_Start_Receive_DMA)
 <LI><a href="#[3f]">UART_DMATransmitCplt</a> from stm32f1xx_hal_uart.o(i.UART_DMATransmitCplt) referenced from stm32f1xx_hal_uart.o(i.HAL_UART_Transmit_DMA)
 <LI><a href="#[40]">UART_DMATxHalfCplt</a> from stm32f1xx_hal_uart.o(i.UART_DMATxHalfCplt) referenced from stm32f1xx_hal_uart.o(i.HAL_UART_Transmit_DMA)
 <LI><a href="#[33]">USART1_IRQHandler</a> from drv_usart_v2.o(i.USART1_IRQHandler) referenced from startup_stm32f103xb.o(RESET)
 <LI><a href="#[34]">USART2_IRQHandler</a> from drv_usart_v2.o(i.USART2_IRQHandler) referenced from startup_stm32f103xb.o(RESET)
 <LI><a href="#[35]">USART3_IRQHandler</a> from startup_stm32f103xb.o(.text) referenced from startup_stm32f103xb.o(RESET)
 <LI><a href="#[38]">USBWakeUp_IRQHandler</a> from startup_stm32f103xb.o(.text) referenced from startup_stm32f103xb.o(RESET)
 <LI><a href="#[21]">USB_HP_CAN1_TX_IRQHandler</a> from startup_stm32f103xb.o(.text) referenced from startup_stm32f103xb.o(RESET)
 <LI><a href="#[22]">USB_LP_CAN1_RX0_IRQHandler</a> from startup_stm32f103xb.o(.text) referenced from startup_stm32f103xb.o(RESET)
 <LI><a href="#[9]">UsageFault_Handler</a> from startup_stm32f103xb.o(.text) referenced from startup_stm32f103xb.o(RESET)
 <LI><a href="#[e]">WWDG_IRQHandler</a> from startup_stm32f103xb.o(.text) referenced from startup_stm32f103xb.o(RESET)
 <LI><a href="#[82]">__main</a> from __main.o(!!!main) referenced from startup_stm32f103xb.o(.text)
 <LI><a href="#[3b]">_get_lc_ctype</a> from lc_ctype_c.o(locale$$code) referenced from rt_ctype_table.o(.text)
 <LI><a href="#[71]">_pin_cmd</a> from pin.o(i._pin_cmd) referenced from pin.o(FSymTab)
 <LI><a href="#[4e]">_pin_control</a> from pin.o(i._pin_control) referenced from pin.o(i.rt_device_pin_register)
 <LI><a href="#[4c]">_pin_read</a> from pin.o(i._pin_read) referenced from pin.o(i.rt_device_pin_register)
 <LI><a href="#[4d]">_pin_write</a> from pin.o(i._pin_write) referenced from pin.o(i.rt_device_pin_register)
 <LI><a href="#[3d]">_printf_input_char</a> from _printf_char_common.o(.text) referenced from _printf_char_common.o(.text)
 <LI><a href="#[55]">_serial_fifo_rx</a> from serial_v2.o(i._serial_fifo_rx) referenced from serial_v2.o(i.rt_serial_rx_enable)
 <LI><a href="#[57]">_serial_fifo_tx_blocking_buf</a> from serial_v2.o(i._serial_fifo_tx_blocking_buf) referenced from serial_v2.o(i.rt_serial_tx_enable)
 <LI><a href="#[58]">_serial_fifo_tx_blocking_nbuf</a> from serial_v2.o(i._serial_fifo_tx_blocking_nbuf) referenced from serial_v2.o(i.rt_serial_tx_enable)
 <LI><a href="#[59]">_serial_fifo_tx_nonblocking</a> from serial_v2.o(i._serial_fifo_tx_nonblocking) referenced from serial_v2.o(i.rt_serial_tx_enable)
 <LI><a href="#[54]">_serial_poll_rx</a> from serial_v2.o(i._serial_poll_rx) referenced from serial_v2.o(i.rt_serial_rx_enable)
 <LI><a href="#[56]">_serial_poll_tx</a> from serial_v2.o(i._serial_poll_tx) referenced from serial_v2.o(i.rt_serial_tx_enable)
 <LI><a href="#[3c]">_sputc</a> from _sputc.o(.text) referenced from noretval__2sprintf.o(.text)
 <LI><a href="#[45]">_thread_exit</a> from thread.o(i._thread_exit) referenced from thread.o(i._thread_init)
 <LI><a href="#[46]">_thread_timeout</a> from thread.o(i._thread_timeout) referenced from thread.o(i._thread_init)
 <LI><a href="#[5a]">_timer_thread_entry</a> from timer.o(i._timer_thread_entry) referenced from timer.o(i.rt_system_timer_thread_init)
 <LI><a href="#[4b]">assert_hook</a> from cmb_port.o(i.assert_hook) referenced from cmb_port.o(i.rt_cm_backtrace_init)
 <LI><a href="#[76]">clear</a> from cmd.o(i.clear) referenced from cmd.o(FSymTab)
 <LI><a href="#[70]">cmb_test</a> from cmb_port.o(i.cmb_test) referenced from cmb_port.o(FSymTab)
 <LI><a href="#[75]">cmd_free</a> from msh.o(i.cmd_free) referenced from msh.o(FSymTab)
 <LI><a href="#[81]">cmd_list</a> from cmd.o(i.cmd_list) referenced from cmd.o(FSymTab)
 <LI><a href="#[74]">cmd_ps</a> from msh.o(i.cmd_ps) referenced from msh.o(FSymTab)
 <LI><a href="#[4a]">exception_hook</a> from cmb_port.o(i.exception_hook) referenced from cmb_port.o(i.rt_cm_backtrace_init)
 <LI><a href="#[47]">finsh_rx_ind</a> from shell.o(i.finsh_rx_ind) referenced from shell.o(i.finsh_set_device)
 <LI><a href="#[6e]">finsh_system_init</a> from shell.o(i.finsh_system_init) referenced from shell.o(.rti_fn.6)
 <LI><a href="#[48]">finsh_thread_entry</a> from shell.o(i.finsh_thread_entry) referenced from shell.o(i.finsh_system_init)
 <LI><a href="#[80]">list_device</a> from cmd.o(i.list_device) referenced from cmd.o(FSymTab)
 <LI><a href="#[7a]">list_event</a> from cmd.o(i.list_event) referenced from cmd.o(FSymTab)
 <LI><a href="#[7c]">list_mailbox</a> from cmd.o(i.list_mailbox) referenced from cmd.o(FSymTab)
 <LI><a href="#[7e]">list_mempool</a> from cmd.o(i.list_mempool) referenced from cmd.o(FSymTab)
 <LI><a href="#[7d]">list_msgqueue</a> from cmd.o(i.list_msgqueue) referenced from cmd.o(FSymTab)
 <LI><a href="#[7b]">list_mutex</a> from cmd.o(i.list_mutex) referenced from cmd.o(FSymTab)
 <LI><a href="#[79]">list_sem</a> from cmd.o(i.list_sem) referenced from cmd.o(FSymTab)
 <LI><a href="#[78]">list_thread</a> from cmd.o(i.list_thread) referenced from cmd.o(FSymTab)
 <LI><a href="#[7f]">list_timer</a> from cmd.o(i.list_timer) referenced from cmd.o(FSymTab)
 <LI><a href="#[49]">main_thread_entry</a> from components.o(i.main_thread_entry) referenced from components.o(i.rt_application_init)
 <LI><a href="#[73]">msh_help</a> from msh.o(i.msh_help) referenced from msh.o(FSymTab)
 <LI><a href="#[5c]">out_buffer</a> from rt_vsnprintf.o(i.out_buffer) referenced from rt_vsnprintf.o(i.rt_vsnprintf)
 <LI><a href="#[44]">out_discard</a> from rt_vsnprintf.o(i.out_discard) referenced from rt_vsnprintf.o(i.__vsnprintf)
 <LI><a href="#[72]">reboot</a> from drv_common.o(i.reboot) referenced from drv_common.o(FSymTab)
 <LI><a href="#[6c]">rt_cm_backtrace_init</a> from cmb_port.o(i.rt_cm_backtrace_init) referenced from cmb_port.o(.rti_fn.3)
 <LI><a href="#[6d]">rt_hw_user_key_init</a> from user_key.o(i.rt_hw_user_key_init) referenced from user_key.o(.rti_fn.4)
 <LI><a href="#[51]">rt_serial_close</a> from serial_v2.o(i.rt_serial_close) referenced from serial_v2.o(i.rt_hw_serial_register)
 <LI><a href="#[52]">rt_serial_control</a> from serial_v2.o(i.rt_serial_control) referenced from serial_v2.o(i.rt_hw_serial_register)
 <LI><a href="#[4f]">rt_serial_init</a> from serial_v2.o(i.rt_serial_init) referenced from serial_v2.o(i.rt_hw_serial_register)
 <LI><a href="#[50]">rt_serial_open</a> from serial_v2.o(i.rt_serial_open) referenced from serial_v2.o(i.rt_hw_serial_register)
 <LI><a href="#[5b]">rt_thread_idle_entry</a> from idle.o(i.rt_thread_idle_entry) referenced from idle.o(i.rt_thread_idle_init)
 <LI><a href="#[6b]">rti_board_end</a> from components.o(i.rti_board_end) referenced from components.o(.rti_fn.1.end)
 <LI><a href="#[6a]">rti_board_start</a> from components.o(i.rti_board_start) referenced from components.o(.rti_fn.0.end)
 <LI><a href="#[6f]">rti_end</a> from components.o(i.rti_end) referenced from components.o(.rti_fn.6.end)
 <LI><a href="#[69]">rti_start</a> from components.o(i.rti_start) referenced from components.o(.rti_fn.0)
 <LI><a href="#[64]">stm32_configure</a> from drv_usart_v2.o(i.stm32_configure) referenced from drv_usart_v2.o(.constdata)
 <LI><a href="#[65]">stm32_control</a> from drv_usart_v2.o(i.stm32_control) referenced from drv_usart_v2.o(.constdata)
 <LI><a href="#[67]">stm32_getc</a> from drv_usart_v2.o(i.stm32_getc) referenced from drv_usart_v2.o(.constdata)
 <LI><a href="#[60]">stm32_pin_attach_irq</a> from drv_gpio.o(i.stm32_pin_attach_irq) referenced from drv_gpio.o(.constdata)
 <LI><a href="#[61]">stm32_pin_dettach_irq</a> from drv_gpio.o(i.stm32_pin_dettach_irq) referenced from drv_gpio.o(.constdata)
 <LI><a href="#[63]">stm32_pin_get</a> from drv_gpio.o(i.stm32_pin_get) referenced from drv_gpio.o(.constdata)
 <LI><a href="#[62]">stm32_pin_irq_enable</a> from drv_gpio.o(i.stm32_pin_irq_enable) referenced from drv_gpio.o(.constdata)
 <LI><a href="#[5d]">stm32_pin_mode</a> from drv_gpio.o(i.stm32_pin_mode) referenced from drv_gpio.o(.constdata)
 <LI><a href="#[5f]">stm32_pin_read</a> from drv_gpio.o(i.stm32_pin_read) referenced from drv_gpio.o(.constdata)
 <LI><a href="#[5e]">stm32_pin_write</a> from drv_gpio.o(i.stm32_pin_write) referenced from drv_gpio.o(.constdata)
 <LI><a href="#[66]">stm32_putc</a> from drv_usart_v2.o(i.stm32_putc) referenced from drv_usart_v2.o(.constdata)
 <LI><a href="#[68]">stm32_transmit</a> from drv_usart_v2.o(i.stm32_transmit) referenced from drv_usart_v2.o(.constdata)
 <LI><a href="#[77]">version</a> from cmd.o(i.version) referenced from cmd.o(FSymTab)
</UL>
<P>
<H3>
Global Symbols
</H3>
<P><STRONG><a name="[82]"></a>__main</STRONG> (Thumb, 8 bytes, Stack size 0 bytes, __main.o(!!!main))
<BR><BR>[Calls]<UL><LI><a href="#[83]">&gt;&gt;</a>&nbsp;&nbsp;&nbsp;__scatterload
<LI><a href="#[84]">&gt;&gt;</a>&nbsp;&nbsp;&nbsp;__rt_entry
</UL>

<P><STRONG><a name="[83]"></a>__scatterload</STRONG> (Thumb, 0 bytes, Stack size unknown bytes, __scatter.o(!!!scatter))
<BR><BR>[Called By]<UL><LI><a href="#[82]">&gt;&gt;</a>&nbsp;&nbsp;&nbsp;__main
</UL>

<P><STRONG><a name="[85]"></a>__scatterload_rt2</STRONG> (Thumb, 44 bytes, Stack size unknown bytes, __scatter.o(!!!scatter), UNUSED)
<BR><BR>[Calls]<UL><LI><a href="#[84]">&gt;&gt;</a>&nbsp;&nbsp;&nbsp;__rt_entry
</UL>

<P><STRONG><a name="[1dc]"></a>__scatterload_rt2_thumb_only</STRONG> (Thumb, 0 bytes, Stack size unknown bytes, __scatter.o(!!!scatter), UNUSED)

<P><STRONG><a name="[1dd]"></a>__scatterload_null</STRONG> (Thumb, 0 bytes, Stack size unknown bytes, __scatter.o(!!!scatter), UNUSED)

<P><STRONG><a name="[1de]"></a>__decompress</STRONG> (Thumb, 90 bytes, Stack size unknown bytes, __dczerorl2.o(!!dczerorl2), UNUSED)

<P><STRONG><a name="[1df]"></a>__decompress1</STRONG> (Thumb, 0 bytes, Stack size unknown bytes, __dczerorl2.o(!!dczerorl2), UNUSED)

<P><STRONG><a name="[1e0]"></a>__scatterload_zeroinit</STRONG> (Thumb, 28 bytes, Stack size unknown bytes, __scatter_zi.o(!!handler_zi), UNUSED)

<P><STRONG><a name="[a0]"></a>_printf_percent</STRONG> (Thumb, 0 bytes, Stack size unknown bytes, _printf_percent.o(.ARM.Collect$$_printf_percent$$00000000))
<BR><BR>[Called By]<UL><LI><a href="#[9e]">&gt;&gt;</a>&nbsp;&nbsp;&nbsp;__printf
</UL>

<P><STRONG><a name="[86]"></a>_printf_x</STRONG> (Thumb, 0 bytes, Stack size unknown bytes, _printf_x.o(.ARM.Collect$$_printf_percent$$0000000C))
<BR><BR>[Stack]<UL><LI>Max Depth = 64 + Unknown Stack Size
<LI>Call Chain = _printf_x &rArr; _printf_int_hex &rArr; _printf_int_common &rArr; _printf_post_padding
</UL>
<BR>[Calls]<UL><LI><a href="#[87]">&gt;&gt;</a>&nbsp;&nbsp;&nbsp;_printf_int_hex
</UL>

<P><STRONG><a name="[1e1]"></a>_printf_percent_end</STRONG> (Thumb, 0 bytes, Stack size unknown bytes, _printf_percent_end.o(.ARM.Collect$$_printf_percent$$00000017))

<P><STRONG><a name="[8e]"></a>__rt_lib_init</STRONG> (Thumb, 0 bytes, Stack size unknown bytes, libinit.o(.ARM.Collect$$libinit$$00000000))
<BR><BR>[Called By]<UL><LI><a href="#[8d]">&gt;&gt;</a>&nbsp;&nbsp;&nbsp;__rt_entry_li
</UL>

<P><STRONG><a name="[1e2]"></a>__rt_lib_init_fp_1</STRONG> (Thumb, 0 bytes, Stack size unknown bytes, libinit2.o(.ARM.Collect$$libinit$$00000002))

<P><STRONG><a name="[1e3]"></a>__rt_lib_init_heap_1</STRONG> (Thumb, 0 bytes, Stack size unknown bytes, libinit2.o(.ARM.Collect$$libinit$$0000000A))

<P><STRONG><a name="[88]"></a>__rt_lib_init_lc_common</STRONG> (Thumb, 0 bytes, Stack size unknown bytes, libinit2.o(.ARM.Collect$$libinit$$0000000F))
<BR><BR>[Calls]<UL><LI><a href="#[89]">&gt;&gt;</a>&nbsp;&nbsp;&nbsp;__rt_locale
</UL>

<P><STRONG><a name="[1e4]"></a>__rt_lib_init_preinit_1</STRONG> (Thumb, 0 bytes, Stack size unknown bytes, libinit2.o(.ARM.Collect$$libinit$$00000004))

<P><STRONG><a name="[1e5]"></a>__rt_lib_init_rand_1</STRONG> (Thumb, 0 bytes, Stack size unknown bytes, libinit2.o(.ARM.Collect$$libinit$$0000000E))

<P><STRONG><a name="[1e6]"></a>__rt_lib_init_user_alloc_1</STRONG> (Thumb, 0 bytes, Stack size unknown bytes, libinit2.o(.ARM.Collect$$libinit$$0000000C))

<P><STRONG><a name="[1e7]"></a>__rt_lib_init_lc_collate_1</STRONG> (Thumb, 0 bytes, Stack size unknown bytes, libinit2.o(.ARM.Collect$$libinit$$00000011))

<P><STRONG><a name="[8a]"></a>__rt_lib_init_lc_ctype_2</STRONG> (Thumb, 0 bytes, Stack size unknown bytes, libinit2.o(.ARM.Collect$$libinit$$00000012))
<BR><BR>[Stack]<UL><LI>Max Depth = 8 + Unknown Stack Size
<LI>Call Chain = __rt_lib_init_lc_ctype_2 &rArr; _get_lc_ctype
</UL>
<BR>[Calls]<UL><LI><a href="#[3b]">&gt;&gt;</a>&nbsp;&nbsp;&nbsp;_get_lc_ctype
</UL>

<P><STRONG><a name="[1e8]"></a>__rt_lib_init_alloca_1</STRONG> (Thumb, 0 bytes, Stack size unknown bytes, libinit2.o(.ARM.Collect$$libinit$$0000002E))

<P><STRONG><a name="[1e9]"></a>__rt_lib_init_argv_1</STRONG> (Thumb, 0 bytes, Stack size unknown bytes, libinit2.o(.ARM.Collect$$libinit$$0000002C))

<P><STRONG><a name="[1ea]"></a>__rt_lib_init_atexit_1</STRONG> (Thumb, 0 bytes, Stack size unknown bytes, libinit2.o(.ARM.Collect$$libinit$$0000001B))

<P><STRONG><a name="[1eb]"></a>__rt_lib_init_clock_1</STRONG> (Thumb, 0 bytes, Stack size unknown bytes, libinit2.o(.ARM.Collect$$libinit$$00000021))

<P><STRONG><a name="[1ec]"></a>__rt_lib_init_cpp_1</STRONG> (Thumb, 0 bytes, Stack size unknown bytes, libinit2.o(.ARM.Collect$$libinit$$00000032))

<P><STRONG><a name="[1ed]"></a>__rt_lib_init_exceptions_1</STRONG> (Thumb, 0 bytes, Stack size unknown bytes, libinit2.o(.ARM.Collect$$libinit$$00000030))

<P><STRONG><a name="[1ee]"></a>__rt_lib_init_fp_trap_1</STRONG> (Thumb, 0 bytes, Stack size unknown bytes, libinit2.o(.ARM.Collect$$libinit$$0000001F))

<P><STRONG><a name="[1ef]"></a>__rt_lib_init_getenv_1</STRONG> (Thumb, 0 bytes, Stack size unknown bytes, libinit2.o(.ARM.Collect$$libinit$$00000023))

<P><STRONG><a name="[1f0]"></a>__rt_lib_init_lc_ctype_1</STRONG> (Thumb, 0 bytes, Stack size unknown bytes, libinit2.o(.ARM.Collect$$libinit$$00000013))

<P><STRONG><a name="[1f1]"></a>__rt_lib_init_lc_monetary_1</STRONG> (Thumb, 0 bytes, Stack size unknown bytes, libinit2.o(.ARM.Collect$$libinit$$00000015))

<P><STRONG><a name="[1f2]"></a>__rt_lib_init_lc_numeric_1</STRONG> (Thumb, 0 bytes, Stack size unknown bytes, libinit2.o(.ARM.Collect$$libinit$$00000017))

<P><STRONG><a name="[1f3]"></a>__rt_lib_init_lc_time_1</STRONG> (Thumb, 0 bytes, Stack size unknown bytes, libinit2.o(.ARM.Collect$$libinit$$00000019))

<P><STRONG><a name="[1f4]"></a>__rt_lib_init_return</STRONG> (Thumb, 0 bytes, Stack size unknown bytes, libinit2.o(.ARM.Collect$$libinit$$00000033))

<P><STRONG><a name="[1f5]"></a>__rt_lib_init_signal_1</STRONG> (Thumb, 0 bytes, Stack size unknown bytes, libinit2.o(.ARM.Collect$$libinit$$0000001D))

<P><STRONG><a name="[1f6]"></a>__rt_lib_init_stdio_1</STRONG> (Thumb, 0 bytes, Stack size unknown bytes, libinit2.o(.ARM.Collect$$libinit$$00000025))

<P><STRONG><a name="[93]"></a>__rt_lib_shutdown</STRONG> (Thumb, 0 bytes, Stack size unknown bytes, libshutdown.o(.ARM.Collect$$libshutdown$$00000000))
<BR><BR>[Called By]<UL><LI><a href="#[92]">&gt;&gt;</a>&nbsp;&nbsp;&nbsp;__rt_exit_ls
</UL>

<P><STRONG><a name="[1f7]"></a>__rt_lib_shutdown_cpp_1</STRONG> (Thumb, 0 bytes, Stack size unknown bytes, libshutdown2.o(.ARM.Collect$$libshutdown$$00000002))

<P><STRONG><a name="[1f8]"></a>__rt_lib_shutdown_fp_trap_1</STRONG> (Thumb, 0 bytes, Stack size unknown bytes, libshutdown2.o(.ARM.Collect$$libshutdown$$00000007))

<P><STRONG><a name="[1f9]"></a>__rt_lib_shutdown_heap_1</STRONG> (Thumb, 0 bytes, Stack size unknown bytes, libshutdown2.o(.ARM.Collect$$libshutdown$$0000000F))

<P><STRONG><a name="[1fa]"></a>__rt_lib_shutdown_return</STRONG> (Thumb, 0 bytes, Stack size unknown bytes, libshutdown2.o(.ARM.Collect$$libshutdown$$00000010))

<P><STRONG><a name="[1fb]"></a>__rt_lib_shutdown_signal_1</STRONG> (Thumb, 0 bytes, Stack size unknown bytes, libshutdown2.o(.ARM.Collect$$libshutdown$$0000000A))

<P><STRONG><a name="[1fc]"></a>__rt_lib_shutdown_stdio_1</STRONG> (Thumb, 0 bytes, Stack size unknown bytes, libshutdown2.o(.ARM.Collect$$libshutdown$$00000004))

<P><STRONG><a name="[1fd]"></a>__rt_lib_shutdown_user_alloc_1</STRONG> (Thumb, 0 bytes, Stack size unknown bytes, libshutdown2.o(.ARM.Collect$$libshutdown$$0000000C))

<P><STRONG><a name="[84]"></a>__rt_entry</STRONG> (Thumb, 0 bytes, Stack size unknown bytes, __rtentry.o(.ARM.Collect$$rtentry$$00000000))
<BR><BR>[Called By]<UL><LI><a href="#[82]">&gt;&gt;</a>&nbsp;&nbsp;&nbsp;__main
<LI><a href="#[85]">&gt;&gt;</a>&nbsp;&nbsp;&nbsp;__scatterload_rt2
</UL>

<P><STRONG><a name="[1fe]"></a>__rt_entry_presh_1</STRONG> (Thumb, 0 bytes, Stack size unknown bytes, __rtentry2.o(.ARM.Collect$$rtentry$$00000002))

<P><STRONG><a name="[8b]"></a>__rt_entry_sh</STRONG> (Thumb, 0 bytes, Stack size unknown bytes, __rtentry4.o(.ARM.Collect$$rtentry$$00000004))
<BR><BR>[Stack]<UL><LI>Max Depth = 8 + Unknown Stack Size
<LI>Call Chain = __rt_entry_sh &rArr; __user_setup_stackheap
</UL>
<BR>[Calls]<UL><LI><a href="#[8c]">&gt;&gt;</a>&nbsp;&nbsp;&nbsp;__user_setup_stackheap
</UL>

<P><STRONG><a name="[8d]"></a>__rt_entry_li</STRONG> (Thumb, 0 bytes, Stack size unknown bytes, __rtentry2.o(.ARM.Collect$$rtentry$$0000000A))
<BR><BR>[Calls]<UL><LI><a href="#[8e]">&gt;&gt;</a>&nbsp;&nbsp;&nbsp;__rt_lib_init
</UL>

<P><STRONG><a name="[1ff]"></a>__rt_entry_postsh_1</STRONG> (Thumb, 0 bytes, Stack size unknown bytes, __rtentry2.o(.ARM.Collect$$rtentry$$00000009))

<P><STRONG><a name="[8f]"></a>__rt_entry_main</STRONG> (Thumb, 0 bytes, Stack size unknown bytes, __rtentry2.o(.ARM.Collect$$rtentry$$0000000D))
<BR><BR>[Stack]<UL><LI>Max Depth = 936 + Unknown Stack Size
<LI>Call Chain = __rt_entry_main &rArr; main &rArr; rtthread_startup &rArr; rt_thread_idle_init &rArr; rt_thread_init &rArr; _thread_init &rArr; rt_timer_init &rArr; rt_object_init &rArr; rt_exit_critical &rArr; rt_schedule &rArr; _scheduler_stack_check &rArr; rt_kprintf &rArr; rt_vsnprintf &rArr; __vsnprintf &rArr; print_floating_point &rArr; print_exponential_number &rArr; print_integer &rArr; print_integer_finalization &rArr; out_rev_
</UL>
<BR>[Calls]<UL><LI><a href="#[90]">&gt;&gt;</a>&nbsp;&nbsp;&nbsp;main
<LI><a href="#[91]">&gt;&gt;</a>&nbsp;&nbsp;&nbsp;exit
</UL>

<P><STRONG><a name="[200]"></a>__rt_entry_postli_1</STRONG> (Thumb, 0 bytes, Stack size unknown bytes, __rtentry2.o(.ARM.Collect$$rtentry$$0000000C))

<P><STRONG><a name="[ae]"></a>__rt_exit</STRONG> (Thumb, 0 bytes, Stack size unknown bytes, rtexit.o(.ARM.Collect$$rtexit$$00000000))
<BR><BR>[Called By]<UL><LI><a href="#[91]">&gt;&gt;</a>&nbsp;&nbsp;&nbsp;exit
</UL>

<P><STRONG><a name="[92]"></a>__rt_exit_ls</STRONG> (Thumb, 0 bytes, Stack size unknown bytes, rtexit2.o(.ARM.Collect$$rtexit$$00000003))
<BR><BR>[Calls]<UL><LI><a href="#[93]">&gt;&gt;</a>&nbsp;&nbsp;&nbsp;__rt_lib_shutdown
</UL>

<P><STRONG><a name="[201]"></a>__rt_exit_prels_1</STRONG> (Thumb, 0 bytes, Stack size unknown bytes, rtexit2.o(.ARM.Collect$$rtexit$$00000002))

<P><STRONG><a name="[94]"></a>__rt_exit_exit</STRONG> (Thumb, 0 bytes, Stack size unknown bytes, rtexit2.o(.ARM.Collect$$rtexit$$00000004))
<BR><BR>[Stack]<UL><LI>Max Depth = 776 + Unknown Stack Size
<LI>Call Chain = __rt_exit_exit &rArr; _sys_exit &rArr; __rt_libc_exit &rArr; rt_thread_control &rArr; rt_thread_startup &rArr; rt_schedule &rArr; _scheduler_stack_check &rArr; rt_kprintf &rArr; rt_vsnprintf &rArr; __vsnprintf &rArr; print_floating_point &rArr; print_exponential_number &rArr; print_integer &rArr; print_integer_finalization &rArr; out_rev_
</UL>
<BR>[Calls]<UL><LI><a href="#[95]">&gt;&gt;</a>&nbsp;&nbsp;&nbsp;_sys_exit
</UL>

<P><STRONG><a name="[12c]"></a>__asm___14_cm_backtrace_c_13c737ea__cmb_get_msp</STRONG> (Thumb, 6 bytes, Stack size 0 bytes, cm_backtrace.o(.emb_text))
<BR><BR>[Called By]<UL><LI><a href="#[129]">&gt;&gt;</a>&nbsp;&nbsp;&nbsp;cm_backtrace_assert
</UL>

<P><STRONG><a name="[12d]"></a>__asm___14_cm_backtrace_c_13c737ea__cmb_get_psp</STRONG> (Thumb, 6 bytes, Stack size 0 bytes, cm_backtrace.o(.emb_text))
<BR><BR>[Called By]<UL><LI><a href="#[132]">&gt;&gt;</a>&nbsp;&nbsp;&nbsp;cm_backtrace_fault
<LI><a href="#[131]">&gt;&gt;</a>&nbsp;&nbsp;&nbsp;cm_backtrace_call_stack
<LI><a href="#[129]">&gt;&gt;</a>&nbsp;&nbsp;&nbsp;cm_backtrace_assert
</UL>

<P><STRONG><a name="[12a]"></a>__asm___14_cm_backtrace_c_13c737ea__cmb_get_sp</STRONG> (Thumb, 4 bytes, Stack size 0 bytes, cm_backtrace.o(.emb_text))
<BR><BR>[Called By]<UL><LI><a href="#[131]">&gt;&gt;</a>&nbsp;&nbsp;&nbsp;cm_backtrace_call_stack
<LI><a href="#[129]">&gt;&gt;</a>&nbsp;&nbsp;&nbsp;cm_backtrace_assert
</UL>

<P><STRONG><a name="[202]"></a>__asm___10_cmb_port_c_15d1e976__cmb_get_msp</STRONG> (Thumb, 6 bytes, Stack size 0 bytes, cmb_port.o(.emb_text), UNUSED)

<P><STRONG><a name="[179]"></a>__asm___10_cmb_port_c_15d1e976__cmb_get_psp</STRONG> (Thumb, 6 bytes, Stack size 0 bytes, cmb_port.o(.emb_text))
<BR><BR>[Called By]<UL><LI><a href="#[137]">&gt;&gt;</a>&nbsp;&nbsp;&nbsp;rt_cm_backtrace_exception_hook
</UL>

<P><STRONG><a name="[178]"></a>__asm___10_cmb_port_c_15d1e976__cmb_get_sp</STRONG> (Thumb, 4 bytes, Stack size 0 bytes, cmb_port.o(.emb_text))
<BR><BR>[Called By]<UL><LI><a href="#[137]">&gt;&gt;</a>&nbsp;&nbsp;&nbsp;rt_cm_backtrace_exception_hook
<LI><a href="#[127]">&gt;&gt;</a>&nbsp;&nbsp;&nbsp;rt_cm_backtrace_assert_hook
</UL>

<P><STRONG><a name="[17a]"></a>__asm___10_cmb_port_c_15d1e976__cmb_set_psp</STRONG> (Thumb, 6 bytes, Stack size 0 bytes, cmb_port.o(.emb_text))
<BR><BR>[Called By]<UL><LI><a href="#[137]">&gt;&gt;</a>&nbsp;&nbsp;&nbsp;rt_cm_backtrace_exception_hook
</UL>

<P><STRONG><a name="[10d]"></a>__rt_ffs</STRONG> (Thumb, 16 bytes, Stack size 0 bytes, cpuport.o(.emb_text))
<BR><BR>[Called By]<UL><LI><a href="#[10c]">&gt;&gt;</a>&nbsp;&nbsp;&nbsp;_scheduler_get_highest_priority_thread
</UL>

<P><STRONG><a name="[dc]"></a>rt_hw_interrupt_disable</STRONG> (Thumb, 8 bytes, Stack size 0 bytes, context_rvds.o(.text))
<BR><BR>[Called By]<UL><LI><a href="#[ec]">&gt;&gt;</a>&nbsp;&nbsp;&nbsp;rt_thread_control
<LI><a href="#[177]">&gt;&gt;</a>&nbsp;&nbsp;&nbsp;rt_enter_critical
<LI><a href="#[78]">&gt;&gt;</a>&nbsp;&nbsp;&nbsp;list_thread
<LI><a href="#[1bb]">&gt;&gt;</a>&nbsp;&nbsp;&nbsp;rt_timer_stop
<LI><a href="#[115]">&gt;&gt;</a>&nbsp;&nbsp;&nbsp;rt_timer_detach
<LI><a href="#[1b5]">&gt;&gt;</a>&nbsp;&nbsp;&nbsp;rt_thread_delete
<LI><a href="#[13d]">&gt;&gt;</a>&nbsp;&nbsp;&nbsp;rt_sem_take
<LI><a href="#[13e]">&gt;&gt;</a>&nbsp;&nbsp;&nbsp;rt_sem_release
<LI><a href="#[f4]">&gt;&gt;</a>&nbsp;&nbsp;&nbsp;rt_mutex_take
<LI><a href="#[f6]">&gt;&gt;</a>&nbsp;&nbsp;&nbsp;rt_mutex_release
<LI><a href="#[18a]">&gt;&gt;</a>&nbsp;&nbsp;&nbsp;rt_exit_critical
<LI><a href="#[182]">&gt;&gt;</a>&nbsp;&nbsp;&nbsp;rt_timer_start
<LI><a href="#[181]">&gt;&gt;</a>&nbsp;&nbsp;&nbsp;rt_timer_control
<LI><a href="#[fa]">&gt;&gt;</a>&nbsp;&nbsp;&nbsp;rt_thread_suspend
<LI><a href="#[f8]">&gt;&gt;</a>&nbsp;&nbsp;&nbsp;rt_thread_resume
<LI><a href="#[117]">&gt;&gt;</a>&nbsp;&nbsp;&nbsp;rt_schedule
<LI><a href="#[180]">&gt;&gt;</a>&nbsp;&nbsp;&nbsp;rt_interrupt_get_nest
<LI><a href="#[110]">&gt;&gt;</a>&nbsp;&nbsp;&nbsp;rt_completion_wait
<LI><a href="#[17e]">&gt;&gt;</a>&nbsp;&nbsp;&nbsp;rt_completion_init
<LI><a href="#[17d]">&gt;&gt;</a>&nbsp;&nbsp;&nbsp;rt_completion_done
<LI><a href="#[d0]">&gt;&gt;</a>&nbsp;&nbsp;&nbsp;HAL_UART_TxCpltCallback
<LI><a href="#[d9]">&gt;&gt;</a>&nbsp;&nbsp;&nbsp;dma_recv_isr
<LI><a href="#[62]">&gt;&gt;</a>&nbsp;&nbsp;&nbsp;stm32_pin_irq_enable
<LI><a href="#[61]">&gt;&gt;</a>&nbsp;&nbsp;&nbsp;stm32_pin_dettach_irq
<LI><a href="#[60]">&gt;&gt;</a>&nbsp;&nbsp;&nbsp;stm32_pin_attach_irq
<LI><a href="#[e1]">&gt;&gt;</a>&nbsp;&nbsp;&nbsp;rt_tick_increase
<LI><a href="#[b2]">&gt;&gt;</a>&nbsp;&nbsp;&nbsp;rt_interrupt_leave
<LI><a href="#[b0]">&gt;&gt;</a>&nbsp;&nbsp;&nbsp;rt_interrupt_enter
<LI><a href="#[59]">&gt;&gt;</a>&nbsp;&nbsp;&nbsp;_serial_fifo_tx_nonblocking
<LI><a href="#[55]">&gt;&gt;</a>&nbsp;&nbsp;&nbsp;_serial_fifo_rx
<LI><a href="#[19e]">&gt;&gt;</a>&nbsp;&nbsp;&nbsp;rt_object_delete
<LI><a href="#[1b7]">&gt;&gt;</a>&nbsp;&nbsp;&nbsp;rt_thread_defunct_dequeue
<LI><a href="#[188]">&gt;&gt;</a>&nbsp;&nbsp;&nbsp;rt_object_init
<LI><a href="#[184]">&gt;&gt;</a>&nbsp;&nbsp;&nbsp;rt_object_find
<LI><a href="#[1a0]">&gt;&gt;</a>&nbsp;&nbsp;&nbsp;rt_object_detach
<LI><a href="#[af]">&gt;&gt;</a>&nbsp;&nbsp;&nbsp;rtthread_startup
<LI><a href="#[1bc]">&gt;&gt;</a>&nbsp;&nbsp;&nbsp;rt_timer_check
<LI><a href="#[7f]">&gt;&gt;</a>&nbsp;&nbsp;&nbsp;list_timer
<LI><a href="#[79]">&gt;&gt;</a>&nbsp;&nbsp;&nbsp;list_sem
<LI><a href="#[7b]">&gt;&gt;</a>&nbsp;&nbsp;&nbsp;list_mutex
<LI><a href="#[7d]">&gt;&gt;</a>&nbsp;&nbsp;&nbsp;list_msgqueue
<LI><a href="#[7e]">&gt;&gt;</a>&nbsp;&nbsp;&nbsp;list_mempool
<LI><a href="#[7c]">&gt;&gt;</a>&nbsp;&nbsp;&nbsp;list_mailbox
<LI><a href="#[7a]">&gt;&gt;</a>&nbsp;&nbsp;&nbsp;list_event
<LI><a href="#[80]">&gt;&gt;</a>&nbsp;&nbsp;&nbsp;list_device
<LI><a href="#[161]">&gt;&gt;</a>&nbsp;&nbsp;&nbsp;list_get_next
<LI><a href="#[1b8]">&gt;&gt;</a>&nbsp;&nbsp;&nbsp;rt_thread_sleep
<LI><a href="#[1b6]">&gt;&gt;</a>&nbsp;&nbsp;&nbsp;rt_thread_detach
<LI><a href="#[46]">&gt;&gt;</a>&nbsp;&nbsp;&nbsp;_thread_timeout
<LI><a href="#[45]">&gt;&gt;</a>&nbsp;&nbsp;&nbsp;_thread_exit
<LI><a href="#[114]">&gt;&gt;</a>&nbsp;&nbsp;&nbsp;rt_schedule_remove_thread
<LI><a href="#[11d]">&gt;&gt;</a>&nbsp;&nbsp;&nbsp;rt_schedule_insert_thread
<LI><a href="#[10e]">&gt;&gt;</a>&nbsp;&nbsp;&nbsp;_scheduler_stack_check
<LI><a href="#[19c]">&gt;&gt;</a>&nbsp;&nbsp;&nbsp;rt_object_allocate
<LI><a href="#[123]">&gt;&gt;</a>&nbsp;&nbsp;&nbsp;rt_soft_timer_check
<LI><a href="#[11e]">&gt;&gt;</a>&nbsp;&nbsp;&nbsp;_timer_list_next_timeout
</UL>

<P><STRONG><a name="[dd]"></a>rt_hw_interrupt_enable</STRONG> (Thumb, 6 bytes, Stack size 0 bytes, context_rvds.o(.text))
<BR><BR>[Called By]<UL><LI><a href="#[ec]">&gt;&gt;</a>&nbsp;&nbsp;&nbsp;rt_thread_control
<LI><a href="#[177]">&gt;&gt;</a>&nbsp;&nbsp;&nbsp;rt_enter_critical
<LI><a href="#[78]">&gt;&gt;</a>&nbsp;&nbsp;&nbsp;list_thread
<LI><a href="#[1bb]">&gt;&gt;</a>&nbsp;&nbsp;&nbsp;rt_timer_stop
<LI><a href="#[115]">&gt;&gt;</a>&nbsp;&nbsp;&nbsp;rt_timer_detach
<LI><a href="#[1b5]">&gt;&gt;</a>&nbsp;&nbsp;&nbsp;rt_thread_delete
<LI><a href="#[13d]">&gt;&gt;</a>&nbsp;&nbsp;&nbsp;rt_sem_take
<LI><a href="#[13e]">&gt;&gt;</a>&nbsp;&nbsp;&nbsp;rt_sem_release
<LI><a href="#[f4]">&gt;&gt;</a>&nbsp;&nbsp;&nbsp;rt_mutex_take
<LI><a href="#[f6]">&gt;&gt;</a>&nbsp;&nbsp;&nbsp;rt_mutex_release
<LI><a href="#[18a]">&gt;&gt;</a>&nbsp;&nbsp;&nbsp;rt_exit_critical
<LI><a href="#[182]">&gt;&gt;</a>&nbsp;&nbsp;&nbsp;rt_timer_start
<LI><a href="#[181]">&gt;&gt;</a>&nbsp;&nbsp;&nbsp;rt_timer_control
<LI><a href="#[fa]">&gt;&gt;</a>&nbsp;&nbsp;&nbsp;rt_thread_suspend
<LI><a href="#[f8]">&gt;&gt;</a>&nbsp;&nbsp;&nbsp;rt_thread_resume
<LI><a href="#[117]">&gt;&gt;</a>&nbsp;&nbsp;&nbsp;rt_schedule
<LI><a href="#[180]">&gt;&gt;</a>&nbsp;&nbsp;&nbsp;rt_interrupt_get_nest
<LI><a href="#[110]">&gt;&gt;</a>&nbsp;&nbsp;&nbsp;rt_completion_wait
<LI><a href="#[17e]">&gt;&gt;</a>&nbsp;&nbsp;&nbsp;rt_completion_init
<LI><a href="#[17d]">&gt;&gt;</a>&nbsp;&nbsp;&nbsp;rt_completion_done
<LI><a href="#[d0]">&gt;&gt;</a>&nbsp;&nbsp;&nbsp;HAL_UART_TxCpltCallback
<LI><a href="#[d9]">&gt;&gt;</a>&nbsp;&nbsp;&nbsp;dma_recv_isr
<LI><a href="#[62]">&gt;&gt;</a>&nbsp;&nbsp;&nbsp;stm32_pin_irq_enable
<LI><a href="#[61]">&gt;&gt;</a>&nbsp;&nbsp;&nbsp;stm32_pin_dettach_irq
<LI><a href="#[60]">&gt;&gt;</a>&nbsp;&nbsp;&nbsp;stm32_pin_attach_irq
<LI><a href="#[e1]">&gt;&gt;</a>&nbsp;&nbsp;&nbsp;rt_tick_increase
<LI><a href="#[b2]">&gt;&gt;</a>&nbsp;&nbsp;&nbsp;rt_interrupt_leave
<LI><a href="#[b0]">&gt;&gt;</a>&nbsp;&nbsp;&nbsp;rt_interrupt_enter
<LI><a href="#[59]">&gt;&gt;</a>&nbsp;&nbsp;&nbsp;_serial_fifo_tx_nonblocking
<LI><a href="#[55]">&gt;&gt;</a>&nbsp;&nbsp;&nbsp;_serial_fifo_rx
<LI><a href="#[19e]">&gt;&gt;</a>&nbsp;&nbsp;&nbsp;rt_object_delete
<LI><a href="#[1b7]">&gt;&gt;</a>&nbsp;&nbsp;&nbsp;rt_thread_defunct_dequeue
<LI><a href="#[188]">&gt;&gt;</a>&nbsp;&nbsp;&nbsp;rt_object_init
<LI><a href="#[184]">&gt;&gt;</a>&nbsp;&nbsp;&nbsp;rt_object_find
<LI><a href="#[1a0]">&gt;&gt;</a>&nbsp;&nbsp;&nbsp;rt_object_detach
<LI><a href="#[1bc]">&gt;&gt;</a>&nbsp;&nbsp;&nbsp;rt_timer_check
<LI><a href="#[7f]">&gt;&gt;</a>&nbsp;&nbsp;&nbsp;list_timer
<LI><a href="#[79]">&gt;&gt;</a>&nbsp;&nbsp;&nbsp;list_sem
<LI><a href="#[7b]">&gt;&gt;</a>&nbsp;&nbsp;&nbsp;list_mutex
<LI><a href="#[7d]">&gt;&gt;</a>&nbsp;&nbsp;&nbsp;list_msgqueue
<LI><a href="#[7e]">&gt;&gt;</a>&nbsp;&nbsp;&nbsp;list_mempool
<LI><a href="#[7c]">&gt;&gt;</a>&nbsp;&nbsp;&nbsp;list_mailbox
<LI><a href="#[7a]">&gt;&gt;</a>&nbsp;&nbsp;&nbsp;list_event
<LI><a href="#[80]">&gt;&gt;</a>&nbsp;&nbsp;&nbsp;list_device
<LI><a href="#[161]">&gt;&gt;</a>&nbsp;&nbsp;&nbsp;list_get_next
<LI><a href="#[1b8]">&gt;&gt;</a>&nbsp;&nbsp;&nbsp;rt_thread_sleep
<LI><a href="#[1b6]">&gt;&gt;</a>&nbsp;&nbsp;&nbsp;rt_thread_detach
<LI><a href="#[46]">&gt;&gt;</a>&nbsp;&nbsp;&nbsp;_thread_timeout
<LI><a href="#[45]">&gt;&gt;</a>&nbsp;&nbsp;&nbsp;_thread_exit
<LI><a href="#[114]">&gt;&gt;</a>&nbsp;&nbsp;&nbsp;rt_schedule_remove_thread
<LI><a href="#[11d]">&gt;&gt;</a>&nbsp;&nbsp;&nbsp;rt_schedule_insert_thread
<LI><a href="#[19c]">&gt;&gt;</a>&nbsp;&nbsp;&nbsp;rt_object_allocate
<LI><a href="#[123]">&gt;&gt;</a>&nbsp;&nbsp;&nbsp;rt_soft_timer_check
<LI><a href="#[11e]">&gt;&gt;</a>&nbsp;&nbsp;&nbsp;_timer_list_next_timeout
</UL>

<P><STRONG><a name="[1a7]"></a>rt_hw_context_switch</STRONG> (Thumb, 32 bytes, Stack size 0 bytes, context_rvds.o(.text))
<BR><BR>[Called By]<UL><LI><a href="#[117]">&gt;&gt;</a>&nbsp;&nbsp;&nbsp;rt_schedule
</UL>

<P><STRONG><a name="[1a6]"></a>rt_hw_context_switch_interrupt</STRONG> (Thumb, 0 bytes, Stack size 0 bytes, context_rvds.o(.text))
<BR><BR>[Called By]<UL><LI><a href="#[117]">&gt;&gt;</a>&nbsp;&nbsp;&nbsp;rt_schedule
</UL>

<P><STRONG><a name="[c]"></a>PendSV_Handler</STRONG> (Thumb, 60 bytes, Stack size 0 bytes, context_rvds.o(.text))
<BR>[Address Reference Count : 1]<UL><LI> startup_stm32f103xb.o(RESET)
</UL>
<P><STRONG><a name="[1b2]"></a>rt_hw_context_switch_to</STRONG> (Thumb, 64 bytes, Stack size 0 bytes, context_rvds.o(.text))
<BR><BR>[Called By]<UL><LI><a href="#[1b1]">&gt;&gt;</a>&nbsp;&nbsp;&nbsp;rt_system_scheduler_start
</UL>

<P><STRONG><a name="[203]"></a>rt_hw_interrupt_thread_switch</STRONG> (Thumb, 2 bytes, Stack size 0 bytes, context_rvds.o(.text), UNUSED)

<P><STRONG><a name="[6]"></a>HardFault_Handler</STRONG> (Thumb, 52 bytes, Stack size 0 bytes, context_rvds.o(.text))
<BR><BR>[Stack]<UL><LI>Max Depth = 952<LI>Call Chain = HardFault_Handler &rArr; rt_hw_hard_fault_exception &rArr; list_thread &rArr; object_split &rArr; rt_kprintf &rArr; rt_vsnprintf &rArr; __vsnprintf &rArr; print_floating_point &rArr; print_exponential_number &rArr; print_integer &rArr; print_integer_finalization &rArr; out_rev_
</UL>
<BR>[Calls]<UL><LI><a href="#[96]">&gt;&gt;</a>&nbsp;&nbsp;&nbsp;rt_hw_hard_fault_exception
</UL>
<BR>[Address Reference Count : 1]<UL><LI> startup_stm32f103xb.o(RESET)
</UL>
<P><STRONG><a name="[4]"></a>Reset_Handler</STRONG> (Thumb, 8 bytes, Stack size 0 bytes, startup_stm32f103xb.o(.text))
<BR>[Address Reference Count : 1]<UL><LI> startup_stm32f103xb.o(RESET)
</UL>
<P><STRONG><a name="[5]"></a>NMI_Handler</STRONG> (Thumb, 2 bytes, Stack size 0 bytes, startup_stm32f103xb.o(.text))
<BR><BR>[Calls]<UL><LI><a href="#[5]">&gt;&gt;</a>&nbsp;&nbsp;&nbsp;NMI_Handler
</UL>
<BR>[Called By]<UL><LI><a href="#[5]">&gt;&gt;</a>&nbsp;&nbsp;&nbsp;NMI_Handler
</UL>
<BR>[Address Reference Count : 1]<UL><LI> startup_stm32f103xb.o(RESET)
</UL>
<P><STRONG><a name="[7]"></a>MemManage_Handler</STRONG> (Thumb, 2 bytes, Stack size 0 bytes, startup_stm32f103xb.o(.text))
<BR><BR>[Calls]<UL><LI><a href="#[7]">&gt;&gt;</a>&nbsp;&nbsp;&nbsp;MemManage_Handler
</UL>
<BR>[Called By]<UL><LI><a href="#[7]">&gt;&gt;</a>&nbsp;&nbsp;&nbsp;MemManage_Handler
</UL>
<BR>[Address Reference Count : 1]<UL><LI> startup_stm32f103xb.o(RESET)
</UL>
<P><STRONG><a name="[8]"></a>BusFault_Handler</STRONG> (Thumb, 2 bytes, Stack size 0 bytes, startup_stm32f103xb.o(.text))
<BR><BR>[Calls]<UL><LI><a href="#[8]">&gt;&gt;</a>&nbsp;&nbsp;&nbsp;BusFault_Handler
</UL>
<BR>[Called By]<UL><LI><a href="#[8]">&gt;&gt;</a>&nbsp;&nbsp;&nbsp;BusFault_Handler
</UL>
<BR>[Address Reference Count : 1]<UL><LI> startup_stm32f103xb.o(RESET)
</UL>
<P><STRONG><a name="[9]"></a>UsageFault_Handler</STRONG> (Thumb, 2 bytes, Stack size 0 bytes, startup_stm32f103xb.o(.text))
<BR><BR>[Calls]<UL><LI><a href="#[9]">&gt;&gt;</a>&nbsp;&nbsp;&nbsp;UsageFault_Handler
</UL>
<BR>[Called By]<UL><LI><a href="#[9]">&gt;&gt;</a>&nbsp;&nbsp;&nbsp;UsageFault_Handler
</UL>
<BR>[Address Reference Count : 1]<UL><LI> startup_stm32f103xb.o(RESET)
</UL>
<P><STRONG><a name="[a]"></a>SVC_Handler</STRONG> (Thumb, 2 bytes, Stack size 0 bytes, startup_stm32f103xb.o(.text))
<BR><BR>[Calls]<UL><LI><a href="#[a]">&gt;&gt;</a>&nbsp;&nbsp;&nbsp;SVC_Handler
</UL>
<BR>[Called By]<UL><LI><a href="#[a]">&gt;&gt;</a>&nbsp;&nbsp;&nbsp;SVC_Handler
</UL>
<BR>[Address Reference Count : 1]<UL><LI> startup_stm32f103xb.o(RESET)
</UL>
<P><STRONG><a name="[b]"></a>DebugMon_Handler</STRONG> (Thumb, 2 bytes, Stack size 0 bytes, startup_stm32f103xb.o(.text))
<BR><BR>[Calls]<UL><LI><a href="#[b]">&gt;&gt;</a>&nbsp;&nbsp;&nbsp;DebugMon_Handler
</UL>
<BR>[Called By]<UL><LI><a href="#[b]">&gt;&gt;</a>&nbsp;&nbsp;&nbsp;DebugMon_Handler
</UL>
<BR>[Address Reference Count : 1]<UL><LI> startup_stm32f103xb.o(RESET)
</UL>
<P><STRONG><a name="[20]"></a>ADC1_2_IRQHandler</STRONG> (Thumb, 0 bytes, Stack size 0 bytes, startup_stm32f103xb.o(.text))
<BR><BR>[Calls]<UL><LI><a href="#[20]">&gt;&gt;</a>&nbsp;&nbsp;&nbsp;ADC1_2_IRQHandler
</UL>
<BR>[Called By]<UL><LI><a href="#[20]">&gt;&gt;</a>&nbsp;&nbsp;&nbsp;ADC1_2_IRQHandler
</UL>
<BR>[Address Reference Count : 1]<UL><LI> startup_stm32f103xb.o(RESET)
</UL>
<P><STRONG><a name="[23]"></a>CAN1_RX1_IRQHandler</STRONG> (Thumb, 0 bytes, Stack size 0 bytes, startup_stm32f103xb.o(.text))
<BR>[Address Reference Count : 1]<UL><LI> startup_stm32f103xb.o(RESET)
</UL>
<P><STRONG><a name="[24]"></a>CAN1_SCE_IRQHandler</STRONG> (Thumb, 0 bytes, Stack size 0 bytes, startup_stm32f103xb.o(.text))
<BR>[Address Reference Count : 1]<UL><LI> startup_stm32f103xb.o(RESET)
</UL>
<P><STRONG><a name="[19]"></a>DMA1_Channel1_IRQHandler</STRONG> (Thumb, 0 bytes, Stack size 0 bytes, startup_stm32f103xb.o(.text))
<BR>[Address Reference Count : 1]<UL><LI> startup_stm32f103xb.o(RESET)
</UL>
<P><STRONG><a name="[1a]"></a>DMA1_Channel2_IRQHandler</STRONG> (Thumb, 0 bytes, Stack size 0 bytes, startup_stm32f103xb.o(.text))
<BR>[Address Reference Count : 1]<UL><LI> startup_stm32f103xb.o(RESET)
</UL>
<P><STRONG><a name="[1b]"></a>DMA1_Channel3_IRQHandler</STRONG> (Thumb, 0 bytes, Stack size 0 bytes, startup_stm32f103xb.o(.text))
<BR>[Address Reference Count : 1]<UL><LI> startup_stm32f103xb.o(RESET)
</UL>
<P><STRONG><a name="[1c]"></a>DMA1_Channel4_IRQHandler</STRONG> (Thumb, 0 bytes, Stack size 0 bytes, startup_stm32f103xb.o(.text))
<BR>[Address Reference Count : 1]<UL><LI> startup_stm32f103xb.o(RESET)
</UL>
<P><STRONG><a name="[1f]"></a>DMA1_Channel7_IRQHandler</STRONG> (Thumb, 0 bytes, Stack size 0 bytes, startup_stm32f103xb.o(.text))
<BR>[Address Reference Count : 1]<UL><LI> startup_stm32f103xb.o(RESET)
</UL>
<P><STRONG><a name="[12]"></a>FLASH_IRQHandler</STRONG> (Thumb, 0 bytes, Stack size 0 bytes, startup_stm32f103xb.o(.text))
<BR>[Address Reference Count : 1]<UL><LI> startup_stm32f103xb.o(RESET)
</UL>
<P><STRONG><a name="[2e]"></a>I2C1_ER_IRQHandler</STRONG> (Thumb, 0 bytes, Stack size 0 bytes, startup_stm32f103xb.o(.text))
<BR>[Address Reference Count : 1]<UL><LI> startup_stm32f103xb.o(RESET)
</UL>
<P><STRONG><a name="[2d]"></a>I2C1_EV_IRQHandler</STRONG> (Thumb, 0 bytes, Stack size 0 bytes, startup_stm32f103xb.o(.text))
<BR>[Address Reference Count : 1]<UL><LI> startup_stm32f103xb.o(RESET)
</UL>
<P><STRONG><a name="[30]"></a>I2C2_ER_IRQHandler</STRONG> (Thumb, 0 bytes, Stack size 0 bytes, startup_stm32f103xb.o(.text))
<BR>[Address Reference Count : 1]<UL><LI> startup_stm32f103xb.o(RESET)
</UL>
<P><STRONG><a name="[2f]"></a>I2C2_EV_IRQHandler</STRONG> (Thumb, 0 bytes, Stack size 0 bytes, startup_stm32f103xb.o(.text))
<BR>[Address Reference Count : 1]<UL><LI> startup_stm32f103xb.o(RESET)
</UL>
<P><STRONG><a name="[f]"></a>PVD_IRQHandler</STRONG> (Thumb, 0 bytes, Stack size 0 bytes, startup_stm32f103xb.o(.text))
<BR>[Address Reference Count : 1]<UL><LI> startup_stm32f103xb.o(RESET)
</UL>
<P><STRONG><a name="[13]"></a>RCC_IRQHandler</STRONG> (Thumb, 0 bytes, Stack size 0 bytes, startup_stm32f103xb.o(.text))
<BR>[Address Reference Count : 1]<UL><LI> startup_stm32f103xb.o(RESET)
</UL>
<P><STRONG><a name="[37]"></a>RTC_Alarm_IRQHandler</STRONG> (Thumb, 0 bytes, Stack size 0 bytes, startup_stm32f103xb.o(.text))
<BR>[Address Reference Count : 1]<UL><LI> startup_stm32f103xb.o(RESET)
</UL>
<P><STRONG><a name="[11]"></a>RTC_IRQHandler</STRONG> (Thumb, 0 bytes, Stack size 0 bytes, startup_stm32f103xb.o(.text))
<BR>[Address Reference Count : 1]<UL><LI> startup_stm32f103xb.o(RESET)
</UL>
<P><STRONG><a name="[31]"></a>SPI1_IRQHandler</STRONG> (Thumb, 0 bytes, Stack size 0 bytes, startup_stm32f103xb.o(.text))
<BR>[Address Reference Count : 1]<UL><LI> startup_stm32f103xb.o(RESET)
</UL>
<P><STRONG><a name="[32]"></a>SPI2_IRQHandler</STRONG> (Thumb, 0 bytes, Stack size 0 bytes, startup_stm32f103xb.o(.text))
<BR>[Address Reference Count : 1]<UL><LI> startup_stm32f103xb.o(RESET)
</UL>
<P><STRONG><a name="[10]"></a>TAMPER_IRQHandler</STRONG> (Thumb, 0 bytes, Stack size 0 bytes, startup_stm32f103xb.o(.text))
<BR>[Address Reference Count : 1]<UL><LI> startup_stm32f103xb.o(RESET)
</UL>
<P><STRONG><a name="[26]"></a>TIM1_BRK_IRQHandler</STRONG> (Thumb, 0 bytes, Stack size 0 bytes, startup_stm32f103xb.o(.text))
<BR>[Address Reference Count : 1]<UL><LI> startup_stm32f103xb.o(RESET)
</UL>
<P><STRONG><a name="[29]"></a>TIM1_CC_IRQHandler</STRONG> (Thumb, 0 bytes, Stack size 0 bytes, startup_stm32f103xb.o(.text))
<BR>[Address Reference Count : 1]<UL><LI> startup_stm32f103xb.o(RESET)
</UL>
<P><STRONG><a name="[28]"></a>TIM1_TRG_COM_IRQHandler</STRONG> (Thumb, 0 bytes, Stack size 0 bytes, startup_stm32f103xb.o(.text))
<BR>[Address Reference Count : 1]<UL><LI> startup_stm32f103xb.o(RESET)
</UL>
<P><STRONG><a name="[27]"></a>TIM1_UP_IRQHandler</STRONG> (Thumb, 0 bytes, Stack size 0 bytes, startup_stm32f103xb.o(.text))
<BR>[Address Reference Count : 1]<UL><LI> startup_stm32f103xb.o(RESET)
</UL>
<P><STRONG><a name="[2a]"></a>TIM2_IRQHandler</STRONG> (Thumb, 0 bytes, Stack size 0 bytes, startup_stm32f103xb.o(.text))
<BR>[Address Reference Count : 1]<UL><LI> startup_stm32f103xb.o(RESET)
</UL>
<P><STRONG><a name="[2b]"></a>TIM3_IRQHandler</STRONG> (Thumb, 0 bytes, Stack size 0 bytes, startup_stm32f103xb.o(.text))
<BR>[Address Reference Count : 1]<UL><LI> startup_stm32f103xb.o(RESET)
</UL>
<P><STRONG><a name="[2c]"></a>TIM4_IRQHandler</STRONG> (Thumb, 0 bytes, Stack size 0 bytes, startup_stm32f103xb.o(.text))
<BR>[Address Reference Count : 1]<UL><LI> startup_stm32f103xb.o(RESET)
</UL>
<P><STRONG><a name="[35]"></a>USART3_IRQHandler</STRONG> (Thumb, 0 bytes, Stack size 0 bytes, startup_stm32f103xb.o(.text))
<BR>[Address Reference Count : 1]<UL><LI> startup_stm32f103xb.o(RESET)
</UL>
<P><STRONG><a name="[38]"></a>USBWakeUp_IRQHandler</STRONG> (Thumb, 0 bytes, Stack size 0 bytes, startup_stm32f103xb.o(.text))
<BR>[Address Reference Count : 1]<UL><LI> startup_stm32f103xb.o(RESET)
</UL>
<P><STRONG><a name="[21]"></a>USB_HP_CAN1_TX_IRQHandler</STRONG> (Thumb, 0 bytes, Stack size 0 bytes, startup_stm32f103xb.o(.text))
<BR>[Address Reference Count : 1]<UL><LI> startup_stm32f103xb.o(RESET)
</UL>
<P><STRONG><a name="[22]"></a>USB_LP_CAN1_RX0_IRQHandler</STRONG> (Thumb, 0 bytes, Stack size 0 bytes, startup_stm32f103xb.o(.text))
<BR>[Address Reference Count : 1]<UL><LI> startup_stm32f103xb.o(RESET)
</UL>
<P><STRONG><a name="[e]"></a>WWDG_IRQHandler</STRONG> (Thumb, 0 bytes, Stack size 0 bytes, startup_stm32f103xb.o(.text))
<BR>[Address Reference Count : 1]<UL><LI> startup_stm32f103xb.o(RESET)
</UL>
<P><STRONG><a name="[ad]"></a>__user_initial_stackheap</STRONG> (Thumb, 0 bytes, Stack size unknown bytes, startup_stm32f103xb.o(.text))
<BR><BR>[Called By]<UL><LI><a href="#[8c]">&gt;&gt;</a>&nbsp;&nbsp;&nbsp;__user_setup_stackheap
</UL>

<P><STRONG><a name="[204]"></a>__semihosting$guard</STRONG> (Thumb, 0 bytes, Stack size 0 bytes, use_no_semi.o(.text), UNUSED)

<P><STRONG><a name="[205]"></a>__use_no_semihosting_swi</STRONG> (Thumb, 2 bytes, Stack size 0 bytes, use_no_semi.o(.text), UNUSED)

<P><STRONG><a name="[97]"></a>__rt_ctype_table</STRONG> (Thumb, 16 bytes, Stack size 8 bytes, rt_ctype_table.o(.text))
<BR><BR>[Stack]<UL><LI>Max Depth = 8<LI>Call Chain = __rt_ctype_table
</UL>
<BR>[Calls]<UL><LI><a href="#[89]">&gt;&gt;</a>&nbsp;&nbsp;&nbsp;__rt_locale
</UL>
<BR>[Called By]<UL><LI><a href="#[109]">&gt;&gt;</a>&nbsp;&nbsp;&nbsp;msh_isint
<LI><a href="#[9a]">&gt;&gt;</a>&nbsp;&nbsp;&nbsp;toupper
<LI><a href="#[a3]">&gt;&gt;</a>&nbsp;&nbsp;&nbsp;strtol
</UL>

<P><STRONG><a name="[99]"></a>__aeabi_uldivmod</STRONG> (Thumb, 0 bytes, Stack size 48 bytes, lludivv7m.o(.text))
<BR><BR>[Stack]<UL><LI>Max Depth = 48<LI>Call Chain = __aeabi_uldivmod
</UL>
<BR>[Called By]<UL><LI><a href="#[98]">&gt;&gt;</a>&nbsp;&nbsp;&nbsp;_ll_sdiv
<LI><a href="#[f0]">&gt;&gt;</a>&nbsp;&nbsp;&nbsp;print_integer
</UL>

<P><STRONG><a name="[206]"></a>_ll_udiv</STRONG> (Thumb, 238 bytes, Stack size 48 bytes, lludivv7m.o(.text), UNUSED)

<P><STRONG><a name="[16b]"></a>__aeabi_ldivmod</STRONG> (Thumb, 0 bytes, Stack size 8 bytes, llsdiv.o(.text))
<BR><BR>[Stack]<UL><LI>Max Depth = 8<LI>Call Chain = __aeabi_ldivmod
</UL>
<BR>[Called By]<UL><LI><a href="#[16a]">&gt;&gt;</a>&nbsp;&nbsp;&nbsp;print_broken_up_decimal
</UL>

<P><STRONG><a name="[98]"></a>_ll_sdiv</STRONG> (Thumb, 72 bytes, Stack size 8 bytes, llsdiv.o(.text), UNUSED)
<BR><BR>[Calls]<UL><LI><a href="#[99]">&gt;&gt;</a>&nbsp;&nbsp;&nbsp;__aeabi_uldivmod
</UL>

<P><STRONG><a name="[9a]"></a>toupper</STRONG> (Thumb, 30 bytes, Stack size 8 bytes, toupper.o(.text))
<BR><BR>[Stack]<UL><LI>Max Depth = 16<LI>Call Chain = toupper &rArr; __rt_ctype_table
</UL>
<BR>[Calls]<UL><LI><a href="#[97]">&gt;&gt;</a>&nbsp;&nbsp;&nbsp;__rt_ctype_table
</UL>
<BR>[Called By]<UL><LI><a href="#[101]">&gt;&gt;</a>&nbsp;&nbsp;&nbsp;_pin_cmd_conv
</UL>

<P><STRONG><a name="[9b]"></a>__2sprintf</STRONG> (Thumb, 34 bytes, Stack size 32 bytes, noretval__2sprintf.o(.text))
<BR><BR>[Stack]<UL><LI>Max Depth = 136 + Unknown Stack Size
<LI>Call Chain = __2sprintf &rArr; _printf_char_common &rArr; __printf
</UL>
<BR>[Calls]<UL><LI><a href="#[3c]">&gt;&gt;</a>&nbsp;&nbsp;&nbsp;_sputc
<LI><a href="#[9c]">&gt;&gt;</a>&nbsp;&nbsp;&nbsp;_printf_char_common
</UL>
<BR>[Called By]<UL><LI><a href="#[130]">&gt;&gt;</a>&nbsp;&nbsp;&nbsp;print_call_stack
</UL>

<P><STRONG><a name="[a6]"></a>_printf_pre_padding</STRONG> (Thumb, 44 bytes, Stack size 16 bytes, _printf_pad.o(.text))
<BR><BR>[Stack]<UL><LI>Max Depth = 16<LI>Call Chain = _printf_pre_padding
</UL>
<BR>[Called By]<UL><LI><a href="#[9d]">&gt;&gt;</a>&nbsp;&nbsp;&nbsp;_printf_int_common
</UL>

<P><STRONG><a name="[a7]"></a>_printf_post_padding</STRONG> (Thumb, 34 bytes, Stack size 16 bytes, _printf_pad.o(.text))
<BR><BR>[Stack]<UL><LI>Max Depth = 16<LI>Call Chain = _printf_post_padding
</UL>
<BR>[Called By]<UL><LI><a href="#[9d]">&gt;&gt;</a>&nbsp;&nbsp;&nbsp;_printf_int_common
</UL>

<P><STRONG><a name="[87]"></a>_printf_int_hex</STRONG> (Thumb, 84 bytes, Stack size 16 bytes, _printf_hex_int.o(.text))
<BR><BR>[Stack]<UL><LI>Max Depth = 64<LI>Call Chain = _printf_int_hex &rArr; _printf_int_common &rArr; _printf_post_padding
</UL>
<BR>[Calls]<UL><LI><a href="#[9d]">&gt;&gt;</a>&nbsp;&nbsp;&nbsp;_printf_int_common
</UL>
<BR>[Called By]<UL><LI><a href="#[86]">&gt;&gt;</a>&nbsp;&nbsp;&nbsp;_printf_x
</UL>

<P><STRONG><a name="[207]"></a>_printf_longlong_hex</STRONG> (Thumb, 0 bytes, Stack size 16 bytes, _printf_hex_int.o(.text), UNUSED)

<P><STRONG><a name="[9e]"></a>__printf</STRONG> (Thumb, 388 bytes, Stack size 40 bytes, __printf_flags_ss_wp.o(.text))
<BR><BR>[Stack]<UL><LI>Max Depth = 40 + Unknown Stack Size
<LI>Call Chain = __printf
</UL>
<BR>[Calls]<UL><LI><a href="#[a0]">&gt;&gt;</a>&nbsp;&nbsp;&nbsp;_printf_percent
<LI><a href="#[9f]">&gt;&gt;</a>&nbsp;&nbsp;&nbsp;_is_digit
</UL>
<BR>[Called By]<UL><LI><a href="#[9c]">&gt;&gt;</a>&nbsp;&nbsp;&nbsp;_printf_char_common
</UL>

<P><STRONG><a name="[a1]"></a>atoi</STRONG> (Thumb, 26 bytes, Stack size 16 bytes, atoi.o(.text))
<BR><BR>[Stack]<UL><LI>Max Depth = 88<LI>Call Chain = atoi &rArr; strtol &rArr; _strtoul
</UL>
<BR>[Calls]<UL><LI><a href="#[a3]">&gt;&gt;</a>&nbsp;&nbsp;&nbsp;strtol
<LI><a href="#[a2]">&gt;&gt;</a>&nbsp;&nbsp;&nbsp;__aeabi_errno_addr
</UL>
<BR>[Called By]<UL><LI><a href="#[105]">&gt;&gt;</a>&nbsp;&nbsp;&nbsp;_pin_cmd_write
<LI><a href="#[104]">&gt;&gt;</a>&nbsp;&nbsp;&nbsp;_pin_cmd_read
<LI><a href="#[103]">&gt;&gt;</a>&nbsp;&nbsp;&nbsp;_pin_cmd_mode
</UL>

<P><STRONG><a name="[107]"></a>strncat</STRONG> (Thumb, 36 bytes, Stack size 8 bytes, strncat.o(.text))
<BR><BR>[Stack]<UL><LI>Max Depth = 8<LI>Call Chain = strncat
</UL>
<BR>[Called By]<UL><LI><a href="#[101]">&gt;&gt;</a>&nbsp;&nbsp;&nbsp;_pin_cmd_conv
</UL>

<P><STRONG><a name="[1c0]"></a>memcmp</STRONG> (Thumb, 88 bytes, Stack size 8 bytes, memcmp.o(.text))
<BR><BR>[Stack]<UL><LI>Max Depth = 8<LI>Call Chain = memcmp
</UL>
<BR>[Called By]<UL><LI><a href="#[14f]">&gt;&gt;</a>&nbsp;&nbsp;&nbsp;shell_push_history
</UL>

<P><STRONG><a name="[139]"></a>strcpy</STRONG> (Thumb, 72 bytes, Stack size 12 bytes, strcpy.o(.text))
<BR><BR>[Stack]<UL><LI>Max Depth = 12<LI>Call Chain = strcpy
</UL>
<BR>[Called By]<UL><LI><a href="#[138]">&gt;&gt;</a>&nbsp;&nbsp;&nbsp;finsh_get_prompt
</UL>

<P><STRONG><a name="[106]"></a>strlen</STRONG> (Thumb, 62 bytes, Stack size 8 bytes, strlen.o(.text))
<BR><BR>[Stack]<UL><LI>Max Depth = 8<LI>Call Chain = strlen
</UL>
<BR>[Called By]<UL><LI><a href="#[63]">&gt;&gt;</a>&nbsp;&nbsp;&nbsp;stm32_pin_get
<LI><a href="#[101]">&gt;&gt;</a>&nbsp;&nbsp;&nbsp;_pin_cmd_conv
<LI><a href="#[14e]">&gt;&gt;</a>&nbsp;&nbsp;&nbsp;msh_auto_complete
<LI><a href="#[48]">&gt;&gt;</a>&nbsp;&nbsp;&nbsp;finsh_thread_entry
</UL>

<P><STRONG><a name="[fd]"></a>strncmp</STRONG> (Thumb, 150 bytes, Stack size 16 bytes, strncmp.o(.text))
<BR><BR>[Stack]<UL><LI>Max Depth = 16<LI>Call Chain = strncmp
</UL>
<BR>[Called By]<UL><LI><a href="#[184]">&gt;&gt;</a>&nbsp;&nbsp;&nbsp;rt_object_find
<LI><a href="#[fc]">&gt;&gt;</a>&nbsp;&nbsp;&nbsp;_msh_exec_cmd
<LI><a href="#[14e]">&gt;&gt;</a>&nbsp;&nbsp;&nbsp;msh_auto_complete
</UL>

<P><STRONG><a name="[13a]"></a>strcat</STRONG> (Thumb, 24 bytes, Stack size 0 bytes, strcat.o(.text))
<BR><BR>[Called By]<UL><LI><a href="#[138]">&gt;&gt;</a>&nbsp;&nbsp;&nbsp;finsh_get_prompt
</UL>

<P><STRONG><a name="[133]"></a>__aeabi_memcpy4</STRONG> (Thumb, 0 bytes, Stack size 8 bytes, rt_memcpy_w.o(.text))
<BR><BR>[Stack]<UL><LI>Max Depth = 8<LI>Call Chain = __aeabi_memcpy4
</UL>
<BR>[Called By]<UL><LI><a href="#[132]">&gt;&gt;</a>&nbsp;&nbsp;&nbsp;cm_backtrace_fault
<LI><a href="#[16c]">&gt;&gt;</a>&nbsp;&nbsp;&nbsp;print_exponential_number
<LI><a href="#[158]">&gt;&gt;</a>&nbsp;&nbsp;&nbsp;get_normalized_components
<LI><a href="#[151]">&gt;&gt;</a>&nbsp;&nbsp;&nbsp;get_components
</UL>

<P><STRONG><a name="[208]"></a>__aeabi_memcpy8</STRONG> (Thumb, 0 bytes, Stack size 8 bytes, rt_memcpy_w.o(.text), UNUSED)

<P><STRONG><a name="[209]"></a>__rt_memcpy_w</STRONG> (Thumb, 100 bytes, Stack size 8 bytes, rt_memcpy_w.o(.text), UNUSED)

<P><STRONG><a name="[20a]"></a>_memcpy_lastbytes_aligned</STRONG> (Thumb, 0 bytes, Stack size unknown bytes, rt_memcpy_w.o(.text), UNUSED)

<P><STRONG><a name="[e3]"></a>__aeabi_memclr4</STRONG> (Thumb, 0 bytes, Stack size 4 bytes, rt_memclr_w.o(.text))
<BR><BR>[Stack]<UL><LI>Max Depth = 4<LI>Call Chain = __aeabi_memclr4
</UL>
<BR>[Called By]<UL><LI><a href="#[130]">&gt;&gt;</a>&nbsp;&nbsp;&nbsp;print_call_stack
<LI><a href="#[e2]">&gt;&gt;</a>&nbsp;&nbsp;&nbsp;SystemClock_Config
</UL>

<P><STRONG><a name="[20b]"></a>__aeabi_memclr8</STRONG> (Thumb, 0 bytes, Stack size 4 bytes, rt_memclr_w.o(.text), UNUSED)

<P><STRONG><a name="[20c]"></a>__rt_memclr_w</STRONG> (Thumb, 78 bytes, Stack size 4 bytes, rt_memclr_w.o(.text), UNUSED)

<P><STRONG><a name="[aa]"></a>_memset_w</STRONG> (Thumb, 0 bytes, Stack size unknown bytes, rt_memclr_w.o(.text), UNUSED)
<BR><BR>[Called By]<UL><LI><a href="#[a9]">&gt;&gt;</a>&nbsp;&nbsp;&nbsp;__rt_memclr
</UL>

<P><STRONG><a name="[a4]"></a>strncpy</STRONG> (Thumb, 86 bytes, Stack size 8 bytes, strncpy.o(.text))
<BR><BR>[Stack]<UL><LI>Max Depth = 8<LI>Call Chain = strncpy
</UL>
<BR>[Calls]<UL><LI><a href="#[a5]">&gt;&gt;</a>&nbsp;&nbsp;&nbsp;__aeabi_memclr
</UL>
<BR>[Called By]<UL><LI><a href="#[135]">&gt;&gt;</a>&nbsp;&nbsp;&nbsp;cm_backtrace_init
<LI><a href="#[188]">&gt;&gt;</a>&nbsp;&nbsp;&nbsp;rt_object_init
<LI><a href="#[14e]">&gt;&gt;</a>&nbsp;&nbsp;&nbsp;msh_auto_complete
<LI><a href="#[138]">&gt;&gt;</a>&nbsp;&nbsp;&nbsp;finsh_get_prompt
<LI><a href="#[19c]">&gt;&gt;</a>&nbsp;&nbsp;&nbsp;rt_object_allocate
</UL>

<P><STRONG><a name="[100]"></a>strcmp</STRONG> (Thumb, 128 bytes, Stack size 0 bytes, strcmpv7m.o(.text))
<BR><BR>[Called By]<UL><LI><a href="#[70]">&gt;&gt;</a>&nbsp;&nbsp;&nbsp;cmb_test
<LI><a href="#[105]">&gt;&gt;</a>&nbsp;&nbsp;&nbsp;_pin_cmd_write
<LI><a href="#[103]">&gt;&gt;</a>&nbsp;&nbsp;&nbsp;_pin_cmd_mode
<LI><a href="#[71]">&gt;&gt;</a>&nbsp;&nbsp;&nbsp;_pin_cmd
<LI><a href="#[81]">&gt;&gt;</a>&nbsp;&nbsp;&nbsp;cmd_list
<LI><a href="#[3b]">&gt;&gt;</a>&nbsp;&nbsp;&nbsp;_get_lc_ctype
</UL>

<P><STRONG><a name="[20d]"></a>__use_two_region_memory</STRONG> (Thumb, 2 bytes, Stack size 0 bytes, heapauxi.o(.text), UNUSED)

<P><STRONG><a name="[20e]"></a>__rt_heap_escrow$2region</STRONG> (Thumb, 2 bytes, Stack size 0 bytes, heapauxi.o(.text), UNUSED)

<P><STRONG><a name="[20f]"></a>__rt_heap_expand$2region</STRONG> (Thumb, 2 bytes, Stack size 0 bytes, heapauxi.o(.text), UNUSED)

<P><STRONG><a name="[89]"></a>__rt_locale</STRONG> (Thumb, 8 bytes, Stack size 0 bytes, rt_locale_intlibspace.o(.text))
<BR><BR>[Called By]<UL><LI><a href="#[97]">&gt;&gt;</a>&nbsp;&nbsp;&nbsp;__rt_ctype_table
<LI><a href="#[88]">&gt;&gt;</a>&nbsp;&nbsp;&nbsp;__rt_lib_init_lc_common
</UL>

<P><STRONG><a name="[a2]"></a>__aeabi_errno_addr</STRONG> (Thumb, 8 bytes, Stack size 0 bytes, rt_errno_addr_intlibspace.o(.text))
<BR><BR>[Called By]<UL><LI><a href="#[a1]">&gt;&gt;</a>&nbsp;&nbsp;&nbsp;atoi
<LI><a href="#[a8]">&gt;&gt;</a>&nbsp;&nbsp;&nbsp;_strtoul
<LI><a href="#[a3]">&gt;&gt;</a>&nbsp;&nbsp;&nbsp;strtol
</UL>

<P><STRONG><a name="[210]"></a>__errno$intlibspace</STRONG> (Thumb, 0 bytes, Stack size 0 bytes, rt_errno_addr_intlibspace.o(.text), UNUSED)

<P><STRONG><a name="[211]"></a>__rt_errno_addr$intlibspace</STRONG> (Thumb, 0 bytes, Stack size 0 bytes, rt_errno_addr_intlibspace.o(.text), UNUSED)

<P><STRONG><a name="[9d]"></a>_printf_int_common</STRONG> (Thumb, 178 bytes, Stack size 32 bytes, _printf_intcommon.o(.text))
<BR><BR>[Stack]<UL><LI>Max Depth = 48<LI>Call Chain = _printf_int_common &rArr; _printf_post_padding
</UL>
<BR>[Calls]<UL><LI><a href="#[a7]">&gt;&gt;</a>&nbsp;&nbsp;&nbsp;_printf_post_padding
<LI><a href="#[a6]">&gt;&gt;</a>&nbsp;&nbsp;&nbsp;_printf_pre_padding
</UL>
<BR>[Called By]<UL><LI><a href="#[87]">&gt;&gt;</a>&nbsp;&nbsp;&nbsp;_printf_int_hex
</UL>

<P><STRONG><a name="[9c]"></a>_printf_char_common</STRONG> (Thumb, 32 bytes, Stack size 64 bytes, _printf_char_common.o(.text))
<BR><BR>[Stack]<UL><LI>Max Depth = 104 + Unknown Stack Size
<LI>Call Chain = _printf_char_common &rArr; __printf
</UL>
<BR>[Calls]<UL><LI><a href="#[9e]">&gt;&gt;</a>&nbsp;&nbsp;&nbsp;__printf
</UL>
<BR>[Called By]<UL><LI><a href="#[9b]">&gt;&gt;</a>&nbsp;&nbsp;&nbsp;__2sprintf
</UL>

<P><STRONG><a name="[3c]"></a>_sputc</STRONG> (Thumb, 10 bytes, Stack size 0 bytes, _sputc.o(.text))
<BR><BR>[Called By]<UL><LI><a href="#[9b]">&gt;&gt;</a>&nbsp;&nbsp;&nbsp;__2sprintf
</UL>
<BR>[Address Reference Count : 1]<UL><LI> noretval__2sprintf.o(.text)
</UL>
<P><STRONG><a name="[a3]"></a>strtol</STRONG> (Thumb, 112 bytes, Stack size 32 bytes, strtol.o(.text))
<BR><BR>[Stack]<UL><LI>Max Depth = 72<LI>Call Chain = strtol &rArr; _strtoul
</UL>
<BR>[Calls]<UL><LI><a href="#[97]">&gt;&gt;</a>&nbsp;&nbsp;&nbsp;__rt_ctype_table
<LI><a href="#[a8]">&gt;&gt;</a>&nbsp;&nbsp;&nbsp;_strtoul
<LI><a href="#[a2]">&gt;&gt;</a>&nbsp;&nbsp;&nbsp;__aeabi_errno_addr
</UL>
<BR>[Called By]<UL><LI><a href="#[a1]">&gt;&gt;</a>&nbsp;&nbsp;&nbsp;atoi
</UL>

<P><STRONG><a name="[a5]"></a>__aeabi_memclr</STRONG> (Thumb, 0 bytes, Stack size 0 bytes, rt_memclr.o(.text))
<BR><BR>[Called By]<UL><LI><a href="#[a4]">&gt;&gt;</a>&nbsp;&nbsp;&nbsp;strncpy
</UL>

<P><STRONG><a name="[a9]"></a>__rt_memclr</STRONG> (Thumb, 68 bytes, Stack size 0 bytes, rt_memclr.o(.text), UNUSED)
<BR><BR>[Calls]<UL><LI><a href="#[aa]">&gt;&gt;</a>&nbsp;&nbsp;&nbsp;_memset_w
</UL>

<P><STRONG><a name="[212]"></a>_memset</STRONG> (Thumb, 0 bytes, Stack size unknown bytes, rt_memclr.o(.text), UNUSED)

<P><STRONG><a name="[213]"></a>__user_libspace</STRONG> (Thumb, 8 bytes, Stack size 0 bytes, libspace.o(.text), UNUSED)

<P><STRONG><a name="[ac]"></a>__user_perproc_libspace</STRONG> (Thumb, 0 bytes, Stack size 0 bytes, libspace.o(.text))
<BR><BR>[Called By]<UL><LI><a href="#[8c]">&gt;&gt;</a>&nbsp;&nbsp;&nbsp;__user_setup_stackheap
</UL>

<P><STRONG><a name="[214]"></a>__user_perthread_libspace</STRONG> (Thumb, 0 bytes, Stack size 0 bytes, libspace.o(.text), UNUSED)

<P><STRONG><a name="[a8]"></a>_strtoul</STRONG> (Thumb, 158 bytes, Stack size 40 bytes, _strtoul.o(.text))
<BR><BR>[Stack]<UL><LI>Max Depth = 40<LI>Call Chain = _strtoul
</UL>
<BR>[Calls]<UL><LI><a href="#[ab]">&gt;&gt;</a>&nbsp;&nbsp;&nbsp;_chval
<LI><a href="#[a2]">&gt;&gt;</a>&nbsp;&nbsp;&nbsp;__aeabi_errno_addr
</UL>
<BR>[Called By]<UL><LI><a href="#[a3]">&gt;&gt;</a>&nbsp;&nbsp;&nbsp;strtol
</UL>

<P><STRONG><a name="[8c]"></a>__user_setup_stackheap</STRONG> (Thumb, 74 bytes, Stack size 8 bytes, sys_stackheap_outer.o(.text))
<BR><BR>[Stack]<UL><LI>Max Depth = 8 + Unknown Stack Size
<LI>Call Chain = __user_setup_stackheap
</UL>
<BR>[Calls]<UL><LI><a href="#[ad]">&gt;&gt;</a>&nbsp;&nbsp;&nbsp;__user_initial_stackheap
<LI><a href="#[ac]">&gt;&gt;</a>&nbsp;&nbsp;&nbsp;__user_perproc_libspace
</UL>
<BR>[Called By]<UL><LI><a href="#[8b]">&gt;&gt;</a>&nbsp;&nbsp;&nbsp;__rt_entry_sh
</UL>

<P><STRONG><a name="[ab]"></a>_chval</STRONG> (Thumb, 28 bytes, Stack size 0 bytes, _chval.o(.text))
<BR><BR>[Called By]<UL><LI><a href="#[a8]">&gt;&gt;</a>&nbsp;&nbsp;&nbsp;_strtoul
</UL>

<P><STRONG><a name="[91]"></a>exit</STRONG> (Thumb, 18 bytes, Stack size 8 bytes, exit.o(.text))
<BR><BR>[Stack]<UL><LI>Max Depth = 8 + Unknown Stack Size
<LI>Call Chain = exit
</UL>
<BR>[Calls]<UL><LI><a href="#[ae]">&gt;&gt;</a>&nbsp;&nbsp;&nbsp;__rt_exit
</UL>
<BR>[Called By]<UL><LI><a href="#[8f]">&gt;&gt;</a>&nbsp;&nbsp;&nbsp;__rt_entry_main
</UL>

<P><STRONG><a name="[90]"></a>main</STRONG> (Thumb, 10 bytes, Stack size 8 bytes, components.o(i.$Sub$$main))
<BR><BR>[Stack]<UL><LI>Max Depth = 936<LI>Call Chain = main &rArr; rtthread_startup &rArr; rt_thread_idle_init &rArr; rt_thread_init &rArr; _thread_init &rArr; rt_timer_init &rArr; rt_object_init &rArr; rt_exit_critical &rArr; rt_schedule &rArr; _scheduler_stack_check &rArr; rt_kprintf &rArr; rt_vsnprintf &rArr; __vsnprintf &rArr; print_floating_point &rArr; print_exponential_number &rArr; print_integer &rArr; print_integer_finalization &rArr; out_rev_
</UL>
<BR>[Calls]<UL><LI><a href="#[af]">&gt;&gt;</a>&nbsp;&nbsp;&nbsp;rtthread_startup
</UL>
<BR>[Called By]<UL><LI><a href="#[8f]">&gt;&gt;</a>&nbsp;&nbsp;&nbsp;__rt_entry_main
</UL>

<P><STRONG><a name="[1d]"></a>DMA1_Channel5_IRQHandler</STRONG> (Thumb, 20 bytes, Stack size 8 bytes, drv_usart_v2.o(i.DMA1_Channel5_IRQHandler))
<BR><BR>[Stack]<UL><LI>Max Depth = 48<LI>Call Chain = DMA1_Channel5_IRQHandler &rArr; HAL_DMA_IRQHandler
</UL>
<BR>[Calls]<UL><LI><a href="#[b1]">&gt;&gt;</a>&nbsp;&nbsp;&nbsp;HAL_DMA_IRQHandler
<LI><a href="#[b2]">&gt;&gt;</a>&nbsp;&nbsp;&nbsp;rt_interrupt_leave
<LI><a href="#[b0]">&gt;&gt;</a>&nbsp;&nbsp;&nbsp;rt_interrupt_enter
</UL>
<BR>[Address Reference Count : 1]<UL><LI> startup_stm32f103xb.o(RESET)
</UL>
<P><STRONG><a name="[1e]"></a>DMA1_Channel6_IRQHandler</STRONG> (Thumb, 20 bytes, Stack size 8 bytes, drv_usart_v2.o(i.DMA1_Channel6_IRQHandler))
<BR><BR>[Stack]<UL><LI>Max Depth = 48<LI>Call Chain = DMA1_Channel6_IRQHandler &rArr; HAL_DMA_IRQHandler
</UL>
<BR>[Calls]<UL><LI><a href="#[b1]">&gt;&gt;</a>&nbsp;&nbsp;&nbsp;HAL_DMA_IRQHandler
<LI><a href="#[b2]">&gt;&gt;</a>&nbsp;&nbsp;&nbsp;rt_interrupt_leave
<LI><a href="#[b0]">&gt;&gt;</a>&nbsp;&nbsp;&nbsp;rt_interrupt_enter
</UL>
<BR>[Address Reference Count : 1]<UL><LI> startup_stm32f103xb.o(RESET)
</UL>
<P><STRONG><a name="[14]"></a>EXTI0_IRQHandler</STRONG> (Thumb, 20 bytes, Stack size 8 bytes, drv_gpio.o(i.EXTI0_IRQHandler))
<BR><BR>[Stack]<UL><LI>Max Depth = 24<LI>Call Chain = EXTI0_IRQHandler &rArr; HAL_GPIO_EXTI_IRQHandler &rArr; HAL_GPIO_EXTI_Callback
</UL>
<BR>[Calls]<UL><LI><a href="#[b3]">&gt;&gt;</a>&nbsp;&nbsp;&nbsp;HAL_GPIO_EXTI_IRQHandler
<LI><a href="#[b2]">&gt;&gt;</a>&nbsp;&nbsp;&nbsp;rt_interrupt_leave
<LI><a href="#[b0]">&gt;&gt;</a>&nbsp;&nbsp;&nbsp;rt_interrupt_enter
</UL>
<BR>[Address Reference Count : 1]<UL><LI> startup_stm32f103xb.o(RESET)
</UL>
<P><STRONG><a name="[36]"></a>EXTI15_10_IRQHandler</STRONG> (Thumb, 62 bytes, Stack size 8 bytes, drv_gpio.o(i.EXTI15_10_IRQHandler))
<BR><BR>[Stack]<UL><LI>Max Depth = 24<LI>Call Chain = EXTI15_10_IRQHandler &rArr; HAL_GPIO_EXTI_IRQHandler &rArr; HAL_GPIO_EXTI_Callback
</UL>
<BR>[Calls]<UL><LI><a href="#[b3]">&gt;&gt;</a>&nbsp;&nbsp;&nbsp;HAL_GPIO_EXTI_IRQHandler
<LI><a href="#[b2]">&gt;&gt;</a>&nbsp;&nbsp;&nbsp;rt_interrupt_leave
<LI><a href="#[b0]">&gt;&gt;</a>&nbsp;&nbsp;&nbsp;rt_interrupt_enter
</UL>
<BR>[Address Reference Count : 1]<UL><LI> startup_stm32f103xb.o(RESET)
</UL>
<P><STRONG><a name="[15]"></a>EXTI1_IRQHandler</STRONG> (Thumb, 20 bytes, Stack size 8 bytes, drv_gpio.o(i.EXTI1_IRQHandler))
<BR><BR>[Stack]<UL><LI>Max Depth = 24<LI>Call Chain = EXTI1_IRQHandler &rArr; HAL_GPIO_EXTI_IRQHandler &rArr; HAL_GPIO_EXTI_Callback
</UL>
<BR>[Calls]<UL><LI><a href="#[b3]">&gt;&gt;</a>&nbsp;&nbsp;&nbsp;HAL_GPIO_EXTI_IRQHandler
<LI><a href="#[b2]">&gt;&gt;</a>&nbsp;&nbsp;&nbsp;rt_interrupt_leave
<LI><a href="#[b0]">&gt;&gt;</a>&nbsp;&nbsp;&nbsp;rt_interrupt_enter
</UL>
<BR>[Address Reference Count : 1]<UL><LI> startup_stm32f103xb.o(RESET)
</UL>
<P><STRONG><a name="[16]"></a>EXTI2_IRQHandler</STRONG> (Thumb, 20 bytes, Stack size 8 bytes, drv_gpio.o(i.EXTI2_IRQHandler))
<BR><BR>[Stack]<UL><LI>Max Depth = 24<LI>Call Chain = EXTI2_IRQHandler &rArr; HAL_GPIO_EXTI_IRQHandler &rArr; HAL_GPIO_EXTI_Callback
</UL>
<BR>[Calls]<UL><LI><a href="#[b3]">&gt;&gt;</a>&nbsp;&nbsp;&nbsp;HAL_GPIO_EXTI_IRQHandler
<LI><a href="#[b2]">&gt;&gt;</a>&nbsp;&nbsp;&nbsp;rt_interrupt_leave
<LI><a href="#[b0]">&gt;&gt;</a>&nbsp;&nbsp;&nbsp;rt_interrupt_enter
</UL>
<BR>[Address Reference Count : 1]<UL><LI> startup_stm32f103xb.o(RESET)
</UL>
<P><STRONG><a name="[17]"></a>EXTI3_IRQHandler</STRONG> (Thumb, 20 bytes, Stack size 8 bytes, drv_gpio.o(i.EXTI3_IRQHandler))
<BR><BR>[Stack]<UL><LI>Max Depth = 24<LI>Call Chain = EXTI3_IRQHandler &rArr; HAL_GPIO_EXTI_IRQHandler &rArr; HAL_GPIO_EXTI_Callback
</UL>
<BR>[Calls]<UL><LI><a href="#[b3]">&gt;&gt;</a>&nbsp;&nbsp;&nbsp;HAL_GPIO_EXTI_IRQHandler
<LI><a href="#[b2]">&gt;&gt;</a>&nbsp;&nbsp;&nbsp;rt_interrupt_leave
<LI><a href="#[b0]">&gt;&gt;</a>&nbsp;&nbsp;&nbsp;rt_interrupt_enter
</UL>
<BR>[Address Reference Count : 1]<UL><LI> startup_stm32f103xb.o(RESET)
</UL>
<P><STRONG><a name="[18]"></a>EXTI4_IRQHandler</STRONG> (Thumb, 20 bytes, Stack size 8 bytes, drv_gpio.o(i.EXTI4_IRQHandler))
<BR><BR>[Stack]<UL><LI>Max Depth = 24<LI>Call Chain = EXTI4_IRQHandler &rArr; HAL_GPIO_EXTI_IRQHandler &rArr; HAL_GPIO_EXTI_Callback
</UL>
<BR>[Calls]<UL><LI><a href="#[b3]">&gt;&gt;</a>&nbsp;&nbsp;&nbsp;HAL_GPIO_EXTI_IRQHandler
<LI><a href="#[b2]">&gt;&gt;</a>&nbsp;&nbsp;&nbsp;rt_interrupt_leave
<LI><a href="#[b0]">&gt;&gt;</a>&nbsp;&nbsp;&nbsp;rt_interrupt_enter
</UL>
<BR>[Address Reference Count : 1]<UL><LI> startup_stm32f103xb.o(RESET)
</UL>
<P><STRONG><a name="[25]"></a>EXTI9_5_IRQHandler</STRONG> (Thumb, 48 bytes, Stack size 8 bytes, drv_gpio.o(i.EXTI9_5_IRQHandler))
<BR><BR>[Stack]<UL><LI>Max Depth = 24<LI>Call Chain = EXTI9_5_IRQHandler &rArr; HAL_GPIO_EXTI_IRQHandler &rArr; HAL_GPIO_EXTI_Callback
</UL>
<BR>[Calls]<UL><LI><a href="#[b3]">&gt;&gt;</a>&nbsp;&nbsp;&nbsp;HAL_GPIO_EXTI_IRQHandler
<LI><a href="#[b2]">&gt;&gt;</a>&nbsp;&nbsp;&nbsp;rt_interrupt_leave
<LI><a href="#[b0]">&gt;&gt;</a>&nbsp;&nbsp;&nbsp;rt_interrupt_enter
</UL>
<BR>[Address Reference Count : 1]<UL><LI> startup_stm32f103xb.o(RESET)
</UL>
<P><STRONG><a name="[ce]"></a>HAL_DMA_Abort</STRONG> (Thumb, 70 bytes, Stack size 8 bytes, stm32f1xx_hal_dma.o(i.HAL_DMA_Abort))
<BR><BR>[Stack]<UL><LI>Max Depth = 8<LI>Call Chain = HAL_DMA_Abort
</UL>
<BR>[Called By]<UL><LI><a href="#[ca]">&gt;&gt;</a>&nbsp;&nbsp;&nbsp;HAL_UART_IRQHandler
<LI><a href="#[65]">&gt;&gt;</a>&nbsp;&nbsp;&nbsp;stm32_control
</UL>

<P><STRONG><a name="[cd]"></a>HAL_DMA_Abort_IT</STRONG> (Thumb, 148 bytes, Stack size 8 bytes, stm32f1xx_hal_dma.o(i.HAL_DMA_Abort_IT))
<BR><BR>[Stack]<UL><LI>Max Depth = 8<LI>Call Chain = HAL_DMA_Abort_IT
</UL>
<BR>[Called By]<UL><LI><a href="#[ca]">&gt;&gt;</a>&nbsp;&nbsp;&nbsp;HAL_UART_IRQHandler
</UL>

<P><STRONG><a name="[1c2]"></a>HAL_DMA_DeInit</STRONG> (Thumb, 84 bytes, Stack size 8 bytes, stm32f1xx_hal_dma.o(i.HAL_DMA_DeInit))
<BR><BR>[Stack]<UL><LI>Max Depth = 8<LI>Call Chain = HAL_DMA_DeInit
</UL>
<BR>[Called By]<UL><LI><a href="#[1c4]">&gt;&gt;</a>&nbsp;&nbsp;&nbsp;stm32_dma_config
<LI><a href="#[65]">&gt;&gt;</a>&nbsp;&nbsp;&nbsp;stm32_control
</UL>

<P><STRONG><a name="[b1]"></a>HAL_DMA_IRQHandler</STRONG> (Thumb, 316 bytes, Stack size 40 bytes, stm32f1xx_hal_dma.o(i.HAL_DMA_IRQHandler))
<BR><BR>[Stack]<UL><LI>Max Depth = 40<LI>Call Chain = HAL_DMA_IRQHandler
</UL>
<BR>[Called By]<UL><LI><a href="#[1e]">&gt;&gt;</a>&nbsp;&nbsp;&nbsp;DMA1_Channel6_IRQHandler
<LI><a href="#[1d]">&gt;&gt;</a>&nbsp;&nbsp;&nbsp;DMA1_Channel5_IRQHandler
</UL>

<P><STRONG><a name="[1c5]"></a>HAL_DMA_Init</STRONG> (Thumb, 84 bytes, Stack size 12 bytes, stm32f1xx_hal_dma.o(i.HAL_DMA_Init))
<BR><BR>[Stack]<UL><LI>Max Depth = 12<LI>Call Chain = HAL_DMA_Init
</UL>
<BR>[Called By]<UL><LI><a href="#[1c4]">&gt;&gt;</a>&nbsp;&nbsp;&nbsp;stm32_dma_config
</UL>

<P><STRONG><a name="[b4]"></a>HAL_DMA_Start_IT</STRONG> (Thumb, 112 bytes, Stack size 16 bytes, stm32f1xx_hal_dma.o(i.HAL_DMA_Start_IT))
<BR><BR>[Stack]<UL><LI>Max Depth = 28<LI>Call Chain = HAL_DMA_Start_IT &rArr; DMA_SetConfig
</UL>
<BR>[Calls]<UL><LI><a href="#[b5]">&gt;&gt;</a>&nbsp;&nbsp;&nbsp;DMA_SetConfig
</UL>
<BR>[Called By]<UL><LI><a href="#[db]">&gt;&gt;</a>&nbsp;&nbsp;&nbsp;HAL_UART_Transmit_DMA
<LI><a href="#[d7]">&gt;&gt;</a>&nbsp;&nbsp;&nbsp;UART_Start_Receive_DMA
</UL>

<P><STRONG><a name="[d4]"></a>HAL_GPIO_DeInit</STRONG> (Thumb, 228 bytes, Stack size 28 bytes, stm32f1xx_hal_gpio.o(i.HAL_GPIO_DeInit))
<BR><BR>[Stack]<UL><LI>Max Depth = 28<LI>Call Chain = HAL_GPIO_DeInit
</UL>
<BR>[Called By]<UL><LI><a href="#[62]">&gt;&gt;</a>&nbsp;&nbsp;&nbsp;stm32_pin_irq_enable
<LI><a href="#[c7]">&gt;&gt;</a>&nbsp;&nbsp;&nbsp;HAL_UART_MspDeInit
</UL>

<P><STRONG><a name="[b6]"></a>HAL_GPIO_EXTI_Callback</STRONG> (Thumb, 32 bytes, Stack size 8 bytes, drv_gpio.o(i.HAL_GPIO_EXTI_Callback))
<BR><BR>[Stack]<UL><LI>Max Depth = 8<LI>Call Chain = HAL_GPIO_EXTI_Callback
</UL>
<BR>[Calls]<UL><LI><a href="#[b7]">&gt;&gt;</a>&nbsp;&nbsp;&nbsp;bit2bitno
</UL>
<BR>[Called By]<UL><LI><a href="#[b3]">&gt;&gt;</a>&nbsp;&nbsp;&nbsp;HAL_GPIO_EXTI_IRQHandler
</UL>

<P><STRONG><a name="[b3]"></a>HAL_GPIO_EXTI_IRQHandler</STRONG> (Thumb, 18 bytes, Stack size 8 bytes, stm32f1xx_hal_gpio.o(i.HAL_GPIO_EXTI_IRQHandler))
<BR><BR>[Stack]<UL><LI>Max Depth = 16<LI>Call Chain = HAL_GPIO_EXTI_IRQHandler &rArr; HAL_GPIO_EXTI_Callback
</UL>
<BR>[Calls]<UL><LI><a href="#[b6]">&gt;&gt;</a>&nbsp;&nbsp;&nbsp;HAL_GPIO_EXTI_Callback
</UL>
<BR>[Called By]<UL><LI><a href="#[25]">&gt;&gt;</a>&nbsp;&nbsp;&nbsp;EXTI9_5_IRQHandler
<LI><a href="#[18]">&gt;&gt;</a>&nbsp;&nbsp;&nbsp;EXTI4_IRQHandler
<LI><a href="#[17]">&gt;&gt;</a>&nbsp;&nbsp;&nbsp;EXTI3_IRQHandler
<LI><a href="#[16]">&gt;&gt;</a>&nbsp;&nbsp;&nbsp;EXTI2_IRQHandler
<LI><a href="#[15]">&gt;&gt;</a>&nbsp;&nbsp;&nbsp;EXTI1_IRQHandler
<LI><a href="#[36]">&gt;&gt;</a>&nbsp;&nbsp;&nbsp;EXTI15_10_IRQHandler
<LI><a href="#[14]">&gt;&gt;</a>&nbsp;&nbsp;&nbsp;EXTI0_IRQHandler
</UL>

<P><STRONG><a name="[d5]"></a>HAL_GPIO_Init</STRONG> (Thumb, 446 bytes, Stack size 40 bytes, stm32f1xx_hal_gpio.o(i.HAL_GPIO_Init))
<BR><BR>[Stack]<UL><LI>Max Depth = 40<LI>Call Chain = HAL_GPIO_Init
</UL>
<BR>[Called By]<UL><LI><a href="#[5d]">&gt;&gt;</a>&nbsp;&nbsp;&nbsp;stm32_pin_mode
<LI><a href="#[62]">&gt;&gt;</a>&nbsp;&nbsp;&nbsp;stm32_pin_irq_enable
<LI><a href="#[d2]">&gt;&gt;</a>&nbsp;&nbsp;&nbsp;HAL_UART_MspInit
</UL>

<P><STRONG><a name="[1c7]"></a>HAL_GPIO_ReadPin</STRONG> (Thumb, 10 bytes, Stack size 0 bytes, stm32f1xx_hal_gpio.o(i.HAL_GPIO_ReadPin))
<BR><BR>[Called By]<UL><LI><a href="#[5f]">&gt;&gt;</a>&nbsp;&nbsp;&nbsp;stm32_pin_read
</UL>

<P><STRONG><a name="[1c8]"></a>HAL_GPIO_WritePin</STRONG> (Thumb, 10 bytes, Stack size 0 bytes, stm32f1xx_hal_gpio.o(i.HAL_GPIO_WritePin))
<BR><BR>[Called By]<UL><LI><a href="#[5e]">&gt;&gt;</a>&nbsp;&nbsp;&nbsp;stm32_pin_write
</UL>

<P><STRONG><a name="[b8]"></a>HAL_GetTick</STRONG> (Thumb, 22 bytes, Stack size 4 bytes, drv_common.o(i.HAL_GetTick))
<BR><BR>[Stack]<UL><LI>Max Depth = 4<LI>Call Chain = HAL_GetTick
</UL>
<BR>[Calls]<UL><LI><a href="#[b9]">&gt;&gt;</a>&nbsp;&nbsp;&nbsp;HAL_IncTick
</UL>
<BR>[Called By]<UL><LI><a href="#[c4]">&gt;&gt;</a>&nbsp;&nbsp;&nbsp;HAL_RCC_OscConfig
<LI><a href="#[c2]">&gt;&gt;</a>&nbsp;&nbsp;&nbsp;HAL_RCC_ClockConfig
<LI><a href="#[c1]">&gt;&gt;</a>&nbsp;&nbsp;&nbsp;HAL_RCCEx_PeriphCLKConfig
</UL>

<P><STRONG><a name="[b9]"></a>HAL_IncTick</STRONG> (Thumb, 14 bytes, Stack size 0 bytes, drv_common.o(i.HAL_IncTick))
<BR><BR>[Called By]<UL><LI><a href="#[d]">&gt;&gt;</a>&nbsp;&nbsp;&nbsp;SysTick_Handler
<LI><a href="#[b8]">&gt;&gt;</a>&nbsp;&nbsp;&nbsp;HAL_GetTick
</UL>

<P><STRONG><a name="[ba]"></a>HAL_Init</STRONG> (Thumb, 32 bytes, Stack size 8 bytes, stm32f1xx_hal.o(i.HAL_Init))
<BR><BR>[Stack]<UL><LI>Max Depth = 32<LI>Call Chain = HAL_Init &rArr; HAL_InitTick &rArr; rt_hw_systick_init &rArr; HAL_SYSTICK_Config
</UL>
<BR>[Calls]<UL><LI><a href="#[bc]">&gt;&gt;</a>&nbsp;&nbsp;&nbsp;HAL_InitTick
<LI><a href="#[bd]">&gt;&gt;</a>&nbsp;&nbsp;&nbsp;HAL_MspInit
<LI><a href="#[bb]">&gt;&gt;</a>&nbsp;&nbsp;&nbsp;HAL_NVIC_SetPriorityGrouping
</UL>
<BR>[Called By]<UL><LI><a href="#[18d]">&gt;&gt;</a>&nbsp;&nbsp;&nbsp;rt_hw_board_init
</UL>

<P><STRONG><a name="[bc]"></a>HAL_InitTick</STRONG> (Thumb, 10 bytes, Stack size 8 bytes, drv_common.o(i.HAL_InitTick))
<BR><BR>[Stack]<UL><LI>Max Depth = 24<LI>Call Chain = HAL_InitTick &rArr; rt_hw_systick_init &rArr; HAL_SYSTICK_Config
</UL>
<BR>[Calls]<UL><LI><a href="#[be]">&gt;&gt;</a>&nbsp;&nbsp;&nbsp;rt_hw_systick_init
</UL>
<BR>[Called By]<UL><LI><a href="#[ba]">&gt;&gt;</a>&nbsp;&nbsp;&nbsp;HAL_Init
<LI><a href="#[c2]">&gt;&gt;</a>&nbsp;&nbsp;&nbsp;HAL_RCC_ClockConfig
</UL>

<P><STRONG><a name="[bd]"></a>HAL_MspInit</STRONG> (Thumb, 52 bytes, Stack size 8 bytes, stm32f1xx_hal_msp.o(i.HAL_MspInit))
<BR><BR>[Stack]<UL><LI>Max Depth = 8<LI>Call Chain = HAL_MspInit
</UL>
<BR>[Called By]<UL><LI><a href="#[ba]">&gt;&gt;</a>&nbsp;&nbsp;&nbsp;HAL_Init
</UL>

<P><STRONG><a name="[1c1]"></a>HAL_NVIC_DisableIRQ</STRONG> (Thumb, 34 bytes, Stack size 0 bytes, stm32f1xx_hal_cortex.o(i.HAL_NVIC_DisableIRQ))
<BR><BR>[Called By]<UL><LI><a href="#[65]">&gt;&gt;</a>&nbsp;&nbsp;&nbsp;stm32_control
<LI><a href="#[62]">&gt;&gt;</a>&nbsp;&nbsp;&nbsp;stm32_pin_irq_enable
</UL>

<P><STRONG><a name="[1c3]"></a>HAL_NVIC_EnableIRQ</STRONG> (Thumb, 26 bytes, Stack size 0 bytes, stm32f1xx_hal_cortex.o(i.HAL_NVIC_EnableIRQ))
<BR><BR>[Called By]<UL><LI><a href="#[1c4]">&gt;&gt;</a>&nbsp;&nbsp;&nbsp;stm32_dma_config
<LI><a href="#[65]">&gt;&gt;</a>&nbsp;&nbsp;&nbsp;stm32_control
<LI><a href="#[62]">&gt;&gt;</a>&nbsp;&nbsp;&nbsp;stm32_pin_irq_enable
</UL>

<P><STRONG><a name="[bf]"></a>HAL_NVIC_SetPriority</STRONG> (Thumb, 60 bytes, Stack size 16 bytes, stm32f1xx_hal_cortex.o(i.HAL_NVIC_SetPriority))
<BR><BR>[Stack]<UL><LI>Max Depth = 16<LI>Call Chain = HAL_NVIC_SetPriority
</UL>
<BR>[Calls]<UL><LI><a href="#[c0]">&gt;&gt;</a>&nbsp;&nbsp;&nbsp;__NVIC_SetPriority
</UL>
<BR>[Called By]<UL><LI><a href="#[1c4]">&gt;&gt;</a>&nbsp;&nbsp;&nbsp;stm32_dma_config
<LI><a href="#[65]">&gt;&gt;</a>&nbsp;&nbsp;&nbsp;stm32_control
<LI><a href="#[62]">&gt;&gt;</a>&nbsp;&nbsp;&nbsp;stm32_pin_irq_enable
</UL>

<P><STRONG><a name="[bb]"></a>HAL_NVIC_SetPriorityGrouping</STRONG> (Thumb, 26 bytes, Stack size 0 bytes, stm32f1xx_hal_cortex.o(i.HAL_NVIC_SetPriorityGrouping))
<BR><BR>[Called By]<UL><LI><a href="#[ba]">&gt;&gt;</a>&nbsp;&nbsp;&nbsp;HAL_Init
</UL>

<P><STRONG><a name="[c1]"></a>HAL_RCCEx_PeriphCLKConfig</STRONG> (Thumb, 224 bytes, Stack size 32 bytes, stm32f1xx_hal_rcc_ex.o(i.HAL_RCCEx_PeriphCLKConfig))
<BR><BR>[Stack]<UL><LI>Max Depth = 36<LI>Call Chain = HAL_RCCEx_PeriphCLKConfig &rArr; HAL_GetTick
</UL>
<BR>[Calls]<UL><LI><a href="#[b8]">&gt;&gt;</a>&nbsp;&nbsp;&nbsp;HAL_GetTick
</UL>
<BR>[Called By]<UL><LI><a href="#[e2]">&gt;&gt;</a>&nbsp;&nbsp;&nbsp;SystemClock_Config
</UL>

<P><STRONG><a name="[c2]"></a>HAL_RCC_ClockConfig</STRONG> (Thumb, 280 bytes, Stack size 32 bytes, stm32f1xx_hal_rcc.o(i.HAL_RCC_ClockConfig))
<BR><BR>[Stack]<UL><LI>Max Depth = 56<LI>Call Chain = HAL_RCC_ClockConfig &rArr; HAL_InitTick &rArr; rt_hw_systick_init &rArr; HAL_SYSTICK_Config
</UL>
<BR>[Calls]<UL><LI><a href="#[bc]">&gt;&gt;</a>&nbsp;&nbsp;&nbsp;HAL_InitTick
<LI><a href="#[b8]">&gt;&gt;</a>&nbsp;&nbsp;&nbsp;HAL_GetTick
<LI><a href="#[c3]">&gt;&gt;</a>&nbsp;&nbsp;&nbsp;HAL_RCC_GetSysClockFreq
</UL>
<BR>[Called By]<UL><LI><a href="#[e2]">&gt;&gt;</a>&nbsp;&nbsp;&nbsp;SystemClock_Config
</UL>

<P><STRONG><a name="[e8]"></a>HAL_RCC_GetPCLK1Freq</STRONG> (Thumb, 20 bytes, Stack size 0 bytes, stm32f1xx_hal_rcc.o(i.HAL_RCC_GetPCLK1Freq))
<BR><BR>[Called By]<UL><LI><a href="#[d3]">&gt;&gt;</a>&nbsp;&nbsp;&nbsp;UART_SetConfig
</UL>

<P><STRONG><a name="[e7]"></a>HAL_RCC_GetPCLK2Freq</STRONG> (Thumb, 20 bytes, Stack size 0 bytes, stm32f1xx_hal_rcc.o(i.HAL_RCC_GetPCLK2Freq))
<BR><BR>[Called By]<UL><LI><a href="#[d3]">&gt;&gt;</a>&nbsp;&nbsp;&nbsp;UART_SetConfig
</UL>

[...]
<LI><a href="#[dc]">&gt;&gt;</a>&nbsp;&nbsp;&nbsp;rt_hw_interrupt_disable
<LI><a href="#[11b]">&gt;&gt;</a>&nbsp;&nbsp;&nbsp;rt_object_get_type
<LI><a href="#[11c]">&gt;&gt;</a>&nbsp;&nbsp;&nbsp;rt_list_remove
<LI><a href="#[11d]">&gt;&gt;</a>&nbsp;&nbsp;&nbsp;rt_schedule_insert_thread
</UL>
<BR>[Address Reference Count : 1]<UL><LI> thread.o(i._thread_init)
</UL>
<P><STRONG><a name="[11c]"></a>rt_list_remove</STRONG> (Thumb, 18 bytes, Stack size 0 bytes, thread.o(i.rt_list_remove))
<BR><BR>[Called By]<UL><LI><a href="#[f8]">&gt;&gt;</a>&nbsp;&nbsp;&nbsp;rt_thread_resume
<LI><a href="#[46]">&gt;&gt;</a>&nbsp;&nbsp;&nbsp;_thread_timeout
</UL>

<P><STRONG><a name="[1bd]"></a>_timer_init</STRONG> (Thumb, 28 bytes, Stack size 8 bytes, timer.o(i._timer_init))
<BR><BR>[Stack]<UL><LI>Max Depth = 8<LI>Call Chain = _timer_init
</UL>
<BR>[Called By]<UL><LI><a href="#[11a]">&gt;&gt;</a>&nbsp;&nbsp;&nbsp;rt_timer_init
</UL>

<P><STRONG><a name="[11e]"></a>_timer_list_next_timeout</STRONG> (Thumb, 38 bytes, Stack size 16 bytes, timer.o(i._timer_list_next_timeout))
<BR><BR>[Stack]<UL><LI>Max Depth = 16<LI>Call Chain = _timer_list_next_timeout
</UL>
<BR>[Calls]<UL><LI><a href="#[dd]">&gt;&gt;</a>&nbsp;&nbsp;&nbsp;rt_hw_interrupt_enable
<LI><a href="#[dc]">&gt;&gt;</a>&nbsp;&nbsp;&nbsp;rt_hw_interrupt_disable
</UL>
<BR>[Called By]<UL><LI><a href="#[5a]">&gt;&gt;</a>&nbsp;&nbsp;&nbsp;_timer_thread_entry
</UL>

<P><STRONG><a name="[11f]"></a>_timer_remove</STRONG> (Thumb, 6 bytes, Stack size 0 bytes, timer.o(i._timer_remove))
<BR><BR>[Calls]<UL><LI><a href="#[120]">&gt;&gt;</a>&nbsp;&nbsp;&nbsp;rt_list_remove
</UL>
<BR>[Called By]<UL><LI><a href="#[1bb]">&gt;&gt;</a>&nbsp;&nbsp;&nbsp;rt_timer_stop
<LI><a href="#[115]">&gt;&gt;</a>&nbsp;&nbsp;&nbsp;rt_timer_detach
<LI><a href="#[182]">&gt;&gt;</a>&nbsp;&nbsp;&nbsp;rt_timer_start
<LI><a href="#[1bc]">&gt;&gt;</a>&nbsp;&nbsp;&nbsp;rt_timer_check
<LI><a href="#[123]">&gt;&gt;</a>&nbsp;&nbsp;&nbsp;rt_soft_timer_check
</UL>

<P><STRONG><a name="[5a]"></a>_timer_thread_entry</STRONG> (Thumb, 54 bytes, Stack size 8 bytes, timer.o(i._timer_thread_entry))
<BR><BR>[Stack]<UL><LI>Max Depth = 800<LI>Call Chain = _timer_thread_entry &rArr; rt_soft_timer_check &rArr; rt_timer_start &rArr; rt_schedule &rArr; _scheduler_stack_check &rArr; rt_kprintf &rArr; rt_vsnprintf &rArr; __vsnprintf &rArr; print_floating_point &rArr; print_exponential_number &rArr; print_integer &rArr; print_integer_finalization &rArr; out_rev_
</UL>
<BR>[Calls]<UL><LI><a href="#[121]">&gt;&gt;</a>&nbsp;&nbsp;&nbsp;rt_tick_get
<LI><a href="#[eb]">&gt;&gt;</a>&nbsp;&nbsp;&nbsp;rt_thread_self
<LI><a href="#[fa]">&gt;&gt;</a>&nbsp;&nbsp;&nbsp;rt_thread_suspend
<LI><a href="#[117]">&gt;&gt;</a>&nbsp;&nbsp;&nbsp;rt_schedule
<LI><a href="#[122]">&gt;&gt;</a>&nbsp;&nbsp;&nbsp;rt_thread_delay
<LI><a href="#[123]">&gt;&gt;</a>&nbsp;&nbsp;&nbsp;rt_soft_timer_check
<LI><a href="#[11e]">&gt;&gt;</a>&nbsp;&nbsp;&nbsp;_timer_list_next_timeout
</UL>
<BR>[Address Reference Count : 1]<UL><LI> timer.o(i.rt_system_timer_thread_init)
</UL>
<P><STRONG><a name="[1ae]"></a>rt_list_insert_after</STRONG> (Thumb, 14 bytes, Stack size 0 bytes, timer.o(i.rt_list_insert_after))
<BR><BR>[Called By]<UL><LI><a href="#[182]">&gt;&gt;</a>&nbsp;&nbsp;&nbsp;rt_timer_start
<LI><a href="#[1bc]">&gt;&gt;</a>&nbsp;&nbsp;&nbsp;rt_timer_check
<LI><a href="#[123]">&gt;&gt;</a>&nbsp;&nbsp;&nbsp;rt_soft_timer_check
</UL>

<P><STRONG><a name="[120]"></a>rt_list_remove</STRONG> (Thumb, 18 bytes, Stack size 0 bytes, timer.o(i.rt_list_remove))
<BR><BR>[Called By]<UL><LI><a href="#[1bc]">&gt;&gt;</a>&nbsp;&nbsp;&nbsp;rt_timer_check
<LI><a href="#[123]">&gt;&gt;</a>&nbsp;&nbsp;&nbsp;rt_soft_timer_check
<LI><a href="#[11f]">&gt;&gt;</a>&nbsp;&nbsp;&nbsp;_timer_remove
</UL>

<P><STRONG><a name="[c0]"></a>__NVIC_SetPriority</STRONG> (Thumb, 32 bytes, Stack size 0 bytes, stm32f1xx_hal_cortex.o(i.__NVIC_SetPriority))
<BR><BR>[Called By]<UL><LI><a href="#[bf]">&gt;&gt;</a>&nbsp;&nbsp;&nbsp;HAL_NVIC_SetPriority
<LI><a href="#[c5]">&gt;&gt;</a>&nbsp;&nbsp;&nbsp;HAL_SYSTICK_Config
</UL>

<P><STRONG><a name="[b5]"></a>DMA_SetConfig</STRONG> (Thumb, 42 bytes, Stack size 12 bytes, stm32f1xx_hal_dma.o(i.DMA_SetConfig))
<BR><BR>[Stack]<UL><LI>Max Depth = 12<LI>Call Chain = DMA_SetConfig
</UL>
<BR>[Called By]<UL><LI><a href="#[b4]">&gt;&gt;</a>&nbsp;&nbsp;&nbsp;HAL_DMA_Start_IT
</UL>

<P><STRONG><a name="[3e]"></a>UART_DMAAbortOnError</STRONG> (Thumb, 16 bytes, Stack size 8 bytes, stm32f1xx_hal_uart.o(i.UART_DMAAbortOnError))
<BR><BR>[Stack]<UL><LI>Max Depth = 24<LI>Call Chain = UART_DMAAbortOnError &rArr; HAL_UART_ErrorCallback &rArr; rt_assert_handler &rArr;  rt_kprintf (Cycle)
</UL>
<BR>[Calls]<UL><LI><a href="#[c8]">&gt;&gt;</a>&nbsp;&nbsp;&nbsp;HAL_UART_ErrorCallback
</UL>
<BR>[Address Reference Count : 1]<UL><LI> stm32f1xx_hal_uart.o(i.HAL_UART_IRQHandler)
</UL>
<P><STRONG><a name="[41]"></a>UART_DMAError</STRONG> (Thumb, 74 bytes, Stack size 16 bytes, stm32f1xx_hal_uart.o(i.UART_DMAError))
<BR><BR>[Stack]<UL><LI>Max Depth = 32<LI>Call Chain = UART_DMAError &rArr; HAL_UART_ErrorCallback &rArr; rt_assert_handler &rArr;  rt_kprintf (Cycle)
</UL>
<BR>[Calls]<UL><LI><a href="#[c8]">&gt;&gt;</a>&nbsp;&nbsp;&nbsp;HAL_UART_ErrorCallback
<LI><a href="#[e5]">&gt;&gt;</a>&nbsp;&nbsp;&nbsp;UART_EndTxTransfer
<LI><a href="#[cc]">&gt;&gt;</a>&nbsp;&nbsp;&nbsp;UART_EndRxTransfer
</UL>
<BR>[Address Reference Count : 2]<UL><LI> stm32f1xx_hal_uart.o(i.HAL_UART_Transmit_DMA)
<LI> stm32f1xx_hal_uart.o(i.UART_Start_Receive_DMA)
</UL>
<P><STRONG><a name="[42]"></a>UART_DMAReceiveCplt</STRONG> (Thumb, 90 bytes, Stack size 8 bytes, stm32f1xx_hal_uart.o(i.UART_DMAReceiveCplt))
<BR><BR>[Stack]<UL><LI>Max Depth = 808<LI>Call Chain = UART_DMAReceiveCplt &rArr; HAL_UART_RxCpltCallback &rArr; dma_recv_isr &rArr; rt_hw_serial_isr &rArr; rt_completion_done &rArr; rt_schedule &rArr; _scheduler_stack_check &rArr; rt_kprintf &rArr; rt_vsnprintf &rArr; __vsnprintf &rArr; print_floating_point &rArr; print_exponential_number &rArr; print_integer &rArr; print_integer_finalization &rArr; out_rev_
</UL>
<BR>[Calls]<UL><LI><a href="#[d8]">&gt;&gt;</a>&nbsp;&nbsp;&nbsp;HAL_UART_RxCpltCallback
<LI><a href="#[cf]">&gt;&gt;</a>&nbsp;&nbsp;&nbsp;HAL_UARTEx_RxEventCallback
</UL>
<BR>[Address Reference Count : 1]<UL><LI> stm32f1xx_hal_uart.o(i.UART_Start_Receive_DMA)
</UL>
<P><STRONG><a name="[43]"></a>UART_DMARxHalfCplt</STRONG> (Thumb, 26 bytes, Stack size 8 bytes, stm32f1xx_hal_uart.o(i.UART_DMARxHalfCplt))
<BR><BR>[Stack]<UL><LI>Max Depth = 808<LI>Call Chain = UART_DMARxHalfCplt &rArr; HAL_UART_RxHalfCpltCallback &rArr; dma_recv_isr &rArr; rt_hw_serial_isr &rArr; rt_completion_done &rArr; rt_schedule &rArr; _scheduler_stack_check &rArr; rt_kprintf &rArr; rt_vsnprintf &rArr; __vsnprintf &rArr; print_floating_point &rArr; print_exponential_number &rArr; print_integer &rArr; print_integer_finalization &rArr; out_rev_
</UL>
<BR>[Calls]<UL><LI><a href="#[da]">&gt;&gt;</a>&nbsp;&nbsp;&nbsp;HAL_UART_RxHalfCpltCallback
<LI><a href="#[cf]">&gt;&gt;</a>&nbsp;&nbsp;&nbsp;HAL_UARTEx_RxEventCallback
</UL>
<BR>[Address Reference Count : 1]<UL><LI> stm32f1xx_hal_uart.o(i.UART_Start_Receive_DMA)
</UL>
<P><STRONG><a name="[3f]"></a>UART_DMATransmitCplt</STRONG> (Thumb, 46 bytes, Stack size 8 bytes, stm32f1xx_hal_uart.o(i.UART_DMATransmitCplt))
<BR><BR>[Stack]<UL><LI>Max Depth = 792<LI>Call Chain = UART_DMATransmitCplt &rArr; HAL_UART_TxCpltCallback &rArr; rt_hw_serial_isr &rArr; rt_completion_done &rArr; rt_schedule &rArr; _scheduler_stack_check &rArr; rt_kprintf &rArr; rt_vsnprintf &rArr; __vsnprintf &rArr; print_floating_point &rArr; print_exponential_number &rArr; print_integer &rArr; print_integer_finalization &rArr; out_rev_
</UL>
<BR>[Calls]<UL><LI><a href="#[d0]">&gt;&gt;</a>&nbsp;&nbsp;&nbsp;HAL_UART_TxCpltCallback
</UL>
<BR>[Address Reference Count : 1]<UL><LI> stm32f1xx_hal_uart.o(i.HAL_UART_Transmit_DMA)
</UL>
<P><STRONG><a name="[40]"></a>UART_DMATxHalfCplt</STRONG> (Thumb, 10 bytes, Stack size 8 bytes, stm32f1xx_hal_uart.o(i.UART_DMATxHalfCplt))
<BR><BR>[Stack]<UL><LI>Max Depth = 8<LI>Call Chain = UART_DMATxHalfCplt
</UL>
<BR>[Calls]<UL><LI><a href="#[e6]">&gt;&gt;</a>&nbsp;&nbsp;&nbsp;HAL_UART_TxHalfCpltCallback
</UL>
<BR>[Address Reference Count : 1]<UL><LI> stm32f1xx_hal_uart.o(i.HAL_UART_Transmit_DMA)
</UL>
<P><STRONG><a name="[cc]"></a>UART_EndRxTransfer</STRONG> (Thumb, 48 bytes, Stack size 0 bytes, stm32f1xx_hal_uart.o(i.UART_EndRxTransfer))
<BR><BR>[Called By]<UL><LI><a href="#[ca]">&gt;&gt;</a>&nbsp;&nbsp;&nbsp;HAL_UART_IRQHandler
<LI><a href="#[41]">&gt;&gt;</a>&nbsp;&nbsp;&nbsp;UART_DMAError
</UL>

<P><STRONG><a name="[e5]"></a>UART_EndTxTransfer</STRONG> (Thumb, 18 bytes, Stack size 0 bytes, stm32f1xx_hal_uart.o(i.UART_EndTxTransfer))
<BR><BR>[Called By]<UL><LI><a href="#[41]">&gt;&gt;</a>&nbsp;&nbsp;&nbsp;UART_DMAError
</UL>

<P><STRONG><a name="[cb]"></a>UART_Receive_IT</STRONG> (Thumb, 182 bytes, Stack size 8 bytes, stm32f1xx_hal_uart.o(i.UART_Receive_IT))
<BR><BR>[Stack]<UL><LI>Max Depth = 808<LI>Call Chain = UART_Receive_IT &rArr; HAL_UART_RxCpltCallback &rArr; dma_recv_isr &rArr; rt_hw_serial_isr &rArr; rt_completion_done &rArr; rt_schedule &rArr; _scheduler_stack_check &rArr; rt_kprintf &rArr; rt_vsnprintf &rArr; __vsnprintf &rArr; print_floating_point &rArr; print_exponential_number &rArr; print_integer &rArr; print_integer_finalization &rArr; out_rev_
</UL>
<BR>[Calls]<UL><LI><a href="#[d8]">&gt;&gt;</a>&nbsp;&nbsp;&nbsp;HAL_UART_RxCpltCallback
<LI><a href="#[cf]">&gt;&gt;</a>&nbsp;&nbsp;&nbsp;HAL_UARTEx_RxEventCallback
</UL>
<BR>[Called By]<UL><LI><a href="#[ca]">&gt;&gt;</a>&nbsp;&nbsp;&nbsp;HAL_UART_IRQHandler
</UL>

<P><STRONG><a name="[d3]"></a>UART_SetConfig</STRONG> (Thumb, 178 bytes, Stack size 16 bytes, stm32f1xx_hal_uart.o(i.UART_SetConfig))
<BR><BR>[Stack]<UL><LI>Max Depth = 16<LI>Call Chain = UART_SetConfig
</UL>
<BR>[Calls]<UL><LI><a href="#[e8]">&gt;&gt;</a>&nbsp;&nbsp;&nbsp;HAL_RCC_GetPCLK1Freq
<LI><a href="#[e7]">&gt;&gt;</a>&nbsp;&nbsp;&nbsp;HAL_RCC_GetPCLK2Freq
</UL>
<BR>[Called By]<UL><LI><a href="#[d1]">&gt;&gt;</a>&nbsp;&nbsp;&nbsp;HAL_UART_Init
</UL>

<P><STRONG><a name="[ed]"></a>__vsnprintf</STRONG> (Thumb, 1238 bytes, Stack size 80 bytes, rt_vsnprintf.o(i.__vsnprintf))
<BR><BR>[Stack]<UL><LI>Max Depth = 656<LI>Call Chain = __vsnprintf &rArr; print_floating_point &rArr; print_exponential_number &rArr; print_integer &rArr; print_integer_finalization &rArr; out_rev_
</UL>
<BR>[Calls]<UL><LI><a href="#[f0]">&gt;&gt;</a>&nbsp;&nbsp;&nbsp;print_integer
<LI><a href="#[f1]">&gt;&gt;</a>&nbsp;&nbsp;&nbsp;print_floating_point
<LI><a href="#[f2]">&gt;&gt;</a>&nbsp;&nbsp;&nbsp;out_rev_
<LI><a href="#[ee]">&gt;&gt;</a>&nbsp;&nbsp;&nbsp;is_digit_
<LI><a href="#[ef]">&gt;&gt;</a>&nbsp;&nbsp;&nbsp;atoi_
</UL>
<BR>[Called By]<UL><LI><a href="#[198]">&gt;&gt;</a>&nbsp;&nbsp;&nbsp;rt_vsnprintf
</UL>

<P><STRONG><a name="[ef]"></a>atoi_</STRONG> (Thumb, 46 bytes, Stack size 16 bytes, rt_vsnprintf.o(i.atoi_))
<BR><BR>[Stack]<UL><LI>Max Depth = 16<LI>Call Chain = atoi_
</UL>
<BR>[Calls]<UL><LI><a href="#[ee]">&gt;&gt;</a>&nbsp;&nbsp;&nbsp;is_digit_
</UL>
<BR>[Called By]<UL><LI><a href="#[ed]">&gt;&gt;</a>&nbsp;&nbsp;&nbsp;__vsnprintf
</UL>

<P><STRONG><a name="[15b]"></a>get_bit_access</STRONG> (Thumb, 6 bytes, Stack size 0 bytes, rt_vsnprintf.o(i.get_bit_access))
<BR><BR>[Called By]<UL><LI><a href="#[15a]">&gt;&gt;</a>&nbsp;&nbsp;&nbsp;update_normalization
<LI><a href="#[16c]">&gt;&gt;</a>&nbsp;&nbsp;&nbsp;print_exponential_number
<LI><a href="#[152]">&gt;&gt;</a>&nbsp;&nbsp;&nbsp;get_sign
</UL>

<P><STRONG><a name="[151]"></a>get_components</STRONG> (Thumb, 302 bytes, Stack size 64 bytes, rt_vsnprintf.o(i.get_components))
<BR><BR>[Stack]<UL><LI>Max Depth = 96<LI>Call Chain = get_components &rArr; __aeabi_cdcmpeq
</UL>
<BR>[Calls]<UL><LI><a href="#[157]">&gt;&gt;</a>&nbsp;&nbsp;&nbsp;__aeabi_cdcmpeq
<LI><a href="#[155]">&gt;&gt;</a>&nbsp;&nbsp;&nbsp;__aeabi_drsub
<LI><a href="#[133]">&gt;&gt;</a>&nbsp;&nbsp;&nbsp;__aeabi_memcpy4
<LI><a href="#[152]">&gt;&gt;</a>&nbsp;&nbsp;&nbsp;get_sign
<LI><a href="#[156]">&gt;&gt;</a>&nbsp;&nbsp;&nbsp;__aeabi_cdrcmple
<LI><a href="#[125]">&gt;&gt;</a>&nbsp;&nbsp;&nbsp;__aeabi_dmul
<LI><a href="#[154]">&gt;&gt;</a>&nbsp;&nbsp;&nbsp;__aeabi_l2d
<LI><a href="#[153]">&gt;&gt;</a>&nbsp;&nbsp;&nbsp;__aeabi_d2lz
</UL>
<BR>[Called By]<UL><LI><a href="#[f1]">&gt;&gt;</a>&nbsp;&nbsp;&nbsp;print_floating_point
<LI><a href="#[16c]">&gt;&gt;</a>&nbsp;&nbsp;&nbsp;print_exponential_number
</UL>

<P><STRONG><a name="[158]"></a>get_normalized_components</STRONG> (Thumb, 330 bytes, Stack size 112 bytes, rt_vsnprintf.o(i.get_normalized_components))
<BR><BR>[Stack]<UL><LI>Max Depth = 192<LI>Call Chain = get_normalized_components &rArr; update_normalization &rArr; __aeabi_ddiv
</UL>
<BR>[Calls]<UL><LI><a href="#[157]">&gt;&gt;</a>&nbsp;&nbsp;&nbsp;__aeabi_cdcmpeq
<LI><a href="#[155]">&gt;&gt;</a>&nbsp;&nbsp;&nbsp;__aeabi_drsub
<LI><a href="#[133]">&gt;&gt;</a>&nbsp;&nbsp;&nbsp;__aeabi_memcpy4
<LI><a href="#[15a]">&gt;&gt;</a>&nbsp;&nbsp;&nbsp;update_normalization
<LI><a href="#[159]">&gt;&gt;</a>&nbsp;&nbsp;&nbsp;unapply_scaling
<LI><a href="#[124]">&gt;&gt;</a>&nbsp;&nbsp;&nbsp;apply_scaling
<LI><a href="#[156]">&gt;&gt;</a>&nbsp;&nbsp;&nbsp;__aeabi_cdrcmple
<LI><a href="#[154]">&gt;&gt;</a>&nbsp;&nbsp;&nbsp;__aeabi_l2d
<LI><a href="#[153]">&gt;&gt;</a>&nbsp;&nbsp;&nbsp;__aeabi_d2lz
</UL>
<BR>[Called By]<UL><LI><a href="#[16c]">&gt;&gt;</a>&nbsp;&nbsp;&nbsp;print_exponential_number
</UL>

<P><STRONG><a name="[152]"></a>get_sign</STRONG> (Thumb, 18 bytes, Stack size 16 bytes, rt_vsnprintf.o(i.get_sign))
<BR><BR>[Stack]<UL><LI>Max Depth = 16<LI>Call Chain = get_sign
</UL>
<BR>[Calls]<UL><LI><a href="#[15b]">&gt;&gt;</a>&nbsp;&nbsp;&nbsp;get_bit_access
</UL>
<BR>[Called By]<UL><LI><a href="#[16c]">&gt;&gt;</a>&nbsp;&nbsp;&nbsp;print_exponential_number
<LI><a href="#[151]">&gt;&gt;</a>&nbsp;&nbsp;&nbsp;get_components
</UL>

<P><STRONG><a name="[ee]"></a>is_digit_</STRONG> (Thumb, 14 bytes, Stack size 0 bytes, rt_vsnprintf.o(i.is_digit_))
<BR><BR>[Called By]<UL><LI><a href="#[ef]">&gt;&gt;</a>&nbsp;&nbsp;&nbsp;atoi_
<LI><a href="#[ed]">&gt;&gt;</a>&nbsp;&nbsp;&nbsp;__vsnprintf
</UL>

<P><STRONG><a name="[5c]"></a>out_buffer</STRONG> (Thumb, 8 bytes, Stack size 0 bytes, rt_vsnprintf.o(i.out_buffer))
<BR>[Address Reference Count : 1]<UL><LI> rt_vsnprintf.o(i.rt_vsnprintf)
</UL>
<P><STRONG><a name="[44]"></a>out_discard</STRONG> (Thumb, 2 bytes, Stack size 0 bytes, rt_vsnprintf.o(i.out_discard))
<BR>[Address Reference Count : 1]<UL><LI> rt_vsnprintf.o(i.__vsnprintf)
</UL>
<P><STRONG><a name="[f2]"></a>out_rev_</STRONG> (Thumb, 108 bytes, Stack size 56 bytes, rt_vsnprintf.o(i.out_rev_))
<BR><BR>[Stack]<UL><LI>Max Depth = 56<LI>Call Chain = out_rev_
</UL>
<BR>[Called By]<UL><LI><a href="#[173]">&gt;&gt;</a>&nbsp;&nbsp;&nbsp;print_integer_finalization
<LI><a href="#[f1]">&gt;&gt;</a>&nbsp;&nbsp;&nbsp;print_floating_point
<LI><a href="#[16a]">&gt;&gt;</a>&nbsp;&nbsp;&nbsp;print_broken_up_decimal
<LI><a href="#[ed]">&gt;&gt;</a>&nbsp;&nbsp;&nbsp;__vsnprintf
</UL>

<P><STRONG><a name="[16a]"></a>print_broken_up_decimal</STRONG> (Thumb, 302 bytes, Stack size 72 bytes, rt_vsnprintf.o(i.print_broken_up_decimal))
<BR><BR>[Stack]<UL><LI>Max Depth = 128<LI>Call Chain = print_broken_up_decimal &rArr; out_rev_
</UL>
<BR>[Calls]<UL><LI><a href="#[16b]">&gt;&gt;</a>&nbsp;&nbsp;&nbsp;__aeabi_ldivmod
<LI><a href="#[f2]">&gt;&gt;</a>&nbsp;&nbsp;&nbsp;out_rev_
</UL>
<BR>[Called By]<UL><LI><a href="#[f1]">&gt;&gt;</a>&nbsp;&nbsp;&nbsp;print_floating_point
<LI><a href="#[16c]">&gt;&gt;</a>&nbsp;&nbsp;&nbsp;print_exponential_number
</UL>

<P><STRONG><a name="[16c]"></a>print_exponential_number</STRONG> (Thumb, 880 bytes, Stack size 192 bytes, rt_vsnprintf.o(i.print_exponential_number))
<BR><BR>[Stack]<UL><LI>Max Depth = 416<LI>Call Chain = print_exponential_number &rArr; print_integer &rArr; print_integer_finalization &rArr; out_rev_
</UL>
<BR>[Calls]<UL><LI><a href="#[157]">&gt;&gt;</a>&nbsp;&nbsp;&nbsp;__aeabi_cdcmpeq
<LI><a href="#[126]">&gt;&gt;</a>&nbsp;&nbsp;&nbsp;__aeabi_ddiv
<LI><a href="#[16d]">&gt;&gt;</a>&nbsp;&nbsp;&nbsp;__aeabi_dsub
<LI><a href="#[16f]">&gt;&gt;</a>&nbsp;&nbsp;&nbsp;__aeabi_dadd
<LI><a href="#[133]">&gt;&gt;</a>&nbsp;&nbsp;&nbsp;__aeabi_memcpy4
<LI><a href="#[f0]">&gt;&gt;</a>&nbsp;&nbsp;&nbsp;print_integer
<LI><a href="#[16a]">&gt;&gt;</a>&nbsp;&nbsp;&nbsp;print_broken_up_decimal
<LI><a href="#[152]">&gt;&gt;</a>&nbsp;&nbsp;&nbsp;get_sign
<LI><a href="#[158]">&gt;&gt;</a>&nbsp;&nbsp;&nbsp;get_normalized_components
<LI><a href="#[151]">&gt;&gt;</a>&nbsp;&nbsp;&nbsp;get_components
<LI><a href="#[15b]">&gt;&gt;</a>&nbsp;&nbsp;&nbsp;get_bit_access
<LI><a href="#[171]">&gt;&gt;</a>&nbsp;&nbsp;&nbsp;__ARM_scalbn
<LI><a href="#[125]">&gt;&gt;</a>&nbsp;&nbsp;&nbsp;__aeabi_dmul
<LI><a href="#[172]">&gt;&gt;</a>&nbsp;&nbsp;&nbsp;__aeabi_cdcmple
<LI><a href="#[154]">&gt;&gt;</a>&nbsp;&nbsp;&nbsp;__aeabi_l2d
<LI><a href="#[16e]">&gt;&gt;</a>&nbsp;&nbsp;&nbsp;__aeabi_i2d
<LI><a href="#[170]">&gt;&gt;</a>&nbsp;&nbsp;&nbsp;__aeabi_d2iz
</UL>
<BR>[Called By]<UL><LI><a href="#[f1]">&gt;&gt;</a>&nbsp;&nbsp;&nbsp;print_floating_point
</UL>

<P><STRONG><a name="[f1]"></a>print_floating_point</STRONG> (Thumb, 288 bytes, Stack size 160 bytes, rt_vsnprintf.o(i.print_floating_point))
<BR><BR>[Stack]<UL><LI>Max Depth = 576<LI>Call Chain = print_floating_point &rArr; print_exponential_number &rArr; print_integer &rArr; print_integer_finalization &rArr; out_rev_
</UL>
<BR>[Calls]<UL><LI><a href="#[157]">&gt;&gt;</a>&nbsp;&nbsp;&nbsp;__aeabi_cdcmpeq
<LI><a href="#[16c]">&gt;&gt;</a>&nbsp;&nbsp;&nbsp;print_exponential_number
<LI><a href="#[16a]">&gt;&gt;</a>&nbsp;&nbsp;&nbsp;print_broken_up_decimal
<LI><a href="#[f2]">&gt;&gt;</a>&nbsp;&nbsp;&nbsp;out_rev_
<LI><a href="#[151]">&gt;&gt;</a>&nbsp;&nbsp;&nbsp;get_components
<LI><a href="#[156]">&gt;&gt;</a>&nbsp;&nbsp;&nbsp;__aeabi_cdrcmple
<LI><a href="#[172]">&gt;&gt;</a>&nbsp;&nbsp;&nbsp;__aeabi_cdcmple
</UL>
<BR>[Called By]<UL><LI><a href="#[ed]">&gt;&gt;</a>&nbsp;&nbsp;&nbsp;__vsnprintf
</UL>

<P><STRONG><a name="[f0]"></a>print_integer</STRONG> (Thumb, 140 bytes, Stack size 112 bytes, rt_vsnprintf.o(i.print_integer))
<BR><BR>[Stack]<UL><LI>Max Depth = 224<LI>Call Chain = print_integer &rArr; print_integer_finalization &rArr; out_rev_
</UL>
<BR>[Calls]<UL><LI><a href="#[99]">&gt;&gt;</a>&nbsp;&nbsp;&nbsp;__aeabi_uldivmod
<LI><a href="#[173]">&gt;&gt;</a>&nbsp;&nbsp;&nbsp;print_integer_finalization
</UL>
<BR>[Called By]<UL><LI><a href="#[16c]">&gt;&gt;</a>&nbsp;&nbsp;&nbsp;print_exponential_number
<LI><a href="#[ed]">&gt;&gt;</a>&nbsp;&nbsp;&nbsp;__vsnprintf
</UL>

<P><STRONG><a name="[173]"></a>print_integer_finalization</STRONG> (Thumb, 258 bytes, Stack size 56 bytes, rt_vsnprintf.o(i.print_integer_finalization))
<BR><BR>[Stack]<UL><LI>Max Depth = 112<LI>Call Chain = print_integer_finalization &rArr; out_rev_
</UL>
<BR>[Calls]<UL><LI><a href="#[f2]">&gt;&gt;</a>&nbsp;&nbsp;&nbsp;out_rev_
</UL>
<BR>[Called By]<UL><LI><a href="#[f0]">&gt;&gt;</a>&nbsp;&nbsp;&nbsp;print_integer
</UL>

<P><STRONG><a name="[1d8]"></a>_dadd1</STRONG> (Thumb, 0 bytes, Stack size unknown bytes, daddsub_clz.o(x$fpl$dadd), UNUSED)
<BR><BR>[Called By]<UL><LI><a href="#[1d9]">&gt;&gt;</a>&nbsp;&nbsp;&nbsp;_dsub
<LI><a href="#[1d7]">&gt;&gt;</a>&nbsp;&nbsp;&nbsp;_drsb
</UL>

<P><STRONG><a name="[1ca]"></a>_dsub1</STRONG> (Thumb, 0 bytes, Stack size unknown bytes, daddsub_clz.o(x$fpl$dsub), UNUSED)
<BR><BR>[Called By]<UL><LI><a href="#[1d7]">&gt;&gt;</a>&nbsp;&nbsp;&nbsp;_drsb
<LI><a href="#[1c9]">&gt;&gt;</a>&nbsp;&nbsp;&nbsp;_dadd
</UL>

<P><STRONG><a name="[3d]"></a>_printf_input_char</STRONG> (Thumb, 10 bytes, Stack size 0 bytes, _printf_char_common.o(.text))
<BR>[Address Reference Count : 1]<UL><LI> _printf_char_common.o(.text)
</UL><P>
<H3>
Undefined Global Symbols
</H3><HR></body></html>
