<html>
<body>
<pre>
<h1>µVision Build Log</h1>
<h2>Tool Versions:</h2>
IDE-Version: ¦ÌVision V5.27.1.0
Copyright (C) 2019 ARM Ltd and ARM Germany GmbH. All rights reserved.
License Information: li Cai Hong Li, a, LIC=MPPLD-8GJUL-SBEEJ-UKGG2-X5RI0-DGTN4
 
Tool Versions:
Toolchain:       MDK-ARM Plus  Version: 5.27.1.0
Toolchain Path:  C:\Keil_v5\ARM\ARMCC\Bin
C Compiler:      Armcc.exe V5.06 update 6 (build 750)
Assembler:       Armasm.exe V5.06 update 6 (build 750)
Linker/Locator:  ArmLink.exe V5.06 update 6 (build 750)
Library Manager: ArmAr.exe V5.06 update 6 (build 750)
Hex Converter:   FromElf.exe V5.06 update 6 (build 750)
CPU DLL:         SARMCM3.DLL V5.27.1.0
Dialog DLL:      DCM.DLL V1.17.2.0
Target DLL:      STLink\ST-LINKIII-KEIL_SWO.dll V3.0.6.0
Dialog DLL:      TCM.DLL V1.36.1.0
 
<h2>Project:</h2>
G:\STM32_Workers\STM32F1\Wireless_Io\communication\project.uvprojx
Project File Date:  02/07/2023

<h2>Output:</h2>
*** Using Compiler 'V5.06 update 6 (build 750)', folder: 'C:\Keil_v5\ARM\ARMCC\Bin'
Build target 'rt-thread'
compiling syscalls.c...
compiling syscall_mem.c...
compiling cctype.c...
compiling cstdio.c...
compiling cmb_flash_log.c...
compiling cm_backtrace.c...
compiling cmb_port.c...
packages\CmBacktrace-v1.4.1\cmb_port.c(306): warning: C4018W: division by zero: /
        z = x / y;
packages\CmBacktrace-v1.4.1\cmb_port.c: 1 warning, 0 errors
compiling cstdlib.c...
compiling cstring.c...
compiling cwchar.c...
compiling backtrace.c...
compiling ctime.c...
compiling main.c...
compiling div0.c...
compiling showmem.c...
assembling context_rvds.S...
compiling completion.c...
compiling dataqueue.c...
compiling cpuport.c...
compiling pipe.c...
compiling ringbuffer.c...
compiling waitqueue.c...
compiling ringblk_buf.c...
compiling workqueue.c...
compiling pin.c...
compiling serial_v2.c...
assembling startup_stm32f103xb.s...
compiling stm32f1xx_hal_msp.c...
compiling user_key.c...
compiling msh.c...
compiling board.c...
compiling shell.c...
compiling drv_common.c...
compiling drv_usart_v2.c...
compiling drv_gpio.c...
compiling components.c...
compiling clock.c...
compiling msh_parse.c...
compiling idle.c...
compiling device.c...
compiling cmd.c...
compiling irq.c...
compiling mem.c...
compiling mempool.c...
compiling object.c...
compiling kservice.c...
compiling ipc.c...
compiling scheduler.c...
compiling thread.c...
compiling timer.c...
compiling stm32f1xx_hal_gpio_ex.c...
compiling stm32f1xx_hal_cortex.c...
compiling stm32f1xx_hal_rcc_ex.c...
compiling stm32f1xx_hal_rcc.c...
compiling stm32f1xx_hal_dma.c...
compiling stm32f1xx_hal_pwr.c...
compiling stm32f1xx_hal_crc.c...
compiling system_stm32f1xx.c...
compiling rt_vsnprintf.c...
compiling stm32f1xx_hal_cec.c...
compiling stm32f1xx_hal_usart.c...
compiling stm32f1xx_hal.c...
compiling stm32f1xx_hal_uart.c...
compiling stm32f1xx_hal_gpio.c...
linking...
Program Size: Code=49412 RO-data=8508 RW-data=680 ZI-data=3696  
FromELF: creating hex file...
After Build - User command #1: fromelf --bin .\Objects\rt-thread.axf --output rtthread.bin
".\Objects\rt-thread.axf" - 0 Error(s), 1 Warning(s).

<h2>Software Packages used:</h2>

Package Vendor: Keil
                http://www.keil.com/pack/Keil.STM32F1xx_DFP.2.3.0.pack
                Keil.STM32F1xx_DFP.2.3.0
                STMicroelectronics STM32F1 Series Device Support, Drivers and Examples

<h2>Collection of Component include folders:</h2>
  .\RTE\_rt-thread
  C:\Users\Administrator\AppData\Local\Arm\Packs\Keil\STM32F1xx_DFP\2.3.0\Device\Include

<h2>Collection of Component Files used:</h2>
Build Time Elapsed:  00:00:14
</pre>
</body>
</html>
