Component: ARM Compiler 5.06 update 6 (build 750) Tool: armlink [4d35ed]

==============================================================================

Section Cross References

    startup_stm32f103xb.o(STACK) refers (Special) to heapauxi.o(.text) for __use_two_region_memory
    startup_stm32f103xb.o(HEAP) refers (Special) to heapauxi.o(.text) for __use_two_region_memory
    startup_stm32f103xb.o(RESET) refers (Special) to heapauxi.o(.text) for __use_two_region_memory
    startup_stm32f103xb.o(RESET) refers to startup_stm32f103xb.o(STACK) for __initial_sp
    startup_stm32f103xb.o(RESET) refers to startup_stm32f103xb.o(.text) for Reset_Handler
    startup_stm32f103xb.o(RESET) refers to stm32f1xx_it.o(i.NMI_Handler) for NMI_Handler
    startup_stm32f103xb.o(RESET) refers to stm32f1xx_it.o(i.MemManage_Handler) for MemManage_Handler
    startup_stm32f103xb.o(RESET) refers to stm32f1xx_it.o(i.BusFault_Handler) for BusFault_Handler
    startup_stm32f103xb.o(RESET) refers to stm32f1xx_it.o(i.UsageFault_Handler) for UsageFault_Handler
    startup_stm32f103xb.o(RESET) refers to port.o(.emb_text) for SVC_Handler
    startup_stm32f103xb.o(RESET) refers to stm32f1xx_it.o(i.DebugMon_Handler) for DebugMon_Handler
    startup_stm32f103xb.o(RESET) refers to port.o(i.SysTick_Handler) for SysTick_Handler
    startup_stm32f103xb.o(RESET) refers to stm32f1xx_it.o(i.EXTI0_IRQHandler) for EXTI0_IRQHandler
    startup_stm32f103xb.o(RESET) refers to stm32f1xx_it.o(i.EXTI1_IRQHandler) for EXTI1_IRQHandler
    startup_stm32f103xb.o(RESET) refers to stm32f1xx_it.o(i.EXTI3_IRQHandler) for EXTI3_IRQHandler
    startup_stm32f103xb.o(RESET) refers to stm32f1xx_it.o(i.EXTI4_IRQHandler) for EXTI4_IRQHandler
    startup_stm32f103xb.o(RESET) refers to stm32f1xx_it.o(i.DMA1_Channel1_IRQHandler) for DMA1_Channel1_IRQHandler
    startup_stm32f103xb.o(RESET) refers to stm32f1xx_it.o(i.DMA1_Channel4_IRQHandler) for DMA1_Channel4_IRQHandler
    startup_stm32f103xb.o(RESET) refers to stm32f1xx_it.o(i.DMA1_Channel5_IRQHandler) for DMA1_Channel5_IRQHandler
    startup_stm32f103xb.o(RESET) refers to stm32f1xx_it.o(i.EXTI9_5_IRQHandler) for EXTI9_5_IRQHandler
    startup_stm32f103xb.o(RESET) refers to stm32f1xx_it.o(i.TIM1_UP_IRQHandler) for TIM1_UP_IRQHandler
    startup_stm32f103xb.o(RESET) refers to stm32f1xx_it.o(i.TIM3_IRQHandler) for TIM3_IRQHandler
    startup_stm32f103xb.o(RESET) refers to stm32f1xx_it.o(i.TIM4_IRQHandler) for TIM4_IRQHandler
    startup_stm32f103xb.o(RESET) refers to stm32f1xx_it.o(i.USART1_IRQHandler) for USART1_IRQHandler
    startup_stm32f103xb.o(RESET) refers to stm32f1xx_it.o(i.EXTI15_10_IRQHandler) for EXTI15_10_IRQHandler
    startup_stm32f103xb.o(.text) refers (Special) to heapauxi.o(.text) for __use_two_region_memory
    startup_stm32f103xb.o(.text) refers to system_stm32f1xx.o(i.SystemInit) for SystemInit
    startup_stm32f103xb.o(.text) refers to __main.o(!!!main) for __main
    startup_stm32f103xb.o(.text) refers to startup_stm32f103xb.o(HEAP) for Heap_Mem
    startup_stm32f103xb.o(.text) refers to startup_stm32f103xb.o(STACK) for Stack_Mem
    io_uart.o(i.Get_BaudTable) refers to fflt_clz.o(x$fpl$ffltu) for __aeabi_ui2f
    io_uart.o(i.Get_BaudTable) refers to fdiv.o(x$fpl$fdiv) for __aeabi_fdiv
    io_uart.o(i.Get_BaudTable) refers to ffixu.o(x$fpl$ffixu) for __aeabi_f2uiz
    io_uart.o(i.Get_BaudTable) refers to fmul.o(x$fpl$fmul) for __aeabi_fmul
    io_uart.o(i.HAL_SUART_Receive) refers to stm32f1xx_hal.o(i.HAL_GetTick) for HAL_GetTick
    io_uart.o(i.HAL_SUART_Receive) refers to stm32f1xx_hal_cortex.o(i.HAL_NVIC_EnableIRQ) for HAL_NVIC_EnableIRQ
    io_uart.o(i.HAL_SUART_Transmit) refers to stm32f1xx_hal.o(i.HAL_GetTick) for HAL_GetTick
    io_uart.o(i.HAL_SUART_Transmit) refers to stm32f1xx_hal_tim.o(i.HAL_TIM_Base_Start_IT) for HAL_TIM_Base_Start_IT
    io_uart.o(i.HAL_Suart_EXTI_Callback) refers to stm32f1xx_hal_cortex.o(i.HAL_NVIC_DisableIRQ) for HAL_NVIC_DisableIRQ
    io_uart.o(i.HAL_Suart_EXTI_Callback) refers to stm32f1xx_hal_tim.o(i.HAL_TIM_Base_Start_IT) for HAL_TIM_Base_Start_IT
    io_uart.o(i.MX_Suart_Init) refers to io_uart.o(i.Get_BaudTable) for Get_BaudTable
    io_uart.o(i.MX_Suart_Init) refers to io_uart.o(.bss) for .bss
    io_uart.o(i.MX_Suart_Init) refers to tim.o(.bss) for htim3
    main.o(i.HAL_TIM_PeriodElapsedCallback) refers to stm32f1xx_hal.o(i.HAL_IncTick) for HAL_IncTick
    main.o(i.HAL_TIM_PeriodElapsedCallback) refers to stm32f1xx_hal_gpio.o(i.HAL_GPIO_WritePin) for HAL_GPIO_WritePin
    main.o(i.HAL_TIM_PeriodElapsedCallback) refers to stm32f1xx_hal_tim.o(i.HAL_TIM_Base_Stop_IT) for HAL_TIM_Base_Stop_IT
    main.o(i.HAL_TIM_PeriodElapsedCallback) refers to stm32f1xx_hal_cortex.o(i.HAL_NVIC_EnableIRQ) for HAL_NVIC_EnableIRQ
    main.o(i.HAL_TIM_PeriodElapsedCallback) refers to stm32f1xx_hal_gpio.o(i.HAL_GPIO_ReadPin) for HAL_GPIO_ReadPin
    main.o(i.HAL_TIM_PeriodElapsedCallback) refers to io_uart.o(i.Get_ValidBits) for Get_ValidBits
[...]
    osDelay                                  0x08005651   Thumb Code    14  cmsis_os.o(i.osDelay)
    osKernelStart                            0x0800565f   Thumb Code    10  cmsis_os.o(i.osKernelStart)
    osMessageCreate                          0x08005669   Thumb Code    38  cmsis_os.o(i.osMessageCreate)
    osMutexCreate                            0x0800568f   Thumb Code    16  cmsis_os.o(i.osMutexCreate)
    osMutexRelease                           0x080056a1   Thumb Code    74  cmsis_os.o(i.osMutexRelease)
    osMutexWait                              0x080056f1   Thumb Code    96  cmsis_os.o(i.osMutexWait)
    osRecursiveMutexRelease                  0x08005755   Thumb Code     4  cmsis_os.o(i.osRecursiveMutexRelease)
    osRecursiveMutexWait                     0x08005759   Thumb Code     4  cmsis_os.o(i.osRecursiveMutexWait)
    osSemaphoreCreate                        0x0800575d   Thumb Code    62  cmsis_os.o(i.osSemaphoreCreate)
    osSemaphoreRelease                       0x0800579d   Thumb Code    74  cmsis_os.o(i.osSemaphoreRelease)
    osSemaphoreWait                          0x080057ed   Thumb Code    96  cmsis_os.o(i.osSemaphoreWait)
    osThreadCreate                           0x08005851   Thumb Code    84  cmsis_os.o(i.osThreadCreate)
    osTimerCreate                            0x080058a5   Thumb Code    60  cmsis_os.o(i.osTimerCreate)
    osTimerStart                             0x080058e5   Thumb Code    88  cmsis_os.o(i.osTimerStart)
    pvPortMalloc                             0x08006045   Thumb Code   148  heap_4.o(i.pvPortMalloc)
    pvTaskIncrementMutexHeldCount            0x080060dd   Thumb Code    18  tasks.o(i.pvTaskIncrementMutexHeldCount)
    pxPortInitialiseStack                    0x080060f5   Thumb Code    32  port.o(i.pxPortInitialiseStack)
    shellBackspace                           0x08006119   Thumb Code     6  shell.o(i.shellBackspace)
    shellCheckPermission                     0x0800611f   Thumb Code    46  shell.o(i.shellCheckPermission)
    shellClear                               0x0800614d   Thumb Code    24  shell.o(i.shellClear)
    shellClearCommandLine                    0x08006169   Thumb Code    48  shell.o(i.shellClearCommandLine)
    shellCmds                                0x08006199   Thumb Code    20  shell.o(i.shellCmds)
    shellDelete                              0x080061ad   Thumb Code     8  shell.o(i.shellDelete)
    shellDeleteByte                          0x080061b5   Thumb Code   214  shell.o(i.shellDeleteByte)
    shellDeleteCommandLine                   0x0800628d   Thumb Code    24  shell.o(i.shellDeleteCommandLine)
    shellDown                                0x080062a9   Thumb Code     8  shell.o(i.shellDown)
    shellEnter                               0x080062b1   Thumb Code    20  shell.o(i.shellEnter)
    shellExec                                0x080062c5   Thumb Code   136  shell.o(i.shellExec)
    shellExecute                             0x08006355   Thumb Code    72  shell.o(i.shellExecute)
    shellExtParsePara                        0x080064f3   Thumb Code   160  shell_ext.o(i.shellExtParsePara)
    shellExtRun                              0x08006593   Thumb Code   198  shell_ext.o(i.shellExtRun)
    shellGetCurrent                          0x08006695   Thumb Code    36  shell.o(i.shellGetCurrent)
    shellGetVarValue                         0x080066bd   Thumb Code    62  shell.o(i.shellGetVarValue)
    shellHandler                             0x080066fd   Thumb Code   274  shell.o(i.shellHandler)
    shellHelp                                0x08006819   Thumb Code    40  shell.o(i.shellHelp)
    shellInit                                0x08006941   Thumb Code   140  shell.o(i.shellInit)
    shellInsertByte                          0x080069dd   Thumb Code   214  shell.o(i.shellInsertByte)
    shellKeys                                0x08006ab9   Thumb Code    20  shell.o(i.shellKeys)
    shellLeft                                0x08006acd   Thumb Code    32  shell.o(i.shellLeft)
    shellListAll                             0x08006aed   Thumb Code    18  shell.o(i.shellListAll)
    shellListCommand                         0x08006b01   Thumb Code    72  shell.o(i.shellListCommand)
    shellListItem                            0x08006b4d   Thumb Code   228  shell.o(i.shellListItem)
    shellListKey                             0x08006c41   Thumb Code    76  shell.o(i.shellListKey)
    shellListUser                            0x08006c91   Thumb Code    76  shell.o(i.shellListUser)
    shellListVar                             0x08006ce1   Thumb Code    74  shell.o(i.shellListVar)
    shellNormalInput                         0x08006d31   Thumb Code    16  shell.o(i.shellNormalInput)
    shellPrint                               0x08006db9   Thumb Code    48  shell.o(i.shellPrint)
    shellRight                               0x08006ded   Thumb Code    32  shell.o(i.shellRight)
    shellRunCommand                          0x08006e0d   Thumb Code   184  shell.o(i.shellRunCommand)
    shellSeekCommand                         0x08006ec5   Thumb Code   110  shell.o(i.shellSeekCommand)
    shellSetVar                              0x08006f95   Thumb Code    82  shell.o(i.shellSetVar)
    shellSetVarValue                         0x08006fed   Thumb Code   108  shell.o(i.shellSetVarValue)
    shellTab                                 0x08007149   Thumb Code   322  shell.o(i.shellTab)
    shellTask                                0x08007291   Thumb Code    36  shell.o(i.shellTask)
    shellToDec                               0x080072b5   Thumb Code    76  shell.o(i.shellToDec)
    shellToHex                               0x08007301   Thumb Code    42  shell.o(i.shellToHex)
    shellUp                                  0x0800732b   Thumb Code     6  shell.o(i.shellUp)
    shellUsers                               0x08007331   Thumb Code    20  shell.o(i.shellUsers)
    shellVars                                0x08007345   Thumb Code    20  shell.o(i.shellVars)
    shellWriteEndLine                        0x080073b1   Thumb Code   110  shell.o(i.shellWriteEndLine)
    shellWriteString                         0x08007501   Thumb Code    38  shell.o(i.shellWriteString)
    uartx_recive_handle                      0x08007527   Thumb Code    80  tool.o(i.uartx_recive_handle)
    userShellLock                            0x08007579   Thumb Code    18  shell_port.o(i.userShellLock)
    userShellUnlock                          0x08007591   Thumb Code    14  shell_port.o(i.userShellUnlock)
    uxListRemove                             0x080075a5   Thumb Code    38  list.o(i.uxListRemove)
    vApplicationGetIdleTaskMemory            0x080075cd   Thumb Code    16  freertos.o(i.vApplicationGetIdleTaskMemory)
    vApplicationGetTimerTaskMemory           0x080075e1   Thumb Code    18  freertos.o(i.vApplicationGetTimerTaskMemory)
    vApplicationStackOverflowHook            0x080075f9   Thumb Code    10  freertos.o(i.vApplicationStackOverflowHook)
    vListInitialise                          0x08007621   Thumb Code    22  list.o(i.vListInitialise)
    vListInitialiseItem                      0x08007637   Thumb Code     6  list.o(i.vListInitialiseItem)
    vListInsert                              0x0800763d   Thumb Code    48  list.o(i.vListInsert)
    vListInsertEnd                           0x0800766d   Thumb Code    24  list.o(i.vListInsertEnd)
    vPortEnterCritical                       0x08007685   Thumb Code    24  port.o(i.vPortEnterCritical)
    vPortExitCritical                        0x080076a1   Thumb Code    16  port.o(i.vPortExitCritical)
    vPortFree                                0x080076b5   Thumb Code    58  heap_4.o(i.vPortFree)
    vPortSetupTimerInterrupt                 0x080076f5   Thumb Code    32  port.o(i.vPortSetupTimerInterrupt)
    vQueueAddToRegistry                      0x08007719   Thumb Code    34  queue.o(i.vQueueAddToRegistry)
    vQueueWaitForMessageRestricted           0x08007741   Thumb Code    68  queue.o(i.vQueueWaitForMessageRestricted)
    vTaskDelay                               0x08007785   Thumb Code    44  tasks.o(i.vTaskDelay)
    vTaskInternalSetTimeOutState             0x080077b5   Thumb Code    12  tasks.o(i.vTaskInternalSetTimeOutState)
    vTaskMissedYield                         0x080077c5   Thumb Code     8  tasks.o(i.vTaskMissedYield)
    vTaskPlaceOnEventList                    0x080077d1   Thumb Code    26  tasks.o(i.vTaskPlaceOnEventList)
    vTaskPlaceOnEventListRestricted          0x080077f1   Thumb Code    34  tasks.o(i.vTaskPlaceOnEventListRestricted)
    vTaskPriorityDisinheritAfterTimeout      0x08007819   Thumb Code   120  tasks.o(i.vTaskPriorityDisinheritAfterTimeout)
    vTaskStartScheduler                      0x08007899   Thumb Code    98  tasks.o(i.vTaskStartScheduler)
    vTaskSuspendAll                          0x0800790d   Thumb Code    10  tasks.o(i.vTaskSuspendAll)
    vTaskSwitchContext                       0x0800791d   Thumb Code   104  tasks.o(i.vTaskSwitchContext)
    xPortStartScheduler                      0x0800798d   Thumb Code    38  port.o(i.xPortStartScheduler)
    xQueueCreateMutex                        0x080079bd   Thumb Code    22  queue.o(i.xQueueCreateMutex)
    xQueueCreateMutexStatic                  0x080079d3   Thumb Code    26  queue.o(i.xQueueCreateMutexStatic)
    xQueueGenericCreate                      0x080079ed   Thumb Code    54  queue.o(i.xQueueGenericCreate)
    xQueueGenericCreateStatic                0x08007a23   Thumb Code    26  queue.o(i.xQueueGenericCreateStatic)
    xQueueGenericReset                       0x08007a3d   Thumb Code   112  queue.o(i.xQueueGenericReset)
    xQueueGenericSend                        0x08007ab1   Thumb Code   242  queue.o(i.xQueueGenericSend)
    xQueueGenericSendFromISR                 0x08007ba9   Thumb Code   102  queue.o(i.xQueueGenericSendFromISR)
    xQueueGiveFromISR                        0x08007c0f   Thumb Code    86  queue.o(i.xQueueGiveFromISR)
    xQueueReceive                            0x08007c65   Thumb Code   236  queue.o(i.xQueueReceive)
    xQueueReceiveFromISR                     0x08007d55   Thumb Code   100  queue.o(i.xQueueReceiveFromISR)
    xQueueSemaphoreTake                      0x08007db9   Thumb Code   292  queue.o(i.xQueueSemaphoreTake)
    xTaskCheckForTimeOut                     0x08007ee1   Thumb Code    76  tasks.o(i.xTaskCheckForTimeOut)
    xTaskCreate                              0x08007f31   Thumb Code    90  tasks.o(i.xTaskCreate)
    xTaskCreateStatic                        0x08007f8b   Thumb Code    54  tasks.o(i.xTaskCreateStatic)
    xTaskGetSchedulerState                   0x08007fc1   Thumb Code    22  tasks.o(i.xTaskGetSchedulerState)
    xTaskGetTickCount                        0x08007fdd   Thumb Code     6  tasks.o(i.xTaskGetTickCount)
    xTaskIncrementTick                       0x08007fe9   Thumb Code   170  tasks.o(i.xTaskIncrementTick)
    xTaskPriorityDisinherit                  0x0800809d   Thumb Code   102  tasks.o(i.xTaskPriorityDisinherit)
    xTaskPriorityInherit                     0x0800810d   Thumb Code   138  tasks.o(i.xTaskPriorityInherit)
    xTaskRemoveFromEventList                 0x080081a1   Thumb Code    92  tasks.o(i.xTaskRemoveFromEventList)
    xTaskResumeAll                           0x08008205   Thumb Code   166  tasks.o(i.xTaskResumeAll)
    xTimerCreate                             0x080082b9   Thumb Code    52  timers.o(i.xTimerCreate)
    xTimerCreateStatic                       0x080082ed   Thumb Code    26  timers.o(i.xTimerCreateStatic)
    xTimerCreateTimerTask                    0x08008309   Thumb Code    66  timers.o(i.xTimerCreateTimerTask)
    xTimerGenericCommand                     0x0800835d   Thumb Code    68  timers.o(i.xTimerGenericCommand)
    _get_lc_numeric                          0x080083a5   Thumb Code    44  lc_numeric_c.o(locale$$code)
    _get_lc_ctype                            0x080083d1   Thumb Code    44  lc_ctype_c.o(locale$$code)
    __aeabi_fdiv                             0x080083fd   Thumb Code     0  fdiv.o(x$fpl$fdiv)
    _fdiv                                    0x080083fd   Thumb Code   384  fdiv.o(x$fpl$fdiv)
    __aeabi_f2uiz                            0x08008581   Thumb Code     0  ffixu.o(x$fpl$ffixu)
    _ffixu                                   0x08008581   Thumb Code    62  ffixu.o(x$fpl$ffixu)
    __aeabi_i2f                              0x080085c1   Thumb Code     0  fflt_clz.o(x$fpl$fflt)
    _fflt                                    0x080085c1   Thumb Code    48  fflt_clz.o(x$fpl$fflt)
    __aeabi_ui2f                             0x080085f1   Thumb Code     0  fflt_clz.o(x$fpl$ffltu)
    _ffltu                                   0x080085f1   Thumb Code    38  fflt_clz.o(x$fpl$ffltu)
    __aeabi_fmul                             0x08008619   Thumb Code     0  fmul.o(x$fpl$fmul)
    _fmul                                    0x08008619   Thumb Code   258  fmul.o(x$fpl$fmul)
    __fpl_fnaninf                            0x0800871b   Thumb Code   140  fnaninf.o(x$fpl$fnaninf)
    __fpl_fretinf                            0x080087a7   Thumb Code    10  fretinf.o(x$fpl$fretinf)
    _printf_fp_dec                           0x080087b1   Thumb Code     4  printf1.o(x$fpl$printf1)
    _printf_fp_hex                           0x080087b5   Thumb Code     4  printf2.o(x$fpl$printf2)
    __I$use$fp                               0x080087b8   Number         0  usenofp.o(x$fpl$usenofp)
    shellCmdg_at                             0x080087b8   Data           5  freertos.o(.constdata)
    shellDescg_at                            0x080087bd   Data           7  freertos.o(.constdata)
    shellCmdDefaultUser                      0x080088e8   Data           4  shell.o(.constdata)
    shellPasswordDefaultUser                 0x080088ec   Data           5  shell.o(.constdata)
    shellDesDefaultUser                      0x080088f1   Data          13  shell.o(.constdata)
    shellCmdsetVar                           0x080088fe   Data           7  shell.o(.constdata)
    shellDescsetVar                          0x08008905   Data           8  shell.o(.constdata)
    shellDesc0x1B5B4100                      0x0800890d   Data           3  shell.o(.constdata)
    shellDesc0x1B5B4200                      0x08008910   Data           5  shell.o(.constdata)
    shellDesc0x1B5B4300                      0x08008915   Data           6  shell.o(.constdata)
    shellDesc0x1B5B4400                      0x0800891b   Data           5  shell.o(.constdata)
    shellDesc0x09000000                      0x08008920   Data           4  shell.o(.constdata)
    shellDesc0x08000000                      0x08008924   Data          10  shell.o(.constdata)
    shellDesc0x7F000000                      0x0800892e   Data          10  shell.o(.constdata)
    shellDesc0x1B5B337E                      0x08008938   Data           7  shell.o(.constdata)
    shellDesc0x0A000000                      0x0800893f   Data           6  shell.o(.constdata)
    shellDesc0x0D000000                      0x08008945   Data           6  shell.o(.constdata)
    shellCmdhelp                             0x0800894b   Data           5  shell.o(.constdata)
    shellDeschelp                            0x08008950   Data          29  shell.o(.constdata)
    shellCmdusers                            0x0800896d   Data           6  shell.o(.constdata)
    shellDescusers                           0x08008973   Data          14  shell.o(.constdata)
    shellCmdcmds                             0x08008981   Data           5  shell.o(.constdata)
    shellDesccmds                            0x08008986   Data          13  shell.o(.constdata)
    shellCmdvars                             0x08008993   Data           5  shell.o(.constdata)
    shellDescvars                            0x08008998   Data          13  shell.o(.constdata)
    shellCmdkeys                             0x080089a5   Data           5  shell.o(.constdata)
    shellDesckeys                            0x080089aa   Data          13  shell.o(.constdata)
    shellCmdclear                            0x080089b7   Data           6  shell.o(.constdata)
    shellDescclear                           0x080089bd   Data          14  shell.o(.constdata)
    shellCmdexec                             0x080089cb   Data           5  shell.o(.constdata)
    shellDescexec                            0x080089d0   Data          27  shell.o(.constdata)
    AHBPrescTable                            0x080089fc   Data          16  system_stm32f1xx.o(.constdata)
    APBPrescTable                            0x08008a0c   Data           8  system_stm32f1xx.o(.constdata)
    Region$$Table$$Base                      0x08008e34   Number         0  anon$$obj.o(Region$$Table)
    Region$$Table$$Limit                     0x08008e54   Number         0  anon$$obj.o(Region$$Table)
    __ctype                                  0x08008e7d   Data           0  lc_ctype_c.o(locale$$data)
    shellCommand$$Base                       0x08008f80   Number         0  freertos.o(shellCommand)
    shellVarg_at                             0x08008f80   Data          16  freertos.o(shellCommand)
    shellUserDefault                         0x08008f90   Data          16  shell.o(shellCommand)
    shellCommandsetVar                       0x08008fa0   Data          16  shell.o(shellCommand)
    shellKey0x1B5B4100                       0x08008fb0   Data          16  shell.o(shellCommand)
    shellKey0x1B5B4200                       0x08008fc0   Data          16  shell.o(shellCommand)
    shellKey0x1B5B4300                       0x08008fd0   Data          16  shell.o(shellCommand)
    shellKey0x1B5B4400                       0x08008fe0   Data          16  shell.o(shellCommand)
    shellKey0x09000000                       0x08008ff0   Data          16  shell.o(shellCommand)
    shellKey0x08000000                       0x08009000   Data          16  shell.o(shellCommand)
    shellKey0x7F000000                       0x08009010   Data          16  shell.o(shellCommand)
    shellKey0x1B5B337E                       0x08009020   Data          16  shell.o(shellCommand)
    shellKey0x0A000000                       0x08009030   Data          16  shell.o(shellCommand)
    shellKey0x0D000000                       0x08009040   Data          16  shell.o(shellCommand)
    shellCommandhelp                         0x08009050   Data          16  shell.o(shellCommand)
    shellCommandusers                        0x08009060   Data          16  shell.o(shellCommand)
    shellCommandcmds                         0x08009070   Data          16  shell.o(shellCommand)
    shellCommandvars                         0x08009080   Data          16  shell.o(shellCommand)
    shellCommandkeys                         0x08009090   Data          16  shell.o(shellCommand)
    shellCommandclear                        0x080090a0   Data          16  shell.o(shellCommand)
    shellCommandexec                         0x080090b0   Data          16  shell.o(shellCommand)
    shellCommand$$Limit                      0x080090c0   Number         0  shell.o(shellCommand)
    g_At                                     0x20000001   Data           1  freertos.o(.data)
    shellHandle                              0x20000004   Data           4  freertos.o(.data)
    mdbusHandle                              0x20000008   Data           4  freertos.o(.data)
    read_ioHandle                            0x2000000c   Data           4  freertos.o(.data)
    IWDGHandle                               0x20000010   Data           4  freertos.o(.data)
    DDIx_QueueHandle                         0x20000014   Data           4  freertos.o(.data)
    Timer1Handle                             0x20000018   Data           4  freertos.o(.data)
    shellMutexHandle                         0x2000001c   Data           4  freertos.o(.data)
    modbusMutexHandle                        0x20000020   Data           4  freertos.o(.data)
    Modbus_ReciveHandle                      0x20000024   Data           4  freertos.o(.data)
    Modbus_Object                            0x20000028   Data           4  small_modbus_port.o(.data)
    SystemCoreClock                          0x20000084   Data           4  system_stm32f1xx.o(.data)
    uwTickFreq                               0x20000088   Data           1  stm32f1xx_hal.o(.data)
    uwTickPrio                               0x2000008c   Data           4  stm32f1xx_hal.o(.data)
    uwTick                                   0x20000090   Data           4  stm32f1xx_hal.o(.data)
    pxCurrentTCB                             0x20000094   Data           4  tasks.o(.data)
    S_Uart1                                  0x20000100   Data          52  io_uart.o(.bss)
    Adc_buffer                               0x200006dc   Data          64  adc.o(.bss)
    hadc1                                    0x2000071c   Data          48  adc.o(.bss)
    hdma_adc1                                0x2000074c   Data          68  adc.o(.bss)
    hiwdg                                    0x20000790   Data          12  iwdg.o(.bss)
    hspi2                                    0x2000079c   Data          88  spi.o(.bss)
    htim2                                    0x200007f4   Data          72  tim.o(.bss)
    htim3                                    0x2000083c   Data          72  tim.o(.bss)
    htim4                                    0x20000884   Data          72  tim.o(.bss)
    huart1                                   0x200008cc   Data          68  usart.o(.bss)
    hdma_usart1_rx                           0x20000910   Data          68  usart.o(.bss)
    hdma_usart1_tx                           0x20000954   Data          68  usart.o(.bss)
    htim1                                    0x20000998   Data          72  stm32f1xx_hal_timebase_tim.o(.bss)
    buffer                                   0x20000b3d   Data         128  shell.o(.bss)
    shell                                    0x20000bc0   Data         116  shell_port.o(.bss)
    shell_buffer                             0x20000c34   Data         128  shell_port.o(.bss)
    xQueueRegistry                           0x20000cb4   Data          64  queue.o(.bss)
    __libspace_start                         0x200046cc   Data          96  libspace.o(.bss)
    __temporary_stack_top$libspace           0x2000472c   Data           0  libspace.o(.bss)



==============================================================================

Memory Map of the image

  Image Entry point : 0x080000ed

  Load Region LR_IROM1 (Base: 0x08000000, Size: 0x000091c0, Max: 0x00010000, ABSOLUTE)

    Execution Region ER_IROM1 (Exec base: 0x08000000, Load base: 0x08000000, Size: 0x000090c0, Max: 0x00010000, ABSOLUTE)

    Exec Addr    Load Addr    Size         Type   Attr      Idx    E Section Name        Object

    0x08000000   0x08000000   0x000000ec   Data   RO            3    RESET               startup_stm32f103xb.o
    0x080000ec   0x080000ec   0x00000008   Code   RO         6125  * !!!main             c_w.l(__main.o)
    0x080000f4   0x080000f4   0x00000034   Code   RO         6472    !!!scatter          c_w.l(__scatter.o)
    0x08000128   0x08000128   0x0000001a   Code   RO         6474    !!handler_copy      c_w.l(__scatter_copy.o)
    0x08000142   0x08000142   0x00000002   PAD
    0x08000144   0x08000144   0x0000001c   Code   RO         6476    !!handler_zi        c_w.l(__scatter_zi.o)
    0x08000160   0x08000160   0x00000000   Code   RO         6233    .ARM.Collect$$_printf_percent$$00000000  c_w.l(_printf_percent.o)
    0x08000160   0x08000160   0x00000006   Code   RO         6222    .ARM.Collect$$_printf_percent$$00000001  c_w.l(_printf_n.o)
    0x08000166   0x08000166   0x00000006   Code   RO         6224    .ARM.Collect$$_printf_percent$$00000002  c_w.l(_printf_p.o)
    0x0800016c   0x0800016c   0x00000006   Code   RO         6229    .ARM.Collect$$_printf_percent$$00000003  c_w.l(_printf_f.o)
    0x08000172   0x08000172   0x00000006   Code   RO         6230    .ARM.Collect$$_printf_percent$$00000004  c_w.l(_printf_e.o)
    0x08000178   0x08000178   0x00000006   Code   RO         6231    .ARM.Collect$$_printf_percent$$00000005  c_w.l(_printf_g.o)
    0x0800017e   0x0800017e   0x00000006   Code   RO         6232    .ARM.Collect$$_printf_percent$$00000006  c_w.l(_printf_a.o)
    0x08000184   0x08000184   0x0000000a   Code   RO         6237    .ARM.Collect$$_printf_percent$$00000007  c_w.l(_printf_ll.o)
    0x0800018e   0x0800018e   0x00000006   Code   RO         6226    .ARM.Collect$$_printf_percent$$00000008  c_w.l(_printf_i.o)
    0x08000194   0x08000194   0x00000006   Code   RO         6227    .ARM.Collect$$_printf_percent$$00000009  c_w.l(_printf_d.o)
    0x0800019a   0x0800019a   0x00000006   Code   RO         6228    .ARM.Collect$$_printf_percent$$0000000A  c_w.l(_printf_u.o)
    0x080001a0   0x080001a0   0x00000006   Code   RO         6225    .ARM.Collect$$_printf_percent$$0000000B  c_w.l(_printf_o.o)
    0x080001a6   0x080001a6   0x00000006   Code   RO         6223    .ARM.Collect$$_printf_percent$$0000000C  c_w.l(_printf_x.o)
    0x080001ac   0x080001ac   0x00000006   Code   RO         6234    .ARM.Collect$$_printf_percent$$0000000D  c_w.l(_printf_lli.o)
    0x080001b2   0x080001b2   0x00000006   Code   RO         6235    .ARM.Collect$$_printf_percent$$0000000E  c_w.l(_printf_lld.o)
    0x080001b8   0x080001b8   0x00000006   Code   RO         6236    .ARM.Collect$$_printf_percent$$0000000F  c_w.l(_printf_llu.o)
    0x080001be   0x080001be   0x00000006   Code   RO         6241    .ARM.Collect$$_printf_percent$$00000010  c_w.l(_printf_llo.o)
    0x080001c4   0x080001c4   0x00000006   Code   RO         6242    .ARM.Collect$$_printf_percent$$00000011  c_w.l(_printf_llx.o)
    0x080001ca   0x080001ca   0x0000000a   Code   RO         6238    .ARM.Collect$$_printf_percent$$00000012  c_w.l(_printf_l.o)
    0x080001d4   0x080001d4   0x00000006   Code   RO         6220    .ARM.Collect$$_printf_percent$$00000013  c_w.l(_printf_c.o)
    0x080001da   0x080001da   0x00000006   Code   RO         6221    .ARM.Collect$$_printf_percent$$00000014  c_w.l(_printf_s.o)
    0x080001e0   0x080001e0   0x00000006   Code   RO         6239    .ARM.Collect$$_printf_percent$$00000015  c_w.l(_printf_lc.o)
    0x080001e6   0x080001e6   0x00000006   Code   RO         6240    .ARM.Collect$$_printf_percent$$00000016  c_w.l(_printf_ls.o)
    0x080001ec   0x080001ec   0x00000004   Code   RO         6286    .ARM.Collect$$_printf_percent$$00000017  c_w.l(_printf_percent_end.o)
    0x080001f0   0x080001f0   0x00000002   Code   RO         6335    .ARM.Collect$$libinit$$00000000  c_w.l(libinit.o)
    0x080001f2   0x080001f2   0x00000000   Code   RO         6349    .ARM.Collect$$libinit$$00000002  c_w.l(libinit2.o)
    0x080001f2   0x080001f2   0x00000000   Code   RO         6351    .ARM.Collect$$libinit$$00000004  c_w.l(libinit2.o)
    0x080001f2   0x080001f2   0x00000000   Code   RO         6354    .ARM.Collect$$libinit$$0000000A  c_w.l(libinit2.o)
    0x080001f2   0x080001f2   0x00000000   Code   RO         6356    .ARM.Collect$$libinit$$0000000C  c_w.l(libinit2.o)
    0x080001f2   0x080001f2   0x00000000   Code   RO         6358    .ARM.Collect$$libinit$$0000000E  c_w.l(libinit2.o)
    0x080001f2   0x080001f2   0x00000006   Code   RO         6359    .ARM.Collect$$libinit$$0000000F  c_w.l(libinit2.o)
    0x080001f8   0x080001f8   0x00000000   Code   RO         6361    .ARM.Collect$$libinit$$00000011  c_w.l(libinit2.o)
    0x080001f8   0x080001f8   0x0000000c   Code   RO         6362    .ARM.Collect$$libinit$$00000012  c_w.l(libinit2.o)
    0x08000204   0x08000204   0x00000000   Code   RO         6363    .ARM.Collect$$libinit$$00000013  c_w.l(libinit2.o)
    0x08000204   0x08000204   0x00000000   Code   RO         6365    .ARM.Collect$$libinit$$00000015  c_w.l(libinit2.o)
    0x08000204   0x08000204   0x0000000a   Code   RO         6366    .ARM.Collect$$libinit$$00000016  c_w.l(libinit2.o)
    0x0800020e   0x0800020e   0x00000000   Code   RO         6367    .ARM.Collect$$libinit$$00000017  c_w.l(libinit2.o)
    0x0800020e   0x0800020e   0x00000000   Code   RO         6369    .ARM.Collect$$libinit$$00000019  c_w.l(libinit2.o)
    0x0800020e   0x0800020e   0x00000000   Code   RO         6371    .ARM.Collect$$libinit$$0000001B  c_w.l(libinit2.o)
    0x0800020e   0x0800020e   0x00000000   Code   RO         6373    .ARM.Collect$$libinit$$0000001D  c_w.l(libinit2.o)
    0x0800020e   0x0800020e   0x00000000   Code   RO         6375    .ARM.Collect$$libinit$$0000001F  c_w.l(libinit2.o)
    0x0800020e   0x0800020e   0x00000000   Code   RO         6377    .ARM.Collect$$libinit$$00000021  c_w.l(libinit2.o)
    0x0800020e   0x0800020e   0x00000000   Code   RO         6379    .ARM.Collect$$libinit$$00000023  c_w.l(libinit2.o)
    0x0800020e   0x0800020e   0x00000000   Code   RO         6381    .ARM.Collect$$libinit$$00000025  c_w.l(libinit2.o)
    0x0800020e   0x0800020e   0x00000000   Code   RO         6385    .ARM.Collect$$libinit$$0000002C  c_w.l(libinit2.o)
    0x0800020e   0x0800020e   0x00000000   Code   RO         6387    .ARM.Collect$$libinit$$0000002E  c_w.l(libinit2.o)
    0x0800020e   0x0800020e   0x00000000   Code   RO         6389    .ARM.Collect$$libinit$$00000030  c_w.l(libinit2.o)
    0x0800020e   0x0800020e   0x00000000   Code   RO         6391    .ARM.Collect$$libinit$$00000032  c_w.l(libinit2.o)
    0x0800020e   0x0800020e   0x00000002   Code   RO         6392    .ARM.Collect$$libinit$$00000033  c_w.l(libinit2.o)
    0x08000210   0x08000210   0x00000002   Code   RO         6412    .ARM.Collect$$libshutdown$$00000000  c_w.l(libshutdown.o)
    0x08000212   0x08000212   0x00000000   Code   RO         6425    .ARM.Collect$$libshutdown$$00000002  c_w.l(libshutdown2.o)
    0x08000212   0x08000212   0x00000000   Code   RO         6427    .ARM.Collect$$libshutdown$$00000004  c_w.l(libshutdown2.o)
    0x08000212   0x08000212   0x00000000   Code   RO         6430    .ARM.Collect$$libshutdown$$00000007  c_w.l(libshutdown2.o)
    0x08000212   0x08000212   0x00000000   Code   RO         6433    .ARM.Collect$$libshutdown$$0000000A  c_w.l(libshutdown2.o)
    0x08000212   0x08000212   0x00000000   Code   RO         6435    .ARM.Collect$$libshutdown$$0000000C  c_w.l(libshutdown2.o)
    0x08000212   0x08000212   0x00000000   Code   RO         6438    .ARM.Collect$$libshutdown$$0000000F  c_w.l(libshutdown2.o)
    0x08000212   0x08000212   0x00000002   Code   RO         6439    .ARM.Collect$$libshutdown$$00000010  c_w.l(libshutdown2.o)
    0x08000214   0x08000214   0x00000000   Code   RO         6149    .ARM.Collect$$rtentry$$00000000  c_w.l(__rtentry.o)
    0x08000214   0x08000214   0x00000000   Code   RO         6257    .ARM.Collect$$rtentry$$00000002  c_w.l(__rtentry2.o)
    0x08000214   0x08000214   0x00000006   Code   RO         6269    .ARM.Collect$$rtentry$$00000004  c_w.l(__rtentry4.o)
    0x0800021a   0x0800021a   0x00000000   Code   RO         6259    .ARM.Collect$$rtentry$$00000009  c_w.l(__rtentry2.o)
    0x0800021a   0x0800021a   0x00000004   Code   RO         6260    .ARM.Collect$$rtentry$$0000000A  c_w.l(__rtentry2.o)
    0x0800021e   0x0800021e   0x00000000   Code   RO         6262    .ARM.Collect$$rtentry$$0000000C  c_w.l(__rtentry2.o)
    0x0800021e   0x0800021e   0x00000008   Code   RO         6263    .ARM.Collect$$rtentry$$0000000D  c_w.l(__rtentry2.o)
    0x08000226   0x08000226   0x00000002   Code   RO         6343    .ARM.Collect$$rtexit$$00000000  c_w.l(rtexit.o)
    0x08000228   0x08000228   0x00000000   Code   RO         6394    .ARM.Collect$$rtexit$$00000002  c_w.l(rtexit2.o)
    0x08000228   0x08000228   0x00000004   Code   RO         6395    .ARM.Collect$$rtexit$$00000003  c_w.l(rtexit2.o)
    0x0800022c   0x0800022c   0x00000006   Code   RO         6396    .ARM.Collect$$rtexit$$00000004  c_w.l(rtexit2.o)
    0x08000232   0x08000232   0x00000002   PAD
    0x08000234   0x08000234   0x00000096   Code   RO         6028    .emb_text           port.o
    0x080002ca   0x080002ca   0x00000002   PAD
    0x080002cc   0x080002cc   0x0000003c   Code   RO            4    .text               startup_stm32f103xb.o
    0x08000308   0x08000308   0x00000034   Code   RO         6103    .text               c_w.l(vsnprintf.o)
    0x0800033c   0x0800033c   0x0000003e   Code   RO         6105    .text               c_w.l(strlen.o)
    0x0800037a   0x0800037a   0x00000096   Code   RO         6107    .text               c_w.l(strncmp.o)
    0x08000410   0x08000410   0x0000008a   Code   RO         6109    .text               c_w.l(rt_memcpy_v6.o)
    0x0800049a   0x0800049a   0x00000008   Code   RO         6111    .text               c_w.l(memcpy.o)
    0x080004a2   0x080004a2   0x00000064   Code   RO         6113    .text               c_w.l(rt_memcpy_w.o)
    0x08000506   0x08000506   0x00000010   Code   RO         6115    .text               c_w.l(aeabi_memset.o)
    0x08000516   0x08000516   0x00000044   Code   RO         6117    .text               c_w.l(rt_memclr.o)
    0x0800055a   0x0800055a   0x0000004e   Code   RO         6119    .text               c_w.l(rt_memclr_w.o)
    0x080005a8   0x080005a8   0x00000080   Code   RO         6121    .text               c_w.l(strcmpv7m.o)
    0x08000628   0x08000628   0x00000006   Code   RO         6123    .text               c_w.l(heapauxi.o)
    0x0800062e   0x0800062e   0x0000004e   Code   RO         6152    .text               c_w.l(_printf_pad.o)
    0x0800067c   0x0800067c   0x00000024   Code   RO         6154    .text               c_w.l(_printf_truncate.o)
    0x080006a0   0x080006a0   0x00000052   Code   RO         6156    .text               c_w.l(_printf_str.o)
    0x080006f2   0x080006f2   0x00000002   PAD
    0x080006f4   0x080006f4   0x00000078   Code   RO         6158    .text               c_w.l(_printf_dec.o)
    0x0800076c   0x0800076c   0x00000028   Code   RO         6160    .text               c_w.l(_printf_charcount.o)
    0x08000794   0x08000794   0x00000030   Code   RO         6162    .text               c_w.l(_printf_char_common.o)
    0x080007c4   0x080007c4   0x0000000a   Code   RO         6164    .text               c_w.l(_sputc.o)
    0x080007ce   0x080007ce   0x00000010   Code   RO         6166    .text               c_w.l(_snputc.o)
    0x080007de   0x080007de   0x00000002   PAD
    0x080007e0   0x080007e0   0x000000bc   Code   RO         6168    .text               c_w.l(_printf_wctomb.o)
    0x0800089c   0x0800089c   0x0000007c   Code   RO         6171    .text               c_w.l(_printf_longlong_dec.o)
    0x08000918   0x08000918   0x00000070   Code   RO         6177    .text               c_w.l(_printf_oct_int_ll.o)
    0x08000988   0x08000988   0x00000094   Code   RO         6197    .text               c_w.l(_printf_hex_int_ll_ptr.o)
    0x08000a1c   0x08000a1c   0x00000188   Code   RO         6217    .text               c_w.l(__printf_flags_ss_wp.o)
    0x08000ba4   0x08000ba4   0x0000008a   Code   RO         6271    .text               c_w.l(lludiv10.o)
    0x08000c2e   0x08000c2e   0x000000b2   Code   RO         6273    .text               c_w.l(_printf_intcommon.o)
    0x08000ce0   0x08000ce0   0x0000041e   Code   RO         6275    .text               c_w.l(_printf_fp_dec.o)
    0x080010fe   0x080010fe   0x00000002   PAD
    0x08001100   0x08001100   0x000002fc   Code   RO         6277    .text               c_w.l(_printf_fp_hex.o)
    0x080013fc   0x080013fc   0x0000002c   Code   RO         6282    .text               c_w.l(_printf_char.o)
    0x08001428   0x08001428   0x0000002c   Code   RO         6284    .text               c_w.l(_printf_wchar.o)
    0x08001454   0x08001454   0x00000040   Code   RO         6287    .text               c_w.l(_wcrtomb.o)
    0x08001494   0x08001494   0x0000004a   Code   RO         6289    .text               c_w.l(sys_stackheap_outer.o)
    0x080014de   0x080014de   0x00000002   PAD
    0x080014e0   0x080014e0   0x00000010   Code   RO         6291    .text               c_w.l(rt_ctype_table.o)
    0x080014f0   0x080014f0   0x00000008   Code   RO         6296    .text               c_w.l(rt_locale_intlibspace.o)
    0x080014f8   0x080014f8   0x00000080   Code   RO         6298    .text               c_w.l(_printf_fp_infnan.o)
    0x08001578   0x08001578   0x000000e4   Code   RO         6300    .text               c_w.l(bigflt0.o)
    0x0800165c   0x0800165c   0x00000012   Code   RO         6328    .text               c_w.l(exit.o)
    0x0800166e   0x0800166e   0x00000002   PAD
    0x08001670   0x08001670   0x00000008   Code   RO         6340    .text               c_w.l(libspace.o)
    0x08001678   0x08001678   0x0000000c   Code   RO         6404    .text               c_w.l(sys_exit.o)
    0x08001684   0x08001684   0x00000002   Code   RO         6415    .text               c_w.l(use_no_semi.o)
    0x08001686   0x08001686   0x00000000   Code   RO         6417    .text               c_w.l(indicate_semi.o)
    0x08001686   0x08001686   0x0000003e   Code   RO         6303    CL$$btod_d2e        c_w.l(btod.o)
    0x080016c4   0x080016c4   0x00000046   Code   RO         6305    CL$$btod_d2e_denorm_low  c_w.l(btod.o)
    0x0800170a   0x0800170a   0x00000060   Code   RO         6304    CL$$btod_d2e_norm_op1  c_w.l(btod.o)
    0x0800176a   0x0800176a   0x00000338   Code   RO         6313    CL$$btod_div_common  c_w.l(btod.o)
    0x08001aa2   0x08001aa2   0x000000dc   Code   RO         6310    CL$$btod_e2e        c_w.l(btod.o)
    0x08001b7e   0x08001b7e   0x0000002a   Code   RO         6307    CL$$btod_ediv       c_w.l(btod.o)
    0x08001ba8   0x08001ba8   0x0000002a   Code   RO         6306    CL$$btod_emul       c_w.l(btod.o)
    0x08001bd2   0x08001bd2   0x00000244   Code   RO         6312    CL$$btod_mult_common  c_w.l(btod.o)
    0x08001e16   0x08001e16   0x00000002   PAD
    0x08001e18   0x08001e18   0x00000056   Code   RO         1809    i.ADC_ConversionStop_Disable  stm32f1xx_hal_adc.o
    0x08001e6e   0x08001e6e   0x00000002   Code   RO          729    i.BusFault_Handler  stm32f1xx_it.o
    0x08001e70   0x08001e70   0x00000158   Code   RO          922    i.Create_ModObject  small_modbus.o
    0x08001fc8   0x08001fc8   0x0000000c   Code   RO          730    i.DMA1_Channel1_IRQHandler  stm32f1xx_it.o
    0x08001fd4   0x08001fd4   0x0000000c   Code   RO          731    i.DMA1_Channel4_IRQHandler  stm32f1xx_it.o
    0x08001fe0   0x08001fe0   0x0000000c   Code   RO          732    i.DMA1_Channel5_IRQHandler  stm32f1xx_it.o
    0x08001fec   0x08001fec   0x0000002a   Code   RO         2463    i.DMA_SetConfig     stm32f1xx_hal_dma.o
    0x08002016   0x08002016   0x00000002   Code   RO          733    i.DebugMon_Handler  stm32f1xx_it.o
    0x08002018   0x08002018   0x00000006   Code   RO          734    i.EXTI0_IRQHandler  stm32f1xx_it.o
    0x0800201e   0x0800201e   0x00000008   Code   RO          735    i.EXTI15_10_IRQHandler  stm32f1xx_it.o
    0x08002026   0x08002026   0x00000006   Code   RO          736    i.EXTI1_IRQHandler  stm32f1xx_it.o
    0x0800202c   0x0800202c   0x00000006   Code   RO          737    i.EXTI3_IRQHandler  stm32f1xx_it.o
    0x08002032   0x08002032   0x00000006   Code   RO          738    i.EXTI4_IRQHandler  stm32f1xx_it.o
    0x08002038   0x08002038   0x00000020   Code   RO          739    i.EXTI9_5_IRQHandler  stm32f1xx_it.o
    0x08002058   0x08002058   0x00000004   Code   RO          245    i.Error_Handler     main.o
    0x0800205c   0x0800205c   0x0000007c   Code   RO           13    i.Get_BaudTable     io_uart.o
    0x080020d8   0x080020d8   0x0000001e   Code   RO           14    i.Get_ValidBits     io_uart.o
    0x080020f6   0x080020f6   0x00000002   PAD
    0x080020f8   0x080020f8   0x00000058   Code   RO         1814    i.HAL_ADC_AnalogWDGConfig  stm32f1xx_hal_adc.o
    0x08002150   0x08002150   0x000000fc   Code   RO         1815    i.HAL_ADC_ConfigChannel  stm32f1xx_hal_adc.o
    0x0800224c   0x0800224c   0x0000011c   Code   RO         1824    i.HAL_ADC_Init      stm32f1xx_hal_adc.o
    0x08002368   0x08002368   0x00000090   Code   RO          469    i.HAL_ADC_MspInit   adc.o
    0x080023f8   0x080023f8   0x00000046   Code   RO         2464    i.HAL_DMA_Abort     stm32f1xx_hal_dma.o
    0x0800243e   0x0800243e   0x00000002   PAD
    0x08002440   0x08002440   0x00000098   Code   RO         2465    i.HAL_DMA_Abort_IT  stm32f1xx_hal_dma.o
    0x080024d8   0x080024d8   0x00000154   Code   RO         2469    i.HAL_DMA_IRQHandler  stm32f1xx_hal_dma.o
    0x0800262c   0x0800262c   0x0000005c   Code   RO         2470    i.HAL_DMA_Init      stm32f1xx_hal_dma.o
    0x08002688   0x08002688   0x00000070   Code   RO         2474    i.HAL_DMA_Start_IT  stm32f1xx_hal_dma.o
    0x080026f8   0x080026f8   0x00000002   Code   RO         2398    i.HAL_GPIO_EXTI_Callback  stm32f1xx_hal_gpio.o
    0x080026fa   0x080026fa   0x00000002   PAD
    0x080026fc   0x080026fc   0x00000018   Code   RO         2399    i.HAL_GPIO_EXTI_IRQHandler  stm32f1xx_hal_gpio.o
    0x08002714   0x08002714   0x000001e0   Code   RO         2400    i.HAL_GPIO_Init     stm32f1xx_hal_gpio.o
    0x080028f4   0x080028f4   0x0000000a   Code   RO         2402    i.HAL_GPIO_ReadPin  stm32f1xx_hal_gpio.o
    0x080028fe   0x080028fe   0x0000000a   Code   RO         2404    i.HAL_GPIO_WritePin  stm32f1xx_hal_gpio.o
    0x08002908   0x08002908   0x0000000c   Code   RO         2096    i.HAL_GetTick       stm32f1xx_hal.o
    0x08002914   0x08002914   0x0000005a   Code   RO         3060    i.HAL_IWDG_Init     stm32f1xx_hal_iwdg.o
    0x0800296e   0x0800296e   0x0000000c   Code   RO         3061    i.HAL_IWDG_Refresh  stm32f1xx_hal_iwdg.o
    0x0800297a   0x0800297a   0x00000002   PAD
    0x0800297c   0x0800297c   0x00000010   Code   RO         2102    i.HAL_IncTick       stm32f1xx_hal.o
    0x0800298c   0x0800298c   0x00000024   Code   RO         2103    i.HAL_Init          stm32f1xx_hal.o
    0x080029b0   0x080029b0   0x0000008c   Code   RO          883    i.HAL_InitTick      stm32f1xx_hal_timebase_tim.o
    0x08002a3c   0x08002a3c   0x00000048   Code   RO          859    i.HAL_MspInit       stm32f1xx_hal_msp.o
    0x08002a84   0x08002a84   0x00000022   Code   RO         2559    i.HAL_NVIC_DisableIRQ  stm32f1xx_hal_cortex.o
    0x08002aa6   0x08002aa6   0x0000001a   Code   RO         2560    i.HAL_NVIC_EnableIRQ  stm32f1xx_hal_cortex.o
    0x08002ac0   0x08002ac0   0x00000040   Code   RO         2566    i.HAL_NVIC_SetPriority  stm32f1xx_hal_cortex.o
    0x08002b00   0x08002b00   0x00000024   Code   RO         2567    i.HAL_NVIC_SetPriorityGrouping  stm32f1xx_hal_cortex.o
    0x08002b24   0x08002b24   0x000000ec   Code   RO         2363    i.HAL_RCCEx_PeriphCLKConfig  stm32f1xx_hal_rcc_ex.o
    0x08002c10   0x08002c10   0x0000012c   Code   RO         2260    i.HAL_RCC_ClockConfig  stm32f1xx_hal_rcc.o
    0x08002d3c   0x08002d3c   0x00000040   Code   RO         2264    i.HAL_RCC_GetClockConfig  stm32f1xx_hal_rcc.o
    0x08002d7c   0x08002d7c   0x00000020   Code   RO         2267    i.HAL_RCC_GetPCLK1Freq  stm32f1xx_hal_rcc.o
    0x08002d9c   0x08002d9c   0x00000020   Code   RO         2268    i.HAL_RCC_GetPCLK2Freq  stm32f1xx_hal_rcc.o
    0x08002dbc   0x08002dbc   0x0000006c   Code   RO         2269    i.HAL_RCC_GetSysClockFreq  stm32f1xx_hal_rcc.o
    0x08002e28   0x08002e28   0x00000320   Code   RO         2272    i.HAL_RCC_OscConfig  stm32f1xx_hal_rcc.o
    0x08003148   0x08003148   0x000000b2   Code   RO         3101    i.HAL_SPI_Init      stm32f1xx_hal_spi.o
    0x080031fa   0x080031fa   0x00000002   PAD
    0x080031fc   0x080031fc   0x00000060   Code   RO          570    i.HAL_SPI_MspInit   spi.o
    0x0800325c   0x0800325c   0x000000a8   Code   RO           15    i.HAL_SUART_Receive  io_uart.o
    0x08003304   0x08003304   0x0000008e   Code   RO           16    i.HAL_SUART_Transmit  io_uart.o
    0x08003392   0x08003392   0x00000002   Code   RO         4118    i.HAL_TIMEx_BreakCallback  stm32f1xx_hal_tim_ex.o
    0x08003394   0x08003394   0x00000002   Code   RO         4119    i.HAL_TIMEx_CommutCallback  stm32f1xx_hal_tim_ex.o
    0x08003396   0x08003396   0x00000002   PAD
    0x08003398   0x08003398   0x00000068   Code   RO         4137    i.HAL_TIMEx_MasterConfigSynchronization  stm32f1xx_hal_tim_ex.o
    0x08003400   0x08003400   0x0000005a   Code   RO         3414    i.HAL_TIM_Base_Init  stm32f1xx_hal_tim.o
    0x0800345a   0x0800345a   0x00000002   PAD
    0x0800345c   0x0800345c   0x00000078   Code   RO          612    i.HAL_TIM_Base_MspInit  tim.o
    0x080034d4   0x080034d4   0x00000058   Code   RO         3419    i.HAL_TIM_Base_Start_IT  stm32f1xx_hal_tim.o
    0x0800352c   0x0800352c   0x00000030   Code   RO         3422    i.HAL_TIM_Base_Stop_IT  stm32f1xx_hal_tim.o
    0x0800355c   0x0800355c   0x000000d6   Code   RO         3423    i.HAL_TIM_ConfigClockSource  stm32f1xx_hal_tim.o
    0x08003632   0x08003632   0x00000002   Code   RO         3448    i.HAL_TIM_IC_CaptureCallback  stm32f1xx_hal_tim.o
    0x08003634   0x08003634   0x00000166   Code   RO         3462    i.HAL_TIM_IRQHandler  stm32f1xx_hal_tim.o
    0x0800379a   0x0800379a   0x00000002   PAD
    0x0800379c   0x0800379c   0x00000060   Code   RO          613    i.HAL_TIM_MspPostInit  tim.o
    0x080037fc   0x080037fc   0x00000002   Code   RO         3465    i.HAL_TIM_OC_DelayElapsedCallback  stm32f1xx_hal_tim.o
    0x080037fe   0x080037fe   0x000000c6   Code   RO         3486    i.HAL_TIM_PWM_ConfigChannel  stm32f1xx_hal_tim.o
    0x080038c4   0x080038c4   0x0000005a   Code   RO         3489    i.HAL_TIM_PWM_Init  stm32f1xx_hal_tim.o
    0x0800391e   0x0800391e   0x00000002   Code   RO         3491    i.HAL_TIM_PWM_MspInit  stm32f1xx_hal_tim.o
    0x08003920   0x08003920   0x00000002   Code   RO         3492    i.HAL_TIM_PWM_PulseFinishedCallback  stm32f1xx_hal_tim.o
    0x08003922   0x08003922   0x00000002   PAD
    0x08003924   0x08003924   0x0000009c   Code   RO         3494    i.HAL_TIM_PWM_Start  stm32f1xx_hal_tim.o
    0x080039c0   0x080039c0   0x0000020c   Code   RO          246    i.HAL_TIM_PeriodElapsedCallback  main.o
    0x08003bcc   0x08003bcc   0x00000002   Code   RO         3505    i.HAL_TIM_TriggerCallback  stm32f1xx_hal_tim.o
    0x08003bce   0x08003bce   0x00000002   Code   RO         4396    i.HAL_UARTEx_RxEventCallback  stm32f1xx_hal_uart.o
    0x08003bd0   0x08003bd0   0x00000058   Code   RO         4408    i.HAL_UART_DMAStop  stm32f1xx_hal_uart.o
    0x08003c28   0x08003c28   0x00000002   Code   RO         4410    i.HAL_UART_ErrorCallback  stm32f1xx_hal_uart.o
    0x08003c2a   0x08003c2a   0x00000002   PAD
    0x08003c2c   0x08003c2c   0x0000020c   Code   RO         4413    i.HAL_UART_IRQHandler  stm32f1xx_hal_uart.o
    0x08003e38   0x08003e38   0x00000062   Code   RO         4414    i.HAL_UART_Init     stm32f1xx_hal_uart.o
    0x08003e9a   0x08003e9a   0x00000002   PAD
    0x08003e9c   0x08003e9c   0x000000f8   Code   RO          672    i.HAL_UART_MspInit  usart.o
    0x08003f94   0x08003f94   0x0000002a   Code   RO         4418    i.HAL_UART_Receive_DMA  stm32f1xx_hal_uart.o
    0x08003fbe   0x08003fbe   0x00000002   Code   RO         4420    i.HAL_UART_RxCpltCallback  stm32f1xx_hal_uart.o
    0x08003fc0   0x08003fc0   0x00000002   Code   RO         4421    i.HAL_UART_RxHalfCpltCallback  stm32f1xx_hal_uart.o
    0x08003fc2   0x08003fc2   0x00000002   PAD
    0x08003fc4   0x08003fc4   0x000000b2   Code   RO         4422    i.HAL_UART_Transmit  stm32f1xx_hal_uart.o
    0x08004076   0x08004076   0x00000002   PAD
    0x08004078   0x08004078   0x00000080   Code   RO         4423    i.HAL_UART_Transmit_DMA  stm32f1xx_hal_uart.o
    0x080040f8   0x080040f8   0x00000002   Code   RO         4425    i.HAL_UART_TxCpltCallback  stm32f1xx_hal_uart.o
    0x080040fa   0x080040fa   0x00000002   Code   RO         4426    i.HAL_UART_TxHalfCpltCallback  stm32f1xx_hal_uart.o
    0x080040fc   0x080040fc   0x00000014   Code   RO          342    i.IWDG_Task         freertos.o
    0x08004110   0x08004110   0x00000090   Code   RO          470    i.MX_ADC1_Init      adc.o
    0x080041a0   0x080041a0   0x0000004c   Code   RO          515    i.MX_DMA_Init       dma.o
    0x080041ec   0x080041ec   0x000000dc   Code   RO          343    i.MX_FREERTOS_Init  freertos.o
    0x080042c8   0x080042c8   0x00000180   Code   RO          318    i.MX_GPIO_Init      gpio.o
    0x08004448   0x08004448   0x0000002c   Code   RO          539    i.MX_IWDG_Init      iwdg.o
    0x08004474   0x08004474   0x00000038   Code   RO          992    i.MX_ModbusInit     small_modbus_port.o
    0x080044ac   0x080044ac   0x00000044   Code   RO          571    i.MX_SPI2_Init      spi.o
    0x080044f0   0x080044f0   0x00000038   Code   RO           18    i.MX_Suart_Init     io_uart.o
    0x08004528   0x08004528   0x000000a0   Code   RO          614    i.MX_TIM2_Init      tim.o
    0x080045c8   0x080045c8   0x00000068   Code   RO          615    i.MX_TIM3_Init      tim.o
    0x08004630   0x08004630   0x00000068   Code   RO          616    i.MX_TIM4_Init      tim.o
    0x08004698   0x08004698   0x00000040   Code   RO          673    i.MX_USART1_UART_Init  usart.o
    0x080046d8   0x080046d8   0x00000068   Code   RO          344    i.Mdbus_Task        freertos.o
    0x08004740   0x08004740   0x00000002   Code   RO          740    i.MemManage_Handler  stm32f1xx_it.o
    0x08004742   0x08004742   0x00000002   Code   RO          993    i.Modbus_CallBack   small_modbus_port.o
    0x08004744   0x08004744   0x00000002   Code   RO          994    i.Modbus_ErrorHadle  small_modbus_port.o
    0x08004746   0x08004746   0x00000002   PAD
    0x08004748   0x08004748   0x00000010   Code   RO          995    i.Modbus_Lock       small_modbus_port.o
    0x08004758   0x08004758   0x000000bc   Code   RO          924    i.Modbus_Operatex   small_modbus.o
    0x08004814   0x08004814   0x00000114   Code   RO          925    i.Modbus_Poll       small_modbus.o
    0x08004928   0x08004928   0x000000c4   Code   RO          926    i.Modbus_ReadXCoil  small_modbus.o
    0x080049ec   0x080049ec   0x00000084   Code   RO          927    i.Modbus_ReadXRegister  small_modbus.o
    0x08004a70   0x08004a70   0x00000148   Code   RO          928    i.Modbus_Recive_Check  small_modbus.o
    0x08004bb8   0x08004bb8   0x00000072   Code   RO          996    i.Modbus_Send       small_modbus_port.o
    0x08004c2a   0x08004c2a   0x00000002   PAD
    0x08004c2c   0x08004c2c   0x0000000c   Code   RO          997    i.Modbus_UnLock     small_modbus_port.o
    0x08004c38   0x08004c38   0x000000c0   Code   RO          929    i.Modbus_WriteCoil  small_modbus.o
    0x08004cf8   0x08004cf8   0x00000078   Code   RO          930    i.Modbus_WriteHoldRegister  small_modbus.o
    0x08004d70   0x08004d70   0x00000002   Code   RO          741    i.NMI_Handler       stm32f1xx_it.o
    0x08004d72   0x08004d72   0x00000008   Code   RO          345    i.Read_Io_Task      freertos.o
    0x08004d7a   0x08004d7a   0x00000002   PAD
    0x08004d7c   0x08004d7c   0x0000006c   Code   RO          346    i.Relay_Mode_Haldle  freertos.o
    0x08004de8   0x08004de8   0x0000004c   Code   RO          347    i.Shell_Task        freertos.o
    0x08004e34   0x08004e34   0x0000002c   Code   RO         6029    i.SysTick_Handler   port.o
    0x08004e60   0x08004e60   0x00000080   Code   RO          247    i.SystemClock_Config  main.o
    0x08004ee0   0x08004ee0   0x00000002   Code   RO         1736    i.SystemInit        system_stm32f1xx.o
    0x08004ee2   0x08004ee2   0x00000002   PAD
    0x08004ee4   0x08004ee4   0x0000000c   Code   RO          742    i.TIM1_UP_IRQHandler  stm32f1xx_it.o
    0x08004ef0   0x08004ef0   0x0000000c   Code   RO          743    i.TIM3_IRQHandler   stm32f1xx_it.o
    0x08004efc   0x08004efc   0x0000000c   Code   RO          744    i.TIM4_IRQHandler   stm32f1xx_it.o
    0x08004f08   0x08004f08   0x0000006c   Code   RO         3507    i.TIM_Base_SetConfig  stm32f1xx_hal_tim.o
    0x08004f74   0x08004f74   0x0000001a   Code   RO         3508    i.TIM_CCxChannelCmd  stm32f1xx_hal_tim.o
    0x08004f8e   0x08004f8e   0x00000014   Code   RO         3518    i.TIM_ETR_SetConfig  stm32f1xx_hal_tim.o
    0x08004fa2   0x08004fa2   0x00000010   Code   RO         3519    i.TIM_ITRx_SetConfig  stm32f1xx_hal_tim.o
    0x08004fb2   0x08004fb2   0x00000002   PAD
    0x08004fb4   0x08004fb4   0x00000050   Code   RO         3520    i.TIM_OC1_SetConfig  stm32f1xx_hal_tim.o
    0x08005004   0x08005004   0x00000058   Code   RO         3521    i.TIM_OC2_SetConfig  stm32f1xx_hal_tim.o
    0x0800505c   0x0800505c   0x00000058   Code   RO         3522    i.TIM_OC3_SetConfig  stm32f1xx_hal_tim.o
    0x080050b4   0x080050b4   0x00000044   Code   RO         3523    i.TIM_OC4_SetConfig  stm32f1xx_hal_tim.o
    0x080050f8   0x080050f8   0x00000022   Code   RO         3525    i.TIM_TI1_ConfigInputStage  stm32f1xx_hal_tim.o
    0x0800511a   0x0800511a   0x00000024   Code   RO         3527    i.TIM_TI2_ConfigInputStage  stm32f1xx_hal_tim.o
    0x0800513e   0x0800513e   0x00000002   Code   RO          348    i.Timer_Callback    freertos.o
    0x08005140   0x08005140   0x00000010   Code   RO         4427    i.UART_DMAAbortOnError  stm32f1xx_hal_uart.o
    0x08005150   0x08005150   0x0000004a   Code   RO         4428    i.UART_DMAError     stm32f1xx_hal_uart.o
    0x0800519a   0x0800519a   0x0000005a   Code   RO         4429    i.UART_DMAReceiveCplt  stm32f1xx_hal_uart.o
    0x080051f4   0x080051f4   0x0000001a   Code   RO         4431    i.UART_DMARxHalfCplt  stm32f1xx_hal_uart.o
    0x0800520e   0x0800520e   0x0000002e   Code   RO         4433    i.UART_DMATransmitCplt  stm32f1xx_hal_uart.o
    0x0800523c   0x0800523c   0x0000000a   Code   RO         4435    i.UART_DMATxHalfCplt  stm32f1xx_hal_uart.o
    0x08005246   0x08005246   0x00000030   Code   RO         4437    i.UART_EndRxTransfer  stm32f1xx_hal_uart.o
    0x08005276   0x08005276   0x00000012   Code   RO         4438    i.UART_EndTxTransfer  stm32f1xx_hal_uart.o
    0x08005288   0x08005288   0x000000b6   Code   RO         4439    i.UART_Receive_IT   stm32f1xx_hal_uart.o
    0x0800533e   0x0800533e   0x00000002   PAD
    0x08005340   0x08005340   0x000000b8   Code   RO         4440    i.UART_SetConfig    stm32f1xx_hal_uart.o
    0x080053f8   0x080053f8   0x00000070   Code   RO         4441    i.UART_Start_Receive_DMA  stm32f1xx_hal_uart.o
    0x08005468   0x08005468   0x00000064   Code   RO         4443    i.UART_WaitOnFlagUntilTimeout  stm32f1xx_hal_uart.o
    0x080054cc   0x080054cc   0x00000020   Code   RO          745    i.USART1_IRQHandler  stm32f1xx_it.o
    0x080054ec   0x080054ec   0x00000002   Code   RO          746    i.UsageFault_Handler  stm32f1xx_it.o
    0x080054ee   0x080054ee   0x00000002   PAD
    0x080054f0   0x080054f0   0x0000002c   Code   RO         1679    i.User_Shell_Init   shell_port.o
    0x0800551c   0x0800551c   0x00000020   Code   RO         1680    i.User_Shell_Read   shell_port.o
    0x0800553c   0x0800553c   0x00000020   Code   RO         1681    i.User_Shell_Write  shell_port.o
    0x0800555c   0x0800555c   0x00000028   Code   RO         6338    i.__ARM_fpclassify  m_ws.l(fpclassify.o)
    0x08005584   0x08005584   0x00000020   Code   RO         2573    i.__NVIC_SetPriority  stm32f1xx_hal_cortex.o
    0x080055a4   0x080055a4   0x0000000e   Code   RO         6210    i._is_digit         c_w.l(__printf_wp.o)
    0x080055b2   0x080055b2   0x0000003a   Code   RO         1059    i.get_crc16         tool.o
    0x080055ec   0x080055ec   0x0000000c   Code   RO         5625    i.inHandlerMode     cmsis_os.o
    0x080055f8   0x080055f8   0x00000002   Code   RO          998    i.lhc_console_transfer  small_modbus_port.o
    0x080055fa   0x080055fa   0x00000002   PAD
    0x080055fc   0x080055fc   0x00000048   Code   RO          248    i.main              main.o
    0x08005644   0x08005644   0x0000000c   Code   RO         5627    i.makeFreeRtosPriority  cmsis_os.o
    0x08005650   0x08005650   0x0000000e   Code   RO         5629    i.osDelay           cmsis_os.o
    0x0800565e   0x0800565e   0x0000000a   Code   RO         5632    i.osKernelStart     cmsis_os.o
    0x08005668   0x08005668   0x00000026   Code   RO         5641    i.osMessageCreate   cmsis_os.o
    0x0800568e   0x0800568e   0x00000010   Code   RO         5647    i.osMutexCreate     cmsis_os.o
    0x0800569e   0x0800569e   0x00000002   PAD
    0x080056a0   0x080056a0   0x00000050   Code   RO         5649    i.osMutexRelease    cmsis_os.o
    0x080056f0   0x080056f0   0x00000064   Code   RO         5650    i.osMutexWait       cmsis_os.o
    0x08005754   0x08005754   0x00000004   Code   RO         5656    i.osRecursiveMutexRelease  cmsis_os.o
    0x08005758   0x08005758   0x00000004   Code   RO         5657    i.osRecursiveMutexWait  cmsis_os.o
    0x0800575c   0x0800575c   0x0000003e   Code   RO         5658    i.osSemaphoreCreate  cmsis_os.o
    0x0800579a   0x0800579a   0x00000002   PAD
    0x0800579c   0x0800579c   0x00000050   Code   RO         5661    i.osSemaphoreRelease  cmsis_os.o
    0x080057ec   0x080057ec   0x00000064   Code   RO         5662    i.osSemaphoreWait   cmsis_os.o
    0x08005850   0x08005850   0x00000054   Code   RO         5666    i.osThreadCreate    cmsis_os.o
    0x080058a4   0x080058a4   0x00000040   Code   RO         5677    i.osTimerCreate     cmsis_os.o
    0x080058e4   0x080058e4   0x0000005c   Code   RO         5679    i.osTimerStart      cmsis_os.o
    0x08005940   0x08005940   0x00000070   Code   RO         5197    i.prvAddCurrentTaskToDelayedList  tasks.o
    0x080059b0   0x080059b0   0x000000d0   Code   RO         5198    i.prvAddNewTaskToReadyList  tasks.o
    0x08005a80   0x08005a80   0x00000058   Code   RO         5508    i.prvCheckForValidListAndQueue  timers.o
    0x08005ad8   0x08005ad8   0x00000026   Code   RO         4883    i.prvCopyDataFromQueue  queue.o
    0x08005afe   0x08005afe   0x0000006c   Code   RO         4884    i.prvCopyDataToQueue  queue.o
    0x08005b6a   0x08005b6a   0x00000022   Code   RO         5199    i.prvDeleteTCB      tasks.o
    0x08005b8c   0x08005b8c   0x0000004c   Code   RO         5979    i.prvHeapInit       heap_4.o
    0x08005bd8   0x08005bd8   0x00000060   Code   RO         5200    i.prvIdleTask       tasks.o
    0x08005c38   0x08005c38   0x00000016   Code   RO         4885    i.prvInitialiseMutex  queue.o
    0x08005c4e   0x08005c4e   0x00000016   Code   RO         4886    i.prvInitialiseNewQueue  queue.o
    0x08005c64   0x08005c64   0x0000008a   Code   RO         5201    i.prvInitialiseNewTask  tasks.o
    0x08005cee   0x08005cee   0x00000034   Code   RO         5509    i.prvInitialiseNewTimer  timers.o
    0x08005d22   0x08005d22   0x00000002   PAD
    0x08005d24   0x08005d24   0x0000004c   Code   RO         5980    i.prvInsertBlockIntoFreeList  heap_4.o
    0x08005d70   0x08005d70   0x00000038   Code   RO         5510    i.prvInsertTimerInActiveList  timers.o
    0x08005da8   0x08005da8   0x0000001c   Code   RO         4887    i.prvIsQueueEmpty   queue.o
    0x08005dc4   0x08005dc4   0x0000009c   Code   RO         5511    i.prvProcessReceivedCommands  timers.o
    0x08005e60   0x08005e60   0x000000a4   Code   RO         5512    i.prvProcessTimerOrBlockTask  timers.o
    0x08005f04   0x08005f04   0x00000020   Code   RO         5202    i.prvResetNextTaskUnblockTime  tasks.o
    0x08005f24   0x08005f24   0x00000028   Code   RO         5513    i.prvSampleTimeNow  timers.o
    0x08005f4c   0x08005f4c   0x00000058   Code   RO         5514    i.prvSwitchTimerLists  timers.o
    0x08005fa4   0x08005fa4   0x00000010   Code   RO         6030    i.prvTaskExitError  port.o
    0x08005fb4   0x08005fb4   0x00000024   Code   RO         5515    i.prvTimerTask      timers.o
    0x08005fd8   0x08005fd8   0x0000006a   Code   RO         4888    i.prvUnlockQueue    queue.o
    0x08006042   0x08006042   0x00000002   PAD
    0x08006044   0x08006044   0x00000098   Code   RO         5981    i.pvPortMalloc      heap_4.o
    0x080060dc   0x080060dc   0x00000018   Code   RO         5204    i.pvTaskIncrementMutexHeldCount  tasks.o
    0x080060f4   0x080060f4   0x00000024   Code   RO         6031    i.pxPortInitialiseStack  port.o
    0x08006118   0x08006118   0x00000006   Code   RO         1107    i.shellBackspace    shell.o
    0x0800611e   0x0800611e   0x0000002e   Code   RO         1108    i.shellCheckPermission  shell.o
    0x0800614c   0x0800614c   0x0000001c   Code   RO         1109    i.shellClear        shell.o
    0x08006168   0x08006168   0x00000030   Code   RO         1110    i.shellClearCommandLine  shell.o
    0x08006198   0x08006198   0x00000014   Code   RO         1111    i.shellCmds         shell.o
    0x080061ac   0x080061ac   0x00000008   Code   RO         1112    i.shellDelete       shell.o
    0x080061b4   0x080061b4   0x000000d6   Code   RO         1113    i.shellDeleteByte   shell.o
    0x0800628a   0x0800628a   0x00000002   PAD
    0x0800628c   0x0800628c   0x0000001c   Code   RO         1114    i.shellDeleteCommandLine  shell.o
    0x080062a8   0x080062a8   0x00000008   Code   RO         1115    i.shellDown         shell.o
    0x080062b0   0x080062b0   0x00000014   Code   RO         1116    i.shellEnter        shell.o
    0x080062c4   0x080062c4   0x00000090   Code   RO         1117    i.shellExec         shell.o
    0x08006354   0x08006354   0x00000050   Code   RO         1118    i.shellExecute      shell.o
    0x080063a4   0x080063a4   0x0000003c   Code   RO         1645    i.shellExtParseChar  shell_ext.o
    0x080063e0   0x080063e0   0x00000112   Code   RO         1646    i.shellExtParseNumber  shell_ext.o
    0x080064f2   0x080064f2   0x000000a0   Code   RO         1647    i.shellExtParsePara  shell_ext.o
    0x08006592   0x08006592   0x000000c6   Code   RO         1648    i.shellExtRun       shell_ext.o
    0x08006658   0x08006658   0x00000004   Code   RO         1119    i.shellGetCommandDesc  shell.o
    0x0800665c   0x0800665c   0x00000038   Code   RO         1120    i.shellGetCommandName  shell.o
    0x08006694   0x08006694   0x00000028   Code   RO         1121    i.shellGetCurrent   shell.o
    0x080066bc   0x080066bc   0x0000003e   Code   RO         1122    i.shellGetVarValue  shell.o
    0x080066fa   0x080066fa   0x00000002   PAD
    0x080066fc   0x080066fc   0x0000011c   Code   RO         1123    i.shellHandler      shell.o
    0x08006818   0x08006818   0x00000028   Code   RO         1124    i.shellHelp         shell.o
    0x08006840   0x08006840   0x00000098   Code   RO         1125    i.shellHistory      shell.o
    0x080068d8   0x080068d8   0x00000068   Code   RO         1126    i.shellHistoryAdd   shell.o
    0x08006940   0x08006940   0x0000009c   Code   RO         1127    i.shellInit         shell.o
    0x080069dc   0x080069dc   0x000000dc   Code   RO         1128    i.shellInsertByte   shell.o
    0x08006ab8   0x08006ab8   0x00000014   Code   RO         1129    i.shellKeys         shell.o
    0x08006acc   0x08006acc   0x00000020   Code   RO         1130    i.shellLeft         shell.o
    0x08006aec   0x08006aec   0x00000012   Code   RO         1131    i.shellListAll      shell.o
    0x08006afe   0x08006afe   0x00000002   PAD
    0x08006b00   0x08006b00   0x0000004c   Code   RO         1132    i.shellListCommand  shell.o
    0x08006b4c   0x08006b4c   0x000000f4   Code   RO         1133    i.shellListItem     shell.o
    0x08006c40   0x08006c40   0x00000050   Code   RO         1134    i.shellListKey      shell.o
    0x08006c90   0x08006c90   0x00000050   Code   RO         1135    i.shellListUser     shell.o
    0x08006ce0   0x08006ce0   0x00000050   Code   RO         1136    i.shellListVar      shell.o
    0x08006d30   0x08006d30   0x00000010   Code   RO         1137    i.shellNormalInput  shell.o
    0x08006d40   0x08006d40   0x00000078   Code   RO         1138    i.shellParserParam  shell.o
    0x08006db8   0x08006db8   0x00000034   Code   RO         1139    i.shellPrint        shell.o
    0x08006dec   0x08006dec   0x00000020   Code   RO         1140    i.shellRight        shell.o
    0x08006e0c   0x08006e0c   0x000000b8   Code   RO         1142    i.shellRunCommand   shell.o
    0x08006ec4   0x08006ec4   0x0000006e   Code   RO         1143    i.shellSeekCommand  shell.o
    0x08006f32   0x08006f32   0x00000002   PAD
    0x08006f34   0x08006f34   0x00000060   Code   RO         1144    i.shellSetUser      shell.o
    0x08006f94   0x08006f94   0x00000058   Code   RO         1145    i.shellSetVar       shell.o
    0x08006fec   0x08006fec   0x00000070   Code   RO         1146    i.shellSetVarValue  shell.o
    0x0800705c   0x0800705c   0x000000b0   Code   RO         1147    i.shellShowVar      shell.o
    0x0800710c   0x0800710c   0x00000024   Code   RO         1148    i.shellStringCompare  shell.o
    0x08007130   0x08007130   0x00000018   Code   RO         1149    i.shellStringCopy   shell.o
    0x08007148   0x08007148   0x00000148   Code   RO         1150    i.shellTab          shell.o
    0x08007290   0x08007290   0x00000024   Code   RO         1151    i.shellTask         shell.o
    0x080072b4   0x080072b4   0x0000004c   Code   RO         1152    i.shellToDec        shell.o
    0x08007300   0x08007300   0x0000002a   Code   RO         1153    i.shellToHex        shell.o
    0x0800732a   0x0800732a   0x00000006   Code   RO         1154    i.shellUp           shell.o
    0x08007330   0x08007330   0x00000014   Code   RO         1155    i.shellUsers        shell.o
    0x08007344   0x08007344   0x00000014   Code   RO         1156    i.shellVars         shell.o
    0x08007358   0x08007358   0x00000058   Code   RO         1157    i.shellWriteCommandHelp  shell.o
    0x080073b0   0x080073b0   0x00000074   Code   RO         1158    i.shellWriteEndLine  shell.o
    0x08007424   0x08007424   0x0000005c   Code   RO         1159    i.shellWritePrompt  shell.o
    0x08007480   0x08007480   0x00000080   Code   RO         1160    i.shellWriteReturnValue  shell.o
    0x08007500   0x08007500   0x00000026   Code   RO         1161    i.shellWriteString  shell.o
    0x08007526   0x08007526   0x00000050   Code   RO         1061    i.uartx_recive_handle  tool.o
    0x08007576   0x08007576   0x00000002   PAD
    0x08007578   0x08007578   0x00000018   Code   RO         1682    i.userShellLock     shell_port.o
    0x08007590   0x08007590   0x00000014   Code   RO         1683    i.userShellUnlock   shell_port.o
    0x080075a4   0x080075a4   0x00000026   Code   RO         4843    i.uxListRemove      list.o
    0x080075ca   0x080075ca   0x00000002   PAD
    0x080075cc   0x080075cc   0x00000014   Code   RO          349    i.vApplicationGetIdleTaskMemory  freertos.o
    0x080075e0   0x080075e0   0x00000018   Code   RO          350    i.vApplicationGetTimerTaskMemory  freertos.o
    0x080075f8   0x080075f8   0x00000028   Code   RO          351    i.vApplicationStackOverflowHook  freertos.o
    0x08007620   0x08007620   0x00000016   Code   RO         4844    i.vListInitialise   list.o
    0x08007636   0x08007636   0x00000006   Code   RO         4845    i.vListInitialiseItem  list.o
    0x0800763c   0x0800763c   0x00000030   Code   RO         4846    i.vListInsert       list.o
    0x0800766c   0x0800766c   0x00000018   Code   RO         4847    i.vListInsertEnd    list.o
    0x08007684   0x08007684   0x0000001c   Code   RO         6033    i.vPortEnterCritical  port.o
    0x080076a0   0x080076a0   0x00000014   Code   RO         6034    i.vPortExitCritical  port.o
    0x080076b4   0x080076b4   0x00000040   Code   RO         5982    i.vPortFree         heap_4.o
    0x080076f4   0x080076f4   0x00000024   Code   RO         6035    i.vPortSetupTimerInterrupt  port.o
    0x08007718   0x08007718   0x00000028   Code   RO         4892    i.vQueueAddToRegistry  queue.o
    0x08007740   0x08007740   0x00000044   Code   RO         4895    i.vQueueWaitForMessageRestricted  queue.o
    0x08007784   0x08007784   0x00000030   Code   RO         5210    i.vTaskDelay        tasks.o
    0x080077b4   0x080077b4   0x00000010   Code   RO         5213    i.vTaskInternalSetTimeOutState  tasks.o
    0x080077c4   0x080077c4   0x0000000c   Code   RO         5214    i.vTaskMissedYield  tasks.o
    0x080077d0   0x080077d0   0x00000020   Code   RO         5216    i.vTaskPlaceOnEventList  tasks.o
    0x080077f0   0x080077f0   0x00000028   Code   RO         5217    i.vTaskPlaceOnEventListRestricted  tasks.o
    0x08007818   0x08007818   0x00000080   Code   RO         5219    i.vTaskPriorityDisinheritAfterTimeout  tasks.o
    0x08007898   0x08007898   0x00000074   Code   RO         5224    i.vTaskStartScheduler  tasks.o
    0x0800790c   0x0800790c   0x00000010   Code   RO         5226    i.vTaskSuspendAll   tasks.o
    0x0800791c   0x0800791c   0x00000070   Code   RO         5227    i.vTaskSwitchContext  tasks.o
    0x0800798c   0x0800798c   0x00000030   Code   RO         6036    i.xPortStartScheduler  port.o
    0x080079bc   0x080079bc   0x00000016   Code   RO         4896    i.xQueueCreateMutex  queue.o
    0x080079d2   0x080079d2   0x0000001a   Code   RO         4897    i.xQueueCreateMutexStatic  queue.o
    0x080079ec   0x080079ec   0x00000036   Code   RO         4898    i.xQueueGenericCreate  queue.o
    0x08007a22   0x08007a22   0x0000001a   Code   RO         4899    i.xQueueGenericCreateStatic  queue.o
    0x08007a3c   0x08007a3c   0x00000074   Code   RO         4900    i.xQueueGenericReset  queue.o
    0x08007ab0   0x08007ab0   0x000000f8   Code   RO         4901    i.xQueueGenericSend  queue.o
    0x08007ba8   0x08007ba8   0x00000066   Code   RO         4902    i.xQueueGenericSendFromISR  queue.o
    0x08007c0e   0x08007c0e   0x00000056   Code   RO         4903    i.xQueueGiveFromISR  queue.o
    0x08007c64   0x08007c64   0x000000f0   Code   RO         4908    i.xQueueReceive     queue.o
    0x08007d54   0x08007d54   0x00000064   Code   RO         4909    i.xQueueReceiveFromISR  queue.o
    0x08007db8   0x08007db8   0x00000128   Code   RO         4910    i.xQueueSemaphoreTake  queue.o
    0x08007ee0   0x08007ee0   0x00000050   Code   RO         5228    i.xTaskCheckForTimeOut  tasks.o
    0x08007f30   0x08007f30   0x0000005a   Code   RO         5229    i.xTaskCreate       tasks.o
    0x08007f8a   0x08007f8a   0x00000036   Code   RO         5230    i.xTaskCreateStatic  tasks.o
    0x08007fc0   0x08007fc0   0x0000001c   Code   RO         5234    i.xTaskGetSchedulerState  tasks.o
    0x08007fdc   0x08007fdc   0x0000000c   Code   RO         5235    i.xTaskGetTickCount  tasks.o
    0x08007fe8   0x08007fe8   0x000000b4   Code   RO         5237    i.xTaskIncrementTick  tasks.o
    0x0800809c   0x0800809c   0x00000070   Code   RO         5240    i.xTaskPriorityDisinherit  tasks.o
    0x0800810c   0x0800810c   0x00000094   Code   RO         5241    i.xTaskPriorityInherit  tasks.o
    0x080081a0   0x080081a0   0x00000064   Code   RO         5242    i.xTaskRemoveFromEventList  tasks.o
    0x08008204   0x08008204   0x000000b4   Code   RO         5243    i.xTaskResumeAll    tasks.o
    0x080082b8   0x080082b8   0x00000034   Code   RO         5518    i.xTimerCreate      timers.o
    0x080082ec   0x080082ec   0x0000001a   Code   RO         5519    i.xTimerCreateStatic  timers.o
    0x08008306   0x08008306   0x00000002   PAD
    0x08008308   0x08008308   0x00000054   Code   RO         5520    i.xTimerCreateTimerTask  timers.o
    0x0800835c   0x0800835c   0x00000048   Code   RO         5521    i.xTimerGenericCommand  timers.o
    0x080083a4   0x080083a4   0x0000002c   Code   RO         6326    locale$$code        c_w.l(lc_numeric_c.o)
    0x080083d0   0x080083d0   0x0000002c   Code   RO         6346    locale$$code        c_w.l(lc_ctype_c.o)
    0x080083fc   0x080083fc   0x00000184   Code   RO         6134    x$fpl$fdiv          fz_ws.l(fdiv.o)
    0x08008580   0x08008580   0x0000003e   Code   RO         6137    x$fpl$ffixu         fz_ws.l(ffixu.o)
    0x080085be   0x080085be   0x00000002   PAD
    0x080085c0   0x080085c0   0x00000030   Code   RO         6142    x$fpl$fflt          fz_ws.l(fflt_clz.o)
    0x080085f0   0x080085f0   0x00000026   Code   RO         6141    x$fpl$ffltu         fz_ws.l(fflt_clz.o)
    0x08008616   0x08008616   0x00000002   PAD
    0x08008618   0x08008618   0x00000102   Code   RO         6147    x$fpl$fmul          fz_ws.l(fmul.o)
    0x0800871a   0x0800871a   0x0000008c   Code   RO         6243    x$fpl$fnaninf       fz_ws.l(fnaninf.o)
    0x080087a6   0x080087a6   0x0000000a   Code   RO         6245    x$fpl$fretinf       fz_ws.l(fretinf.o)
    0x080087b0   0x080087b0   0x00000004   Code   RO         6247    x$fpl$printf1       fz_ws.l(printf1.o)
    0x080087b4   0x080087b4   0x00000004   Code   RO         6249    x$fpl$printf2       fz_ws.l(printf2.o)
    0x080087b8   0x080087b8   0x00000000   Code   RO         6255    x$fpl$usenofp       fz_ws.l(usenofp.o)
    0x080087b8   0x080087b8   0x00000005   Data   RO          353    .constdata          freertos.o
    0x080087bd   0x080087bd   0x00000007   Data   RO          354    .constdata          freertos.o
    0x080087c4   0x080087c4   0x00000088   Data   RO          355    .constdata          freertos.o
    0x0800884c   0x0800884c   0x00000010   Data   RO          931    .constdata          small_modbus.o
    0x0800885c   0x0800885c   0x0000008c   Data   RO         1000    .constdata          small_modbus_port.o
    0x080088e8   0x080088e8   0x00000004   Data   RO         1163    .constdata          shell.o
    0x080088ec   0x080088ec   0x00000005   Data   RO         1164    .constdata          shell.o
    0x080088f1   0x080088f1   0x0000000d   Data   RO         1165    .constdata          shell.o
    0x080088fe   0x080088fe   0x00000007   Data   RO         1166    .constdata          shell.o
    0x08008905   0x08008905   0x00000008   Data   RO         1167    .constdata          shell.o
    0x0800890d   0x0800890d   0x00000003   Data   RO         1168    .constdata          shell.o
    0x08008910   0x08008910   0x00000005   Data   RO         1169    .constdata          shell.o
    0x08008915   0x08008915   0x00000006   Data   RO         1170    .constdata          shell.o
    0x0800891b   0x0800891b   0x00000005   Data   RO         1171    .constdata          shell.o
    0x08008920   0x08008920   0x00000004   Data   RO         1172    .constdata          shell.o
    0x08008924   0x08008924   0x0000000a   Data   RO         1173    .constdata          shell.o
    0x0800892e   0x0800892e   0x0000000a   Data   RO         1174    .constdata          shell.o
    0x08008938   0x08008938   0x00000007   Data   RO         1175    .constdata          shell.o
    0x0800893f   0x0800893f   0x00000006   Data   RO         1176    .constdata          shell.o
    0x08008945   0x08008945   0x00000006   Data   RO         1177    .constdata          shell.o
    0x0800894b   0x0800894b   0x00000005   Data   RO         1178    .constdata          shell.o
    0x08008950   0x08008950   0x0000001d   Data   RO         1179    .constdata          shell.o
    0x0800896d   0x0800896d   0x00000006   Data   RO         1180    .constdata          shell.o
    0x08008973   0x08008973   0x0000000e   Data   RO         1181    .constdata          shell.o
    0x08008981   0x08008981   0x00000005   Data   RO         1182    .constdata          shell.o
    0x08008986   0x08008986   0x0000000d   Data   RO         1183    .constdata          shell.o
    0x08008993   0x08008993   0x00000005   Data   RO         1184    .constdata          shell.o
    0x08008998   0x08008998   0x0000000d   Data   RO         1185    .constdata          shell.o
    0x080089a5   0x080089a5   0x00000005   Data   RO         1186    .constdata          shell.o
    0x080089aa   0x080089aa   0x0000000d   Data   RO         1187    .constdata          shell.o
    0x080089b7   0x080089b7   0x00000006   Data   RO         1188    .constdata          shell.o
    0x080089bd   0x080089bd   0x0000000e   Data   RO         1189    .constdata          shell.o
    0x080089cb   0x080089cb   0x00000005   Data   RO         1190    .constdata          shell.o
    0x080089d0   0x080089d0   0x0000001b   Data   RO         1191    .constdata          shell.o
    0x080089eb   0x080089eb   0x00000001   PAD
    0x080089ec   0x080089ec   0x00000010   Data   RO         1192    .constdata          shell.o
    0x080089fc   0x080089fc   0x00000010   Data   RO         1737    .constdata          system_stm32f1xx.o
    0x08008a0c   0x08008a0c   0x00000008   Data   RO         1738    .constdata          system_stm32f1xx.o
    0x08008a14   0x08008a14   0x00000008   Data   RO         6169    .constdata          c_w.l(_printf_wctomb.o)
    0x08008a1c   0x08008a1c   0x00000028   Data   RO         6198    .constdata          c_w.l(_printf_hex_int_ll_ptr.o)
    0x08008a44   0x08008a44   0x00000011   Data   RO         6218    .constdata          c_w.l(__printf_flags_ss_wp.o)
    0x08008a55   0x08008a55   0x00000026   Data   RO         6278    .constdata          c_w.l(_printf_fp_hex.o)
    0x08008a7b   0x08008a7b   0x00000001   PAD
    0x08008a7c   0x08008a7c   0x00000094   Data   RO         6301    .constdata          c_w.l(bigflt0.o)
    0x08008b10   0x08008b10   0x0000001e   Data   RO          356    .conststring        freertos.o
    0x08008b2e   0x08008b2e   0x00000002   PAD
    0x08008b30   0x08008b30   0x00000047   Data   RO          932    .conststring        small_modbus.o
    0x08008b77   0x08008b77   0x00000001   PAD
    0x08008b78   0x08008b78   0x000002b9   Data   RO         1193    .conststring        shell.o
    0x08008e31   0x08008e31   0x00000003   PAD
    0x08008e34   0x08008e34   0x00000020   Data   RO         6470    Region$$Table       anon$$obj.o
    0x08008e54   0x08008e54   0x0000001c   Data   RO         6325    locale$$data        c_w.l(lc_numeric_c.o)
    0x08008e70   0x08008e70   0x00000110   Data   RO         6345    locale$$data        c_w.l(lc_ctype_c.o)
    0x08008f80   0x08008f80   0x00000010   Data   RO          359    shellCommand        freertos.o
    0x08008f90   0x08008f90   0x00000130   Data   RO         1195    shellCommand        shell.o


    Execution Region RW_IRAM1 (Exec base: 0x20000000, Load base: 0x080090c0, Size: 0x00004f30, Max: 0x00005000, ABSOLUTE)

    Exec Addr    Load Addr    Size         Type   Attr      Idx    E Section Name        Object

    0x20000000   0x080090c0   0x00000001   Data   RW          249    .data               main.o
    0x20000001   0x080090c1   0x00000001   Data   RW          357    .data               freertos.o
    0x20000002   0x080090c2   0x00000002   PAD
    0x20000004   0x080090c4   0x00000024   Data   RW          358    .data               freertos.o
    0x20000028   0x080090e8   0x00000004   Data   RW         1001    .data               small_modbus_port.o
    0x2000002c   0x080090ec   0x00000058   Data   RW         1194    .data               shell.o
    0x20000084   0x08009144   0x00000004   Data   RW         1739    .data               system_stm32f1xx.o
    0x20000088   0x08009148   0x0000000c   Data   RW         2110    .data               stm32f1xx_hal.o
    0x20000094   0x08009154   0x0000003c   Data   RW         5246    .data               tasks.o
    0x200000d0   0x08009190   0x00000014   Data   RW         5527    .data               timers.o
    0x200000e4   0x080091a4   0x00000018   Data   RW         5987    .data               heap_4.o
    0x200000fc   0x080091bc   0x00000004   Data   RW         6037    .data               port.o
    0x20000100        -       0x00000034   Zero   RW           19    .bss                io_uart.o
    0x20000134        -       0x000005a8   Zero   RW          352    .bss                freertos.o
    0x200006dc        -       0x000000b4   Zero   RW          471    .bss                adc.o
    0x20000790        -       0x0000000c   Zero   RW          540    .bss                iwdg.o
    0x2000079c        -       0x00000058   Zero   RW          572    .bss                spi.o
    0x200007f4        -       0x000000d8   Zero   RW          617    .bss                tim.o
    0x200008cc        -       0x000000cc   Zero   RW          674    .bss                usart.o
    0x20000998        -       0x00000048   Zero   RW          886    .bss                stm32f1xx_hal_timebase_tim.o
    0x200009e0        -       0x00000140   Zero   RW          999    .bss                small_modbus_port.o
    0x20000b20        -       0x0000009d   Zero   RW         1162    .bss                shell.o
    0x20000bbd   0x080091c0   0x00000003   PAD
    0x20000bc0        -       0x00000074   Zero   RW         1684    .bss                shell_port.o
    0x20000c34        -       0x00000080   Zero   RW         1685    .bss                shell_port.o
    0x20000cb4        -       0x00000040   Zero   RW         4911    .bss                queue.o
    0x20000cf4        -       0x000000f0   Zero   RW         5245    .bss                tasks.o
    0x20000de4        -       0x000000e8   Zero   RW         5526    .bss                timers.o
    0x20000ecc        -       0x00003800   Zero   RW         5986    .bss                heap_4.o
    0x200046cc        -       0x00000060   Zero   RW         6341    .bss                c_w.l(libspace.o)
    0x2000472c   0x080091c0   0x00000004   PAD
    0x20004730        -       0x00000000   Zero   RW            2    HEAP                startup_stm32f103xb.o
    0x20004730        -       0x00000800   Zero   RW            1    STACK               startup_stm32f103xb.o


==============================================================================

Image component sizes


      Code (inc. data)   RO Data    RW Data    ZI Data      Debug   Object Name

       288         32          0          0        180       1882   adc.o
       772         28          0          0          0      20285   cmsis_os.o
        76          4          0          0          0        738   dma.o
         0          0          0          0          0      18088   event_groups.o
       622         76        194         37       1448      16971   freertos.o
       384         22          0          0          0       1043   gpio.o
       368         24          0         24      14336       4131   heap_4.o
       520         44          0          0         52     489271   io_uart.o
        44          8          0          0         12        679   iwdg.o
       138          0          0          0          0      11998   list.o
       728         34          0          1          0       4462   main.o
       378         44          0          4          0       9528   port.o
      1748         24          0          0         64      19327   queue.o
      4434        244       1276         88        157      46378   shell.o
       692          8          0          0          0       5442   shell_ext.o
       152         42          0          0        244       3637   shell_port.o
      1776        402         87          0          0       8239   small_modbus.o
       204         16        140          4        320       6740   small_modbus_port.o
       164         22          0          0         88       1577   spi.o
        60         22        236          0       2048        804   startup_stm32f103xb.o
        64         14          0         12          0       4598   stm32f1xx_hal.o
       710         30          0          0          0       4042   stm32f1xx_hal_adc.o
       192         14          0          0          0      28812   stm32f1xx_hal_cortex.o
       808         36          0          0          0       4946   stm32f1xx_hal_dma.o
       526         40          0          0          0       4587   stm32f1xx_hal_gpio.o
       102          0          0          0          0       1815   stm32f1xx_hal_iwdg.o
        72         10          0          0          0        834   stm32f1xx_hal_msp.o
      1336        110          0          0          0       5777   stm32f1xx_hal_rcc.o
       236         12          0          0          0       1372   stm32f1xx_hal_rcc_ex.o
       178          0          0          0          0       1219   stm32f1xx_hal_spi.o
      1816         58          0          0          0      16293   stm32f1xx_hal_tim.o
       108         12          0          0          0       2345   stm32f1xx_hal_tim_ex.o
       140         22          0          0         72       1379   stm32f1xx_hal_timebase_tim.o
      1976         38          0          0          0      16987   stm32f1xx_hal_uart.o
       178         44          0          0          0       7723   stm32f1xx_it.o
         0          0          0          0          0       8640   stream_buffer.o
         2          0         24          4          0       1075   system_stm32f1xx.o
      2148        182          0         60        240      39805   tasks.o
       584         52          0          0        216       3618   tim.o
       914         80          0         20        232      11271   timers.o
       138          0          0          0          0       4010   tool.o
       312         34          0          0        204       1860   usart.o

    ----------------------------------------------------------------------
     26154       1884       1996        256      19916     844228   Object Totals
         0          0         32          0          0          0   (incl. Generated)
        66          0          7          2          3          0   (incl. Padding)

    ----------------------------------------------------------------------

      Code (inc. data)   RO Data    RW Data    ZI Data      Debug   Library Member Name

         8          0          0          0          0         68   __main.o
       392          4         17          0          0         92   __printf_flags_ss_wp.o
        14          0          0          0          0         68   __printf_wp.o
         0          0          0          0          0          0   __rtentry.o
        12          0          0          0          0          0   __rtentry2.o
         6          0          0          0          0          0   __rtentry4.o
        52          8          0          0          0          0   __scatter.o
        26          0          0          0          0          0   __scatter_copy.o
        28          0          0          0          0          0   __scatter_zi.o
         6          0          0          0          0          0   _printf_a.o
         6          0          0          0          0          0   _printf_c.o
        44          0          0          0          0        108   _printf_char.o
        48          6          0          0          0         96   _printf_char_common.o
        40          0          0          0          0         68   _printf_charcount.o
         6          0          0          0          0          0   _printf_d.o
       120         16          0          0          0         92   _printf_dec.o
         6          0          0          0          0          0   _printf_e.o
         6          0          0          0          0          0   _printf_f.o
      1054          0          0          0          0        216   _printf_fp_dec.o
       764          8         38          0          0        100   _printf_fp_hex.o
       128         16          0          0          0         84   _printf_fp_infnan.o
         6          0          0          0          0          0   _printf_g.o
       148          4         40          0          0        160   _printf_hex_int_ll_ptr.o
         6          0          0          0          0          0   _printf_i.o
       178          0          0          0          0         88   _printf_intcommon.o
        10          0          0          0          0          0   _printf_l.o
         6          0          0          0          0          0   _printf_lc.o
        10          0          0          0          0          0   _printf_ll.o
         6          0          0          0          0          0   _printf_lld.o
         6          0          0          0          0          0   _printf_lli.o
         6          0          0          0          0          0   _printf_llo.o
         6          0          0          0          0          0   _printf_llu.o
         6          0          0          0          0          0   _printf_llx.o
       124         16          0          0          0         92   _printf_longlong_dec.o
         6          0          0          0          0          0   _printf_ls.o
         6          0          0          0          0          0   _printf_n.o
         6          0          0          0          0          0   _printf_o.o
       112         10          0          0          0        124   _printf_oct_int_ll.o
         6          0          0          0          0          0   _printf_p.o
        78          0          0          0          0        108   _printf_pad.o
         0          0          0          0          0          0   _printf_percent.o
         4          0          0          0          0          0   _printf_percent_end.o
         6          0          0          0          0          0   _printf_s.o
        82          0          0          0          0         80   _printf_str.o
        36          0          0          0          0         84   _printf_truncate.o
         6          0          0          0          0          0   _printf_u.o
        44          0          0          0          0        108   _printf_wchar.o
       188          6          8          0          0         92   _printf_wctomb.o
         6          0          0          0          0          0   _printf_x.o
        16          0          0          0          0         68   _snputc.o
        10          0          0          0          0         68   _sputc.o
        64          0          0          0          0         92   _wcrtomb.o
        16          0          0          0          0         68   aeabi_memset.o
       228          4        148          0          0         96   bigflt0.o
      1936        128          0          0          0        672   btod.o
        18          0          0          0          0         80   exit.o
         6          0          0          0          0        152   heapauxi.o
         0          0          0          0          0          0   indicate_semi.o
        44         10        272          0          0         76   lc_ctype_c.o
        44         10         28          0          0         76   lc_numeric_c.o
         2          0          0          0          0          0   libinit.o
        30          0          0          0          0          0   libinit2.o
         2          0          0          0          0          0   libshutdown.o
         2          0          0          0          0          0   libshutdown2.o
         8          4          0          0         96         68   libspace.o
       138          0          0          0          0         80   lludiv10.o
         8          0          0          0          0         76   memcpy.o
        16          4          0          0          0         76   rt_ctype_table.o
         8          4          0          0          0         68   rt_locale_intlibspace.o
        68          0          0          0          0         68   rt_memclr.o
        78          0          0          0          0         80   rt_memclr_w.o
       138          0          0          0          0         68   rt_memcpy_v6.o
       100          0          0          0          0         80   rt_memcpy_w.o
         2          0          0          0          0          0   rtexit.o
        10          0          0          0          0          0   rtexit2.o
       128          0          0          0          0         68   strcmpv7m.o
        62          0          0          0          0         76   strlen.o
       150          0          0          0          0         80   strncmp.o
        12          4          0          0          0         68   sys_exit.o
        74          0          0          0          0         80   sys_stackheap_outer.o
         2          0          0          0          0         68   use_no_semi.o
        52          4          0          0          0         80   vsnprintf.o
       388         76          0          0          0         96   fdiv.o
        62          4          0          0          0         84   ffixu.o
        86          0          0          0          0        136   fflt_clz.o
       258          4          0          0          0         84   fmul.o
       140          4          0          0          0         84   fnaninf.o
        10          0          0          0          0         68   fretinf.o
         4          0          0          0          0         68   printf1.o
         4          0          0          0          0         68   printf2.o
         0          0          0          0          0          0   usenofp.o
        40          0          0          0          0         68   fpclassify.o

    ----------------------------------------------------------------------
      8354        354        552          0        100       5316   Library Totals
        20          0          1          0          4          0   (incl. Padding)

    ----------------------------------------------------------------------

      Code (inc. data)   RO Data    RW Data    ZI Data      Debug   Library Name

      7342        266        551          0         96       4560   c_w.l
       952         88          0          0          0        688   fz_ws.l
        40          0          0          0          0         68   m_ws.l

    ----------------------------------------------------------------------
      8354        354        552          0        100       5316   Library Totals

    ----------------------------------------------------------------------

==============================================================================


      Code (inc. data)   RO Data    RW Data    ZI Data      Debug   

     34508       2238       2548        256      20016     830768   Grand Totals
     34508       2238       2548        256      20016     830768   ELF Image Totals
     34508       2238       2548        256          0          0   ROM Totals

==============================================================================

    Total RO  Size (Code + RO Data)                37056 (  36.19kB)
    Total RW  Size (RW Data + ZI Data)             20272 (  19.80kB)
    Total ROM Size (Code + RO Data + RW Data)      37312 (  36.44kB)

==============================================================================

