Component: ARM Compiler 5.06 update 6 (build 750) Tool: armlink [4d35ed]

==============================================================================

Section Cross References

    startup_stm32h743xx.o(STACK) refers (Special) to heapauxi.o(.text) for __use_two_region_memory
    startup_stm32h743xx.o(HEAP) refers (Special) to heapauxi.o(.text) for __use_two_region_memory
    startup_stm32h743xx.o(RESET) refers (Special) to heapauxi.o(.text) for __use_two_region_memory
    startup_stm32h743xx.o(RESET) refers to startup_stm32h743xx.o(STACK) for __initial_sp
    startup_stm32h743xx.o(RESET) refers to startup_stm32h743xx.o(.text) for Reset_Handler
    startup_stm32h743xx.o(RESET) refers to stm32h7xx_it.o(i.NMI_Handler) for NMI_Handler
    startup_stm32h743xx.o(RESET) refers to stm32h7xx_it.o(i.HardFault_Handler) for HardFault_Handler
    startup_stm32h743xx.o(RESET) refers to stm32h7xx_it.o(i.MemManage_Handler) for MemManage_Handler
    startup_stm32h743xx.o(RESET) refers to stm32h7xx_it.o(i.BusFault_Handler) for BusFault_Handler
    startup_stm32h743xx.o(RESET) refers to stm32h7xx_it.o(i.UsageFault_Handler) for UsageFault_Handler
    startup_stm32h743xx.o(RESET) refers to port.o(.emb_text) for SVC_Handler
    startup_stm32h743xx.o(RESET) refers to stm32h7xx_it.o(i.DebugMon_Handler) for DebugMon_Handler
    startup_stm32h743xx.o(RESET) refers to port.o(i.SysTick_Handler) for SysTick_Handler
    startup_stm32h743xx.o(RESET) refers to stm32h7xx_it.o(i.FLASH_IRQHandler) for FLASH_IRQHandler
    startup_stm32h743xx.o(RESET) refers to stm32h7xx_it.o(i.EXTI0_IRQHandler) for EXTI0_IRQHandler
    startup_stm32h743xx.o(RESET) refers to stm32h7xx_it.o(i.EXTI1_IRQHandler) for EXTI1_IRQHandler
    startup_stm32h743xx.o(RESET) refers to stm32h7xx_it.o(i.EXTI2_IRQHandler) for EXTI2_IRQHandler
    startup_stm32h743xx.o(RESET) refers to stm32h7xx_it.o(i.EXTI3_IRQHandler) for EXTI3_IRQHandler
    startup_stm32h743xx.o(RESET) refers to stm32h7xx_it.o(i.EXTI4_IRQHandler) for EXTI4_IRQHandler
    startup_stm32h743xx.o(RESET) refers to stm32h7xx_it.o(i.DMA1_Stream0_IRQHandler) for DMA1_Stream0_IRQHandler
    startup_stm32h743xx.o(RESET) refers to stm32h7xx_it.o(i.DMA1_Stream1_IRQHandler) for DMA1_Stream1_IRQHandler
    startup_stm32h743xx.o(RESET) refers to stm32h7xx_it.o(i.DMA1_Stream2_IRQHandler) for DMA1_Stream2_IRQHandler
    startup_stm32h743xx.o(RESET) refers to stm32h7xx_it.o(i.DMA1_Stream3_IRQHandler) for DMA1_Stream3_IRQHandler
    startup_stm32h743xx.o(RESET) refers to stm32h7xx_it.o(i.DMA1_Stream4_IRQHandler) for DMA1_Stream4_IRQHandler
    startup_stm32h743xx.o(RESET) refers to stm32h7xx_it.o(i.DMA1_Stream5_IRQHandler) for DMA1_Stream5_IRQHandler
    startup_stm32h743xx.o(RESET) refers to stm32h7xx_it.o(i.DMA1_Stream6_IRQHandler) for DMA1_Stream6_IRQHandler
    startup_stm32h743xx.o(RESET) refers to stm32h7xx_it.o(i.EXTI9_5_IRQHandler) for EXTI9_5_IRQHandler
    startup_stm32h743xx.o(RESET) refers to stm32h7xx_it.o(i.USART1_IRQHandler) for USART1_IRQHandler
    startup_stm32h743xx.o(RESET) refers to stm32h7xx_it.o(i.USART2_IRQHandler) for USART2_IRQHandler
    startup_stm32h743xx.o(RESET) refers to stm32h7xx_it.o(i.USART3_IRQHandler) for USART3_IRQHandler
    startup_stm32h743xx.o(RESET) refers to stm32h7xx_it.o(i.EXTI15_10_IRQHandler) for EXTI15_10_IRQHandler
    startup_stm32h743xx.o(RESET) refers to stm32h7xx_it.o(i.DMA1_Stream7_IRQHandler) for DMA1_Stream7_IRQHandler
    startup_stm32h743xx.o(RESET) refers to stm32h7xx_it.o(i.UART4_IRQHandler) for UART4_IRQHandler
    startup_stm32h743xx.o(RESET) refers to stm32h7xx_it.o(i.UART5_IRQHandler) for UART5_IRQHandler
    startup_stm32h743xx.o(RESET) refers to stm32h7xx_it.o(i.DMA2_Stream0_IRQHandler) for DMA2_Stream0_IRQHandler
    startup_stm32h743xx.o(RESET) refers to stm32h7xx_it.o(i.DMA2_Stream1_IRQHandler) for DMA2_Stream1_IRQHandler
    startup_stm32h743xx.o(RESET) refers to stm32h7xx_it.o(i.OTG_FS_IRQHandler) for OTG_FS_IRQHandler
    startup_stm32h743xx.o(RESET) refers to stm32h7xx_it.o(i.TIM17_IRQHandler) for TIM17_IRQHandler
    startup_stm32h743xx.o(.text) refers (Special) to heapauxi.o(.text) for __use_two_region_memory
    startup_stm32h743xx.o(.text) refers to system_stm32h7xx.o(i.SystemInit) for SystemInit
    startup_stm32h743xx.o(.text) refers to __main.o(!!!main) for __main
    startup_stm32h743xx.o(.text) refers to startup_stm32h743xx.o(HEAP) for Heap_Mem
    startup_stm32h743xx.o(.text) refers to startup_stm32h743xx.o(STACK) for Stack_Mem
    dwin.o(i.Card_Handle) refers to rt_memclr_w.o(.text) for __aeabi_memclr4
    dwin.o(i.Card_Handle) refers to shell.o(i.shellPrint) for shellPrint
    dwin.o(i.Card_Handle) refers to tool.o(i.Find_TargetSlave_AdoptId) for Find_TargetSlave_AdoptId
    dwin.o(i.Card_Handle) refers to tool.o(i.Endian_Swap) for Endian_Swap
    dwin.o(i.Card_Handle) refers to shell_port.o(.bss) for shell
    dwin.o(i.Card_Handle) refers to dwin.o(.conststring) for .conststring
[...]
    0x08060670   0x08060670   0x0000004e   Code   RO         9373    .text               c_w.l(_printf_pad.o)
    0x080606be   0x080606be   0x00000052   Code   RO         9375    .text               c_w.l(_printf_str.o)
    0x08060710   0x08060710   0x00000078   Code   RO         9377    .text               c_w.l(_printf_dec.o)
    0x08060788   0x08060788   0x00000094   Code   RO         9397    .text               c_w.l(_printf_hex_int_ll_ptr.o)
    0x0806081c   0x0806081c   0x00000188   Code   RO         9417    .text               c_w.l(__printf_flags_ss_wp.o)
    0x080609a4   0x080609a4   0x0000001a   Code   RO         9424    .text               c_w.l(atoi.o)
    0x080609be   0x080609be   0x00000024   Code   RO         9426    .text               c_w.l(strstr.o)
    0x080609e2   0x080609e2   0x00000048   Code   RO         9428    .text               c_w.l(strcpy.o)
    0x08060a2a   0x08060a2a   0x0000003e   Code   RO         9430    .text               c_w.l(strlen.o)
    0x08060a68   0x08060a68   0x00000096   Code   RO         9432    .text               c_w.l(strncmp.o)
    0x08060afe   0x08060afe   0x0000008a   Code   RO         9434    .text               c_w.l(rt_memcpy_v6.o)
    0x08060b88   0x08060b88   0x00000064   Code   RO         9436    .text               c_w.l(rt_memcpy_w.o)
    0x08060bec   0x08060bec   0x00000010   Code   RO         9440    .text               c_w.l(aeabi_memset.o)
    0x08060bfc   0x08060bfc   0x00000044   Code   RO         9442    .text               c_w.l(rt_memclr.o)
    0x08060c40   0x08060c40   0x0000004e   Code   RO         9444    .text               c_w.l(rt_memclr_w.o)
    0x08060c8e   0x08060c8e   0x00000002   PAD
    0x08060c90   0x08060c90   0x00000068   Code   RO         9446    .text               c_w.l(strcmpv7m_pel.o)
    0x08060cf8   0x08060cf8   0x00000006   Code   RO         9448    .text               c_w.l(heapauxi.o)
    0x08060cfe   0x08060cfe   0x00000002   PAD
    0x08060d00   0x08060d00   0x00000008   Code   RO         9524    .text               c_w.l(rt_errno_addr_intlibspace.o)
    0x08060d08   0x08060d08   0x00000016   Code   RO         9526    .text               c_w.l(_rserrno.o)
    0x08060d1e   0x08060d1e   0x00000024   Code   RO         9528    .text               c_w.l(_printf_truncate.o)
    0x08060d42   0x08060d42   0x000000b2   Code   RO         9530    .text               c_w.l(_printf_intcommon.o)
    0x08060df4   0x08060df4   0x00000028   Code   RO         9532    .text               c_w.l(_printf_charcount.o)
    0x08060e1c   0x08060e1c   0x00000030   Code   RO         9534    .text               c_w.l(_printf_char_common.o)
    0x08060e4c   0x08060e4c   0x0000000a   Code   RO         9536    .text               c_w.l(_sputc.o)
    0x08060e56   0x08060e56   0x00000010   Code   RO         9538    .text               c_w.l(_snputc.o)
    0x08060e66   0x08060e66   0x0000002c   Code   RO         9540    .text               c_w.l(_printf_char.o)
    0x08060e92   0x08060e92   0x00000002   PAD
    0x08060e94   0x08060e94   0x000000bc   Code   RO         9542    .text               c_w.l(_printf_wctomb.o)
    0x08060f50   0x08060f50   0x0000007c   Code   RO         9545    .text               c_w.l(_printf_longlong_dec.o)
    0x08060fcc   0x08060fcc   0x00000070   Code   RO         9551    .text               c_w.l(_printf_oct_int_ll.o)
    0x0806103c   0x0806103c   0x00000070   Code   RO         9573    .text               c_w.l(strtol.o)
    0x080610ac   0x080610ac   0x00000008   Code   RO         9619    .text               c_w.l(libspace.o)
    0x080610b4   0x080610b4   0x00000010   Code   RO         9637    .text               c_w.l(rt_ctype_table.o)
    0x080610c4   0x080610c4   0x0000008a   Code   RO         9641    .text               c_w.l(lludiv10.o)
    0x0806114e   0x0806114e   0x0000041e   Code   RO         9643    .text               c_w.l(_printf_fp_dec.o)
    0x0806156c   0x0806156c   0x000002fc   Code   RO         9645    .text               c_w.l(_printf_fp_hex.o)
    0x08061868   0x08061868   0x0000002c   Code   RO         9650    .text               c_w.l(_printf_wchar.o)
    0x08061894   0x08061894   0x0000009e   Code   RO         9652    .text               c_w.l(_strtoul.o)
    0x08061932   0x08061932   0x00000040   Code   RO         9654    .text               c_w.l(_wcrtomb.o)
    0x08061972   0x08061972   0x0000004a   Code   RO         9656    .text               c_w.l(sys_stackheap_outer.o)
    0x080619bc   0x080619bc   0x00000008   Code   RO         9661    .text               c_w.l(rt_locale_intlibspace.o)
    0x080619c4   0x080619c4   0x00000080   Code   RO         9663    .text               c_w.l(_printf_fp_infnan.o)
    0x08061a44   0x08061a44   0x0000001c   Code   RO         9665    .text               c_w.l(_chval.o)
    0x08061a60   0x08061a60   0x000000e4   Code   RO         9667    .text               c_w.l(bigflt0.o)
    0x08061b44   0x08061b44   0x00000012   Code   RO         9698    .text               c_w.l(exit.o)
    0x08061b56   0x08061b56   0x00000002   PAD
    0x08061b58   0x08061b58   0x0000000c   Code   RO         9765    .text               c_w.l(sys_exit.o)
    0x08061b64   0x08061b64   0x00000002   Code   RO         9784    .text               c_w.l(use_no_semi.o)
    0x08061b66   0x08061b66   0x00000000   Code   RO         9786    .text               c_w.l(indicate_semi.o)
    0x08061b66   0x08061b66   0x0000003e   Code   RO         9670    CL$$btod_d2e        c_w.l(btod.o)
    0x08061ba4   0x08061ba4   0x00000046   Code   RO         9672    CL$$btod_d2e_denorm_low  c_w.l(btod.o)
    0x08061bea   0x08061bea   0x00000060   Code   RO         9671    CL$$btod_d2e_norm_op1  c_w.l(btod.o)
    0x08061c4a   0x08061c4a   0x00000338   Code   RO         9680    CL$$btod_div_common  c_w.l(btod.o)
    0x08061f82   0x08061f82   0x000000dc   Code   RO         9677    CL$$btod_e2e        c_w.l(btod.o)
    0x0806205e   0x0806205e   0x0000002a   Code   RO         9674    CL$$btod_ediv       c_w.l(btod.o)
    0x08062088   0x08062088   0x0000002a   Code   RO         9673    CL$$btod_emul       c_w.l(btod.o)
    0x080620b2   0x080620b2   0x00000244   Code   RO         9679    CL$$btod_mult_common  c_w.l(btod.o)
    0x080622f6   0x080622f6   0x00000002   PAD
    0x080622f8   0x080622f8   0x00000094   Code   RO         1313    i.At_Config         lte.o
    0x0806238c   0x0806238c   0x000001bc   Code   RO         1314    i.At_ExeAppointCmd  lte.o
    0x08062548   0x08062548   0x000000ac   Code   RO         1315    i.At_SetDefault     lte.o
    0x080625f4   0x080625f4   0x00000010   Code   RO         1316    i.At_SetPin         lte.o
    0x08062604   0x08062604   0x00000002   Code   RO         1912    i.BusFault_Handler  stm32h7xx_it.o
    0x08062606   0x08062606   0x00000002   PAD
    0x08062608   0x08062608   0x00000100   Code   RO         1487    i.C4G_Task          freertos.o
    0x08062708   0x08062708   0x00000004   Code   RO         2335    i.CDC_Control_FS    usbd_cdc_if.o
    0x0806270c   0x0806270c   0x00000004   Code   RO         2336    i.CDC_DeInit_FS     usbd_cdc_if.o
    0x08062710   0x08062710   0x0000002c   Code   RO         2337    i.CDC_Init_FS       usbd_cdc_if.o
    0x0806273c   0x0806273c   0x00000020   Code   RO         2338    i.CDC_Receive_FS    usbd_cdc_if.o
    0x0806275c   0x0806275c   0x00000004   Code   RO         2339    i.CDC_TransmitCplt_FS  usbd_cdc_if.o
    0x08062760   0x08062760   0x00000424   Code   RO           13    i.Card_Handle       dwin.o
    0x08062b84   0x08062b84   0x000006f8   Code   RO         1490    i.Control_Task      freertos.o
    0x0806327c   0x0806327c   0x0000000c   Code   RO         1913    i.DMA1_Stream0_IRQHandler  stm32h7xx_it.o
    0x08063288   0x08063288   0x0000000c   Code   RO         1914    i.DMA1_Stream1_IRQHandler  stm32h7xx_it.o
    0x08063294   0x08063294   0x0000000c   Code   RO         1915    i.DMA1_Stream2_IRQHandler  stm32h7xx_it.o
    0x080632a0   0x080632a0   0x0000000c   Code   RO         1916    i.DMA1_Stream3_IRQHandler  stm32h7xx_it.o
    0x080632ac   0x080632ac   0x0000000c   Code   RO         1917    i.DMA1_Stream4_IRQHandler  stm32h7xx_it.o
    0x080632b8   0x080632b8   0x0000000c   Code   RO         1918    i.DMA1_Stream5_IRQHandler  stm32h7xx_it.o
    0x080632c4   0x080632c4   0x0000000c   Code   RO         1919    i.DMA1_Stream6_IRQHandler  stm32h7xx_it.o
    0x080632d0   0x080632d0   0x0000000c   Code   RO         1920    i.DMA1_Stream7_IRQHandler  stm32h7xx_it.o
    0x080632dc   0x080632dc   0x0000000c   Code   RO         1921    i.DMA2_Stream0_IRQHandler  stm32h7xx_it.o
    0x080632e8   0x080632e8   0x0000000c   Code   RO         1922    i.DMA2_Stream1_IRQHandler  stm32h7xx_it.o
    0x080632f4   0x080632f4   0x000000dc   Code   RO         3821    i.DMA_CalcBaseAndBitshift  stm32h7xx_hal_dma.o
    0x080633d0   0x080633d0   0x000000e8   Code   RO          339    i.DMA_Recive        tool.o
    0x080634b8   0x080634b8   0x00000234   Code   RO         3822    i.DMA_SetConfig     stm32h7xx_hal_dma.o
    0x080636ec   0x080636ec   0x00000002   Code   RO         1923    i.DebugMon_Handler  stm32h7xx_it.o
    0x080636ee   0x080636ee   0x00000002   PAD
    0x080636f0   0x080636f0   0x00000100   Code   RO           14    i.Dwin_ErrorHandle  dwin.o
    0x080637f0   0x080637f0   0x00000190   Code   RO           15    i.Dwin_EventHandle  dwin.o
    0x08063980   0x08063980   0x00000050   Code   RO           16    i.Dwin_PageChange   dwin.o
    0x080639d0   0x080639d0   0x00000096   Code   RO           17    i.Dwin_Poll         dwin.o
    0x08063a66   0x08063a66   0x00000002   PAD
    0x08063a68   0x08063a68   0x00000044   Code   RO           18    i.Dwin_Read         dwin.o
    0x08063aac   0x08063aac   0x00000044   Code   RO           19    i.Dwin_Send         dwin.o
    0x08063af0   0x08063af0   0x00000064   Code   RO           20    i.Dwin_Write        dwin.o
    0x08063b54   0x08063b54   0x00000006   Code   RO         1924    i.EXTI0_IRQHandler  stm32h7xx_it.o
    0x08063b5a   0x08063b5a   0x00000036   Code   RO         1925    i.EXTI15_10_IRQHandler  stm32h7xx_it.o
    0x08063b90   0x08063b90   0x00000006   Code   RO         1926    i.EXTI1_IRQHandler  stm32h7xx_it.o
    0x08063b96   0x08063b96   0x00000006   Code   RO         1927    i.EXTI2_IRQHandler  stm32h7xx_it.o
    0x08063b9c   0x08063b9c   0x00000006   Code   RO         1928    i.EXTI3_IRQHandler  stm32h7xx_it.o
    0x08063ba2   0x08063ba2   0x00000006   Code   RO         1929    i.EXTI4_IRQHandler  stm32h7xx_it.o
    0x08063ba8   0x08063ba8   0x00000028   Code   RO         1930    i.EXTI9_5_IRQHandler  stm32h7xx_it.o
    0x08063bd0   0x08063bd0   0x00000032   Code   RO          340    i.Endian_Swap       tool.o
    0x08063c02   0x08063c02   0x00000004   Code   RO         1384    i.Error_Handler     main.o
    0x08063c06   0x08063c06   0x00000002   PAD
    0x08063c08   0x08063c08   0x00000060   Code   RO         3593    i.FLASH_Erase_Sector  stm32h7xx_hal_flash_ex.o
    0x08063c68   0x08063c68   0x00000004   Code   RO         1931    i.FLASH_IRQHandler  stm32h7xx_it.o
    0x08063c6c   0x08063c6c   0x00000018   Code   RO         2187    i.FLASH_Read        flash.o
    0x08063c84   0x08063c84   0x000000f0   Code   RO         3488    i.FLASH_WaitForLastOperation  stm32h7xx_hal_flash.o
    0x08063d74   0x08063d74   0x00000194   Code   RO         2188    i.FLASH_Write       flash.o
    0x08063f08   0x08063f08   0x0000007a   Code   RO         5514    i.FMC_SDRAM_Init    stm32h7xx_ll_fmc.o
    0x08063f82   0x08063f82   0x00000002   PAD
    0x08063f84   0x08063f84   0x000000c8   Code   RO         5518    i.FMC_SDRAM_Timing_Init  stm32h7xx_ll_fmc.o
    0x0806404c   0x0806404c   0x0000001e   Code   RO          342    i.Find_TargetSlave_AdoptId  tool.o
    0x0806406a   0x0806406a   0x0000000c   Code   RO         1317    i.Free_AtObject     lte.o
    0x08064076   0x08064076   0x00000002   PAD
    0x08064078   0x08064078   0x0000004c   Code   RO          345    i.Get_Crc16         tool.o
    0x080640c4   0x080640c4   0x00000360   Code   RO         3823    i.HAL_DMA_Abort     stm32h7xx_hal_dma.o
    0x08064424   0x08064424   0x0000026c   Code   RO         3824    i.HAL_DMA_Abort_IT  stm32h7xx_hal_dma.o
    0x08064690   0x08064690   0x00000004   Code   RO         3826    i.HAL_DMA_GetError  stm32h7xx_hal_dma.o
    0x08064694   0x08064694   0x0000074c   Code   RO         3828    i.HAL_DMA_IRQHandler  stm32h7xx_hal_dma.o
    0x08064de0   0x08064de0   0x00000538   Code   RO         3829    i.HAL_DMA_Init      stm32h7xx_hal_dma.o
    0x08065318   0x08065318   0x00000298   Code   RO         3833    i.HAL_DMA_Start_IT  stm32h7xx_hal_dma.o
    0x080655b0   0x080655b0   0x00000028   Code   RO         4646    i.HAL_Delay         stm32h7xx_hal.o
    0x080655d8   0x080655d8   0x000001f0   Code   RO         3595    i.HAL_FLASHEx_Erase  stm32h7xx_hal_flash_ex.o
    0x080657c8   0x080657c8   0x00000002   Code   RO         3489    i.HAL_FLASH_EndOfOperationCallback  stm32h7xx_hal_flash.o
    0x080657ca   0x080657ca   0x00000002   PAD
    0x080657cc   0x080657cc   0x00000198   Code   RO         3491    i.HAL_FLASH_IRQHandler  stm32h7xx_hal_flash.o
    0x08065964   0x08065964   0x00000034   Code   RO         3492    i.HAL_FLASH_Lock    stm32h7xx_hal_flash.o
    0x08065998   0x08065998   0x00000002   Code   RO         3496    i.HAL_FLASH_OperationErrorCallback  stm32h7xx_hal_flash.o
    0x0806599a   0x0806599a   0x00000002   PAD
    0x0806599c   0x0806599c   0x000000c4   Code   RO         3497    i.HAL_FLASH_Program  stm32h7xx_hal_flash.o
    0x08065a60   0x08065a60   0x0000004c   Code   RO         3499    i.HAL_FLASH_Unlock  stm32h7xx_hal_flash.o
    0x08065aac   0x08065aac   0x0000006c   Code   RO         1491    i.HAL_GPIO_EXTI_Callback  freertos.o
    0x08065b18   0x08065b18   0x0000001a   Code   RO         3673    i.HAL_GPIO_EXTI_IRQHandler  stm32h7xx_hal_gpio.o
    0x08065b32   0x08065b32   0x00000002   PAD
    0x08065b34   0x08065b34   0x00000234   Code   RO         3674    i.HAL_GPIO_Init     stm32h7xx_hal_gpio.o
    0x08065d68   0x08065d68   0x00000010   Code   RO         3677    i.HAL_GPIO_TogglePin  stm32h7xx_hal_gpio.o
    0x08065d78   0x08065d78   0x0000000a   Code   RO         3678    i.HAL_GPIO_WritePin  stm32h7xx_hal_gpio.o
    0x08065d82   0x08065d82   0x00000002   PAD
    0x08065d84   0x08065d84   0x0000000c   Code   RO         4657    i.HAL_GetREVID      stm32h7xx_hal.o
    0x08065d90   0x08065d90   0x0000000c   Code   RO         4658    i.HAL_GetTick       stm32h7xx_hal.o
    0x08065d9c   0x08065d9c   0x0000005c   Code   RO         4665    i.HAL_Init          stm32h7xx_hal.o
    0x08065df8   0x08065df8   0x00000088   Code   RO         2148    i.HAL_InitTick      stm32h7xx_hal_timebase_tim.o
    0x08065e80   0x08065e80   0x00000038   Code   RO         2124    i.HAL_MspInit       stm32h7xx_hal_msp.o
    0x08065eb8   0x08065eb8   0x0000001e   Code   RO         4509    i.HAL_NVIC_EnableIRQ  stm32h7xx_hal_cortex.o
    0x08065ed6   0x08065ed6   0x00000002   PAD
    0x08065ed8   0x08065ed8   0x00000060   Code   RO         4515    i.HAL_NVIC_SetPriority  stm32h7xx_hal_cortex.o
    0x08065f38   0x08065f38   0x00000024   Code   RO         4516    i.HAL_NVIC_SetPriorityGrouping  stm32h7xx_hal_cortex.o
    0x08065f5c   0x08065f5c   0x00000026   Code   RO         2831    i.HAL_PCDEx_ActivateLPM  stm32h7xx_hal_pcd_ex.o
    0x08065f82   0x08065f82   0x00000002   Code   RO         2836    i.HAL_PCDEx_LPM_Callback  stm32h7xx_hal_pcd_ex.o
    0x08065f84   0x08065f84   0x00000008   Code   RO         2837    i.HAL_PCDEx_SetRxFiFo  stm32h7xx_hal_pcd_ex.o
    0x08065f8c   0x08065f8c   0x00000058   Code   RO         2838    i.HAL_PCDEx_SetTxFiFo  stm32h7xx_hal_pcd_ex.o
    0x08065fe4   0x08065fe4   0x00000008   Code   RO         2401    i.HAL_PCD_ConnectCallback  usbd_conf.o
    0x08065fec   0x08065fec   0x00000012   Code   RO         2402    i.HAL_PCD_DataInStageCallback  usbd_conf.o
    0x08065ffe   0x08065ffe   0x00000014   Code   RO         2403    i.HAL_PCD_DataOutStageCallback  usbd_conf.o
    0x08066012   0x08066012   0x00000008   Code   RO         2404    i.HAL_PCD_DisconnectCallback  usbd_conf.o
    0x0806601a   0x0806601a   0x0000004e   Code   RO         2618    i.HAL_PCD_EP_Close  stm32h7xx_hal_pcd.o
    0x08066068   0x08066068   0x0000005e   Code   RO         2619    i.HAL_PCD_EP_ClrStall  stm32h7xx_hal_pcd.o
    0x080660c6   0x080660c6   0x00000012   Code   RO         2621    i.HAL_PCD_EP_GetRxCount  stm32h7xx_hal_pcd.o
    0x080660d8   0x080660d8   0x0000005e   Code   RO         2622    i.HAL_PCD_EP_Open   stm32h7xx_hal_pcd.o
    0x08066136   0x08066136   0x0000003a   Code   RO         2623    i.HAL_PCD_EP_Receive  stm32h7xx_hal_pcd.o
    0x08066170   0x08066170   0x00000072   Code   RO         2624    i.HAL_PCD_EP_SetStall  stm32h7xx_hal_pcd.o
    0x080661e2   0x080661e2   0x00000034   Code   RO         2625    i.HAL_PCD_EP_Transmit  stm32h7xx_hal_pcd.o
    0x08066216   0x08066216   0x00000002   PAD
    0x08066218   0x08066218   0x000007c4   Code   RO         2627    i.HAL_PCD_IRQHandler  stm32h7xx_hal_pcd.o
    0x080669dc   0x080669dc   0x00000008   Code   RO         2405    i.HAL_PCD_ISOINIncompleteCallback  usbd_conf.o
    0x080669e4   0x080669e4   0x00000008   Code   RO         2406    i.HAL_PCD_ISOOUTIncompleteCallback  usbd_conf.o
    0x080669ec   0x080669ec   0x00000124   Code   RO         2630    i.HAL_PCD_Init      stm32h7xx_hal_pcd.o
    0x08066b10   0x08066b10   0x000000ac   Code   RO         2408    i.HAL_PCD_MspInit   usbd_conf.o
    0x08066bbc   0x08066bbc   0x0000002e   Code   RO         2409    i.HAL_PCD_ResetCallback  usbd_conf.o
    0x08066bea   0x08066bea   0x00000008   Code   RO         2410    i.HAL_PCD_ResumeCallback  usbd_conf.o
    0x08066bf2   0x08066bf2   0x00000008   Code   RO         2411    i.HAL_PCD_SOFCallback  usbd_conf.o
    0x08066bfa   0x08066bfa   0x00000028   Code   RO         2636    i.HAL_PCD_SetAddress  stm32h7xx_hal_pcd.o
    0x08066c22   0x08066c22   0x0000000e   Code   RO         2412    i.HAL_PCD_SetupStageCallback  usbd_conf.o
    0x08066c30   0x08066c30   0x00000044   Code   RO         2639    i.HAL_PCD_Start     stm32h7xx_hal_pcd.o
    0x08066c74   0x08066c74   0x00000034   Code   RO         2413    i.HAL_PCD_SuspendCallback  usbd_conf.o
    0x08066ca8   0x08066ca8   0x0000005c   Code   RO         4250    i.HAL_PWREx_ConfigSupply  stm32h7xx_hal_pwr_ex.o
    0x08066d04   0x08066d04   0x00000010   Code   RO         4267    i.HAL_PWREx_EnableUSBVoltageDetector  stm32h7xx_hal_pwr_ex.o
    0x08066d14   0x08066d14   0x000000b8   Code   RO         5835    i.HAL_QSPI_Init     stm32h7xx_hal_qspi.o
    0x08066dcc   0x08066dcc   0x000000d4   Code   RO         1805    i.HAL_QSPI_MspInit  quadspi.o
    0x08066ea0   0x08066ea0   0x00000024   Code   RO         3316    i.HAL_RCCEx_GetD3PCLK1Freq  stm32h7xx_hal_rcc_ex.o
    0x08066ec4   0x08066ec4   0x000001ac   Code   RO         3318    i.HAL_RCCEx_GetPLL2ClockFreq  stm32h7xx_hal_rcc_ex.o
    0x08067070   0x08067070   0x000001ac   Code   RO         3319    i.HAL_RCCEx_GetPLL3ClockFreq  stm32h7xx_hal_rcc_ex.o
    0x0806721c   0x0806721c   0x00000ad4   Code   RO         3325    i.HAL_RCCEx_PeriphCLKConfig  stm32h7xx_hal_rcc_ex.o
    0x08067cf0   0x08067cf0   0x00000294   Code   RO         3201    i.HAL_RCC_ClockConfig  stm32h7xx_hal_rcc.o
    0x08067f84   0x08067f84   0x0000006c   Code   RO         3205    i.HAL_RCC_GetClockConfig  stm32h7xx_hal_rcc.o
    0x08067ff0   0x08067ff0   0x00000048   Code   RO         3206    i.HAL_RCC_GetHCLKFreq  stm32h7xx_hal_rcc.o
    0x08068038   0x08068038   0x0000005c   Code   RO         3208    i.HAL_RCC_GetPCLK1Freq  stm32h7xx_hal_rcc.o
    0x08068094   0x08068094   0x0000005c   Code   RO         3209    i.HAL_RCC_GetPCLK2Freq  stm32h7xx_hal_rcc.o
    0x080680f0   0x080680f0   0x000001a8   Code   RO         3210    i.HAL_RCC_GetSysClockFreq  stm32h7xx_hal_rcc.o
    0x08068298   0x08068298   0x00000688   Code   RO         3213    i.HAL_RCC_OscConfig  stm32h7xx_hal_rcc.o
    0x08068920   0x08068920   0x00000050   Code   RO         5655    i.HAL_SDRAM_Init    stm32h7xx_hal_sdram.o
    0x08068970   0x08068970   0x000000e8   Code   RO         1762    i.HAL_SDRAM_MspInit  fmc.o
    0x08068a58   0x08068a58   0x00000002   Code   RO         6728    i.HAL_TIMEx_Break2Callback  stm32h7xx_hal_tim_ex.o
    0x08068a5a   0x08068a5a   0x00000002   Code   RO         6729    i.HAL_TIMEx_BreakCallback  stm32h7xx_hal_tim_ex.o
    0x08068a5c   0x08068a5c   0x00000002   Code   RO         6730    i.HAL_TIMEx_CommutCallback  stm32h7xx_hal_tim_ex.o
    0x08068a5e   0x08068a5e   0x00000062   Code   RO         6061    i.HAL_TIM_Base_Init  stm32h7xx_hal_tim.o
    0x08068ac0   0x08068ac0   0x00000002   Code   RO         6063    i.HAL_TIM_Base_MspInit  stm32h7xx_hal_tim.o
    0x08068ac2   0x08068ac2   0x00000002   PAD
    0x08068ac4   0x08068ac4   0x0000008c   Code   RO         6066    i.HAL_TIM_Base_Start_IT  stm32h7xx_hal_tim.o
    0x08068b50   0x08068b50   0x00000002   Code   RO         6095    i.HAL_TIM_IC_CaptureCallback  stm32h7xx_hal_tim.o
    0x08068b52   0x08068b52   0x00000188   Code   RO         6109    i.HAL_TIM_IRQHandler  stm32h7xx_hal_tim.o
    0x08068cda   0x08068cda   0x00000002   Code   RO         6112    i.HAL_TIM_OC_DelayElapsedCallback  stm32h7xx_hal_tim.o
    0x08068cdc   0x08068cdc   0x00000002   Code   RO         6139    i.HAL_TIM_PWM_PulseFinishedCallback  stm32h7xx_hal_tim.o
    0x08068cde   0x08068cde   0x00000002   PAD
    0x08068ce0   0x08068ce0   0x00000030   Code   RO         1386    i.HAL_TIM_PeriodElapsedCallback  main.o
    0x08068d10   0x08068d10   0x00000002   Code   RO         6152    i.HAL_TIM_TriggerCallback  stm32h7xx_hal_tim.o
    0x08068d12   0x08068d12   0x00000048   Code   RO         7428    i.HAL_UARTEx_DisableFifoMode  stm32h7xx_hal_uart_ex.o
    0x08068d5a   0x08068d5a   0x00000002   Code   RO         7023    i.HAL_UARTEx_RxEventCallback  stm32h7xx_hal_uart.o
    0x08068d5c   0x08068d5c   0x00000002   Code   RO         7436    i.HAL_UARTEx_RxFifoFullCallback  stm32h7xx_hal_uart_ex.o
    0x08068d5e   0x08068d5e   0x00000002   PAD
    0x08068d60   0x08068d60   0x0000008c   Code   RO         7437    i.HAL_UARTEx_SetRxFifoThreshold  stm32h7xx_hal_uart_ex.o
    0x08068dec   0x08068dec   0x0000008c   Code   RO         7438    i.HAL_UARTEx_SetTxFifoThreshold  stm32h7xx_hal_uart_ex.o
    0x08068e78   0x08068e78   0x00000002   Code   RO         7440    i.HAL_UARTEx_TxFifoEmptyCallback  stm32h7xx_hal_uart_ex.o
    0x08068e7a   0x08068e7a   0x00000002   Code   RO         7441    i.HAL_UARTEx_WakeupCallback  stm32h7xx_hal_uart_ex.o
    0x08068e7c   0x08068e7c   0x000000c0   Code   RO         7035    i.HAL_UART_DMAStop  stm32h7xx_hal_uart.o
    0x08068f3c   0x08068f3c   0x0000006c   Code   RO         1387    i.HAL_UART_ErrorCallback  main.o
    0x08068fa8   0x08068fa8   0x000003fc   Code   RO         7042    i.HAL_UART_IRQHandler  stm32h7xx_hal_uart.o
    0x080693a4   0x080693a4   0x0000006e   Code   RO         7043    i.HAL_UART_Init     stm32h7xx_hal_uart.o
    0x08069412   0x08069412   0x00000002   PAD
    0x08069414   0x08069414   0x000004ba   Code   RO         1847    i.HAL_UART_MspInit  usart.o
    0x080698ce   0x080698ce   0x00000002   PAD
    0x080698d0   0x080698d0   0x000000ec   Code   RO         7047    i.HAL_UART_Receive_DMA  stm32h7xx_hal_uart.o
    0x080699bc   0x080699bc   0x0000005c   Code   RO         7048    i.HAL_UART_Receive_IT  stm32h7xx_hal_uart.o
    0x08069a18   0x08069a18   0x00000034   Code   RO         1250    i.HAL_UART_RxCpltCallback  shell_port.o
    0x08069a4c   0x08069a4c   0x00000002   Code   RO         7051    i.HAL_UART_RxHalfCpltCallback  stm32h7xx_hal_uart.o
    0x08069a4e   0x08069a4e   0x000000c4   Code   RO         7052    i.HAL_UART_Transmit  stm32h7xx_hal_uart.o
    0x08069b12   0x08069b12   0x00000002   PAD
    0x08069b14   0x08069b14   0x0000009c   Code   RO         7053    i.HAL_UART_Transmit_DMA  stm32h7xx_hal_uart.o
    0x08069bb0   0x08069bb0   0x00000002   Code   RO         7055    i.HAL_UART_TxCpltCallback  stm32h7xx_hal_uart.o
    0x08069bb2   0x08069bb2   0x00000002   Code   RO         7056    i.HAL_UART_TxHalfCpltCallback  stm32h7xx_hal_uart.o
    0x08069bb4   0x08069bb4   0x00000002   Code   RO         1932    i.HardFault_Handler  stm32h7xx_it.o
    0x08069bb6   0x08069bb6   0x00000002   PAD
    0x08069bb8   0x08069bb8   0x00000238   Code   RO          346    i.IRQ_Coding        tool.o
    0x08069df0   0x08069df0   0x00000128   Code   RO         1492    i.IRQ_Task          freertos.o
    0x08069f18   0x08069f18   0x00000114   Code   RO         1318    i.MX_AtInit         lte.o
    0x0806a02c   0x0806a02c   0x000000cc   Code   RO         1737    i.MX_DMA_Init       dma.o
    0x0806a0f8   0x0806a0f8   0x00000150   Code   RO           22    i.MX_DwinInit       dwin.o
    0x0806a248   0x0806a248   0x00000038   Code   RO         2189    i.MX_FLASH_Init     flash.o
    0x0806a280   0x0806a280   0x00000064   Code   RO         1763    i.MX_FMC_Init       fmc.o
    0x0806a2e4   0x0806a2e4   0x000004c4   Code   RO         1493    i.MX_FREERTOS_Init  freertos.o
    0x0806a7a8   0x0806a7a8   0x000002d0   Code   RO         1463    i.MX_GPIO_Init      gpio.o
    0x0806aa78   0x0806aa78   0x000000ac   Code   RO          691    i.MX_ModbusInit     mdrtuslave.o
    0x0806ab24   0x0806ab24   0x0000003c   Code   RO         1806    i.MX_QUADSPI_Init   quadspi.o
    0x0806ab60   0x0806ab60   0x00000034   Code   RO         1251    i.MX_ShellInit      shell_port.o
    0x0806ab94   0x0806ab94   0x00000070   Code   RO         1848    i.MX_UART4_Init     usart.o
    0x0806ac04   0x0806ac04   0x00000070   Code   RO         1849    i.MX_UART5_Init     usart.o
    0x0806ac74   0x0806ac74   0x00000070   Code   RO         1850    i.MX_USART1_UART_Init  usart.o
    0x0806ace4   0x0806ace4   0x00000070   Code   RO         1851    i.MX_USART2_UART_Init  usart.o
    0x0806ad54   0x0806ad54   0x00000070   Code   RO         1852    i.MX_USART3_UART_Init  usart.o
    0x0806adc4   0x0806adc4   0x0000005c   Code   RO         2223    i.MX_USB_DEVICE_Init  usb_device.o
    0x0806ae20   0x0806ae20   0x00000080   Code   RO         1494    i.Master_Task       freertos.o
    0x0806aea0   0x0806aea0   0x00000002   Code   RO         1933    i.MemManage_Handler  stm32h7xx_it.o
    0x0806aea2   0x0806aea2   0x00000002   PAD
    0x0806aea4   0x0806aea4   0x0000002c   Code   RO         1495    i.Modbus_Callback   freertos.o
    0x0806aed0   0x0806aed0   0x00000002   Code   RO         1934    i.NMI_Handler       stm32h7xx_it.o
    0x0806aed2   0x0806aed2   0x00000002   PAD
    0x0806aed4   0x0806aed4   0x000000a8   Code   RO         1496    i.OTA_Update        freertos.o
    0x0806af7c   0x0806af7c   0x0000000c   Code   RO         1935    i.OTG_FS_IRQHandler  stm32h7xx_it.o
    0x0806af88   0x0806af88   0x00000078   Code   RO         1497    i.Param_WriteBack   freertos.o
    0x0806b000   0x0806b000   0x0000023c   Code   RO           23    i.Password_Handle   dwin.o
    0x0806b23c   0x0806b23c   0x00000002   Code   RO         1498    i.PostSleepProcessing  freertos.o
    0x0806b23e   0x0806b23e   0x00000002   Code   RO         1499    i.PreSleepProcessing  freertos.o
    0x0806b240   0x0806b240   0x00000058   Code   RO         5857    i.QSPI_WaitFlagStateUntilTimeout  stm32h7xx_hal_qspi.o
    0x0806b298   0x0806b298   0x00000110   Code   RO          347    i.Quick_Sort        tool.o
    0x0806b3a8   0x0806b3a8   0x000000f0   Code   RO          348    i.Quick_Sort_Id     tool.o
    0x0806b498   0x0806b498   0x00000144   Code   RO         3328    i.RCCEx_PLL2_Config  stm32h7xx_hal_rcc_ex.o
    0x0806b5dc   0x0806b5dc   0x00000144   Code   RO         3329    i.RCCEx_PLL3_Config  stm32h7xx_hal_rcc_ex.o
    0x0806b720   0x0806b720   0x00000080   Code   RO         1500    i.RS485_Task        freertos.o
    0x0806b7a0   0x0806b7a0   0x00000098   Code   RO         1501    i.Report_Backparam  freertos.o
    0x0806b838   0x0806b838   0x0000009c   Code   RO         1502    i.Report_Callback   freertos.o
    0x0806b8d4   0x0806b8d4   0x000002ac   Code   RO         1503    i.Report_Task       freertos.o
    0x0806bb80   0x0806bb80   0x000000dc   Code   RO           24    i.Reset_Card_Info   dwin.o
    0x0806bc5c   0x0806bc5c   0x000000c0   Code   RO           25    i.Restore_Factory   dwin.o
    0x0806bd1c   0x0806bd1c   0x0000004c   Code   RO          349    i.Save_TargetSlave_Id  tool.o
    0x0806bd68   0x0806bd68   0x0000010c   Code   RO         1504    i.Screen_Task       freertos.o
    0x0806be74   0x0806be74   0x0000002c   Code   RO         1505    i.Shell_Task        freertos.o
    0x0806bea0   0x0806bea0   0x000000ec   Code   RO           26    i.Sure_Card_Info    dwin.o
    0x0806bf8c   0x0806bf8c   0x0000002c   Code   RO         8896    i.SysTick_Handler   port.o
    0x0806bfb8   0x0806bfb8   0x000000b4   Code   RO         1388    i.SystemClock_Config  main.o
    0x0806c06c   0x0806c06c   0x00000110   Code   RO         7542    i.SystemInit        system_stm32h7xx.o
    0x0806c17c   0x0806c17c   0x0000000c   Code   RO         1936    i.TIM17_IRQHandler  stm32h7xx_it.o
    0x0806c188   0x0806c188   0x000000c4   Code   RO         6154    i.TIM_Base_SetConfig  stm32h7xx_hal_tim.o
    0x0806c24c   0x0806c24c   0x00000514   Code   RO         1506    i.Transimt_Task     freertos.o
    0x0806c760   0x0806c760   0x00000020   Code   RO         1937    i.UART4_IRQHandler  stm32h7xx_it.o
    0x0806c780   0x0806c780   0x0000001c   Code   RO         1938    i.UART5_IRQHandler  stm32h7xx_it.o
    0x0806c79c   0x0806c79c   0x000000da   Code   RO         7057    i.UART_AdvFeatureConfig  stm32h7xx_hal_uart.o
    0x0806c876   0x0806c876   0x000000ba   Code   RO         7058    i.UART_CheckIdleState  stm32h7xx_hal_uart.o
    0x0806c930   0x0806c930   0x00000014   Code   RO         7059    i.UART_DMAAbortOnError  stm32h7xx_hal_uart.o
    0x0806c944   0x0806c944   0x00000080   Code   RO         7060    i.UART_DMAError     stm32h7xx_hal_uart.o
    0x0806c9c4   0x0806c9c4   0x0000008e   Code   RO         7061    i.UART_DMAReceiveCplt  stm32h7xx_hal_uart.o
    0x0806ca52   0x0806ca52   0x00000020   Code   RO         7063    i.UART_DMARxHalfCplt  stm32h7xx_hal_uart.o
    0x0806ca72   0x0806ca72   0x00000044   Code   RO         7065    i.UART_DMATransmitCplt  stm32h7xx_hal_uart.o
    0x0806cab6   0x0806cab6   0x0000000a   Code   RO         7067    i.UART_DMATxHalfCplt  stm32h7xx_hal_uart.o
    0x0806cac0   0x0806cac0   0x00000052   Code   RO         7069    i.UART_EndRxTransfer  stm32h7xx_hal_uart.o
    0x0806cb12   0x0806cb12   0x000000d4   Code   RO         7070    i.UART_RxISR_16BIT  stm32h7xx_hal_uart.o
    0x0806cbe6   0x0806cbe6   0x00000002   PAD
    0x0806cbe8   0x0806cbe8   0x000001b4   Code   RO         7071    i.UART_RxISR_16BIT_FIFOEN  stm32h7xx_hal_uart.o
    0x0806cd9c   0x0806cd9c   0x000000d6   Code   RO         7072    i.UART_RxISR_8BIT   stm32h7xx_hal_uart.o
    0x0806ce72   0x0806ce72   0x00000002   PAD
    0x0806ce74   0x0806ce74   0x000001b8   Code   RO         7073    i.UART_RxISR_8BIT_FIFOEN  stm32h7xx_hal_uart.o
    0x0806d02c   0x0806d02c   0x000003c0   Code   RO         7074    i.UART_SetConfig    stm32h7xx_hal_uart.o
    0x0806d3ec   0x0806d3ec   0x0000013c   Code   RO         7076    i.UART_Start_Receive_IT  stm32h7xx_hal_uart.o
    0x0806d528   0x0806d528   0x0000013a   Code   RO         7081    i.UART_WaitOnFlagUntilTimeout  stm32h7xx_hal_uart.o
    0x0806d662   0x0806d662   0x00000002   PAD
    0x0806d664   0x0806d664   0x0000001c   Code   RO         1939    i.USART1_IRQHandler  stm32h7xx_it.o
    0x0806d680   0x0806d680   0x0000001c   Code   RO         1940    i.USART2_IRQHandler  stm32h7xx_it.o
    0x0806d69c   0x0806d69c   0x0000000c   Code   RO         1941    i.USART3_IRQHandler  stm32h7xx_it.o
    0x0806d6a8   0x0806d6a8   0x00000076   Code   RO         9258    i.USBD_CDC_DataIn   usbd_cdc.o
    0x0806d71e   0x0806d71e   0x0000003e   Code   RO         9259    i.USBD_CDC_DataOut  usbd_cdc.o
    0x0806d75c   0x0806d75c   0x00000090   Code   RO         9260    i.USBD_CDC_DeInit   usbd_cdc.o
    0x0806d7ec   0x0806d7ec   0x0000003a   Code   RO         9261    i.USBD_CDC_EP0_RxReady  usbd_cdc.o
    0x0806d826   0x0806d826   0x00000002   PAD
    0x0806d828   0x0806d828   0x0000000c   Code   RO         9262    i.USBD_CDC_GetDeviceQualifierDescriptor  usbd_cdc.o
    0x0806d834   0x0806d834   0x00000044   Code   RO         9263    i.USBD_CDC_GetFSCfgDesc  usbd_cdc.o
    0x0806d878   0x0806d878   0x00000044   Code   RO         9264    i.USBD_CDC_GetHSCfgDesc  usbd_cdc.o
    0x0806d8bc   0x0806d8bc   0x00000044   Code   RO         9265    i.USBD_CDC_GetOtherSpeedCfgDesc  usbd_cdc.o
    0x0806d900   0x0806d900   0x0000015c   Code   RO         9266    i.USBD_CDC_Init     usbd_cdc.o
    0x0806da5c   0x0806da5c   0x00000018   Code   RO         9268    i.USBD_CDC_RegisterInterface  usbd_cdc.o
    0x0806da74   0x0806da74   0x0000001a   Code   RO         9269    i.USBD_CDC_SetRxBuffer  usbd_cdc.o
    0x0806da8e   0x0806da8e   0x0000001e   Code   RO         9270    i.USBD_CDC_SetTxBuffer  usbd_cdc.o
    0x0806daac   0x0806daac   0x000000de   Code   RO         9271    i.USBD_CDC_Setup    usbd_cdc.o
    0x0806db8a   0x0806db8a   0x00000016   Code   RO         8981    i.USBD_ClrClassConfig  usbd_core.o
    0x0806dba0   0x0806dba0   0x00000004   Code   RO         8982    i.USBD_CoreFindEP   usbd_core.o
    0x0806dba4   0x0806dba4   0x00000004   Code   RO         8983    i.USBD_CoreFindIF   usbd_core.o
    0x0806dba8   0x0806dba8   0x00000010   Code   RO         9198    i.USBD_CtlContinueRx  usbd_ioreq.o
    0x0806dbb8   0x0806dbb8   0x00000010   Code   RO         9199    i.USBD_CtlContinueSendData  usbd_ioreq.o
    0x0806dbc8   0x0806dbc8   0x00000016   Code   RO         9140    i.USBD_CtlError     usbd_ctlreq.o
    0x0806dbde   0x0806dbde   0x0000001e   Code   RO         9200    i.USBD_CtlPrepareRx  usbd_ioreq.o
    0x0806dbfc   0x0806dbfc   0x00000016   Code   RO         9201    i.USBD_CtlReceiveStatus  usbd_ioreq.o
    0x0806dc12   0x0806dc12   0x0000001a   Code   RO         9202    i.USBD_CtlSendData  usbd_ioreq.o
    0x0806dc2c   0x0806dc2c   0x00000016   Code   RO         9203    i.USBD_CtlSendStatus  usbd_ioreq.o
    0x0806dc42   0x0806dc42   0x00000002   PAD
    0x0806dc44   0x0806dc44   0x00000020   Code   RO         2254    i.USBD_FS_ConfigStrDescriptor  usbd_desc.o
    0x0806dc64   0x0806dc64   0x0000000c   Code   RO         2255    i.USBD_FS_DeviceDescriptor  usbd_desc.o
    0x0806dc70   0x0806dc70   0x00000024   Code   RO         2256    i.USBD_FS_InterfaceStrDescriptor  usbd_desc.o
    0x0806dc94   0x0806dc94   0x0000000c   Code   RO         2257    i.USBD_FS_LangIDStrDescriptor  usbd_desc.o
    0x0806dca0   0x0806dca0   0x00000028   Code   RO         2258    i.USBD_FS_ManufacturerStrDescriptor  usbd_desc.o
    0x0806dcc8   0x0806dcc8   0x0000002c   Code   RO         2259    i.USBD_FS_ProductStrDescriptor  usbd_desc.o
    0x0806dcf4   0x0806dcf4   0x00000080   Code   RO         2260    i.USBD_FS_SerialStrDescriptor  usbd_desc.o
    0x0806dd74   0x0806dd74   0x00000036   Code   RO         8985    i.USBD_GetEpDesc    usbd_core.o
    0x0806ddaa   0x0806ddaa   0x0000006c   Code   RO         9141    i.USBD_GetString    usbd_ctlreq.o
    0x0806de16   0x0806de16   0x0000002a   Code   RO         8987    i.USBD_Init         usbd_core.o
    0x0806de40   0x0806de40   0x00000024   Code   RO         2415    i.USBD_LL_ClearStallEP  usbd_conf.o
    0x0806de64   0x0806de64   0x00000024   Code   RO         2416    i.USBD_LL_CloseEP   usbd_conf.o
    0x0806de88   0x0806de88   0x000000c4   Code   RO         8988    i.USBD_LL_DataInStage  usbd_core.o
    0x0806df4c   0x0806df4c   0x00000094   Code   RO         8989    i.USBD_LL_DataOutStage  usbd_core.o
    0x0806dfe0   0x0806dfe0   0x00000004   Code   RO         8990    i.USBD_LL_DevConnected  usbd_core.o
    0x0806dfe4   0x0806dfe4   0x00000022   Code   RO         8991    i.USBD_LL_DevDisconnected  usbd_core.o
    0x0806e006   0x0806e006   0x00000008   Code   RO         2420    i.USBD_LL_GetRxDataSize  usbd_conf.o
    0x0806e00e   0x0806e00e   0x00000002   PAD
    0x0806e010   0x0806e010   0x00000068   Code   RO         2421    i.USBD_LL_Init      usbd_conf.o
    0x0806e078   0x0806e078   0x00000020   Code   RO         2422    i.USBD_LL_IsStallEP  usbd_conf.o
    0x0806e098   0x0806e098   0x0000002a   Code   RO         8992    i.USBD_LL_IsoINIncomplete  usbd_core.o
    0x0806e0c2   0x0806e0c2   0x0000002a   Code   RO         8993    i.USBD_LL_IsoOUTIncomplete  usbd_core.o
    0x0806e0ec   0x0806e0ec   0x0000002a   Code   RO         2423    i.USBD_LL_OpenEP    usbd_conf.o
    0x0806e116   0x0806e116   0x00000024   Code   RO         2424    i.USBD_LL_PrepareReceive  usbd_conf.o
    0x0806e13a   0x0806e13a   0x00000066   Code   RO         8994    i.USBD_LL_Reset     usbd_core.o
    0x0806e1a0   0x0806e1a0   0x00000014   Code   RO         8995    i.USBD_LL_Resume    usbd_core.o
    0x0806e1b4   0x0806e1b4   0x0000001e   Code   RO         8996    i.USBD_LL_SOF       usbd_core.o
    0x0806e1d2   0x0806e1d2   0x00000006   Code   RO         8997    i.USBD_LL_SetSpeed  usbd_core.o
    0x0806e1d8   0x0806e1d8   0x00000024   Code   RO         2425    i.USBD_LL_SetUSBAddress  usbd_conf.o
    0x0806e1fc   0x0806e1fc   0x00000064   Code   RO         8998    i.USBD_LL_SetupStage  usbd_core.o
    0x0806e260   0x0806e260   0x00000024   Code   RO         2426    i.USBD_LL_StallEP   usbd_conf.o
    0x0806e284   0x0806e284   0x00000024   Code   RO         2427    i.USBD_LL_Start     usbd_conf.o
    0x0806e2a8   0x0806e2a8   0x0000001a   Code   RO         8999    i.USBD_LL_Suspend   usbd_core.o
    0x0806e2c2   0x0806e2c2   0x00000024   Code   RO         2429    i.USBD_LL_Transmit  usbd_conf.o
    0x0806e2e6   0x0806e2e6   0x00000028   Code   RO         9142    i.USBD_ParseSetupRequest  usbd_ctlreq.o
    0x0806e30e   0x0806e30e   0x0000003c   Code   RO         9000    i.USBD_RegisterClass  usbd_core.o
    0x0806e34a   0x0806e34a   0x00000014   Code   RO         9002    i.USBD_SetClassConfig  usbd_core.o
    0x0806e35e   0x0806e35e   0x00000004   Code   RO         9003    i.USBD_Start        usbd_core.o
    0x0806e362   0x0806e362   0x00000002   PAD
    0x0806e364   0x0806e364   0x00000320   Code   RO         9143    i.USBD_StdDevReq    usbd_ctlreq.o
    0x0806e684   0x0806e684   0x000001b0   Code   RO         9144    i.USBD_StdEPReq     usbd_ctlreq.o
    0x0806e834   0x0806e834   0x00000078   Code   RO         9145    i.USBD_StdItfReq    usbd_ctlreq.o
    0x0806e8ac   0x0806e8ac   0x00000002   Code   RO         2430    i.USBD_static_free  usbd_conf.o
    0x0806e8ae   0x0806e8ae   0x00000002   PAD
    0x0806e8b0   0x0806e8b0   0x00000008   Code   RO         2431    i.USBD_static_malloc  usbd_conf.o
    0x0806e8b8   0x0806e8b8   0x0000009c   Code   RO         2903    i.USB_ActivateEndpoint  stm32h7xx_ll_usb.o
    0x0806e954   0x0806e954   0x0000001c   Code   RO         2905    i.USB_ActivateSetup  stm32h7xx_ll_usb.o
    0x0806e970   0x0806e970   0x0000012c   Code   RO         2907    i.USB_CoreInit      stm32h7xx_ll_usb.o
    0x0806ea9c   0x0806ea9c   0x000000e0   Code   RO         2910    i.USB_DeactivateEndpoint  stm32h7xx_ll_usb.o
    0x0806eb7c   0x0806eb7c   0x0000001c   Code   RO         2911    i.USB_DevConnect    stm32h7xx_ll_usb.o
    0x0806eb98   0x0806eb98   0x0000001c   Code   RO         2912    i.USB_DevDisconnect  stm32h7xx_ll_usb.o
    0x0806ebb4   0x0806ebb4   0x000001a0   Code   RO         2913    i.USB_DevInit       stm32h7xx_ll_usb.o
    0x0806ed54   0x0806ed54   0x0000000c   Code   RO         2914    i.USB_DisableGlobalInt  stm32h7xx_ll_usb.o
    0x0806ed60   0x0806ed60   0x0000005c   Code   RO         2917    i.USB_EP0_OutStart  stm32h7xx_ll_usb.o
    0x0806edbc   0x0806edbc   0x0000005a   Code   RO         2918    i.USB_EPClearStall  stm32h7xx_ll_usb.o
    0x0806ee16   0x0806ee16   0x0000005e   Code   RO         2919    i.USB_EPSetStall    stm32h7xx_ll_usb.o
    0x0806ee74   0x0806ee74   0x00000292   Code   RO         2920    i.USB_EPStartXfer   stm32h7xx_ll_usb.o
    0x0806f106   0x0806f106   0x000000ac   Code   RO         2921    i.USB_EPStopXfer    stm32h7xx_ll_usb.o
    0x0806f1b2   0x0806f1b2   0x0000000c   Code   RO         2922    i.USB_EnableGlobalInt  stm32h7xx_ll_usb.o
    0x0806f1be   0x0806f1be   0x00000002   PAD
    0x0806f1c0   0x0806f1c0   0x00000044   Code   RO         2923    i.USB_FlushRxFifo   stm32h7xx_ll_usb.o
    0x0806f204   0x0806f204   0x0000004c   Code   RO         2924    i.USB_FlushTxFifo   stm32h7xx_ll_usb.o
    0x0806f250   0x0806f250   0x00000018   Code   RO         2926    i.USB_GetDevSpeed   stm32h7xx_ll_usb.o
    0x0806f268   0x0806f268   0x00000008   Code   RO         2928    i.USB_GetMode       stm32h7xx_ll_usb.o
    0x0806f270   0x0806f270   0x0000000e   Code   RO         2936    i.USB_ReadDevAllInEpInterrupt  stm32h7xx_ll_usb.o
    0x0806f27e   0x0806f27e   0x0000000e   Code   RO         2937    i.USB_ReadDevAllOutEpInterrupt  stm32h7xx_ll_usb.o
    0x0806f28c   0x0806f28c   0x00000022   Code   RO         2938    i.USB_ReadDevInEPInterrupt  stm32h7xx_ll_usb.o
    0x0806f2ae   0x0806f2ae   0x00000010   Code   RO         2939    i.USB_ReadDevOutEPInterrupt  stm32h7xx_ll_usb.o
    0x0806f2be   0x0806f2be   0x00000008   Code   RO         2940    i.USB_ReadInterrupts  stm32h7xx_ll_usb.o
    0x0806f2c6   0x0806f2c6   0x0000006c   Code   RO         2941    i.USB_ReadPacket    stm32h7xx_ll_usb.o
    0x0806f332   0x0806f332   0x0000005e   Code   RO         2943    i.USB_SetCurrentMode  stm32h7xx_ll_usb.o
    0x0806f390   0x0806f390   0x00000022   Code   RO         2944    i.USB_SetDevAddress  stm32h7xx_ll_usb.o
    0x0806f3b2   0x0806f3b2   0x00000002   PAD
    0x0806f3b4   0x0806f3b4   0x000000e4   Code   RO         2946    i.USB_SetTurnaroundTime  stm32h7xx_ll_usb.o
    0x0806f498   0x0806f498   0x00000036   Code   RO         2949    i.USB_WritePacket   stm32h7xx_ll_usb.o
    0x0806f4ce   0x0806f4ce   0x00000002   Code   RO         1942    i.UsageFault_Handler  stm32h7xx_it.o
    0x0806f4d0   0x0806f4d0   0x0000002c   Code   RO         1252    i.User_Shell_Read   shell_port.o
    0x0806f4fc   0x0806f4fc   0x00000020   Code   RO         1253    i.User_Shell_Write  shell_port.o
    0x0806f51c   0x0806f51c   0x00000100   Code   RO         1507    i.Wifi_Task         freertos.o
    0x0806f61c   0x0806f61c   0x00000008   Code   RO          826    i.__ARM_common_memclr4_8  mdrtuslave.o
    0x0806f624   0x0806f624   0x0000000a   Code   RO          481    i.__ARM_common_memcpy4_5  tool.o
    0x0806f62e   0x0806f62e   0x0000000a   Code   RO          485    i.__ARM_common_memcpy4_6  tool.o
    0x0806f638   0x0806f638   0x0000000a   Code   RO          483    i.__ARM_common_memcpy4_8  tool.o
    0x0806f642   0x0806f642   0x00000012   Code   RO         1182    i.__ARM_common_memset4_9  shell.o
    0x0806f654   0x0806f654   0x00000030   Code   RO         9710    i.__ARM_fpclassify  m_wv.l(fpclassify.o)
    0x0806f684   0x0806f684   0x00000026   Code   RO         9600    i.__ARM_fpclassifyf  m_wv.l(fpclassifyf.o)
    0x0806f6aa   0x0806f6aa   0x00000002   PAD
    0x0806f6ac   0x0806f6ac   0x00000124   Code   RO         9452    i.__hardfp_acosf    m_wv.l(acosf.o)
    0x0806f7d0   0x0806f7d0   0x00000138   Code   RO         9464    i.__hardfp_asinf    m_wv.l(asinf.o)
    0x0806f908   0x0806f908   0x0000023c   Code   RO         9476    i.__hardfp_log      m_wv.l(log.o)
    0x0806fb44   0x0806fb44   0x00000658   Code   RO         9490    i.__hardfp_powf     m_wv.l(powf.o)
    0x0807019c   0x0807019c   0x0000003a   Code   RO         9504    i.__hardfp_sqrtf    m_wv.l(sqrtf.o)
    0x080701d6   0x080701d6   0x00000070   Code   RO         9616    i.__kernel_poly     m_wv.l(poly.o)
    0x08070246   0x08070246   0x00000002   PAD
    0x08070248   0x08070248   0x00000020   Code   RO         9586    i.__mathlib_dbl_divzero  m_wv.l(dunder.o)
    0x08070268   0x08070268   0x00000006   Code   RO         9587    i.__mathlib_dbl_infnan  m_wv.l(dunder.o)
    0x0807026e   0x0807026e   0x00000002   PAD
    0x08070270   0x08070270   0x00000018   Code   RO         9589    i.__mathlib_dbl_invalid  m_wv.l(dunder.o)
    0x08070288   0x08070288   0x00000018   Code   RO         9602    i.__mathlib_flt_divzero  m_wv.l(funder.o)
    0x080702a0   0x080702a0   0x00000006   Code   RO         9603    i.__mathlib_flt_infnan  m_wv.l(funder.o)
    0x080702a6   0x080702a6   0x00000006   Code   RO         9604    i.__mathlib_flt_infnan2  m_wv.l(funder.o)
    0x080702ac   0x080702ac   0x00000010   Code   RO         9605    i.__mathlib_flt_invalid  m_wv.l(funder.o)
    0x080702bc   0x080702bc   0x00000010   Code   RO         9606    i.__mathlib_flt_overflow  m_wv.l(funder.o)
    0x080702cc   0x080702cc   0x00000010   Code   RO         9608    i.__mathlib_flt_underflow  m_wv.l(funder.o)
    0x080702dc   0x080702dc   0x0000000e   Code   RO         9410    i._is_digit         c_w.l(__printf_wp.o)
    0x080702ea   0x080702ea   0x00000002   PAD
    0x080702ec   0x080702ec   0x0000000c   Code   RO         1508    i.configureTimerForRunTimeStats  freertos.o
    0x080702f8   0x080702f8   0x00000124   Code   RO          350    i.dis_hex_data      tool.o
    0x0807041c   0x0807041c   0x00000030   Code   RO         8033    i.eTaskConfirmSleepModeStatus  tasks.o
    0x0807044c   0x0807044c   0x00000048   Code   RO          351    i.free_mem          tool.o
    0x08070494   0x08070494   0x0000000c   Code   RO         1509    i.getRunTimeCounterValue  freertos.o
    0x080704a0   0x080704a0   0x00000098   Code   RO          352    i.list_thread       tool.o
    0x08070538   0x08070538   0x000000e4   Code   RO         1389    i.main              main.o
    0x0807061c   0x0807061c   0x0000000c   Code   RO          513    i.mdClearReceiveBuffer  mdrecbuffer.o
    0x08070628   0x08070628   0x00000198   Code   RO          692    i.mdCreateModbusRTUSlave  mdrtuslave.o
    0x080707c0   0x080707c0   0x0000002a   Code   RO          514    i.mdCreateReceiveBuffer  mdrecbuffer.o
    0x080707ea   0x080707ea   0x00000002   PAD
    0x080707ec   0x080707ec   0x0000016c   Code   RO          543    i.mdCreateRegisterPool  mdregpool.o
    0x08070958   0x08070958   0x000000d8   Code   RO          545    i.mdFindRegisterByAddress  mdregpool.o
    0x08070a30   0x08070a30   0x000000e6   Code   RO          694    i.mdRTUCenterProcessor  mdrtuslave.o
    0x08070b16   0x08070b16   0x00000002   Code   RO          695    i.mdRTUError        mdrtuslave.o
    0x08070b18   0x08070b18   0x000000be   Code   RO          696    i.mdRTUHandleCode1  mdrtuslave.o
    0x08070bd6   0x08070bd6   0x00000002   PAD
    0x08070bd8   0x08070bd8   0x00000082   Code   RO          698    i.mdRTUHandleCode15  mdrtuslave.o
    0x08070c5a   0x08070c5a   0x0000007e   Code   RO          699    i.mdRTUHandleCode16  mdrtuslave.o
    0x08070cd8   0x08070cd8   0x000000be   Code   RO          700    i.mdRTUHandleCode2  mdrtuslave.o
    0x08070d96   0x08070d96   0x000000fe   Code   RO          701    i.mdRTUHandleCode3  mdrtuslave.o
    0x08070e94   0x08070e94   0x000000fe   Code   RO          702    i.mdRTUHandleCode4  mdrtuslave.o
    0x08070f92   0x08070f92   0x00000002   PAD
    0x08070f94   0x08070f94   0x00000098   Code   RO          703    i.mdRTUHandleCode46  mdrtuslave.o
    0x0807102c   0x0807102c   0x00000030   Code   RO          704    i.mdRTUHandleCode5  mdrtuslave.o
    0x0807105c   0x0807105c   0x0000002a   Code   RO          705    i.mdRTUHandleCode6  mdrtuslave.o
    0x08071086   0x08071086   0x00000002   PAD
    0x08071088   0x08071088   0x00000298   Code   RO          706    i.mdRTUHook         mdrtuslave.o
    0x08071320   0x08071320   0x0000000a   Code   RO          707    i.mdRTUSendString   mdrtuslave.o
    0x0807132a   0x0807132a   0x00000002   PAD
    0x0807132c   0x0807132c   0x00000134   Code   RO          708    i.mdRTU_MasterCodex  mdrtuslave.o
    0x08071460   0x08071460   0x00000048   Code   RO          546    i.mdReadBit         mdregpool.o
    0x080714a8   0x080714a8   0x00000034   Code   RO          547    i.mdReadBits        mdregpool.o
    0x080714dc   0x080714dc   0x0000001c   Code   RO          548    i.mdReadCoil        mdregpool.o
    0x080714f8   0x080714f8   0x00000046   Code   RO          549    i.mdReadCoils       mdregpool.o
    0x0807153e   0x0807153e   0x0000000e   Code   RO          550    i.mdReadHoldRegister  mdregpool.o
    0x0807154c   0x0807154c   0x00000014   Code   RO          551    i.mdReadHoldRegisters  mdregpool.o
    0x08071560   0x08071560   0x00000020   Code   RO          552    i.mdReadInputCoil   mdregpool.o
    0x08071580   0x08071580   0x0000004c   Code   RO          553    i.mdReadInputCoils  mdregpool.o
    0x080715cc   0x080715cc   0x0000000e   Code   RO          554    i.mdReadInputRegister  mdregpool.o
    0x080715da   0x080715da   0x00000014   Code   RO          555    i.mdReadInputRegisters  mdregpool.o
    0x080715ee   0x080715ee   0x0000001a   Code   RO          556    i.mdReadU16         mdregpool.o
    0x08071608   0x08071608   0x00000034   Code   RO          557    i.mdReadU16s        mdregpool.o
    0x0807163c   0x0807163c   0x00000004   PAD
    0x08071640   0x08071640   0x000000d0   Code   RO          558    i.mdWriteBit        mdregpool.o
    0x08071710   0x08071710   0x00000032   Code   RO          559    i.mdWriteBits       mdregpool.o
    0x08071742   0x08071742   0x0000000a   Code   RO          560    i.mdWriteCoil       mdregpool.o
    0x0807174c   0x0807174c   0x0000003c   Code   RO          561    i.mdWriteCoils      mdregpool.o
    0x08071788   0x08071788   0x0000000e   Code   RO          562    i.mdWriteHoldRegister  mdregpool.o
    0x08071796   0x08071796   0x00000014   Code   RO          563    i.mdWriteHoldRegisters  mdregpool.o
    0x080717aa   0x080717aa   0x0000000e   Code   RO          564    i.mdWriteInputCoil  mdregpool.o
    0x080717b8   0x080717b8   0x00000042   Code   RO          565    i.mdWriteInputCoils  mdregpool.o
    0x080717fa   0x080717fa   0x0000000e   Code   RO          566    i.mdWriteInputRegister  mdregpool.o
    0x08071808   0x08071808   0x00000014   Code   RO          567    i.mdWriteInputRegisters  mdregpool.o
    0x0807181c   0x0807181c   0x00000088   Code   RO          568    i.mdWriteU16        mdregpool.o
    0x080718a4   0x080718a4   0x00000034   Code   RO          569    i.mdWriteU16s       mdregpool.o
    0x080718d8   0x080718d8   0x00000010   Code   RO         8512    i.osDelay           cmsis_os.o
    0x080718e8   0x080718e8   0x0000000a   Code   RO         8515    i.osKernelStart     cmsis_os.o
    0x080718f2   0x080718f2   0x0000002e   Code   RO         8524    i.osMessageCreate   cmsis_os.o
    0x08071920   0x08071920   0x00000010   Code   RO         8530    i.osMutexCreate     cmsis_os.o
    0x08071930   0x08071930   0x00000004   Code   RO         8539    i.osRecursiveMutexRelease  cmsis_os.o
    0x08071934   0x08071934   0x00000004   Code   RO         8540    i.osRecursiveMutexWait  cmsis_os.o
    0x08071938   0x08071938   0x00000050   Code   RO         8541    i.osSemaphoreCreate  cmsis_os.o
    0x08071988   0x08071988   0x00000054   Code   RO         8544    i.osSemaphoreRelease  cmsis_os.o
    0x080719dc   0x080719dc   0x00000064   Code   RO         8545    i.osSemaphoreWait   cmsis_os.o
    0x08071a40   0x08071a40   0x0000006c   Code   RO         8549    i.osThreadCreate    cmsis_os.o
    0x08071aac   0x08071aac   0x00000010   Code   RO         8554    i.osThreadResumeAll  cmsis_os.o
    0x08071abc   0x08071abc   0x0000000a   Code   RO         8557    i.osThreadSuspendAll  cmsis_os.o
    0x08071ac6   0x08071ac6   0x00000002   PAD
    0x08071ac8   0x08071ac8   0x00000018   Code   RO         8559    i.osThreadYield     cmsis_os.o
    0x08071ae0   0x08071ae0   0x00000044   Code   RO         8560    i.osTimerCreate     cmsis_os.o
    0x08071b24   0x08071b24   0x0000005c   Code   RO         8562    i.osTimerStart      cmsis_os.o
    0x08071b80   0x08071b80   0x00000078   Code   RO          710    i.popchar           mdrtuslave.o
    0x08071bf8   0x08071bf8   0x000001ec   Code   RO          711    i.portRtuMasterHandle  mdrtuslave.o
    0x08071de4   0x08071de4   0x00000012   Code   RO          712    i.portRtuTimerTick  mdrtuslave.o
    0x08071df6   0x08071df6   0x00000002   PAD
    0x08071df8   0x08071df8   0x00000074   Code   RO         8036    i.prvAddCurrentTaskToDelayedList  tasks.o
    0x08071e6c   0x08071e6c   0x000000e4   Code   RO         8037    i.prvAddNewTaskToReadyList  tasks.o
    0x08071f50   0x08071f50   0x00000100   Code   RO         8038    i.prvIdleTask       tasks.o
    0x08072050   0x08072050   0x0000014c   Code   RO         8039    i.prvListTasksWithinSingleList  tasks.o
    0x0807219c   0x0807219c   0x000000d0   Code   RO         8385    i.prvSampleTimeNow  timers.o
    0x0807226c   0x0807226c   0x0000002c   Code   RO         8897    i.prvTaskExitError  port.o
    0x08072298   0x08072298   0x000002f4   Code   RO         8386    i.prvTimerTask      timers.o
    0x0807258c   0x0807258c   0x0000006c   Code   RO         7713    i.prvUnlockQueue    queue.o
    0x080725f8   0x080725f8   0x0000019c   Code   RO         8850    i.pvPortMalloc      heap_4.o
    0x08072794   0x08072794   0x00000018   Code   RO         8040    i.pvTaskIncrementMutexHeldCount  tasks.o
    0x080727ac   0x080727ac   0x00000030   Code   RO         8898    i.pxPortInitialiseStack  port.o
    0x080727dc   0x080727dc   0x0000004c   Code   RO          353    i.reboot            tool.o
    0x08072828   0x08072828   0x000000ac   Code   RO          354    i.see_card_info     tool.o
    0x080728d4   0x080728d4   0x00000068   Code   RO          355    i.see_param_info    tool.o
    0x0807293c   0x0807293c   0x000000d8   Code   RO         1510    i.set_app_model     freertos.o
    0x08072a14   0x08072a14   0x00000130   Code   RO          356    i.set_dbug_switch   tool.o
    0x08072b44   0x08072b44   0x00000006   Code   RO          862    i.shellBackspace    shell.o
    0x08072b4a   0x08072b4a   0x00000002   PAD
    0x08072b4c   0x08072b4c   0x0000003c   Code   RO          864    i.shellClear        shell.o
    0x08072b88   0x08072b88   0x00000014   Code   RO          866    i.shellCmds         shell.o
    0x08072b9c   0x08072b9c   0x00000008   Code   RO          867    i.shellDelete       shell.o
    0x08072ba4   0x08072ba4   0x00000174   Code   RO          868    i.shellDeleteByte   shell.o
    0x08072d18   0x08072d18   0x0000003c   Code   RO          869    i.shellDeleteCommandLine  shell.o
    0x08072d54   0x08072d54   0x00000008   Code   RO          870    i.shellDown         shell.o
    0x08072d5c   0x08072d5c   0x00000014   Code   RO          871    i.shellEnter        shell.o
    0x08072d70   0x08072d70   0x00000224   Code   RO          872    i.shellExec         shell.o
    0x08072f94   0x08072f94   0x00000070   Code   RO          873    i.shellExecute      shell.o
    0x08073004   0x08073004   0x00000228   Code   RO         1229    i.shellExtParsePara  shell_ext.o
    0x0807322c   0x0807322c   0x00000102   Code   RO         1230    i.shellExtRun       shell_ext.o
    0x0807332e   0x0807332e   0x00000002   PAD
    0x08073330   0x08073330   0x0000004c   Code   RO          874    i.shellGetCommandName  shell.o
    0x0807337c   0x0807337c   0x00000058   Code   RO          875    i.shellGetCurrent   shell.o
    0x080733d4   0x080733d4   0x00000042   Code   RO          876    i.shellGetVarValue  shell.o
    0x08073416   0x08073416   0x00000032   Code   RO          878    i.shellHelp         shell.o
    0x08073448   0x08073448   0x0000013c   Code   RO          879    i.shellHistory      shell.o
    0x08073584   0x08073584   0x00000160   Code   RO          880    i.shellInit         shell.o
    0x080736e4   0x080736e4   0x0000016c   Code   RO          881    i.shellInsertByte   shell.o
    0x08073850   0x08073850   0x0000008c   Code   RO          882    i.shellKeys         shell.o
    0x080738dc   0x080738dc   0x00000022   Code   RO          883    i.shellLeft         shell.o
    0x080738fe   0x080738fe   0x00000002   PAD
    0x08073900   0x08073900   0x00000080   Code   RO          885    i.shellListCommand  shell.o
    0x08073980   0x08073980   0x0000020c   Code   RO          886    i.shellListItem     shell.o
    0x08073b8c   0x08073b8c   0x00000084   Code   RO          888    i.shellListUser     shell.o
    0x08073c10   0x08073c10   0x00000040   Code   RO          891    i.shellPrint        shell.o
    0x08073c50   0x08073c50   0x00000022   Code   RO          892    i.shellRight        shell.o
    0x08073c72   0x08073c72   0x00000002   PAD
    0x08073c74   0x08073c74   0x0000015c   Code   RO          894    i.shellRunCommand   shell.o
    0x08073dd0   0x08073dd0   0x0000008c   Code   RO          895    i.shellSeekCommand  shell.o
    0x08073e5c   0x08073e5c   0x000000ac   Code   RO          896    i.shellSetVar       shell.o
    0x08073f08   0x08073f08   0x000000c8   Code   RO          897    i.shellSetVarValue  shell.o
    0x08073fd0   0x08073fd0   0x00000274   Code   RO          898    i.shellShowVar      shell.o
    0x08074244   0x08074244   0x000002b0   Code   RO          899    i.shellTab          shell.o
    0x080744f4   0x080744f4   0x00000130   Code   RO          900    i.shellTask         shell.o
    0x08074624   0x08074624   0x00000006   Code   RO          903    i.shellUp           shell.o
    0x0807462a   0x0807462a   0x00000014   Code   RO          904    i.shellUsers        shell.o
    0x0807463e   0x0807463e   0x00000002   PAD
    0x08074640   0x08074640   0x00000090   Code   RO          905    i.shellVars         shell.o
    0x080746d0   0x080746d0   0x000000fc   Code   RO          906    i.shellWriteCommandHelp  shell.o
    0x080747cc   0x080747cc   0x000000c0   Code   RO          907    i.shellWriteEndLine  shell.o
    0x0807488c   0x0807488c   0x0000011c   Code   RO          908    i.shellWritePrompt  shell.o
    0x080749a8   0x080749a8   0x00000198   Code   RO          909    i.shellWriteReturnValue  shell.o
    0x08074b40   0x08074b40   0x00000034   Code   RO          910    i.shellWriteString  shell.o
    0x08074b74   0x08074b74   0x0000003e   Code   RO         9506    i.sqrtf             m_wv.l(sqrtf.o)
    0x08074bb2   0x08074bb2   0x00000002   PAD
    0x08074bb4   0x08074bb4   0x00000018   Code   RO         1254    i.userShellLock     shell_port.o
    0x08074bcc   0x08074bcc   0x00000014   Code   RO         1255    i.userShellUnlock   shell_port.o
    0x08074be0   0x08074be0   0x00000026   Code   RO         7676    i.uxListRemove      list.o
    0x08074c06   0x08074c06   0x00000002   PAD
    0x08074c08   0x08074c08   0x0000000c   Code   RO         8043    i.uxTaskGetNumberOfTasks  tasks.o
    0x08074c14   0x08074c14   0x000000b0   Code   RO         8044    i.uxTaskGetSystemState  tasks.o
    0x08074cc4   0x08074cc4   0x00000018   Code   RO         1511    i.vApplicationGetIdleTaskMemory  freertos.o
    0x08074cdc   0x08074cdc   0x0000001c   Code   RO         1512    i.vApplicationGetTimerTaskMemory  freertos.o
    0x08074cf8   0x08074cf8   0x00000030   Code   RO         1513    i.vApplicationMallocFailedHook  freertos.o
    0x08074d28   0x08074d28   0x00000028   Code   RO         1514    i.vApplicationStackOverflowHook  freertos.o
    0x08074d50   0x08074d50   0x00000016   Code   RO         7677    i.vListInitialise   list.o
    0x08074d66   0x08074d66   0x00000006   Code   RO         7678    i.vListInitialiseItem  list.o
    0x08074d6c   0x08074d6c   0x0000003c   Code   RO         7679    i.vListInsert       list.o
    0x08074da8   0x08074da8   0x00000018   Code   RO         7680    i.vListInsertEnd    list.o
    0x08074dc0   0x08074dc0   0x00000040   Code   RO         8900    i.vPortEnterCritical  port.o
    0x08074e00   0x08074e00   0x0000002c   Code   RO         8901    i.vPortExitCritical  port.o
    0x08074e2c   0x08074e2c   0x000000a8   Code   RO         8851    i.vPortFree         heap_4.o
    0x08074ed4   0x08074ed4   0x00000054   Code   RO         8902    i.vPortSetupTimerInterrupt  port.o
    0x08074f28   0x08074f28   0x000000ec   Code   RO         8903    i.vPortSuppressTicksAndSleep  port.o
    0x08075014   0x08075014   0x00000054   Code   RO         8904    i.vPortValidateInterruptPriority  port.o
    0x08075068   0x08075068   0x00000024   Code   RO         7719    i.vQueueAddToRegistry  queue.o
    0x0807508c   0x0807508c   0x00000048   Code   RO         7723    i.vQueueWaitForMessageRestricted  queue.o
    0x080750d4   0x080750d4   0x0000004c   Code   RO         8049    i.vTaskDelay        tasks.o
    0x08075120   0x08075120   0x000000dc   Code   RO         8053    i.vTaskGetRunTimeStats  tasks.o
    0x080751fc   0x080751fc   0x00000010   Code   RO         8054    i.vTaskInternalSetTimeOutState  tasks.o
    0x0807520c   0x0807520c   0x000000d8   Code   RO         8055    i.vTaskList         tasks.o
    0x080752e4   0x080752e4   0x0000000c   Code   RO         8056    i.vTaskMissedYield  tasks.o
    0x080752f0   0x080752f0   0x00000034   Code   RO         8058    i.vTaskPlaceOnEventList  tasks.o
    0x08075324   0x08075324   0x0000003c   Code   RO         8059    i.vTaskPlaceOnEventListRestricted  tasks.o
    0x08075360   0x08075360   0x000000b0   Code   RO         8061    i.vTaskPriorityDisinheritAfterTimeout  tasks.o
    0x08075410   0x08075410   0x00000090   Code   RO         8067    i.vTaskStartScheduler  tasks.o
    0x080754a0   0x080754a0   0x00000028   Code   RO         8068    i.vTaskStepTick     tasks.o
    0x080754c8   0x080754c8   0x00000010   Code   RO         8070    i.vTaskSuspendAll   tasks.o
    0x080754d8   0x080754d8   0x000000a8   Code   RO         8071    i.vTaskSwitchContext  tasks.o
    0x08075580   0x08075580   0x0000000c   Code   RO         8854    i.xPortGetFreeHeapSize  heap_4.o
    0x0807558c   0x0807558c   0x0000000c   Code   RO         8855    i.xPortGetMinimumEverFreeHeapSize  heap_4.o
    0x08075598   0x08075598   0x00000104   Code   RO         8905    i.xPortStartScheduler  port.o
    0x0807569c   0x0807569c   0x0000003a   Code   RO         7724    i.xQueueCreateCountingSemaphore  queue.o
    0x080756d6   0x080756d6   0x00000040   Code   RO         7725    i.xQueueCreateCountingSemaphoreStatic  queue.o
    0x08075716   0x08075716   0x00000024   Code   RO         7726    i.xQueueCreateMutex  queue.o
    0x0807573a   0x0807573a   0x00000028   Code   RO         7727    i.xQueueCreateMutexStatic  queue.o
    0x08075762   0x08075762   0x00000092   Code   RO         7728    i.xQueueGenericCreate  queue.o
    0x080757f4   0x080757f4   0x000000b6   Code   RO         7729    i.xQueueGenericCreateStatic  queue.o
    0x080758aa   0x080758aa   0x00000002   PAD
    0x080758ac   0x080758ac   0x000001d4   Code   RO         7731    i.xQueueGenericSend  queue.o
    0x08075a80   0x08075a80   0x0000011a   Code   RO         7732    i.xQueueGenericSendFromISR  queue.o
    0x08075b9a   0x08075b9a   0x0000009e   Code   RO         7733    i.xQueueGiveFromISR  queue.o
    0x08075c38   0x08075c38   0x0000015c   Code   RO         7738    i.xQueueReceive     queue.o
    0x08075d94   0x08075d94   0x000000b0   Code   RO         7739    i.xQueueReceiveFromISR  queue.o
    0x08075e44   0x08075e44   0x000001a0   Code   RO         7740    i.xQueueSemaphoreTake  queue.o
    0x08075fe4   0x08075fe4   0x00000080   Code   RO         8073    i.xTaskCheckForTimeOut  tasks.o
    0x08076064   0x08076064   0x000000c4   Code   RO         8074    i.xTaskCreate       tasks.o
    0x08076128   0x08076128   0x000000e0   Code   RO         8075    i.xTaskCreateStatic  tasks.o
    0x08076208   0x08076208   0x00000100   Code   RO         8076    i.xTaskGenericNotify  tasks.o
    0x08076308   0x08076308   0x0000001c   Code   RO         8079    i.xTaskGetSchedulerState  tasks.o
    0x08076324   0x08076324   0x0000000c   Code   RO         8080    i.xTaskGetTickCount  tasks.o
    0x08076330   0x08076330   0x000000ec   Code   RO         8082    i.xTaskIncrementTick  tasks.o
    0x0807641c   0x0807641c   0x0000008c   Code   RO         8084    i.xTaskNotifyWait   tasks.o
    0x080764a8   0x080764a8   0x000000a4   Code   RO         8085    i.xTaskPriorityDisinherit  tasks.o
    0x0807654c   0x0807654c   0x00000094   Code   RO         8086    i.xTaskPriorityInherit  tasks.o
    0x080765e0   0x080765e0   0x0000008c   Code   RO         8087    i.xTaskRemoveFromEventList  tasks.o
    0x0807666c   0x0807666c   0x000001b8   Code   RO         8088    i.xTaskResumeAll    tasks.o
    0x08076824   0x08076824   0x000000b4   Code   RO         8393    i.xTimerCreate      timers.o
    0x080768d8   0x080768d8   0x000000c4   Code   RO         8394    i.xTimerCreateStatic  timers.o
    0x0807699c   0x0807699c   0x000000ac   Code   RO         8395    i.xTimerCreateTimerTask  timers.o
    0x08076a48   0x08076a48   0x00000078   Code   RO         8396    i.xTimerGenericCommand  timers.o
    0x08076ac0   0x08076ac0   0x0000002c   Code   RO         9693    locale$$code        c_w.l(lc_ctype_c.o)
    0x08076aec   0x08076aec   0x0000002c   Code   RO         9696    locale$$code        c_w.l(lc_numeric_c.o)
    0x08076b18   0x08076b18   0x0000000a   Code   RO         9780    x$fpl$fpinit        fz_wv.l(fpinit.o)
    0x08076b22   0x08076b22   0x00000004   Code   RO         9577    x$fpl$printf1       fz_wv.l(printf1.o)
    0x08076b26   0x08076b26   0x00000004   Code   RO         9579    x$fpl$printf2       fz_wv.l(printf2.o)
    0x08076b2a   0x08076b2a   0x00000000   Code   RO         9585    x$fpl$usenofp       fz_wv.l(usenofp.o)
    0x08076b2a   0x08076b2a   0x00000002   PAD
    0x08076b2c   0x08076b2c   0x00000018   Data   RO           27    .constdata          dwin.o
    0x08076b44   0x08076b44   0x0000000e   Data   RO          358    .constdata          tool.o
    0x08076b52   0x08076b52   0x0000001b   Data   RO          359    .constdata          tool.o
    0x08076b6d   0x08076b6d   0x0000000f   Data   RO          360    .constdata          tool.o
    0x08076b7c   0x08076b7c   0x0000001c   Data   RO          361    .constdata          tool.o
    0x08076b98   0x08076b98   0x0000000a   Data   RO          362    .constdata          tool.o
    0x08076ba2   0x08076ba2   0x00000011   Data   RO          363    .constdata          tool.o
    0x08076bb3   0x08076bb3   0x00000007   Data   RO          364    .constdata          tool.o
    0x08076bba   0x08076bba   0x00000014   Data   RO          365    .constdata          tool.o
    0x08076bce   0x08076bce   0x00000005   Data   RO          366    .constdata          tool.o
    0x08076bd3   0x08076bd3   0x0000001e   Data   RO          367    .constdata          tool.o
    0x08076bf1   0x08076bf1   0x0000000c   Data   RO          368    .constdata          tool.o
    0x08076bfd   0x08076bfd   0x00000018   Data   RO          369    .constdata          tool.o
    0x08076c15   0x08076c15   0x00000003   PAD
    0x08076c18   0x08076c18   0x00000020   Data   RO          714    .constdata          mdrtuslave.o
    0x08076c38   0x08076c38   0x00000004   Data   RO          912    .constdata          shell.o
    0x08076c3c   0x08076c3c   0x00000001   Data   RO          913    .constdata          shell.o
    0x08076c3d   0x08076c3d   0x0000000d   Data   RO          914    .constdata          shell.o
    0x08076c4a   0x08076c4a   0x00000007   Data   RO          915    .constdata          shell.o
    0x08076c51   0x08076c51   0x00000008   Data   RO          916    .constdata          shell.o
    0x08076c59   0x08076c59   0x00000003   Data   RO          917    .constdata          shell.o
    0x08076c5c   0x08076c5c   0x00000005   Data   RO          918    .constdata          shell.o
    0x08076c61   0x08076c61   0x00000006   Data   RO          919    .constdata          shell.o
    0x08076c67   0x08076c67   0x00000005   Data   RO          920    .constdata          shell.o
    0x08076c6c   0x08076c6c   0x00000004   Data   RO          921    .constdata          shell.o
    0x08076c70   0x08076c70   0x0000000a   Data   RO          922    .constdata          shell.o
    0x08076c7a   0x08076c7a   0x0000000a   Data   RO          923    .constdata          shell.o
    0x08076c84   0x08076c84   0x00000007   Data   RO          924    .constdata          shell.o
    0x08076c8b   0x08076c8b   0x00000006   Data   RO          925    .constdata          shell.o
    0x08076c91   0x08076c91   0x00000006   Data   RO          926    .constdata          shell.o
    0x08076c97   0x08076c97   0x00000005   Data   RO          927    .constdata          shell.o
    0x08076c9c   0x08076c9c   0x0000001d   Data   RO          928    .constdata          shell.o
    0x08076cb9   0x08076cb9   0x00000006   Data   RO          929    .constdata          shell.o
    0x08076cbf   0x08076cbf   0x0000000e   Data   RO          930    .constdata          shell.o
    0x08076ccd   0x08076ccd   0x00000005   Data   RO          931    .constdata          shell.o
    0x08076cd2   0x08076cd2   0x0000000d   Data   RO          932    .constdata          shell.o
    0x08076cdf   0x08076cdf   0x00000005   Data   RO          933    .constdata          shell.o
    0x08076ce4   0x08076ce4   0x0000000d   Data   RO          934    .constdata          shell.o
    0x08076cf1   0x08076cf1   0x00000005   Data   RO          935    .constdata          shell.o
    0x08076cf6   0x08076cf6   0x0000000d   Data   RO          936    .constdata          shell.o
    0x08076d03   0x08076d03   0x00000006   Data   RO          937    .constdata          shell.o
    0x08076d09   0x08076d09   0x0000000e   Data   RO          938    .constdata          shell.o
    0x08076d17   0x08076d17   0x00000005   Data   RO          939    .constdata          shell.o
    0x08076d1c   0x08076d1c   0x0000001b   Data   RO          940    .constdata          shell.o
    0x08076d37   0x08076d37   0x00000001   PAD
    0x08076d38   0x08076d38   0x00000010   Data   RO          941    .constdata          shell.o
    0x08076d48   0x08076d48   0x0000000a   Data   RO         1319    .constdata          lte.o
    0x08076d52   0x08076d52   0x00000010   Data   RO         1320    .constdata          lte.o
    0x08076d62   0x08076d62   0x00000002   PAD
    0x08076d64   0x08076d64   0x00000098   Data   RO         1321    .constdata          lte.o
    0x08076dfc   0x08076dfc   0x0000000a   Data   RO         1516    .constdata          freertos.o
    0x08076e06   0x08076e06   0x00000029   Data   RO         1517    .constdata          freertos.o
    0x08076e2f   0x08076e2f   0x00000001   PAD
    0x08076e30   0x08076e30   0x0000019c   Data   RO         1518    .constdata          freertos.o
    0x08076fcc   0x08076fcc   0x00000008   Data   RO         3835    .constdata          stm32h7xx_hal_dma.o
    0x08076fd4   0x08076fd4   0x00000018   Data   RO         7082    .constdata          stm32h7xx_hal_uart.o
    0x08076fec   0x08076fec   0x00000010   Data   RO         7442    .constdata          stm32h7xx_hal_uart_ex.o
    0x08076ffc   0x08076ffc   0x00000010   Data   RO         7543    .constdata          system_stm32h7xx.o
    0x0807700c   0x0807700c   0x00000028   Data   RO         9398    .constdata          c_w.l(_printf_hex_int_ll_ptr.o)
    0x08077034   0x08077034   0x00000011   Data   RO         9418    .constdata          c_w.l(__printf_flags_ss_wp.o)
    0x08077045   0x08077045   0x00000003   PAD
    0x08077048   0x08077048   0x00000038   Data   RO         9479    .constdata          m_wv.l(log.o)
    0x08077080   0x08077080   0x00000140   Data   RO         9493    .constdata          m_wv.l(powf.o)
    0x080771c0   0x080771c0   0x00000008   Data   RO         9543    .constdata          c_w.l(_printf_wctomb.o)
    0x080771c8   0x080771c8   0x00000008   Data   RO         9618    .constdata          m_wv.l(qnan.o)
    0x080771d0   0x080771d0   0x00000026   Data   RO         9646    .constdata          c_w.l(_printf_fp_hex.o)
    0x080771f6   0x080771f6   0x00000002   PAD
    0x080771f8   0x080771f8   0x00000094   Data   RO         9668    .constdata          c_w.l(bigflt0.o)
    0x0807728c   0x0807728c   0x00000060   Data   RO           28    .conststring        dwin.o
    0x080772ec   0x080772ec   0x00000041   Data   RO          370    .conststring        tool.o
    0x0807732d   0x0807732d   0x00000003   PAD
    0x08077330   0x08077330   0x000002b9   Data   RO          942    .conststring        shell.o
    0x080775e9   0x080775e9   0x00000003   PAD
    0x080775ec   0x080775ec   0x0000012c   Data   RO         1322    .conststring        lte.o
    0x08077718   0x08077718   0x00000100   Data   RO         1323    .conststring        lte.o
    0x08077818   0x08077818   0x000000ec   Data   RO         1519    .conststring        freertos.o
    0x08077904   0x08077904   0x00000020   Data   RO         9836    Region$$Table       anon$$obj.o
    0x08077924   0x08077924   0x00000110   Data   RO         9692    locale$$data        c_w.l(lc_ctype_c.o)
    0x08077a34   0x08077a34   0x0000001c   Data   RO         9695    locale$$data        c_w.l(lc_numeric_c.o)
    0x08077a50   0x08077a50   0x00000060   Data   RO          374    shellCommand        tool.o
    0x08077ab0   0x08077ab0   0x00000130   Data   RO          944    shellCommand        shell.o
    0x08077be0   0x08077be0   0x00000010   Data   RO         1327    shellCommand        lte.o
    0x08077bf0   0x08077bf0   0x00000010   Data   RO         1522    shellCommand        freertos.o


    Execution Region RW_IRAM1 (Exec base: 0x20000000, Load base: 0x08077c00, Size: 0x00000000, Max: 0x00020000, ABSOLUTE)

    **** No section assigned to this execution region ****


    Execution Region RW_IRAM2 (Exec base: 0x24000000, Load base: 0x08077c00, Size: 0x00044138, Max: 0x00080000, ABSOLUTE, COMPRESSED[0x00000330])

    Exec Addr    Load Addr    Size         Type   Attr      Idx    E Section Name        Object

    0x24000000   COMPRESSED   0x0000033c   Data   RW           29    .data               dwin.o
    0x2400033c   COMPRESSED   0x00000004   Data   RW           30    .data               dwin.o
    0x24000340   COMPRESSED   0x00000014   Data   RW          371    .data               tool.o
    0x24000354   COMPRESSED   0x00000060   Data   RW          372    .data               tool.o
    0x240003b4   COMPRESSED   0x00000080   Data   RW          373    .data               tool.o
    0x24000434   COMPRESSED   0x00000010   Data   RW          570    .data               mdregpool.o
    0x24000444   COMPRESSED   0x000000e8   Data   RW          716    .data               mdrtuslave.o
    0x2400052c   COMPRESSED   0x00000004   Data   RW          717    .data               mdrtuslave.o
    0x24000530   COMPRESSED   0x00000058   Data   RW          943    .data               shell.o
    0x24000588   COMPRESSED   0x00000001   Data   RW         1258    .data               shell_port.o
    0x24000589   COMPRESSED   0x00000003   PAD
    0x2400058c   COMPRESSED   0x000000a8   Data   RW         1324    .data               lte.o
    0x24000634   COMPRESSED   0x0000009c   Data   RW         1325    .data               lte.o
    0x240006d0   COMPRESSED   0x00000008   Data   RW         1326    .data               lte.o
    0x240006d8   COMPRESSED   0x0000017c   Data   RW         1520    .data               freertos.o
    0x24000854   COMPRESSED   0x00000008   Data   RW         1765    .data               fmc.o
    0x2400085c   COMPRESSED   0x0000001c   Data   RW         2262    .data               usbd_desc.o
    0x24000878   COMPRESSED   0x00000032   Data   RW         2263    .data               usbd_desc.o
    0x240008aa   COMPRESSED   0x00000002   PAD
    0x240008ac   COMPRESSED   0x00000014   Data   RW         2342    .data               usbd_cdc_if.o
    0x240008c0   COMPRESSED   0x0000000c   Data   RW         4687    .data               stm32h7xx_hal.o
    0x240008cc   COMPRESSED   0x00000008   Data   RW         7544    .data               system_stm32h7xx.o
    0x240008d4   COMPRESSED   0x00000044   Data   RW         8091    .data               tasks.o
    0x24000918   COMPRESSED   0x00000014   Data   RW         8402    .data               timers.o
    0x2400092c   COMPRESSED   0x00000020   Data   RW         8857    .data               heap_4.o
    0x2400094c   COMPRESSED   0x00000018   Data   RW         8906    .data               port.o
    0x24000964   COMPRESSED   0x00000001   Data   RW         9146    .data               usbd_ctlreq.o
    0x24000965   COMPRESSED   0x00000003   PAD
    0x24000968   COMPRESSED   0x00000053   Data   RW         9273    .data               usbd_cdc.o
    0x240009bb   COMPRESSED   0x00000001   PAD
    0x240009bc   COMPRESSED   0x00000038   Data   RW         9274    .data               usbd_cdc.o
    0x240009f4        -       0x000000fd   Zero   RW          713    .bss                mdrtuslave.o
    0x24000af1   COMPRESSED   0x00000003   PAD
    0x24000af4        -       0x0000021d   Zero   RW          911    .bss                shell.o
    0x24000d11   COMPRESSED   0x00000003   PAD
    0x24000d14        -       0x00000088   Zero   RW         1256    .bss                shell_port.o
    0x24000d9c        -       0x00000200   Zero   RW         1257    .bss                shell_port.o
    0x24000f9c        -       0x00000c88   Zero   RW         1515    .bss                freertos.o
    0x24001c24        -       0x00000034   Zero   RW         1764    .bss                fmc.o
    0x24001c58        -       0x0000004c   Zero   RW         1807    .bss                quadspi.o
    0x24001ca4        -       0x00000794   Zero   RW         1853    .bss                usart.o
    0x24002438        -       0x0000004c   Zero   RW         2151    .bss                stm32h7xx_hal_timebase_tim.o
    0x24002484        -       0x000002dc   Zero   RW         2224    .bss                usb_device.o
    0x24002760        -       0x00000200   Zero   RW         2261    .bss                usbd_desc.o
    0x24002960        -       0x0000060c   Zero   RW         2341    .bss                usbd_cdc_if.o
    0x24002f6c        -       0x0000072c   Zero   RW         2432    .bss                usbd_conf.o
    0x24003698        -       0x0000001c   Zero   RW         3500    .bss                stm32h7xx_hal_flash.o
    0x240036b4        -       0x00000040   Zero   RW         7741    .bss                queue.o
    0x240036f4        -       0x000000f0   Zero   RW         8090    .bss                tasks.o
    0x240037e4        -       0x000000f0   Zero   RW         8401    .bss                timers.o
    0x240038d4        -       0x00040000   Zero   RW         8856    .bss                heap_4.o
    0x240438d4        -       0x00000060   Zero   RW         9620    .bss                c_w.l(libspace.o)
    0x24043934   COMPRESSED   0x00000004   PAD
    0x24043938        -       0x00000000   Zero   RW            2    HEAP                startup_stm32h743xx.o
    0x24043938        -       0x00000800   Zero   RW            1    STACK               startup_stm32h743xx.o


==============================================================================

Image component sizes


      Code (inc. data)   RO Data    RW Data    ZI Data      Debug   Object Name

       678         22          0          0          0      32131   cmsis_os.o
       204          4          0          0          0        994   dma.o
      3738        972        120        832          0    1404611   dwin.o
         0          0          0          0          0      17352   event_groups.o
       484         12          0          0          0       3159   flash.o
       332         38          0          8         52       2172   fmc.o
      7496       1568        715        380       3208      64839   freertos.o
       720         42          0          0          0       1455   gpio.o
       604         34          0         32     262144       5588   heap_4.o
       150          0          0          0          0       3802   list.o
      1068        424        750        332          0      15008   lte.o
       568         74          0          0          0      45710   main.o
        54          0          0          0          0       3183   mdrecbuffer.o
      1720        130          0         16          0      21435   mdregpool.o
      3818        546         32        236        253      46959   mdrtuslave.o
      1098        100          0         24          0      13634   port.o
       272         26          0          0         76       2001   quadspi.o
      2590         20          0          0         64      25569   queue.o
      7438        280       1272         88        541      54304   shell.o
       810          8          0          0          0       5270   shell_ext.o
       224         60          0          1        648       4681   shell_port.o
        60         22        664          0       2048        856   startup_stm32h743xx.o
       156         32          0         12          0      22327   stm32h7xx_hal.o
       162         10          0          0          0      38318   stm32h7xx_hal_cortex.o
      6140        768          8          0          0      11141   stm32h7xx_hal_dma.o
       976         58          0          0         28      17438   stm32h7xx_hal_flash.o
       592         16          0          0          0       4269   stm32h7xx_hal_flash_ex.o
       616         10          0          0          0       3612   stm32h7xx_hal_gpio.o
        56          6          0          0          0        954   stm32h7xx_hal_msp.o
      2896          8          0          0          0      13040   stm32h7xx_hal_pcd.o
       136          0          0          0          0       3375   stm32h7xx_hal_pcd_ex.o
       108         12          0          0          0       1402   stm32h7xx_hal_pwr_ex.o
       272          4          0          0          0       3020   stm32h7xx_hal_qspi.o
      3120        194          0          0          0       8525   stm32h7xx_hal_rcc.o
      4312        186          0          0          0       8077   stm32h7xx_hal_rcc_ex.o
        80          4          0          0          0       1349   stm32h7xx_hal_sdram.o
       836         36          0          0          0       8592   stm32h7xx_hal_tim.o
         6          0          0          0          0       2380   stm32h7xx_hal_tim_ex.o
       136         20          0          0         76       1644   stm32h7xx_hal_timebase_tim.o
      5788        208         24          0          0      46166   stm32h7xx_hal_uart.o
       358         12         16          0          0       5370   stm32h7xx_hal_uart_ex.o
       412        118          0          0          0      15340   stm32h7xx_it.o
       322          8          0          0          0       3125   stm32h7xx_ll_fmc.o
      3090        102          0          0          0      24092   stm32h7xx_ll_usb.o
       272         64         16          8          0       1594   system_stm32h7xx.o
      4500        342          0         68        240      40652   tasks.o
      1632         96          0         20        240      33087   timers.o
      2746        742        370        244          0      60683   tool.o
      1770        146          0          0       1940       6020   usart.o
        92         18          0          0        732        828   usb_device.o
      1248         26          0        139          0      13166   usbd_cdc.o
        88         16          0         20       1548      17683   usbd_cdc_if.o
       818         32          0          0       1836      17680   usbd_conf.o
       960          0          0          0          0      15575   usbd_core.o
      1522         30          0          1          0      14308   usbd_ctlreq.o
       304        108          0         78        512       7525   usbd_desc.o
       132          0          0          0          0       4728   usbd_ioreq.o

    ----------------------------------------------------------------------
     80876       7814       4032       2548     276192    2251798   Object Totals
         0          0         32          0          0          0   (incl. Generated)
        96          0         13          9          6          0   (incl. Padding)

    ----------------------------------------------------------------------

      Code (inc. data)   RO Data    RW Data    ZI Data      Debug   Library Member Name

        44          6          0          0          0         84   __2sprintf.o
        90          0          0          0          0          0   __dczerorl2.o
         8          0          0          0          0         68   __main.o
       392          4         17          0          0         92   __printf_flags_ss_wp.o
        14          0          0          0          0         68   __printf_wp.o
         0          0          0          0          0          0   __rtentry.o
        12          0          0          0          0          0   __rtentry2.o
         6          0          0          0          0          0   __rtentry4.o
        52          8          0          0          0          0   __scatter.o
        28          0          0          0          0          0   __scatter_zi.o
        28          0          0          0          0         68   _chval.o
         6          0          0          0          0          0   _printf_a.o
         6          0          0          0          0          0   _printf_c.o
        44          0          0          0          0        108   _printf_char.o
        48          6          0          0          0         96   _printf_char_common.o
        40          0          0          0          0         68   _printf_charcount.o
         6          0          0          0          0          0   _printf_d.o
       120         16          0          0          0         92   _printf_dec.o
         6          0          0          0          0          0   _printf_e.o
         6          0          0          0          0          0   _printf_f.o
      1054          0          0          0          0        216   _printf_fp_dec.o
       764          8         38          0          0        100   _printf_fp_hex.o
       128         16          0          0          0         84   _printf_fp_infnan.o
         6          0          0          0          0          0   _printf_g.o
       148          4         40          0          0        160   _printf_hex_int_ll_ptr.o
         6          0          0          0          0          0   _printf_i.o
       178          0          0          0          0         88   _printf_intcommon.o
        10          0          0          0          0          0   _printf_l.o
         6          0          0          0          0          0   _printf_lc.o
        10          0          0          0          0          0   _printf_ll.o
         6          0          0          0          0          0   _printf_lld.o
         6          0          0          0          0          0   _printf_lli.o
         6          0          0          0          0          0   _printf_llo.o
         6          0          0          0          0          0   _printf_llu.o
         6          0          0          0          0          0   _printf_llx.o
       124         16          0          0          0         92   _printf_longlong_dec.o
         6          0          0          0          0          0   _printf_ls.o
         6          0          0          0          0          0   _printf_n.o
         6          0          0          0          0          0   _printf_o.o
       112         10          0          0          0        124   _printf_oct_int_ll.o
         6          0          0          0          0          0   _printf_p.o
        78          0          0          0          0        108   _printf_pad.o
         0          0          0          0          0          0   _printf_percent.o
         4          0          0          0          0          0   _printf_percent_end.o
         6          0          0          0          0          0   _printf_s.o
        82          0          0          0          0         80   _printf_str.o
        36          0          0          0          0         84   _printf_truncate.o
         6          0          0          0          0          0   _printf_u.o
        44          0          0          0          0        108   _printf_wchar.o
       188          6          8          0          0         92   _printf_wctomb.o
         6          0          0          0          0          0   _printf_x.o
        22          0          0          0          0        100   _rserrno.o
        16          0          0          0          0         68   _snputc.o
        10          0          0          0          0         68   _sputc.o
       158          0          0          0          0         92   _strtoul.o
        64          0          0          0          0         92   _wcrtomb.o
        16          0          0          0          0         68   aeabi_memset.o
        26          0          0          0          0         80   atoi.o
       228          4        148          0          0         96   bigflt0.o
      1936        128          0          0          0        672   btod.o
        18          0          0          0          0         80   exit.o
         6          0          0          0          0        152   heapauxi.o
         0          0          0          0          0          0   indicate_semi.o
        44         10        272          0          0         76   lc_ctype_c.o
        44         10         28          0          0         76   lc_numeric_c.o
         2          0          0          0          0          0   libinit.o
        34          0          0          0          0          0   libinit2.o
         2          0          0          0          0          0   libshutdown.o
         2          0          0          0          0          0   libshutdown2.o
         8          4          0          0         96         68   libspace.o
       138          0          0          0          0         80   lludiv10.o
       238          0          0          0          0        100   lludivv7m.o
        16          4          0          0          0         76   rt_ctype_table.o
         8          4          0          0          0         68   rt_errno_addr_intlibspace.o
         8          4          0          0          0         68   rt_locale_intlibspace.o
        68          0          0          0          0         68   rt_memclr.o
        78          0          0          0          0         80   rt_memclr_w.o
       138          0          0          0          0         68   rt_memcpy_v6.o
       100          0          0          0          0         80   rt_memcpy_w.o
         2          0          0          0          0          0   rtexit.o
        10          0          0          0          0          0   rtexit2.o
       104          0          0          0          0         68   strcmpv7m_pel.o
        72          0          0          0          0         80   strcpy.o
        62          0          0          0          0         76   strlen.o
       150          0          0          0          0         80   strncmp.o
        36          0          0          0          0         80   strstr.o
       112          0          0          0          0         88   strtol.o
        12          4          0          0          0         68   sys_exit.o
        74          0          0          0          0         80   sys_stackheap_outer.o
         2          0          0          0          0         68   use_no_semi.o
        52          4          0          0          0         80   vsnprintf.o
        10          0          0          0          0        116   fpinit.o
         4          0          0          0          0        116   printf1.o
         4          0          0          0          0        116   printf2.o
         0          0          0          0          0          0   usenofp.o
       292         58          0          0          0        176   acosf.o
       312         54          0          0          0        176   asinf.o
        62         32          0          0          0        348   dunder.o
        48          0          0          0          0        124   fpclassify.o
        38          0          0          0          0        116   fpclassifyf.o
        84         28          0          0          0        696   funder.o
       572         92         56          0          0        312   log.o
       112          0          0          0          0        116   poly.o
      1624        130        320          0          0        400   powf.o
         0          0          8          0          0          0   qnan.o
       120          0          0          0          0        272   sqrtf.o

    ----------------------------------------------------------------------
     11432        670        940          0        100       8408   Library Totals
        28          0          5          0          4          0   (incl. Padding)

    ----------------------------------------------------------------------

      Code (inc. data)   RO Data    RW Data    ZI Data      Debug   Library Name

      8122        276        551          0         96       5324   c_w.l
        18          0          0          0          0        348   fz_wv.l
      3264        394        384          0          0       2736   m_wv.l

    ----------------------------------------------------------------------
     11432        670        940          0        100       8408   Library Totals

    ----------------------------------------------------------------------

==============================================================================


      Code (inc. data)   RO Data    RW Data    ZI Data      Debug   

     92308       8484       4972       2548     276292    2204090   Grand Totals
     92308       8484       4972        816     276292    2204090   ELF Image Totals (compressed)
     92308       8484       4972        816          0          0   ROM Totals

==============================================================================

    Total RO  Size (Code + RO Data)                97280 (  95.00kB)
    Total RW  Size (RW Data + ZI Data)            278840 ( 272.30kB)
    Total ROM Size (Code + RO Data + RW Data)      98096 (  95.80kB)

==============================================================================

