Component: ARM Compiler 5.06 update 6 (build 750) Tool: armlink [4d35ed]

==============================================================================

Section Cross References

    startup_stm32f030x6.o(RESET) refers to startup_stm32f030x6.o(STACK) for __initial_sp
    startup_stm32f030x6.o(RESET) refers to startup_stm32f030x6.o(.text) for Reset_Handler
    startup_stm32f030x6.o(RESET) refers to stm32f0xx_it.o(i.NMI_Handler) for NMI_Handler
    startup_stm32f030x6.o(RESET) refers to stm32f0xx_it.o(i.HardFault_Handler) for HardFault_Handler
    startup_stm32f030x6.o(RESET) refers to stm32f0xx_it.o(i.SVC_Handler) for SVC_Handler
    startup_stm32f030x6.o(RESET) refers to stm32f0xx_it.o(i.PendSV_Handler) for PendSV_Handler
    startup_stm32f030x6.o(RESET) refers to stm32f0xx_it.o(i.SysTick_Handler) for SysTick_Handler
    startup_stm32f030x6.o(RESET) refers to stm32f0xx_it.o(i.DMA1_Channel2_3_IRQHandler) for DMA1_Channel2_3_IRQHandler
    startup_stm32f030x6.o(RESET) refers to stm32f0xx_it.o(i.TIM1_BRK_UP_TRG_COM_IRQHandler) for TIM1_BRK_UP_TRG_COM_IRQHandler
    startup_stm32f030x6.o(RESET) refers to stm32f0xx_it.o(i.USART1_IRQHandler) for USART1_IRQHandler
    startup_stm32f030x6.o(.text) refers to system_stm32f0xx.o(i.SystemInit) for SystemInit
    startup_stm32f030x6.o(.text) refers to entry.o(.ARM.Collect$$$$00000000) for __main
    io_signal.o(i.Write_Analog_IO) refers to memcpy.o(.text) for __aeabi_memcpy4
    io_signal.o(i.Write_Analog_IO) refers to malloc.o(i.malloc) for malloc
    io_signal.o(i.Write_Analog_IO) refers to memseta.o(.text) for __aeabi_memclr4
    io_signal.o(i.Write_Analog_IO) refers to mcp4822.o(i.Output_Current) for Output_Current
    io_signal.o(i.Write_Analog_IO) refers to malloc.o(i.free) for free
    io_signal.o(i.Write_Analog_IO) refers to io_signal.o(.constdata) for .constdata
    io_signal.o(i.Write_Analog_IO) refers to modbus.o(.data) for Modbus_Object
    mcp4822.o(i.Mcp48xx_Write) refers to stm32f0xx_hal_gpio.o(i.HAL_GPIO_WritePin) for HAL_GPIO_WritePin
    mcp4822.o(i.Mcp48xx_Write) refers to stm32f0xx_hal_spi.o(i.HAL_SPI_Transmit) for HAL_SPI_Transmit
    mcp4822.o(i.Mcp48xx_Write) refers to spi.o(.bss) for hspi1
    mcp4822.o(i.Output_Current) refers to fmul.o(.text) for __aeabi_fmul
    mcp4822.o(i.Output_Current) refers to fadd.o(.text) for __aeabi_fadd
    mcp4822.o(i.Output_Current) refers to ffixui.o(.text) for __aeabi_f2uiz
    mcp4822.o(i.Output_Current) refers to cfcmple.o(.text) for __aeabi_cfcmpeq
    mcp4822.o(i.Output_Current) refers to cfrcmple.o(.text) for __aeabi_cfrcmple
    mcp4822.o(i.Output_Current) refers to mcp4822.o(i.Mcp48xx_Write) for Mcp48xx_Write
    mcp4822.o(i.Output_Current) refers to mcp4822.o(.data) for gDac_OutPrarm
    modbus.o(i.Create_ModObject) refers to malloc.o(i.malloc) for malloc
    modbus.o(i.Create_ModObject) refers to malloc.o(i.free) for free
    modbus.o(i.Create_ModObject) refers to memseta.o(.text) for __aeabi_memclr
    modbus.o(i.Create_ModObject) refers to modbus.o(i.Modbus_TI_Recive) for Modbus_TI_Recive
    modbus.o(i.Create_ModObject) refers to modbus.o(i.Modbus_Poll) for Modbus_Poll
    modbus.o(i.Create_ModObject) refers to modbus.o(i.Modbus_Send) for Modbus_Send
    modbus.o(i.Create_ModObject) refers to modbus.o(i.Modbus_46H) for Modbus_46H
    modbus.o(i.Create_ModObject) refers to modbus.o(i.Modbus_Operatex) for Modbus_Operatex
    modbus.o(i.Free_ModObject) refers to malloc.o(i.free) for free
    modbus.o(i.MX_ModbusInit) refers to tool.o(i.Get_CardId) for Get_CardId
    modbus.o(i.MX_ModbusInit) refers to modbus.o(i.Create_ModObject) for Create_ModObject
    modbus.o(i.MX_ModbusInit) refers to modbus.o(.data) for Read_Flag
    modbus.o(i.MX_ModbusInit) refers to usart.o(.bss) for huart1
    modbus.o(i.MX_ModbusInit) refers to modbus.o(.bss) for Spool
    modbus.o(i.Modbus_46H) refers to memseta.o(.text) for __aeabi_memclr
    modbus.o(i.Modbus_46H) refers to memcpy.o(.text) for __aeabi_memcpy
    modbus.o(i.Modbus_Handle) refers to modbus.o(.data) for Modbus_Object
    modbus.o(i.Modbus_Operatex) refers to memcpy.o(.text) for memcpy
    modbus.o(i.Modbus_Poll) refers to tool.o(i.Get_Crc16) for Get_Crc16
    modbus.o(i.Modbus_Poll) refers to modbus.o(i.Modus_ReadXRegister) for Modus_ReadXRegister
    modbus.o(i.Modbus_Poll) refers to modbus.o(i.Modus_WriteHoldRegister) for Modus_WriteHoldRegister
    modbus.o(i.Modbus_Poll) refers to modbus.o(i.Modus_ReportSeverId) for Modus_ReportSeverId
    modbus.o(i.Modbus_Poll) refers to memseta.o(.text) for __aeabi_memclr
    modbus.o(i.Modbus_Send) refers to tool.o(i.Get_Crc16) for Get_Crc16
    modbus.o(i.Modbus_Send) refers to stm32f0xx_hal_uart.o(i.HAL_UART_Transmit_DMA) for HAL_UART_Transmit_DMA
    modbus.o(i.Modbus_TI_Recive) refers to stm32f0xx_hal_uart.o(i.HAL_UART_DMAStop) for HAL_UART_DMAStop
    modbus.o(i.Modbus_TI_Recive) refers to stm32f0xx_hal_uart.o(i.HAL_UART_Receive_DMA) for HAL_UART_Receive_DMA
[...]
    Removing stm32f0xx_hal_tim.o(i.HAL_TIM_Encoder_Start), (202 bytes).
    Removing stm32f0xx_hal_tim.o(i.HAL_TIM_Encoder_Start_DMA), (588 bytes).
    Removing stm32f0xx_hal_tim.o(i.HAL_TIM_Encoder_Start_IT), (250 bytes).
    Removing stm32f0xx_hal_tim.o(i.HAL_TIM_Encoder_Stop), (224 bytes).
    Removing stm32f0xx_hal_tim.o(i.HAL_TIM_Encoder_Stop_DMA), (296 bytes).
    Removing stm32f0xx_hal_tim.o(i.HAL_TIM_Encoder_Stop_IT), (268 bytes).
    Removing stm32f0xx_hal_tim.o(i.HAL_TIM_ErrorCallback), (2 bytes).
    Removing stm32f0xx_hal_tim.o(i.HAL_TIM_GenerateEvent), (54 bytes).
    Removing stm32f0xx_hal_tim.o(i.HAL_TIM_GetActiveChannel), (6 bytes).
    Removing stm32f0xx_hal_tim.o(i.HAL_TIM_GetChannelState), (40 bytes).
    Removing stm32f0xx_hal_tim.o(i.HAL_TIM_IC_CaptureHalfCpltCallback), (2 bytes).
    Removing stm32f0xx_hal_tim.o(i.HAL_TIM_IC_ConfigChannel), (226 bytes).
    Removing stm32f0xx_hal_tim.o(i.HAL_TIM_IC_DeInit), (124 bytes).
    Removing stm32f0xx_hal_tim.o(i.HAL_TIM_IC_GetState), (8 bytes).
    Removing stm32f0xx_hal_tim.o(i.HAL_TIM_IC_Init), (100 bytes).
    Removing stm32f0xx_hal_tim.o(i.HAL_TIM_IC_MspDeInit), (2 bytes).
    Removing stm32f0xx_hal_tim.o(i.HAL_TIM_IC_MspInit), (2 bytes).
    Removing stm32f0xx_hal_tim.o(i.HAL_TIM_IC_Start), (252 bytes).
    Removing stm32f0xx_hal_tim.o(i.HAL_TIM_IC_Start_DMA), (580 bytes).
    Removing stm32f0xx_hal_tim.o(i.HAL_TIM_IC_Start_IT), (340 bytes).
    Removing stm32f0xx_hal_tim.o(i.HAL_TIM_IC_Stop), (148 bytes).
    Removing stm32f0xx_hal_tim.o(i.HAL_TIM_IC_Stop_DMA), (268 bytes).
    Removing stm32f0xx_hal_tim.o(i.HAL_TIM_IC_Stop_IT), (236 bytes).
    Removing stm32f0xx_hal_tim.o(i.HAL_TIM_OC_ConfigChannel), (110 bytes).
    Removing stm32f0xx_hal_tim.o(i.HAL_TIM_OC_DeInit), (124 bytes).
    Removing stm32f0xx_hal_tim.o(i.HAL_TIM_OC_GetState), (8 bytes).
    Removing stm32f0xx_hal_tim.o(i.HAL_TIM_OC_Init), (100 bytes).
    Removing stm32f0xx_hal_tim.o(i.HAL_TIM_OC_MspDeInit), (2 bytes).
    Removing stm32f0xx_hal_tim.o(i.HAL_TIM_OC_MspInit), (2 bytes).
    Removing stm32f0xx_hal_tim.o(i.HAL_TIM_OC_Start), (224 bytes).
    Removing stm32f0xx_hal_tim.o(i.HAL_TIM_OC_Start_DMA), (576 bytes).
    Removing stm32f0xx_hal_tim.o(i.HAL_TIM_OC_Start_IT), (308 bytes).
    Removing stm32f0xx_hal_tim.o(i.HAL_TIM_OC_Stop), (196 bytes).
    Removing stm32f0xx_hal_tim.o(i.HAL_TIM_OC_Stop_DMA), (312 bytes).
    Removing stm32f0xx_hal_tim.o(i.HAL_TIM_OC_Stop_IT), (280 bytes).
    Removing stm32f0xx_hal_tim.o(i.HAL_TIM_OnePulse_ConfigChannel), (318 bytes).
    Removing stm32f0xx_hal_tim.o(i.HAL_TIM_OnePulse_DeInit), (100 bytes).
    Removing stm32f0xx_hal_tim.o(i.HAL_TIM_OnePulse_GetState), (8 bytes).
    Removing stm32f0xx_hal_tim.o(i.HAL_TIM_OnePulse_Init), (100 bytes).
    Removing stm32f0xx_hal_tim.o(i.HAL_TIM_OnePulse_MspDeInit), (2 bytes).
    Removing stm32f0xx_hal_tim.o(i.HAL_TIM_OnePulse_MspInit), (2 bytes).
    Removing stm32f0xx_hal_tim.o(i.HAL_TIM_OnePulse_Start), (148 bytes).
    Removing stm32f0xx_hal_tim.o(i.HAL_TIM_OnePulse_Start_IT), (168 bytes).
    Removing stm32f0xx_hal_tim.o(i.HAL_TIM_OnePulse_Stop), (180 bytes).
    Removing stm32f0xx_hal_tim.o(i.HAL_TIM_OnePulse_Stop_IT), (204 bytes).
    Removing stm32f0xx_hal_tim.o(i.HAL_TIM_PWM_ConfigChannel), (266 bytes).
    Removing stm32f0xx_hal_tim.o(i.HAL_TIM_PWM_DeInit), (124 bytes).
    Removing stm32f0xx_hal_tim.o(i.HAL_TIM_PWM_GetState), (8 bytes).
    Removing stm32f0xx_hal_tim.o(i.HAL_TIM_PWM_Init), (100 bytes).
    Removing stm32f0xx_hal_tim.o(i.HAL_TIM_PWM_MspDeInit), (2 bytes).
    Removing stm32f0xx_hal_tim.o(i.HAL_TIM_PWM_MspInit), (2 bytes).
    Removing stm32f0xx_hal_tim.o(i.HAL_TIM_PWM_PulseFinishedHalfCpltCallback), (2 bytes).
    Removing stm32f0xx_hal_tim.o(i.HAL_TIM_PWM_Start), (224 bytes).
    Removing stm32f0xx_hal_tim.o(i.HAL_TIM_PWM_Start_DMA), (576 bytes).
    Removing stm32f0xx_hal_tim.o(i.HAL_TIM_PWM_Start_IT), (308 bytes).
    Removing stm32f0xx_hal_tim.o(i.HAL_TIM_PWM_Stop), (196 bytes).
    Removing stm32f0xx_hal_tim.o(i.HAL_TIM_PWM_Stop_DMA), (312 bytes).
    Removing stm32f0xx_hal_tim.o(i.HAL_TIM_PWM_Stop_IT), (280 bytes).
    Removing stm32f0xx_hal_tim.o(i.HAL_TIM_PeriodElapsedCallback), (2 bytes).
    Removing stm32f0xx_hal_tim.o(i.HAL_TIM_PeriodElapsedHalfCpltCallback), (2 bytes).
    Removing stm32f0xx_hal_tim.o(i.HAL_TIM_ReadCapturedValue), (52 bytes).
    Removing stm32f0xx_hal_tim.o(i.HAL_TIM_SlaveConfigSynchro), (112 bytes).
    Removing stm32f0xx_hal_tim.o(i.HAL_TIM_SlaveConfigSynchro_IT), (112 bytes).
    Removing stm32f0xx_hal_tim.o(i.HAL_TIM_TriggerHalfCpltCallback), (2 bytes).
    Removing stm32f0xx_hal_tim.o(i.TIM_CCxChannelCmd), (34 bytes).
    Removing stm32f0xx_hal_tim.o(i.TIM_DMACaptureCplt), (128 bytes).
    Removing stm32f0xx_hal_tim.o(i.TIM_DMACaptureHalfCplt), (64 bytes).
    Removing stm32f0xx_hal_tim.o(i.TIM_DMADelayPulseCplt), (112 bytes).
    Removing stm32f0xx_hal_tim.o(i.TIM_DMADelayPulseHalfCplt), (64 bytes).
    Removing stm32f0xx_hal_tim.o(i.TIM_DMAError), (96 bytes).
    Removing stm32f0xx_hal_tim.o(i.TIM_DMAPeriodElapsedCplt), (28 bytes).
    Removing stm32f0xx_hal_tim.o(i.TIM_DMAPeriodElapsedHalfCplt), (14 bytes).
    Removing stm32f0xx_hal_tim.o(i.TIM_DMATriggerCplt), (28 bytes).
    Removing stm32f0xx_hal_tim.o(i.TIM_DMATriggerHalfCplt), (14 bytes).
    Removing stm32f0xx_hal_tim.o(i.TIM_OC1_SetConfig), (156 bytes).
    Removing stm32f0xx_hal_tim.o(i.TIM_OC2_SetConfig), (176 bytes).
    Removing stm32f0xx_hal_tim.o(i.TIM_OC3_SetConfig), (172 bytes).
    Removing stm32f0xx_hal_tim.o(i.TIM_OC4_SetConfig), (120 bytes).
    Removing stm32f0xx_hal_tim.o(i.TIM_SlaveTimer_SetConfig), (184 bytes).
    Removing stm32f0xx_hal_tim.o(i.TIM_TI1_SetConfig), (96 bytes).
    Removing stm32f0xx_hal_tim.o(i.TIM_TI2_SetConfig), (72 bytes).
    Removing stm32f0xx_hal_tim.o(i.TIM_TI3_SetConfig), (70 bytes).
    Removing stm32f0xx_hal_tim.o(i.TIM_TI4_SetConfig), (78 bytes).
    Removing stm32f0xx_hal_tim_ex.o(.rev16_text), (4 bytes).
    Removing stm32f0xx_hal_tim_ex.o(.revsh_text), (4 bytes).
    Removing stm32f0xx_hal_tim_ex.o(i.HAL_TIMEx_CommutHalfCpltCallback), (2 bytes).
    Removing stm32f0xx_hal_tim_ex.o(i.HAL_TIMEx_ConfigBreakDeadTime), (140 bytes).
    Removing stm32f0xx_hal_tim_ex.o(i.HAL_TIMEx_ConfigCommutEvent), (138 bytes).
    Removing stm32f0xx_hal_tim_ex.o(i.HAL_TIMEx_ConfigCommutEvent_DMA), (168 bytes).
    Removing stm32f0xx_hal_tim_ex.o(i.HAL_TIMEx_ConfigCommutEvent_IT), (138 bytes).
    Removing stm32f0xx_hal_tim_ex.o(i.HAL_TIMEx_GetChannelNState), (40 bytes).
    Removing stm32f0xx_hal_tim_ex.o(i.HAL_TIMEx_HallSensor_DeInit), (100 bytes).
    Removing stm32f0xx_hal_tim_ex.o(i.HAL_TIMEx_HallSensor_GetState), (8 bytes).
    Removing stm32f0xx_hal_tim_ex.o(i.HAL_TIMEx_HallSensor_Init), (232 bytes).
    Removing stm32f0xx_hal_tim_ex.o(i.HAL_TIMEx_HallSensor_MspDeInit), (2 bytes).
    Removing stm32f0xx_hal_tim_ex.o(i.HAL_TIMEx_HallSensor_MspInit), (2 bytes).
    Removing stm32f0xx_hal_tim_ex.o(i.HAL_TIMEx_HallSensor_Start), (144 bytes).
    Removing stm32f0xx_hal_tim_ex.o(i.HAL_TIMEx_HallSensor_Start_DMA), (224 bytes).
    Removing stm32f0xx_hal_tim_ex.o(i.HAL_TIMEx_HallSensor_Start_IT), (152 bytes).
    Removing stm32f0xx_hal_tim_ex.o(i.HAL_TIMEx_HallSensor_Stop), (80 bytes).
    Removing stm32f0xx_hal_tim_ex.o(i.HAL_TIMEx_HallSensor_Stop_DMA), (92 bytes).
    Removing stm32f0xx_hal_tim_ex.o(i.HAL_TIMEx_HallSensor_Stop_IT), (92 bytes).
    Removing stm32f0xx_hal_tim_ex.o(i.HAL_TIMEx_OCN_Start), (180 bytes).
    Removing stm32f0xx_hal_tim_ex.o(i.HAL_TIMEx_OCN_Start_DMA), (468 bytes).
    Removing stm32f0xx_hal_tim_ex.o(i.HAL_TIMEx_OCN_Start_IT), (260 bytes).
    Removing stm32f0xx_hal_tim_ex.o(i.HAL_TIMEx_OCN_Stop), (148 bytes).
    Removing stm32f0xx_hal_tim_ex.o(i.HAL_TIMEx_OCN_Stop_DMA), (240 bytes).
    Removing stm32f0xx_hal_tim_ex.o(i.HAL_TIMEx_OCN_Stop_IT), (244 bytes).
    Removing stm32f0xx_hal_tim_ex.o(i.HAL_TIMEx_OnePulseN_Start), (118 bytes).
    Removing stm32f0xx_hal_tim_ex.o(i.HAL_TIMEx_OnePulseN_Start_IT), (140 bytes).
    Removing stm32f0xx_hal_tim_ex.o(i.HAL_TIMEx_OnePulseN_Stop), (148 bytes).
    Removing stm32f0xx_hal_tim_ex.o(i.HAL_TIMEx_OnePulseN_Stop_IT), (172 bytes).
    Removing stm32f0xx_hal_tim_ex.o(i.HAL_TIMEx_PWMN_Start), (180 bytes).
    Removing stm32f0xx_hal_tim_ex.o(i.HAL_TIMEx_PWMN_Start_DMA), (468 bytes).
    Removing stm32f0xx_hal_tim_ex.o(i.HAL_TIMEx_PWMN_Start_IT), (260 bytes).
    Removing stm32f0xx_hal_tim_ex.o(i.HAL_TIMEx_PWMN_Stop), (148 bytes).
    Removing stm32f0xx_hal_tim_ex.o(i.HAL_TIMEx_PWMN_Stop_DMA), (240 bytes).
    Removing stm32f0xx_hal_tim_ex.o(i.HAL_TIMEx_PWMN_Stop_IT), (244 bytes).
    Removing stm32f0xx_hal_tim_ex.o(i.HAL_TIMEx_RemapConfig), (42 bytes).
    Removing stm32f0xx_hal_tim_ex.o(i.TIMEx_DMACommutationCplt), (20 bytes).
    Removing stm32f0xx_hal_tim_ex.o(i.TIMEx_DMACommutationHalfCplt), (20 bytes).
    Removing stm32f0xx_hal_tim_ex.o(i.TIM_CCxNChannelCmd), (34 bytes).
    Removing stm32f0xx_hal_tim_ex.o(i.TIM_DMADelayPulseNCplt), (112 bytes).
    Removing stm32f0xx_hal_tim_ex.o(i.TIM_DMAErrorCCxN), (70 bytes).
    Removing stm32f0xx_hal_uart.o(.rev16_text), (4 bytes).
    Removing stm32f0xx_hal_uart.o(.revsh_text), (4 bytes).
    Removing stm32f0xx_hal_uart.o(i.HAL_HalfDuplex_EnableReceiver), (116 bytes).
    Removing stm32f0xx_hal_uart.o(i.HAL_HalfDuplex_EnableTransmitter), (116 bytes).
    Removing stm32f0xx_hal_uart.o(i.HAL_HalfDuplex_Init), (116 bytes).
    Removing stm32f0xx_hal_uart.o(i.HAL_MultiProcessor_DisableMuteMode), (78 bytes).
    Removing stm32f0xx_hal_uart.o(i.HAL_MultiProcessor_EnableMuteMode), (78 bytes).
    Removing stm32f0xx_hal_uart.o(i.HAL_MultiProcessor_EnterMuteMode), (14 bytes).
    Removing stm32f0xx_hal_uart.o(i.HAL_MultiProcessor_Init), (160 bytes).
    Removing stm32f0xx_hal_uart.o(i.HAL_UART_Abort), (342 bytes).
    Removing stm32f0xx_hal_uart.o(i.HAL_UART_AbortCpltCallback), (2 bytes).
    Removing stm32f0xx_hal_uart.o(i.HAL_UART_AbortReceive), (240 bytes).
    Removing stm32f0xx_hal_uart.o(i.HAL_UART_AbortReceiveCpltCallback), (2 bytes).
    Removing stm32f0xx_hal_uart.o(i.HAL_UART_AbortReceive_IT), (276 bytes).
    Removing stm32f0xx_hal_uart.o(i.HAL_UART_AbortTransmit), (140 bytes).
    Removing stm32f0xx_hal_uart.o(i.HAL_UART_AbortTransmitCpltCallback), (2 bytes).
    Removing stm32f0xx_hal_uart.o(i.HAL_UART_AbortTransmit_IT), (164 bytes).
    Removing stm32f0xx_hal_uart.o(i.HAL_UART_Abort_IT), (400 bytes).
    Removing stm32f0xx_hal_uart.o(i.HAL_UART_DMAPause), (184 bytes).
    Removing stm32f0xx_hal_uart.o(i.HAL_UART_DMAResume), (172 bytes).
    Removing stm32f0xx_hal_uart.o(i.HAL_UART_DeInit), (80 bytes).
    Removing stm32f0xx_hal_uart.o(i.HAL_UART_DisableReceiverTimeout), (68 bytes).
    Removing stm32f0xx_hal_uart.o(i.HAL_UART_EnableReceiverTimeout), (68 bytes).
    Removing stm32f0xx_hal_uart.o(i.HAL_UART_ErrorCallback), (2 bytes).
    Removing stm32f0xx_hal_uart.o(i.HAL_UART_GetError), (8 bytes).
    Removing stm32f0xx_hal_uart.o(i.HAL_UART_GetState), (14 bytes).
    Removing stm32f0xx_hal_uart.o(i.HAL_UART_MspDeInit), (2 bytes).
    Removing stm32f0xx_hal_uart.o(i.HAL_UART_MspInit), (2 bytes).
    Removing stm32f0xx_hal_uart.o(i.HAL_UART_Receive), (304 bytes).
    Removing stm32f0xx_hal_uart.o(i.HAL_UART_Receive_IT), (126 bytes).
    Removing stm32f0xx_hal_uart.o(i.HAL_UART_ReceiverTimeout_Config), (16 bytes).
    Removing stm32f0xx_hal_uart.o(i.HAL_UART_Transmit), (232 bytes).
    Removing stm32f0xx_hal_uart.o(i.HAL_UART_Transmit_IT), (156 bytes).
    Removing stm32f0xx_hal_uart.o(i.UART_DMARxAbortCallback), (84 bytes).
    Removing stm32f0xx_hal_uart.o(i.UART_DMARxOnlyAbortCallback), (48 bytes).
    Removing stm32f0xx_hal_uart.o(i.UART_DMATxAbortCallback), (72 bytes).
    Removing stm32f0xx_hal_uart.o(i.UART_DMATxOnlyAbortCallback), (24 bytes).
    Removing stm32f0xx_hal_uart.o(i.UART_RxISR_16BIT), (282 bytes).
    Removing stm32f0xx_hal_uart.o(i.UART_RxISR_8BIT), (282 bytes).
    Removing stm32f0xx_hal_uart.o(i.UART_Start_Receive_IT), (256 bytes).
    Removing stm32f0xx_hal_uart.o(i.UART_TxISR_16BIT), (118 bytes).
    Removing stm32f0xx_hal_uart.o(i.UART_TxISR_8BIT), (114 bytes).
    Removing stm32f0xx_hal_uart_ex.o(.rev16_text), (4 bytes).
    Removing stm32f0xx_hal_uart_ex.o(.revsh_text), (4 bytes).
    Removing stm32f0xx_hal_uart_ex.o(i.HAL_MultiProcessorEx_AddressLength_Set), (64 bytes).
    Removing stm32f0xx_hal_uart_ex.o(i.HAL_RS485Ex_Init), (156 bytes).
    Removing stm32f0xx_hal_uart_ex.o(i.HAL_UARTEx_GetRxEventType), (6 bytes).
    Removing stm32f0xx_hal_uart_ex.o(i.HAL_UARTEx_ReceiveToIdle), (392 bytes).
    Removing stm32f0xx_hal_uart_ex.o(i.HAL_UARTEx_ReceiveToIdle_DMA), (138 bytes).
    Removing stm32f0xx_hal_uart_ex.o(i.HAL_UARTEx_ReceiveToIdle_IT), (138 bytes).
    Removing stm32f0xx_hal_uart_ex.o(i.__set_PRIMASK), (6 bytes).
    Removing system_stm32f0xx.o(.rev16_text), (4 bytes).
    Removing system_stm32f0xx.o(.revsh_text), (4 bytes).
    Removing system_stm32f0xx.o(i.SystemCoreClockUpdate), (176 bytes).
    Removing fdiv.o(.text), (124 bytes).
    Removing dadd.o(.text), (356 bytes).
    Removing f2d.o(.text), (40 bytes).
    Removing cdcmple.o(.text), (40 bytes).
    Removing depilogue.o(.text), (190 bytes).
    Removing stm32f0xx_hal_dma.o(i.__ARM_common_switch8), (28 bytes).
    Removing depilogue.o(i.__ARM_clz), (46 bytes).

511 unused section(s) (total 57170 bytes) removed from the image.

==============================================================================

Image Symbol Table

    Local Symbols

    Symbol Name                              Value     Ov Type        Size  Object(Section)

    ../Core/Src/dma.c                        0x00000000   Number         0  dma.o ABSOLUTE
    ../Core/Src/gpio.c                       0x00000000   Number         0  gpio.o ABSOLUTE
    ../Core/Src/iwdg.c                       0x00000000   Number         0  iwdg.o ABSOLUTE
    ../Core/Src/main.c                       0x00000000   Number         0  main.o ABSOLUTE
    ../Core/Src/spi.c                        0x00000000   Number         0  spi.o ABSOLUTE
    ../Core/Src/stm32f0xx_hal_msp.c          0x00000000   Number         0  stm32f0xx_hal_msp.o ABSOLUTE
    ../Core/Src/stm32f0xx_it.c               0x00000000   Number         0  stm32f0xx_it.o ABSOLUTE
    ../Core/Src/system_stm32f0xx.c           0x00000000   Number         0  system_stm32f0xx.o ABSOLUTE
    ../Core/Src/tim.c                        0x00000000   Number         0  tim.o ABSOLUTE
    ../Core/Src/usart.c                      0x00000000   Number         0  usart.o ABSOLUTE
    ../Drivers/STM32F0xx_HAL_Driver/Src/stm32f0xx_hal.c 0x00000000   Number         0  stm32f0xx_hal.o ABSOLUTE
    ../Drivers/STM32F0xx_HAL_Driver/Src/stm32f0xx_hal_cortex.c 0x00000000   Number         0  stm32f0xx_hal_cortex.o ABSOLUTE
    ../Drivers/STM32F0xx_HAL_Driver/Src/stm32f0xx_hal_dma.c 0x00000000   Number         0  stm32f0xx_hal_dma.o ABSOLUTE
    ../Drivers/STM32F0xx_HAL_Driver/Src/stm32f0xx_hal_exti.c 0x00000000   Number         0  stm32f0xx_hal_exti.o ABSOLUTE
    ../Drivers/STM32F0xx_HAL_Driver/Src/stm32f0xx_hal_flash.c 0x00000000   Number         0  stm32f0xx_hal_flash.o ABSOLUTE
    ../Drivers/STM32F0xx_HAL_Driver/Src/stm32f0xx_hal_flash_ex.c 0x00000000   Number         0  stm32f0xx_hal_flash_ex.o ABSOLUTE
    ../Drivers/STM32F0xx_HAL_Driver/Src/stm32f0xx_hal_gpio.c 0x00000000   Number         0  stm32f0xx_hal_gpio.o ABSOLUTE
    ../Drivers/STM32F0xx_HAL_Driver/Src/stm32f0xx_hal_i2c.c 0x00000000   Number         0  stm32f0xx_hal_i2c.o ABSOLUTE
    ../Drivers/STM32F0xx_HAL_Driver/Src/stm32f0xx_hal_i2c_ex.c 0x00000000   Number         0  stm32f0xx_hal_i2c_ex.o ABSOLUTE
    ../Drivers/STM32F0xx_HAL_Driver/Src/stm32f0xx_hal_iwdg.c 0x00000000   Number         0  stm32f0xx_hal_iwdg.o ABSOLUTE
    ../Drivers/STM32F0xx_HAL_Driver/Src/stm32f0xx_hal_pwr.c 0x00000000   Number         0  stm32f0xx_hal_pwr.o ABSOLUTE
    ../Drivers/STM32F0xx_HAL_Driver/Src/stm32f0xx_hal_pwr_ex.c 0x00000000   Number         0  stm32f0xx_hal_pwr_ex.o ABSOLUTE
    ../Drivers/STM32F0xx_HAL_Driver/Src/stm32f0xx_hal_rcc.c 0x00000000   Number         0  stm32f0xx_hal_rcc.o ABSOLUTE
    ../Drivers/STM32F0xx_HAL_Driver/Src/stm32f0xx_hal_rcc_ex.c 0x00000000   Number         0  stm32f0xx_hal_rcc_ex.o ABSOLUTE
    ../Drivers/STM32F0xx_HAL_Driver/Src/stm32f0xx_hal_spi.c 0x00000000   Number         0  stm32f0xx_hal_spi.o ABSOLUTE
    ../Drivers/STM32F0xx_HAL_Driver/Src/stm32f0xx_hal_spi_ex.c 0x00000000   Number         0  stm32f0xx_hal_spi_ex.o ABSOLUTE
    ../Drivers/STM32F0xx_HAL_Driver/Src/stm32f0xx_hal_tim.c 0x00000000   Number         0  stm32f0xx_hal_tim.o ABSOLUTE
    ../Drivers/STM32F0xx_HAL_Driver/Src/stm32f0xx_hal_tim_ex.c 0x00000000   Number         0  stm32f0xx_hal_tim_ex.o ABSOLUTE
    ../Drivers/STM32F0xx_HAL_Driver/Src/stm32f0xx_hal_uart.c 0x00000000   Number         0  stm32f0xx_hal_uart.o ABSOLUTE
    ../Drivers/STM32F0xx_HAL_Driver/Src/stm32f0xx_hal_uart_ex.c 0x00000000   Number         0  stm32f0xx_hal_uart_ex.o ABSOLUTE
    ../clib/microlib/division.c              0x00000000   Number         0  uldiv.o ABSOLUTE
    ../clib/microlib/division.c              0x00000000   Number         0  uidiv.o ABSOLUTE
    ../clib/microlib/init/entry.s            0x00000000   Number         0  entry9b.o ABSOLUTE
    ../clib/microlib/init/entry.s            0x00000000   Number         0  entry9a.o ABSOLUTE
    ../clib/microlib/init/entry.s            0x00000000   Number         0  entry8b.o ABSOLUTE
    ../clib/microlib/init/entry.s            0x00000000   Number         0  entry8a.o ABSOLUTE
    ../clib/microlib/init/entry.s            0x00000000   Number         0  entry7b.o ABSOLUTE
    ../clib/microlib/init/entry.s            0x00000000   Number         0  entry7a.o ABSOLUTE
    ../clib/microlib/init/entry.s            0x00000000   Number         0  entry2.o ABSOLUTE
    ../clib/microlib/init/entry.s            0x00000000   Number         0  entry.o ABSOLUTE
    ../clib/microlib/init/entry.s            0x00000000   Number         0  entry5.o ABSOLUTE
    ../clib/microlib/init/entry.s            0x00000000   Number         0  entry11b.o ABSOLUTE
    ../clib/microlib/init/entry.s            0x00000000   Number         0  entry11a.o ABSOLUTE
    ../clib/microlib/init/entry.s            0x00000000   Number         0  entry10b.o ABSOLUTE
    ../clib/microlib/init/entry.s            0x00000000   Number         0  entry10a.o ABSOLUTE
    ../clib/microlib/longlong.c              0x00000000   Number         0  llshl.o ABSOLUTE
    ../clib/microlib/longlong.c              0x00000000   Number         0  llsshr.o ABSOLUTE
    ../clib/microlib/longlong.c              0x00000000   Number         0  llushr.o ABSOLUTE
    ../clib/microlib/malloc/malloc.c         0x00000000   Number         0  malloc.o ABSOLUTE
    ../clib/microlib/malloc/malloc.c         0x00000000   Number         0  mallocra.o ABSOLUTE
    ../clib/microlib/malloc/malloc.c         0x00000000   Number         0  malloca.o ABSOLUTE
    ../clib/microlib/malloc/malloc.c         0x00000000   Number         0  mallocr.o ABSOLUTE
    ../clib/microlib/malloc/mvars.c          0x00000000   Number         0  mvars.o ABSOLUTE
    ../clib/microlib/string/memcpy.c         0x00000000   Number         0  memcpyb.o ABSOLUTE
    ../clib/microlib/string/memcpy.c         0x00000000   Number         0  memcpyc.o ABSOLUTE
    ../clib/microlib/string/memcpy.c         0x00000000   Number         0  memcpya.o ABSOLUTE
    ../clib/microlib/string/memcpy.c         0x00000000   Number         0  memcpy.o ABSOLUTE
    ../clib/microlib/string/memset.c         0x00000000   Number         0  memseta.o ABSOLUTE
    ../clib/microlib/stubs.s                 0x00000000   Number         0  iusefp.o ABSOLUTE
    ../fplib/microlib/f2d.c                  0x00000000   Number         0  f2d.o ABSOLUTE
    ../fplib/microlib/fpadd.c                0x00000000   Number         0  fadd.o ABSOLUTE
    ../fplib/microlib/fpadd.c                0x00000000   Number         0  dadd.o ABSOLUTE
    ../fplib/microlib/fpdiv.c                0x00000000   Number         0  fdiv.o ABSOLUTE
    ../fplib/microlib/fpepilogue.c           0x00000000   Number         0  depilogue.o ABSOLUTE
    ../fplib/microlib/fpepilogue.c           0x00000000   Number         0  fepilogue.o ABSOLUTE
    ../fplib/microlib/fpfix.c                0x00000000   Number         0  ffixui.o ABSOLUTE
    ../fplib/microlib/fpmul.c                0x00000000   Number         0  fmul.o ABSOLUTE
    ..\Core\Src\Mcp4822.c                    0x00000000   Number         0  mcp4822.o ABSOLUTE
    ..\Core\Src\Modbus.c                     0x00000000   Number         0  modbus.o ABSOLUTE
    ..\Core\Src\dma.c                        0x00000000   Number         0  dma.o ABSOLUTE
    ..\Core\Src\gpio.c                       0x00000000   Number         0  gpio.o ABSOLUTE
    ..\Core\Src\io_signal.c                  0x00000000   Number         0  io_signal.o ABSOLUTE
    ..\Core\Src\iwdg.c                       0x00000000   Number         0  iwdg.o ABSOLUTE
    ..\Core\Src\main.c                       0x00000000   Number         0  main.o ABSOLUTE
    ..\Core\Src\spi.c                        0x00000000   Number         0  spi.o ABSOLUTE
    ..\Core\Src\stm32f0xx_hal_msp.c          0x00000000   Number         0  stm32f0xx_hal_msp.o ABSOLUTE
    ..\Core\Src\stm32f0xx_it.c               0x00000000   Number         0  stm32f0xx_it.o ABSOLUTE
    ..\Core\Src\system_stm32f0xx.c           0x00000000   Number         0  system_stm32f0xx.o ABSOLUTE
    ..\Core\Src\tim.c                        0x00000000   Number         0  tim.o ABSOLUTE
    ..\Core\Src\tool.c                       0x00000000   Number         0  tool.o ABSOLUTE
    ..\Core\Src\usart.c                      0x00000000   Number         0  usart.o ABSOLUTE
    ..\Drivers\STM32F0xx_HAL_Driver\Src\stm32f0xx_hal.c 0x00000000   Number         0  stm32f0xx_hal.o ABSOLUTE
    ..\Drivers\STM32F0xx_HAL_Driver\Src\stm32f0xx_hal_cortex.c 0x00000000   Number         0  stm32f0xx_hal_cortex.o ABSOLUTE
    ..\Drivers\STM32F0xx_HAL_Driver\Src\stm32f0xx_hal_dma.c 0x00000000   Number         0  stm32f0xx_hal_dma.o ABSOLUTE
    ..\Drivers\STM32F0xx_HAL_Driver\Src\stm32f0xx_hal_exti.c 0x00000000   Number         0  stm32f0xx_hal_exti.o ABSOLUTE
    ..\Drivers\STM32F0xx_HAL_Driver\Src\stm32f0xx_hal_flash.c 0x00000000   Number         0  stm32f0xx_hal_flash.o ABSOLUTE
    ..\Drivers\STM32F0xx_HAL_Driver\Src\stm32f0xx_hal_flash_ex.c 0x00000000   Number         0  stm32f0xx_hal_flash_ex.o ABSOLUTE
    ..\Drivers\STM32F0xx_HAL_Driver\Src\stm32f0xx_hal_gpio.c 0x00000000   Number         0  stm32f0xx_hal_gpio.o ABSOLUTE
    ..\Drivers\STM32F0xx_HAL_Driver\Src\stm32f0xx_hal_i2c.c 0x00000000   Number         0  stm32f0xx_hal_i2c.o ABSOLUTE
    ..\Drivers\STM32F0xx_HAL_Driver\Src\stm32f0xx_hal_i2c_ex.c 0x00000000   Number         0  stm32f0xx_hal_i2c_ex.o ABSOLUTE
    ..\Drivers\STM32F0xx_HAL_Driver\Src\stm32f0xx_hal_iwdg.c 0x00000000   Number         0  stm32f0xx_hal_iwdg.o ABSOLUTE
    ..\Drivers\STM32F0xx_HAL_Driver\Src\stm32f0xx_hal_pwr.c 0x00000000   Number         0  stm32f0xx_hal_pwr.o ABSOLUTE
    ..\Drivers\STM32F0xx_HAL_Driver\Src\stm32f0xx_hal_pwr_ex.c 0x00000000   Number         0  stm32f0xx_hal_pwr_ex.o ABSOLUTE
    ..\Drivers\STM32F0xx_HAL_Driver\Src\stm32f0xx_hal_rcc.c 0x00000000   Number         0  stm32f0xx_hal_rcc.o ABSOLUTE
    ..\Drivers\STM32F0xx_HAL_Driver\Src\stm32f0xx_hal_rcc_ex.c 0x00000000   Number         0  stm32f0xx_hal_rcc_ex.o ABSOLUTE
    ..\Drivers\STM32F0xx_HAL_Driver\Src\stm32f0xx_hal_spi.c 0x00000000   Number         0  stm32f0xx_hal_spi.o ABSOLUTE
    ..\Drivers\STM32F0xx_HAL_Driver\Src\stm32f0xx_hal_spi_ex.c 0x00000000   Number         0  stm32f0xx_hal_spi_ex.o ABSOLUTE
    ..\Drivers\STM32F0xx_HAL_Driver\Src\stm32f0xx_hal_tim.c 0x00000000   Number         0  stm32f0xx_hal_tim.o ABSOLUTE
    ..\Drivers\STM32F0xx_HAL_Driver\Src\stm32f0xx_hal_tim_ex.c 0x00000000   Number         0  stm32f0xx_hal_tim_ex.o ABSOLUTE
    ..\Drivers\STM32F0xx_HAL_Driver\Src\stm32f0xx_hal_uart.c 0x00000000   Number         0  stm32f0xx_hal_uart.o ABSOLUTE
    ..\Drivers\STM32F0xx_HAL_Driver\Src\stm32f0xx_hal_uart_ex.c 0x00000000   Number         0  stm32f0xx_hal_uart_ex.o ABSOLUTE
    ..\\Core\\Src\\Mcp4822.c                 0x00000000   Number         0  mcp4822.o ABSOLUTE
    ..\\Core\\Src\\Modbus.c                  0x00000000   Number         0  modbus.o ABSOLUTE
    ..\\Core\\Src\\io_signal.c               0x00000000   Number         0  io_signal.o ABSOLUTE
    ..\\Core\\Src\\tool.c                    0x00000000   Number         0  tool.o ABSOLUTE
    cdcmple.s                                0x00000000   Number         0  cdcmple.o ABSOLUTE
    cfcmple.s                                0x00000000   Number         0  cfcmple.o ABSOLUTE
    cfrcmple.s                               0x00000000   Number         0  cfrcmple.o ABSOLUTE
    dc.s                                     0x00000000   Number         0  dc.o ABSOLUTE
    handlers.s                               0x00000000   Number         0  handlers.o ABSOLUTE
    init.s                                   0x00000000   Number         0  init.o ABSOLUTE
    startup_stm32f030x6.s                    0x00000000   Number         0  startup_stm32f030x6.o ABSOLUTE
    RESET                                    0x08000000   Section      176  startup_stm32f030x6.o(RESET)
    .ARM.Collect$$$$00000000                 0x080000b0   Section        0  entry.o(.ARM.Collect$$$$00000000)
    .ARM.Collect$$$$00000001                 0x080000b0   Section        4  entry2.o(.ARM.Collect$$$$00000001)
    .ARM.Collect$$$$00000004                 0x080000b4   Section        4  entry5.o(.ARM.Collect$$$$00000004)
    .ARM.Collect$$$$00000008                 0x080000b8   Section        0  entry7b.o(.ARM.Collect$$$$00000008)
    .ARM.Collect$$$$0000000A                 0x080000b8   Section        0  entry8b.o(.ARM.Collect$$$$0000000A)
    .ARM.Collect$$$$0000000B                 0x080000b8   Section        8  entry9a.o(.ARM.Collect$$$$0000000B)
    .ARM.Collect$$$$0000000D                 0x080000c0   Section        0  entry10a.o(.ARM.Collect$$$$0000000D)
    .ARM.Collect$$$$0000000F                 0x080000c0   Section        0  entry11a.o(.ARM.Collect$$$$0000000F)
    .ARM.Collect$$$$00002712                 0x080000c0   Section        4  entry2.o(.ARM.Collect$$$$00002712)
    __lit__00000000                          0x080000c0   Data           4  entry2.o(.ARM.Collect$$$$00002712)
    .text                                    0x080000c4   Section       28  startup_stm32f030x6.o(.text)
    .text                                    0x080000e0   Section        0  uidiv.o(.text)
    .text                                    0x0800010c   Section        0  uldiv.o(.text)
    .text                                    0x0800016c   Section        0  llushr.o(.text)
    .text                                    0x0800018e   Section        0  memcpy.o(.text)
    .text                                    0x080001b6   Section        0  memseta.o(.text)
    .text                                    0x080001da   Section        0  fadd.o(.text)
    .text                                    0x0800028c   Section        0  fmul.o(.text)
    .text                                    0x08000306   Section        0  ffixui.o(.text)
    .text                                    0x08000330   Section       20  cfcmple.o(.text)
    .text                                    0x08000344   Section       20  cfrcmple.o(.text)
    .text                                    0x08000358   Section        0  llshl.o(.text)
    .text                                    0x08000378   Section        0  fepilogue.o(.text)
    .text                                    0x08000378   Section        0  iusefp.o(.text)
    .text                                    0x080003fc   Section       36  init.o(.text)
    i.Create_ModObject                       0x08000420   Section        0  modbus.o(i.Create_ModObject)
    Create_ModObject                         0x08000421   Thumb Code   212  modbus.o(i.Create_ModObject)
    i.DMA1_Channel2_3_IRQHandler             0x08000508   Section        0  stm32f0xx_it.o(i.DMA1_Channel2_3_IRQHandler)
    i.DMA_CalcBaseAndBitshift                0x08000520   Section        0  stm32f0xx_hal_dma.o(i.DMA_CalcBaseAndBitshift)
    DMA_CalcBaseAndBitshift                  0x08000521   Thumb Code    28  stm32f0xx_hal_dma.o(i.DMA_CalcBaseAndBitshift)
    i.DMA_SetConfig                          0x08000540   Section        0  stm32f0xx_hal_dma.o(i.DMA_SetConfig)
    DMA_SetConfig                            0x08000541   Thumb Code    42  stm32f0xx_hal_dma.o(i.DMA_SetConfig)
    i.Debug_Handle                           0x0800056a   Section        0  main.o(i.Debug_Handle)
    Debug_Handle                             0x0800056b   Thumb Code     2  main.o(i.Debug_Handle)
    i.Error_Handler                          0x0800056c   Section        0  main.o(i.Error_Handler)
    i.Get_CardId                             0x08000574   Section        0  tool.o(i.Get_CardId)
    i.Get_Crc16                              0x0800058c   Section        0  tool.o(i.Get_Crc16)
    i.HAL_DMA_Abort                          0x080005cc   Section        0  stm32f0xx_hal_dma.o(i.HAL_DMA_Abort)
    i.HAL_DMA_Abort_IT                       0x0800061e   Section        0  stm32f0xx_hal_dma.o(i.HAL_DMA_Abort_IT)
    i.HAL_DMA_GetError                       0x08000676   Section        0  stm32f0xx_hal_dma.o(i.HAL_DMA_GetError)
    i.HAL_DMA_IRQHandler                     0x0800067c   Section        0  stm32f0xx_hal_dma.o(i.HAL_DMA_IRQHandler)
    i.HAL_DMA_Init                           0x0800076c   Section        0  stm32f0xx_hal_dma.o(i.HAL_DMA_Init)
    i.HAL_DMA_Start_IT                       0x080007c8   Section        0  stm32f0xx_hal_dma.o(i.HAL_DMA_Start_IT)
    i.HAL_Delay                              0x08000864   Section        0  stm32f0xx_hal.o(i.HAL_Delay)
    i.HAL_GPIO_Init                          0x08000890   Section        0  stm32f0xx_hal_gpio.o(i.HAL_GPIO_Init)
    i.HAL_GPIO_ReadPin                       0x08000a80   Section        0  stm32f0xx_hal_gpio.o(i.HAL_GPIO_ReadPin)
    i.HAL_GPIO_WritePin                      0x08000a92   Section        0  stm32f0xx_hal_gpio.o(i.HAL_GPIO_WritePin)
    i.HAL_GetTick                            0x08000aa0   Section        0  stm32f0xx_hal.o(i.HAL_GetTick)
    i.HAL_IWDG_Init                          0x08000aac   Section        0  stm32f0xx_hal_iwdg.o(i.HAL_IWDG_Init)
    i.HAL_IWDG_Refresh                       0x08000b28   Section        0  stm32f0xx_hal_iwdg.o(i.HAL_IWDG_Refresh)
    i.HAL_IncTick                            0x08000b38   Section        0  stm32f0xx_hal.o(i.HAL_IncTick)
    i.HAL_Init                               0x08000b50   Section        0  stm32f0xx_hal.o(i.HAL_Init)
    i.HAL_InitTick                           0x08000b70   Section        0  stm32f0xx_hal.o(i.HAL_InitTick)
    i.HAL_MspInit                            0x08000bc4   Section        0  stm32f0xx_hal_msp.o(i.HAL_MspInit)
    i.HAL_NVIC_EnableIRQ                     0x08000c04   Section        0  stm32f0xx_hal_cortex.o(i.HAL_NVIC_EnableIRQ)
    i.HAL_NVIC_SetPriority                   0x08000c20   Section        0  stm32f0xx_hal_cortex.o(i.HAL_NVIC_SetPriority)
    i.HAL_RCCEx_PeriphCLKConfig              0x08000c34   Section        0  stm32f0xx_hal_rcc_ex.o(i.HAL_RCCEx_PeriphCLKConfig)
    i.HAL_RCC_ClockConfig                    0x08000d84   Section        0  stm32f0xx_hal_rcc.o(i.HAL_RCC_ClockConfig)
    i.HAL_RCC_GetHCLKFreq                    0x08000ef0   Section        0  stm32f0xx_hal_rcc.o(i.HAL_RCC_GetHCLKFreq)
    i.HAL_RCC_GetPCLK1Freq                   0x08000efc   Section        0  stm32f0xx_hal_rcc.o(i.HAL_RCC_GetPCLK1Freq)
    i.HAL_RCC_GetSysClockFreq                0x08000f20   Section        0  stm32f0xx_hal_rcc.o(i.HAL_RCC_GetSysClockFreq)
    i.HAL_RCC_OscConfig                      0x08000fb8   Section        0  stm32f0xx_hal_rcc.o(i.HAL_RCC_OscConfig)
    i.HAL_SPI_Init                           0x08001544   Section        0  stm32f0xx_hal_spi.o(i.HAL_SPI_Init)
    i.HAL_SPI_MspInit                        0x08001650   Section        0  spi.o(i.HAL_SPI_MspInit)
    i.HAL_SPI_Transmit                       0x080016cc   Section        0  stm32f0xx_hal_spi.o(i.HAL_SPI_Transmit)
    i.HAL_SYSTICK_Config                     0x080018a8   Section        0  stm32f0xx_hal_cortex.o(i.HAL_SYSTICK_Config)
    i.HAL_TIMEx_BreakCallback                0x080018e0   Section        0  stm32f0xx_hal_tim_ex.o(i.HAL_TIMEx_BreakCallback)
    i.HAL_TIMEx_CommutCallback               0x080018e2   Section        0  stm32f0xx_hal_tim_ex.o(i.HAL_TIMEx_CommutCallback)
    i.HAL_TIMEx_MasterConfigSynchronization  0x080018e4   Section        0  stm32f0xx_hal_tim_ex.o(i.HAL_TIMEx_MasterConfigSynchronization)
    i.HAL_TIM_Base_Init                      0x0800195c   Section        0  stm32f0xx_hal_tim.o(i.HAL_TIM_Base_Init)
    i.HAL_TIM_Base_MspInit                   0x080019c0   Section        0  tim.o(i.HAL_TIM_Base_MspInit)
    i.HAL_TIM_Base_Start_IT                  0x08001a04   Section        0  stm32f0xx_hal_tim.o(i.HAL_TIM_Base_Start_IT)
    i.HAL_TIM_ConfigClockSource              0x08001a68   Section        0  stm32f0xx_hal_tim.o(i.HAL_TIM_ConfigClockSource)
    i.HAL_TIM_IC_CaptureCallback             0x08001b80   Section        0  stm32f0xx_hal_tim.o(i.HAL_TIM_IC_CaptureCallback)
    i.HAL_TIM_IRQHandler                     0x08001b82   Section        0  stm32f0xx_hal_tim.o(i.HAL_TIM_IRQHandler)
    i.HAL_TIM_OC_DelayElapsedCallback        0x08001d4a   Section        0  stm32f0xx_hal_tim.o(i.HAL_TIM_OC_DelayElapsedCallback)
    i.HAL_TIM_PWM_PulseFinishedCallback      0x08001d4c   Section        0  stm32f0xx_hal_tim.o(i.HAL_TIM_PWM_PulseFinishedCallback)
    i.HAL_TIM_PeriodElapsedCallback          0x08001d50   Section        0  tim.o(i.HAL_TIM_PeriodElapsedCallback)
    i.HAL_TIM_TriggerCallback                0x08001dd0   Section        0  stm32f0xx_hal_tim.o(i.HAL_TIM_TriggerCallback)
    i.HAL_UARTEx_RxEventCallback             0x08001dd2   Section        0  stm32f0xx_hal_uart.o(i.HAL_UARTEx_RxEventCallback)
    i.HAL_UART_DMAStop                       0x08001dd4   Section        0  stm32f0xx_hal_uart.o(i.HAL_UART_DMAStop)
    i.HAL_UART_ErrorCallback                 0x08001e9a   Section        0  main.o(i.HAL_UART_ErrorCallback)
    i.HAL_UART_IRQHandler                    0x08001ea4   Section        0  stm32f0xx_hal_uart.o(i.HAL_UART_IRQHandler)
    i.HAL_UART_Init                          0x08002250   Section        0  stm32f0xx_hal_uart.o(i.HAL_UART_Init)
    i.HAL_UART_MspInit                       0x080022d0   Section        0  usart.o(i.HAL_UART_MspInit)
    i.HAL_UART_Receive_DMA                   0x080023e0   Section        0  stm32f0xx_hal_uart.o(i.HAL_UART_Receive_DMA)
    i.HAL_UART_RxCpltCallback                0x0800245e   Section        0  stm32f0xx_hal_uart.o(i.HAL_UART_RxCpltCallback)
    i.HAL_UART_RxHalfCpltCallback            0x08002460   Section        0  stm32f0xx_hal_uart.o(i.HAL_UART_RxHalfCpltCallback)
    i.HAL_UART_Transmit_DMA                  0x08002464   Section        0  stm32f0xx_hal_uart.o(i.HAL_UART_Transmit_DMA)
    i.HAL_UART_TxCpltCallback                0x0800252c   Section        0  stm32f0xx_hal_uart.o(i.HAL_UART_TxCpltCallback)
    i.HAL_UART_TxHalfCpltCallback            0x0800252e   Section        0  stm32f0xx_hal_uart.o(i.HAL_UART_TxHalfCpltCallback)
    i.HardFault_Handler                      0x08002530   Section        0  stm32f0xx_it.o(i.HardFault_Handler)
    i.IRQ_Handle                             0x08002534   Section        0  tool.o(i.IRQ_Handle)
    i.MX_DMA_Init                            0x08002558   Section        0  dma.o(i.MX_DMA_Init)
    i.MX_GPIO_Init                           0x0800258c   Section        0  gpio.o(i.MX_GPIO_Init)
    i.MX_IWDG_Init                           0x08002654   Section        0  iwdg.o(i.MX_IWDG_Init)
    i.MX_ModbusInit                          0x08002688   Section        0  modbus.o(i.MX_ModbusInit)
    i.MX_SPI1_Init                           0x080026dc   Section        0  spi.o(i.MX_SPI1_Init)
    i.MX_TIM1_Init                           0x08002730   Section        0  tim.o(i.MX_TIM1_Init)
    i.MX_USART1_UART_Init                    0x080027a8   Section        0  usart.o(i.MX_USART1_UART_Init)
    i.Mcp48xx_Write                          0x080027ec   Section        0  mcp4822.o(i.Mcp48xx_Write)
    i.Modbus_46H                             0x08002854   Section        0  modbus.o(i.Modbus_46H)
    Modbus_46H                               0x08002855   Thumb Code   116  modbus.o(i.Modbus_46H)
    i.Modbus_Handle                          0x080028d0   Section        0  modbus.o(i.Modbus_Handle)
    i.Modbus_Operatex                        0x080028f0   Section        0  modbus.o(i.Modbus_Operatex)
    Modbus_Operatex                          0x080028f1   Thumb Code   122  modbus.o(i.Modbus_Operatex)
    i.Modbus_Poll                            0x0800296c   Section        0  modbus.o(i.Modbus_Poll)
    Modbus_Poll                              0x0800296d   Thumb Code   184  modbus.o(i.Modbus_Poll)
    i.Modbus_Send                            0x08002a28   Section        0  modbus.o(i.Modbus_Send)
    Modbus_Send                              0x08002a29   Thumb Code    90  modbus.o(i.Modbus_Send)
    i.Modbus_TI_Recive                       0x08002a88   Section        0  modbus.o(i.Modbus_TI_Recive)
    Modbus_TI_Recive                         0x08002a89   Thumb Code    82  modbus.o(i.Modbus_TI_Recive)
    i.Modus_ReadXRegister                    0x08002ada   Section        0  modbus.o(i.Modus_ReadXRegister)
    Modus_ReadXRegister                      0x08002adb   Thumb Code   194  modbus.o(i.Modus_ReadXRegister)
    i.Modus_ReportSeverId                    0x08002b9c   Section        0  modbus.o(i.Modus_ReportSeverId)
    Modus_ReportSeverId                      0x08002b9d   Thumb Code    92  modbus.o(i.Modus_ReportSeverId)
    i.Modus_WriteHoldRegister                0x08002bf8   Section        0  modbus.o(i.Modus_WriteHoldRegister)
    Modus_WriteHoldRegister                  0x08002bf9   Thumb Code   128  modbus.o(i.Modus_WriteHoldRegister)
    i.NMI_Handler                            0x08002c78   Section        0  stm32f0xx_it.o(i.NMI_Handler)
    i.Output_Current                         0x08002c7c   Section        0  mcp4822.o(i.Output_Current)
    i.PendSV_Handler                         0x08002ce0   Section        0  stm32f0xx_it.o(i.PendSV_Handler)
    i.Read_74HC165                           0x08002ce2   Section        0  tool.o(i.Read_74HC165)
    i.SPI_EndRxTxTransaction                 0x08002d6a   Section        0  stm32f0xx_hal_spi.o(i.SPI_EndRxTxTransaction)
    SPI_EndRxTxTransaction                   0x08002d6b   Thumb Code   106  stm32f0xx_hal_spi.o(i.SPI_EndRxTxTransaction)
    i.SPI_WaitFifoStateUntilTimeout          0x08002dd4   Section        0  stm32f0xx_hal_spi.o(i.SPI_WaitFifoStateUntilTimeout)
    SPI_WaitFifoStateUntilTimeout            0x08002dd5   Thumb Code   246  stm32f0xx_hal_spi.o(i.SPI_WaitFifoStateUntilTimeout)
    i.SPI_WaitFlagStateUntilTimeout          0x08002ed0   Section        0  stm32f0xx_hal_spi.o(i.SPI_WaitFlagStateUntilTimeout)
    SPI_WaitFlagStateUntilTimeout            0x08002ed1   Thumb Code   214  stm32f0xx_hal_spi.o(i.SPI_WaitFlagStateUntilTimeout)
    i.SVC_Handler                            0x08002fac   Section        0  stm32f0xx_it.o(i.SVC_Handler)
    i.SysTick_Handler                        0x08002fae   Section        0  stm32f0xx_it.o(i.SysTick_Handler)
    i.SystemClock_Config                     0x08002fb6   Section        0  main.o(i.SystemClock_Config)
    i.SystemInit                             0x08003034   Section        0  system_stm32f0xx.o(i.SystemInit)
    i.TIM1_BRK_UP_TRG_COM_IRQHandler         0x08003038   Section        0  stm32f0xx_it.o(i.TIM1_BRK_UP_TRG_COM_IRQHandler)
    i.TIM_Base_SetConfig                     0x08003048   Section        0  stm32f0xx_hal_tim.o(i.TIM_Base_SetConfig)
    i.TIM_ETR_SetConfig                      0x080030d8   Section        0  stm32f0xx_hal_tim.o(i.TIM_ETR_SetConfig)
    i.TIM_ITRx_SetConfig                     0x080030f4   Section        0  stm32f0xx_hal_tim.o(i.TIM_ITRx_SetConfig)
    TIM_ITRx_SetConfig                       0x080030f5   Thumb Code    24  stm32f0xx_hal_tim.o(i.TIM_ITRx_SetConfig)
    i.TIM_TI1_ConfigInputStage               0x0800310c   Section        0  stm32f0xx_hal_tim.o(i.TIM_TI1_ConfigInputStage)
    TIM_TI1_ConfigInputStage                 0x0800310d   Thumb Code    50  stm32f0xx_hal_tim.o(i.TIM_TI1_ConfigInputStage)
    i.TIM_TI2_ConfigInputStage               0x0800313e   Section        0  stm32f0xx_hal_tim.o(i.TIM_TI2_ConfigInputStage)
    TIM_TI2_ConfigInputStage                 0x0800313f   Thumb Code    50  stm32f0xx_hal_tim.o(i.TIM_TI2_ConfigInputStage)
    i.TIRQ_Handle                            0x08003170   Section        0  main.o(i.TIRQ_Handle)
    i.Timer_Handle                           0x08003244   Section        0  tim.o(i.Timer_Handle)
    i.UART_AdvFeatureConfig                  0x08003288   Section        0  stm32f0xx_hal_uart.o(i.UART_AdvFeatureConfig)
    i.UART_CheckIdleState                    0x08003378   Section        0  stm32f0xx_hal_uart.o(i.UART_CheckIdleState)
    i.UART_DMAAbortOnError                   0x08003478   Section        0  stm32f0xx_hal_uart.o(i.UART_DMAAbortOnError)
    UART_DMAAbortOnError                     0x08003479   Thumb Code    24  stm32f0xx_hal_uart.o(i.UART_DMAAbortOnError)
    i.UART_DMAError                          0x08003490   Section        0  stm32f0xx_hal_uart.o(i.UART_DMAError)
    UART_DMAError                            0x08003491   Thumb Code    88  stm32f0xx_hal_uart.o(i.UART_DMAError)
    i.UART_DMAReceiveCplt                    0x080034e8   Section        0  stm32f0xx_hal_uart.o(i.UART_DMAReceiveCplt)
    UART_DMAReceiveCplt                      0x080034e9   Thumb Code   198  stm32f0xx_hal_uart.o(i.UART_DMAReceiveCplt)
    i.UART_DMARxHalfCplt                     0x080035ae   Section        0  stm32f0xx_hal_uart.o(i.UART_DMARxHalfCplt)
    UART_DMARxHalfCplt                       0x080035af   Thumb Code    38  stm32f0xx_hal_uart.o(i.UART_DMARxHalfCplt)
    i.UART_DMATransmitCplt                   0x080035d4   Section        0  stm32f0xx_hal_uart.o(i.UART_DMATransmitCplt)
    UART_DMATransmitCplt                     0x080035d5   Thumb Code    94  stm32f0xx_hal_uart.o(i.UART_DMATransmitCplt)
    i.UART_DMATxHalfCplt                     0x08003632   Section        0  stm32f0xx_hal_uart.o(i.UART_DMATxHalfCplt)
    UART_DMATxHalfCplt                       0x08003633   Thumb Code    14  stm32f0xx_hal_uart.o(i.UART_DMATxHalfCplt)
    i.UART_EndRxTransfer                     0x08003640   Section        0  stm32f0xx_hal_uart.o(i.UART_EndRxTransfer)
    UART_EndRxTransfer                       0x08003641   Thumb Code   128  stm32f0xx_hal_uart.o(i.UART_EndRxTransfer)
    i.UART_EndTransmit_IT                    0x080036c0   Section        0  stm32f0xx_hal_uart.o(i.UART_EndTransmit_IT)
    UART_EndTransmit_IT                      0x080036c1   Thumb Code    54  stm32f0xx_hal_uart.o(i.UART_EndTransmit_IT)
    i.UART_EndTxTransfer                     0x080036f6   Section        0  stm32f0xx_hal_uart.o(i.UART_EndTxTransfer)
    UART_EndTxTransfer                       0x080036f7   Thumb Code    44  stm32f0xx_hal_uart.o(i.UART_EndTxTransfer)
    i.UART_SetConfig                         0x08003724   Section        0  stm32f0xx_hal_uart.o(i.UART_SetConfig)
    i.UART_Start_Receive_DMA                 0x080038a4   Section        0  stm32f0xx_hal_uart.o(i.UART_Start_Receive_DMA)
    i.UART_WaitOnFlagUntilTimeout            0x08003980   Section        0  stm32f0xx_hal_uart.o(i.UART_WaitOnFlagUntilTimeout)
    i.USART1_IRQHandler                      0x08003a2c   Section        0  stm32f0xx_it.o(i.USART1_IRQHandler)
    i.Write_74HC138                          0x08003a58   Section        0  tool.o(i.Write_74HC138)
    i.Write_Analog_IO                        0x08003aa4   Section        0  io_signal.o(i.Write_Analog_IO)
    i.__ARM_common_ll_muluu                  0x08003b18   Section        0  stm32f0xx_hal_rcc.o(i.__ARM_common_ll_muluu)
    i.__NVIC_SetPriority                     0x08003b48   Section        0  stm32f0xx_hal_cortex.o(i.__NVIC_SetPriority)
    __NVIC_SetPriority                       0x08003b49   Thumb Code   110  stm32f0xx_hal_cortex.o(i.__NVIC_SetPriority)
    i.__get_PRIMASK                          0x08003bc0   Section        0  stm32f0xx_hal_uart.o(i.__get_PRIMASK)
    __get_PRIMASK                            0x08003bc1   Thumb Code     6  stm32f0xx_hal_uart.o(i.__get_PRIMASK)
    i.__scatterload_copy                     0x08003bc6   Section       14  handlers.o(i.__scatterload_copy)
    i.__scatterload_null                     0x08003bd4   Section        2  handlers.o(i.__scatterload_null)
    i.__scatterload_zeroinit                 0x08003bd6   Section       14  handlers.o(i.__scatterload_zeroinit)
    i.__set_PRIMASK                          0x08003be4   Section        0  stm32f0xx_hal_uart.o(i.__set_PRIMASK)
    __set_PRIMASK                            0x08003be5   Thumb Code     6  stm32f0xx_hal_uart.o(i.__set_PRIMASK)
    i.free                                   0x08003bec   Section        0  malloc.o(i.free)
    i.main                                   0x08003c40   Section        0  main.o(i.main)
    i.malloc                                 0x08003d20   Section        0  malloc.o(i.malloc)
    .constdata                               0x08003d8c   Section       96  io_signal.o(.constdata)
    .constdata                               0x08003dec   Section       12  tool.o(.constdata)
    .constdata                               0x08003df8   Section       32  stm32f0xx_hal_rcc.o(.constdata)
    aPLLMULFactorTable                       0x08003df8   Data          16  stm32f0xx_hal_rcc.o(.constdata)
    aPredivFactorTable                       0x08003e08   Data          16  stm32f0xx_hal_rcc.o(.constdata)
    .constdata                               0x08003e18   Section       24  system_stm32f0xx.o(.constdata)
    .data                                    0x20000000   Section       64  mcp4822.o(.data)
    .data                                    0x20000040   Section        5  modbus.o(.data)
    Read_Flag                                0x20000044   Data           1  modbus.o(.data)
    .data                                    0x20000048   Section       24  tool.o(.data)
    .data                                    0x20000060   Section       76  main.o(.data)
    .data                                    0x200000ac   Section        4  tim.o(.data)
    .data                                    0x200000b0   Section        9  stm32f0xx_hal.o(.data)
    .data                                    0x200000bc   Section        4  system_stm32f0xx.o(.data)
    .data                                    0x200000c0   Section        4  mvars.o(.data)
    .data                                    0x200000c4   Section        4  mvars.o(.data)
    .bss                                     0x200000c8   Section      128  modbus.o(.bss)
    .bss                                     0x20000148   Section       16  iwdg.o(.bss)
    .bss                                     0x20000158   Section      100  spi.o(.bss)
    .bss                                     0x200001bc   Section       72  tim.o(.bss)
    .bss                                     0x20000204   Section      272  usart.o(.bss)
    HEAP                                     0x20000318   Section      512  startup_stm32f030x6.o(HEAP)
    STACK                                    0x20000518   Section     1024  startup_stm32f030x6.o(STACK)

    Global Symbols

    Symbol Name                              Value     Ov Type        Size  Object(Section)

    BuildAttributes$$THM_ISAv3M$S$PE$A:L22$X:L11$S22$IEEE1$IW$USESV6$~STKCKD$USESV7$~SHL$OTIME$ROPI$EBA8$MICROLIB$REQ8$PRES8$EABIv2 0x00000000   Number         0  anon$$obj.o ABSOLUTE
    __ARM_use_no_argv                        0x00000000   Number         0  main.o ABSOLUTE
    __cpp_initialize__aeabi_                  - Undefined Weak Reference
    __cxa_finalize                            - Undefined Weak Reference
    __decompress                              - Undefined Weak Reference
    _clock_init                               - Undefined Weak Reference
    _microlib_exit                            - Undefined Weak Reference
    __Vectors_Size                           0x000000b0   Number         0  startup_stm32f030x6.o ABSOLUTE
    __Vectors                                0x08000000   Data           4  startup_stm32f030x6.o(RESET)
    __Vectors_End                            0x080000b0   Data           0  startup_stm32f030x6.o(RESET)
    __main                                   0x080000b1   Thumb Code     0  entry.o(.ARM.Collect$$$$00000000)
    _main_stk                                0x080000b1   Thumb Code     0  entry2.o(.ARM.Collect$$$$00000001)
    _main_scatterload                        0x080000b5   Thumb Code     0  entry5.o(.ARM.Collect$$$$00000004)
    __main_after_scatterload                 0x080000b9   Thumb Code     0  entry5.o(.ARM.Collect$$$$00000004)
    _main_clock                              0x080000b9   Thumb Code     0  entry7b.o(.ARM.Collect$$$$00000008)
    _main_cpp_init                           0x080000b9   Thumb Code     0  entry8b.o(.ARM.Collect$$$$0000000A)
    _main_init                               0x080000b9   Thumb Code     0  entry9a.o(.ARM.Collect$$$$0000000B)
    __rt_final_cpp                           0x080000c1   Thumb Code     0  entry10a.o(.ARM.Collect$$$$0000000D)
    __rt_final_exit                          0x080000c1   Thumb Code     0  entry11a.o(.ARM.Collect$$$$0000000F)
    Reset_Handler                            0x080000c5   Thumb Code     8  startup_stm32f030x6.o(.text)
    ADC1_IRQHandler                          0x080000d7   Thumb Code     0  startup_stm32f030x6.o(.text)
    DMA1_Channel1_IRQHandler                 0x080000d7   Thumb Code     0  startup_stm32f030x6.o(.text)
    DMA1_Channel4_5_IRQHandler               0x080000d7   Thumb Code     0  startup_stm32f030x6.o(.text)
    EXTI0_1_IRQHandler                       0x080000d7   Thumb Code     0  startup_stm32f030x6.o(.text)
    EXTI2_3_IRQHandler                       0x080000d7   Thumb Code     0  startup_stm32f030x6.o(.text)
    EXTI4_15_IRQHandler                      0x080000d7   Thumb Code     0  startup_stm32f030x6.o(.text)
    FLASH_IRQHandler                         0x080000d7   Thumb Code     0  startup_stm32f030x6.o(.text)
    I2C1_IRQHandler                          0x080000d7   Thumb Code     0  startup_stm32f030x6.o(.text)
    RCC_IRQHandler                           0x080000d7   Thumb Code     0  startup_stm32f030x6.o(.text)
    RTC_IRQHandler                           0x080000d7   Thumb Code     0  startup_stm32f030x6.o(.text)
    SPI1_IRQHandler                          0x080000d7   Thumb Code     0  startup_stm32f030x6.o(.text)
    TIM14_IRQHandler                         0x080000d7   Thumb Code     0  startup_stm32f030x6.o(.text)
    TIM16_IRQHandler                         0x080000d7   Thumb Code     0  startup_stm32f030x6.o(.text)
    TIM17_IRQHandler                         0x080000d7   Thumb Code     0  startup_stm32f030x6.o(.text)
    TIM1_CC_IRQHandler                       0x080000d7   Thumb Code     0  startup_stm32f030x6.o(.text)
    TIM3_IRQHandler                          0x080000d7   Thumb Code     0  startup_stm32f030x6.o(.text)
    WWDG_IRQHandler                          0x080000d7   Thumb Code     0  startup_stm32f030x6.o(.text)
    __aeabi_uidiv                            0x080000e1   Thumb Code     0  uidiv.o(.text)
    __aeabi_uidivmod                         0x080000e1   Thumb Code    44  uidiv.o(.text)
    __aeabi_uldivmod                         0x0800010d   Thumb Code    96  uldiv.o(.text)
    __aeabi_llsr                             0x0800016d   Thumb Code    34  llushr.o(.text)
    _ll_ushift_r                             0x0800016d   Thumb Code     0  llushr.o(.text)
    ___aeabi_memcpy8$ret                     0x0800018f   Thumb Code     0  memcpy.o(.text)
    __aeabi_memcpy                           0x0800018f   Thumb Code    40  memcpy.o(.text)
    __aeabi_memcpy4                          0x0800018f   Thumb Code     0  memcpy.o(.text)
    memcpy                                   0x0800018f   Thumb Code     0  memcpy.o(.text)
    __aeabi_memset                           0x080001b7   Thumb Code    14  memseta.o(.text)
    __aeabi_memset4                          0x080001b7   Thumb Code     0  memseta.o(.text)
    __aeabi_memset8                          0x080001b7   Thumb Code     0  memseta.o(.text)
    __aeabi_memclr                           0x080001c5   Thumb Code     4  memseta.o(.text)
    __aeabi_memclr4                          0x080001c5   Thumb Code     0  memseta.o(.text)
    __aeabi_memclr8                          0x080001c5   Thumb Code     0  memseta.o(.text)
    _memset$wrapper                          0x080001c9   Thumb Code    18  memseta.o(.text)
    __aeabi_fadd                             0x080001db   Thumb Code   162  fadd.o(.text)
    __aeabi_fsub                             0x0800027d   Thumb Code     8  fadd.o(.text)
    __aeabi_frsub                            0x08000285   Thumb Code     8  fadd.o(.text)
    __aeabi_fmul                             0x0800028d   Thumb Code   122  fmul.o(.text)
    __aeabi_f2uiz                            0x08000307   Thumb Code    40  ffixui.o(.text)
    __aeabi_cfcmpeq                          0x08000331   Thumb Code     0  cfcmple.o(.text)
    __aeabi_cfcmple                          0x08000331   Thumb Code    20  cfcmple.o(.text)
    __aeabi_cfrcmple                         0x08000345   Thumb Code    20  cfrcmple.o(.text)
    __aeabi_llsl                             0x08000359   Thumb Code    32  llshl.o(.text)
    _ll_shift_l                              0x08000359   Thumb Code     0  llshl.o(.text)
    __I$use$fp                               0x08000379   Thumb Code     0  iusefp.o(.text)
    _float_round                             0x08000379   Thumb Code    16  fepilogue.o(.text)
    _float_epilogue                          0x08000389   Thumb Code   114  fepilogue.o(.text)
    __scatterload                            0x080003fd   Thumb Code    28  init.o(.text)
    __scatterload_rt2                        0x080003fd   Thumb Code     0  init.o(.text)
    DMA1_Channel2_3_IRQHandler               0x08000509   Thumb Code    16  stm32f0xx_it.o(i.DMA1_Channel2_3_IRQHandler)
    Error_Handler                            0x0800056d   Thumb Code     6  main.o(i.Error_Handler)
    Get_CardId                               0x08000575   Thumb Code    18  tool.o(i.Get_CardId)
    Get_Crc16                                0x0800058d   Thumb Code    58  tool.o(i.Get_Crc16)
    HAL_DMA_Abort                            0x080005cd   Thumb Code    82  stm32f0xx_hal_dma.o(i.HAL_DMA_Abort)
    HAL_DMA_Abort_IT                         0x0800061f   Thumb Code    88  stm32f0xx_hal_dma.o(i.HAL_DMA_Abort_IT)
    HAL_DMA_GetError                         0x08000677   Thumb Code     6  stm32f0xx_hal_dma.o(i.HAL_DMA_GetError)
    HAL_DMA_IRQHandler                       0x0800067d   Thumb Code   240  stm32f0xx_hal_dma.o(i.HAL_DMA_IRQHandler)
    HAL_DMA_Init                             0x0800076d   Thumb Code    86  stm32f0xx_hal_dma.o(i.HAL_DMA_Init)
    HAL_DMA_Start_IT                         0x080007c9   Thumb Code   154  stm32f0xx_hal_dma.o(i.HAL_DMA_Start_IT)
    HAL_Delay                                0x08000865   Thumb Code    38  stm32f0xx_hal.o(i.HAL_Delay)
    HAL_GPIO_Init                            0x08000891   Thumb Code   470  stm32f0xx_hal_gpio.o(i.HAL_GPIO_Init)
    HAL_GPIO_ReadPin                         0x08000a81   Thumb Code    18  stm32f0xx_hal_gpio.o(i.HAL_GPIO_ReadPin)
    HAL_GPIO_WritePin                        0x08000a93   Thumb Code    12  stm32f0xx_hal_gpio.o(i.HAL_GPIO_WritePin)
    HAL_GetTick                              0x08000aa1   Thumb Code     6  stm32f0xx_hal.o(i.HAL_GetTick)
    HAL_IWDG_Init                            0x08000aad   Thumb Code   110  stm32f0xx_hal_iwdg.o(i.HAL_IWDG_Init)
    HAL_IWDG_Refresh                         0x08000b29   Thumb Code    12  stm32f0xx_hal_iwdg.o(i.HAL_IWDG_Refresh)
    HAL_IncTick                              0x08000b39   Thumb Code    16  stm32f0xx_hal.o(i.HAL_IncTick)
    HAL_Init                                 0x08000b51   Thumb Code    28  stm32f0xx_hal.o(i.HAL_Init)
    HAL_InitTick                             0x08000b71   Thumb Code    70  stm32f0xx_hal.o(i.HAL_InitTick)
    HAL_MspInit                              0x08000bc5   Thumb Code    60  stm32f0xx_hal_msp.o(i.HAL_MspInit)
    HAL_NVIC_EnableIRQ                       0x08000c05   Thumb Code    22  stm32f0xx_hal_cortex.o(i.HAL_NVIC_EnableIRQ)
    HAL_NVIC_SetPriority                     0x08000c21   Thumb Code    18  stm32f0xx_hal_cortex.o(i.HAL_NVIC_SetPriority)
    HAL_RCCEx_PeriphCLKConfig                0x08000c35   Thumb Code   322  stm32f0xx_hal_rcc_ex.o(i.HAL_RCCEx_PeriphCLKConfig)
    HAL_RCC_ClockConfig                      0x08000d85   Thumb Code   342  stm32f0xx_hal_rcc.o(i.HAL_RCC_ClockConfig)
    HAL_RCC_GetHCLKFreq                      0x08000ef1   Thumb Code     6  stm32f0xx_hal_rcc.o(i.HAL_RCC_GetHCLKFreq)
    HAL_RCC_GetPCLK1Freq                     0x08000efd   Thumb Code    26  stm32f0xx_hal_rcc.o(i.HAL_RCC_GetPCLK1Freq)
    HAL_RCC_GetSysClockFreq                  0x08000f21   Thumb Code   130  stm32f0xx_hal_rcc.o(i.HAL_RCC_GetSysClockFreq)
    HAL_RCC_OscConfig                        0x08000fb9   Thumb Code  1416  stm32f0xx_hal_rcc.o(i.HAL_RCC_OscConfig)
    HAL_SPI_Init                             0x08001545   Thumb Code   268  stm32f0xx_hal_spi.o(i.HAL_SPI_Init)
    HAL_SPI_MspInit                          0x08001651   Thumb Code   114  spi.o(i.HAL_SPI_MspInit)
    HAL_SPI_Transmit                         0x080016cd   Thumb Code   474  stm32f0xx_hal_spi.o(i.HAL_SPI_Transmit)
    HAL_SYSTICK_Config                       0x080018a9   Thumb Code    46  stm32f0xx_hal_cortex.o(i.HAL_SYSTICK_Config)
    HAL_TIMEx_BreakCallback                  0x080018e1   Thumb Code     2  stm32f0xx_hal_tim_ex.o(i.HAL_TIMEx_BreakCallback)
    HAL_TIMEx_CommutCallback                 0x080018e3   Thumb Code     2  stm32f0xx_hal_tim_ex.o(i.HAL_TIMEx_CommutCallback)
    HAL_TIMEx_MasterConfigSynchronization    0x080018e5   Thumb Code   110  stm32f0xx_hal_tim_ex.o(i.HAL_TIMEx_MasterConfigSynchronization)
    HAL_TIM_Base_Init                        0x0800195d   Thumb Code   100  stm32f0xx_hal_tim.o(i.HAL_TIM_Base_Init)
    HAL_TIM_Base_MspInit                     0x080019c1   Thumb Code    58  tim.o(i.HAL_TIM_Base_MspInit)
    HAL_TIM_Base_Start_IT                    0x08001a05   Thumb Code    90  stm32f0xx_hal_tim.o(i.HAL_TIM_Base_Start_IT)
    HAL_TIM_ConfigClockSource                0x08001a69   Thumb Code   280  stm32f0xx_hal_tim.o(i.HAL_TIM_ConfigClockSource)
    HAL_TIM_IC_CaptureCallback               0x08001b81   Thumb Code     2  stm32f0xx_hal_tim.o(i.HAL_TIM_IC_CaptureCallback)
    HAL_TIM_IRQHandler                       0x08001b83   Thumb Code   456  stm32f0xx_hal_tim.o(i.HAL_TIM_IRQHandler)
    HAL_TIM_OC_DelayElapsedCallback          0x08001d4b   Thumb Code     2  stm32f0xx_hal_tim.o(i.HAL_TIM_OC_DelayElapsedCallback)
    HAL_TIM_PWM_PulseFinishedCallback        0x08001d4d   Thumb Code     2  stm32f0xx_hal_tim.o(i.HAL_TIM_PWM_PulseFinishedCallback)
    HAL_TIM_PeriodElapsedCallback            0x08001d51   Thumb Code   118  tim.o(i.HAL_TIM_PeriodElapsedCallback)
    HAL_TIM_TriggerCallback                  0x08001dd1   Thumb Code     2  stm32f0xx_hal_tim.o(i.HAL_TIM_TriggerCallback)
    HAL_UARTEx_RxEventCallback               0x08001dd3   Thumb Code     2  stm32f0xx_hal_uart.o(i.HAL_UARTEx_RxEventCallback)
    HAL_UART_DMAStop                         0x08001dd5   Thumb Code   198  stm32f0xx_hal_uart.o(i.HAL_UART_DMAStop)
    HAL_UART_ErrorCallback                   0x08001e9b   Thumb Code    10  main.o(i.HAL_UART_ErrorCallback)
    HAL_UART_IRQHandler                      0x08001ea5   Thumb Code   928  stm32f0xx_hal_uart.o(i.HAL_UART_IRQHandler)
    HAL_UART_Init                            0x08002251   Thumb Code   126  stm32f0xx_hal_uart.o(i.HAL_UART_Init)
    HAL_UART_MspInit                         0x080022d1   Thumb Code   250  usart.o(i.HAL_UART_MspInit)
    HAL_UART_Receive_DMA                     0x080023e1   Thumb Code   126  stm32f0xx_hal_uart.o(i.HAL_UART_Receive_DMA)
    HAL_UART_RxCpltCallback                  0x0800245f   Thumb Code     2  stm32f0xx_hal_uart.o(i.HAL_UART_RxCpltCallback)
    HAL_UART_RxHalfCpltCallback              0x08002461   Thumb Code     2  stm32f0xx_hal_uart.o(i.HAL_UART_RxHalfCpltCallback)
    HAL_UART_Transmit_DMA                    0x08002465   Thumb Code   186  stm32f0xx_hal_uart.o(i.HAL_UART_Transmit_DMA)
    HAL_UART_TxCpltCallback                  0x0800252d   Thumb Code     2  stm32f0xx_hal_uart.o(i.HAL_UART_TxCpltCallback)
    HAL_UART_TxHalfCpltCallback              0x0800252f   Thumb Code     2  stm32f0xx_hal_uart.o(i.HAL_UART_TxHalfCpltCallback)
    HardFault_Handler                        0x08002531   Thumb Code     4  stm32f0xx_it.o(i.HardFault_Handler)
    IRQ_Handle                               0x08002535   Thumb Code    32  tool.o(i.IRQ_Handle)
    MX_DMA_Init                              0x08002559   Thumb Code    48  dma.o(i.MX_DMA_Init)
    MX_GPIO_Init                             0x0800258d   Thumb Code   186  gpio.o(i.MX_GPIO_Init)
    MX_IWDG_Init                             0x08002655   Thumb Code    36  iwdg.o(i.MX_IWDG_Init)
    MX_ModbusInit                            0x08002689   Thumb Code    66  modbus.o(i.MX_ModbusInit)
    MX_SPI1_Init                             0x080026dd   Thumb Code    76  spi.o(i.MX_SPI1_Init)
    MX_TIM1_Init                             0x08002731   Thumb Code   110  tim.o(i.MX_TIM1_Init)
    MX_USART1_UART_Init                      0x080027a9   Thumb Code    58  usart.o(i.MX_USART1_UART_Init)
    Mcp48xx_Write                            0x080027ed   Thumb Code    96  mcp4822.o(i.Mcp48xx_Write)
    Modbus_Handle                            0x080028d1   Thumb Code    26  modbus.o(i.Modbus_Handle)
    NMI_Handler                              0x08002c79   Thumb Code     4  stm32f0xx_it.o(i.NMI_Handler)
    Output_Current                           0x08002c7d   Thumb Code    88  mcp4822.o(i.Output_Current)
    PendSV_Handler                           0x08002ce1   Thumb Code     2  stm32f0xx_it.o(i.PendSV_Handler)
    Read_74HC165                             0x08002ce3   Thumb Code   136  tool.o(i.Read_74HC165)
    SVC_Handler                              0x08002fad   Thumb Code     2  stm32f0xx_it.o(i.SVC_Handler)
    SysTick_Handler                          0x08002faf   Thumb Code     8  stm32f0xx_it.o(i.SysTick_Handler)
    SystemClock_Config                       0x08002fb7   Thumb Code   126  main.o(i.SystemClock_Config)
    SystemInit                               0x08003035   Thumb Code     2  system_stm32f0xx.o(i.SystemInit)
    TIM1_BRK_UP_TRG_COM_IRQHandler           0x08003039   Thumb Code    10  stm32f0xx_it.o(i.TIM1_BRK_UP_TRG_COM_IRQHandler)
    TIM_Base_SetConfig                       0x08003049   Thumb Code   122  stm32f0xx_hal_tim.o(i.TIM_Base_SetConfig)
    TIM_ETR_SetConfig                        0x080030d9   Thumb Code    28  stm32f0xx_hal_tim.o(i.TIM_ETR_SetConfig)
    TIRQ_Handle                              0x08003171   Thumb Code   202  main.o(i.TIRQ_Handle)
    Timer_Handle                             0x08003245   Thumb Code    64  tim.o(i.Timer_Handle)
    UART_AdvFeatureConfig                    0x08003289   Thumb Code   240  stm32f0xx_hal_uart.o(i.UART_AdvFeatureConfig)
    UART_CheckIdleState                      0x08003379   Thumb Code   252  stm32f0xx_hal_uart.o(i.UART_CheckIdleState)
    UART_SetConfig                           0x08003725   Thumb Code   368  stm32f0xx_hal_uart.o(i.UART_SetConfig)
    UART_Start_Receive_DMA                   0x080038a5   Thumb Code   206  stm32f0xx_hal_uart.o(i.UART_Start_Receive_DMA)
    UART_WaitOnFlagUntilTimeout              0x08003981   Thumb Code   172  stm32f0xx_hal_uart.o(i.UART_WaitOnFlagUntilTimeout)
    USART1_IRQHandler                        0x08003a2d   Thumb Code    32  stm32f0xx_it.o(i.USART1_IRQHandler)
    Write_74HC138                            0x08003a59   Thumb Code    74  tool.o(i.Write_74HC138)
    Write_Analog_IO                          0x08003aa5   Thumb Code   108  io_signal.o(i.Write_Analog_IO)
    __ARM_common_ll_muluu                    0x08003b19   Thumb Code    48  stm32f0xx_hal_rcc.o(i.__ARM_common_ll_muluu)
    __scatterload_copy                       0x08003bc7   Thumb Code    14  handlers.o(i.__scatterload_copy)
    __scatterload_null                       0x08003bd5   Thumb Code     2  handlers.o(i.__scatterload_null)
    __scatterload_zeroinit                   0x08003bd7   Thumb Code    14  handlers.o(i.__scatterload_zeroinit)
    free                                     0x08003bed   Thumb Code    80  malloc.o(i.free)
    main                                     0x08003c41   Thumb Code   198  main.o(i.main)
    malloc                                   0x08003d21   Thumb Code    92  malloc.o(i.malloc)
    AHBPrescTable                            0x08003e18   Data          16  system_stm32f0xx.o(.constdata)
    APBPrescTable                            0x08003e28   Data           8  system_stm32f0xx.o(.constdata)
    Region$$Table$$Base                      0x08003e30   Number         0  anon$$obj.o(Region$$Table)
    Region$$Table$$Limit                     0x08003e50   Number         0  anon$$obj.o(Region$$Table)
    gDac_OutPrarm                            0x20000000   Data          64  mcp4822.o(.data)
    Modbus_Object                            0x20000040   Data           4  modbus.o(.data)
    info_pin                                 0x20000048   Data          16  tool.o(.data)
    gpio_74HC138                             0x20000058   Data           8  tool.o(.data)
    irq_sm                                   0x20000060   Data           4  main.o(.data)
    timer_map                                0x20000064   Data          64  main.o(.data)
    stimer                                   0x200000a4   Data           8  main.o(.data)
    ptimer                                   0x200000ac   Data           4  tim.o(.data)
    uwTick                                   0x200000b0   Data           4  stm32f0xx_hal.o(.data)
    uwTickPrio                               0x200000b4   Data           4  stm32f0xx_hal.o(.data)
    uwTickFreq                               0x200000b8   Data           1  stm32f0xx_hal.o(.data)
    SystemCoreClock                          0x200000bc   Data           4  system_stm32f0xx.o(.data)
    __microlib_freelist                      0x200000c0   Data           4  mvars.o(.data)
    __microlib_freelist_initialised          0x200000c4   Data           4  mvars.o(.data)
    Spool                                    0x200000c8   Data         128  modbus.o(.bss)
    hiwdg                                    0x20000148   Data          16  iwdg.o(.bss)
    hspi1                                    0x20000158   Data         100  spi.o(.bss)
    htim1                                    0x200001bc   Data          72  tim.o(.bss)
    huart1                                   0x20000204   Data         136  usart.o(.bss)
    hdma_usart1_tx                           0x2000028c   Data          68  usart.o(.bss)
    hdma_usart1_rx                           0x200002d0   Data          68  usart.o(.bss)
    __heap_base                              0x20000318   Data           0  startup_stm32f030x6.o(HEAP)
    __heap_limit                             0x20000518   Data           0  startup_stm32f030x6.o(HEAP)
    __initial_sp                             0x20000918   Data           0  startup_stm32f030x6.o(STACK)



==============================================================================

Memory Map of the image

  Image Entry point : 0x080000b1

  Load Region LR_IROM1 (Base: 0x08000000, Size: 0x00003f18, Max: 0x00008000, ABSOLUTE)

    Execution Region ER_IROM1 (Exec base: 0x08000000, Load base: 0x08000000, Size: 0x00003e50, Max: 0x00008000, ABSOLUTE)

    Exec Addr    Load Addr    Size         Type   Attr      Idx    E Section Name        Object

    0x08000000   0x08000000   0x000000b0   Data   RO            3    RESET               startup_stm32f030x6.o
    0x080000b0   0x080000b0   0x00000000   Code   RO         3940  * .ARM.Collect$$$$00000000  mc_p.l(entry.o)
    0x080000b0   0x080000b0   0x00000004   Code   RO         4005    .ARM.Collect$$$$00000001  mc_p.l(entry2.o)
    0x080000b4   0x080000b4   0x00000004   Code   RO         4008    .ARM.Collect$$$$00000004  mc_p.l(entry5.o)
    0x080000b8   0x080000b8   0x00000000   Code   RO         4010    .ARM.Collect$$$$00000008  mc_p.l(entry7b.o)
    0x080000b8   0x080000b8   0x00000000   Code   RO         4012    .ARM.Collect$$$$0000000A  mc_p.l(entry8b.o)
    0x080000b8   0x080000b8   0x00000008   Code   RO         4013    .ARM.Collect$$$$0000000B  mc_p.l(entry9a.o)
    0x080000c0   0x080000c0   0x00000000   Code   RO         4015    .ARM.Collect$$$$0000000D  mc_p.l(entry10a.o)
    0x080000c0   0x080000c0   0x00000000   Code   RO         4017    .ARM.Collect$$$$0000000F  mc_p.l(entry11a.o)
    0x080000c0   0x080000c0   0x00000004   Code   RO         4006    .ARM.Collect$$$$00002712  mc_p.l(entry2.o)
    0x080000c4   0x080000c4   0x0000001c   Code   RO            4    .text               startup_stm32f030x6.o
    0x080000e0   0x080000e0   0x0000002c   Code   RO         3943    .text               mc_p.l(uidiv.o)
    0x0800010c   0x0800010c   0x00000060   Code   RO         3945    .text               mc_p.l(uldiv.o)
    0x0800016c   0x0800016c   0x00000022   Code   RO         3947    .text               mc_p.l(llushr.o)
    0x0800018e   0x0800018e   0x00000028   Code   RO         3949    .text               mc_p.l(memcpy.o)
    0x080001b6   0x080001b6   0x00000024   Code   RO         3953    .text               mc_p.l(memseta.o)
    0x080001da   0x080001da   0x000000b2   Code   RO         3987    .text               mf_p.l(fadd.o)
    0x0800028c   0x0800028c   0x0000007a   Code   RO         3989    .text               mf_p.l(fmul.o)
    0x08000306   0x08000306   0x00000028   Code   RO         3995    .text               mf_p.l(ffixui.o)
    0x0800032e   0x0800032e   0x00000002   PAD
    0x08000330   0x08000330   0x00000014   Code   RO         4001    .text               mf_p.l(cfcmple.o)
    0x08000344   0x08000344   0x00000014   Code   RO         4003    .text               mf_p.l(cfrcmple.o)
    0x08000358   0x08000358   0x00000020   Code   RO         4019    .text               mc_p.l(llshl.o)
    0x08000378   0x08000378   0x00000000   Code   RO         4025    .text               mc_p.l(iusefp.o)
    0x08000378   0x08000378   0x00000082   Code   RO         4026    .text               mf_p.l(fepilogue.o)
    0x080003fa   0x080003fa   0x00000002   PAD
    0x080003fc   0x080003fc   0x00000024   Code   RO         4032    .text               mc_p.l(init.o)
    0x08000420   0x08000420   0x000000e8   Code   RO          208    i.Create_ModObject  modbus.o
    0x08000508   0x08000508   0x00000018   Code   RO          615    i.DMA1_Channel2_3_IRQHandler  stm32f0xx_it.o
    0x08000520   0x08000520   0x00000020   Code   RO         1580    i.DMA_CalcBaseAndBitshift  stm32f0xx_hal_dma.o
    0x08000540   0x08000540   0x0000002a   Code   RO         1581    i.DMA_SetConfig     stm32f0xx_hal_dma.o
    0x0800056a   0x0800056a   0x00000002   Code   RO          356    i.Debug_Handle      main.o
    0x0800056c   0x0800056c   0x00000006   Code   RO          357    i.Error_Handler     main.o
    0x08000572   0x08000572   0x00000002   PAD
    0x08000574   0x08000574   0x00000018   Code   RO          297    i.Get_CardId        tool.o
    0x0800058c   0x0800058c   0x00000040   Code   RO          298    i.Get_Crc16         tool.o
    0x080005cc   0x080005cc   0x00000052   Code   RO         1582    i.HAL_DMA_Abort     stm32f0xx_hal_dma.o
    0x0800061e   0x0800061e   0x00000058   Code   RO         1583    i.HAL_DMA_Abort_IT  stm32f0xx_hal_dma.o
    0x08000676   0x08000676   0x00000006   Code   RO         1585    i.HAL_DMA_GetError  stm32f0xx_hal_dma.o
    0x0800067c   0x0800067c   0x000000f0   Code   RO         1587    i.HAL_DMA_IRQHandler  stm32f0xx_hal_dma.o
    0x0800076c   0x0800076c   0x0000005c   Code   RO         1588    i.HAL_DMA_Init      stm32f0xx_hal_dma.o
    0x080007c8   0x080007c8   0x0000009a   Code   RO         1592    i.HAL_DMA_Start_IT  stm32f0xx_hal_dma.o
    0x08000862   0x08000862   0x00000002   PAD
    0x08000864   0x08000864   0x0000002c   Code   RO          859    i.HAL_Delay         stm32f0xx_hal.o
    0x08000890   0x08000890   0x000001f0   Code   RO         1521    i.HAL_GPIO_Init     stm32f0xx_hal_gpio.o
    0x08000a80   0x08000a80   0x00000012   Code   RO         1523    i.HAL_GPIO_ReadPin  stm32f0xx_hal_gpio.o
    0x08000a92   0x08000a92   0x0000000c   Code   RO         1525    i.HAL_GPIO_WritePin  stm32f0xx_hal_gpio.o
    0x08000a9e   0x08000a9e   0x00000002   PAD
    0x08000aa0   0x08000aa0   0x0000000c   Code   RO          863    i.HAL_GetTick       stm32f0xx_hal.o
    0x08000aac   0x08000aac   0x0000007c   Code   RO          701    i.HAL_IWDG_Init     stm32f0xx_hal_iwdg.o
    0x08000b28   0x08000b28   0x00000010   Code   RO          702    i.HAL_IWDG_Refresh  stm32f0xx_hal_iwdg.o
    0x08000b38   0x08000b38   0x00000018   Code   RO          869    i.HAL_IncTick       stm32f0xx_hal.o
    0x08000b50   0x08000b50   0x00000020   Code   RO          870    i.HAL_Init          stm32f0xx_hal.o
    0x08000b70   0x08000b70   0x00000054   Code   RO          871    i.HAL_InitTick      stm32f0xx_hal.o
    0x08000bc4   0x08000bc4   0x00000040   Code   RO          681    i.HAL_MspInit       stm32f0xx_hal_msp.o
    0x08000c04   0x08000c04   0x0000001c   Code   RO         1680    i.HAL_NVIC_EnableIRQ  stm32f0xx_hal_cortex.o
    0x08000c20   0x08000c20   0x00000012   Code   RO         1684    i.HAL_NVIC_SetPriority  stm32f0xx_hal_cortex.o
    0x08000c32   0x08000c32   0x00000002   PAD
    0x08000c34   0x08000c34   0x00000150   Code   RO          824    i.HAL_RCCEx_PeriphCLKConfig  stm32f0xx_hal_rcc_ex.o
    0x08000d84   0x08000d84   0x0000016c   Code   RO          728    i.HAL_RCC_ClockConfig  stm32f0xx_hal_rcc.o
    0x08000ef0   0x08000ef0   0x0000000c   Code   RO          733    i.HAL_RCC_GetHCLKFreq  stm32f0xx_hal_rcc.o
    0x08000efc   0x08000efc   0x00000024   Code   RO          735    i.HAL_RCC_GetPCLK1Freq  stm32f0xx_hal_rcc.o
    0x08000f20   0x08000f20   0x00000098   Code   RO          736    i.HAL_RCC_GetSysClockFreq  stm32f0xx_hal_rcc.o
    0x08000fb8   0x08000fb8   0x0000058c   Code   RO          739    i.HAL_RCC_OscConfig  stm32f0xx_hal_rcc.o
    0x08001544   0x08001544   0x0000010c   Code   RO         2152    i.HAL_SPI_Init      stm32f0xx_hal_spi.o
    0x08001650   0x08001650   0x0000007c   Code   RO          489    i.HAL_SPI_MspInit   spi.o
    0x080016cc   0x080016cc   0x000001da   Code   RO         2160    i.HAL_SPI_Transmit  stm32f0xx_hal_spi.o
    0x080018a6   0x080018a6   0x00000002   PAD
    0x080018a8   0x080018a8   0x00000038   Code   RO         1688    i.HAL_SYSTICK_Config  stm32f0xx_hal_cortex.o
    0x080018e0   0x080018e0   0x00000002   Code   RO         3197    i.HAL_TIMEx_BreakCallback  stm32f0xx_hal_tim_ex.o
    0x080018e2   0x080018e2   0x00000002   Code   RO         3198    i.HAL_TIMEx_CommutCallback  stm32f0xx_hal_tim_ex.o
    0x080018e4   0x080018e4   0x00000078   Code   RO         3216    i.HAL_TIMEx_MasterConfigSynchronization  stm32f0xx_hal_tim_ex.o
    0x0800195c   0x0800195c   0x00000064   Code   RO         2486    i.HAL_TIM_Base_Init  stm32f0xx_hal_tim.o
    0x080019c0   0x080019c0   0x00000044   Code   RO          527    i.HAL_TIM_Base_MspInit  tim.o
    0x08001a04   0x08001a04   0x00000064   Code   RO         2491    i.HAL_TIM_Base_Start_IT  stm32f0xx_hal_tim.o
    0x08001a68   0x08001a68   0x00000118   Code   RO         2495    i.HAL_TIM_ConfigClockSource  stm32f0xx_hal_tim.o
    0x08001b80   0x08001b80   0x00000002   Code   RO         2520    i.HAL_TIM_IC_CaptureCallback  stm32f0xx_hal_tim.o
    0x08001b82   0x08001b82   0x000001c8   Code   RO         2534    i.HAL_TIM_IRQHandler  stm32f0xx_hal_tim.o
    0x08001d4a   0x08001d4a   0x00000002   Code   RO         2537    i.HAL_TIM_OC_DelayElapsedCallback  stm32f0xx_hal_tim.o
    0x08001d4c   0x08001d4c   0x00000002   Code   RO         2564    i.HAL_TIM_PWM_PulseFinishedCallback  stm32f0xx_hal_tim.o
    0x08001d4e   0x08001d4e   0x00000002   PAD
    0x08001d50   0x08001d50   0x00000080   Code   RO          528    i.HAL_TIM_PeriodElapsedCallback  tim.o
    0x08001dd0   0x08001dd0   0x00000002   Code   RO         2577    i.HAL_TIM_TriggerCallback  stm32f0xx_hal_tim.o
    0x08001dd2   0x08001dd2   0x00000002   Code   RO         3467    i.HAL_UARTEx_RxEventCallback  stm32f0xx_hal_uart.o
    0x08001dd4   0x08001dd4   0x000000c6   Code   RO         3479    i.HAL_UART_DMAStop  stm32f0xx_hal_uart.o
    0x08001e9a   0x08001e9a   0x0000000a   Code   RO          358    i.HAL_UART_ErrorCallback  main.o
    0x08001ea4   0x08001ea4   0x000003ac   Code   RO         3486    i.HAL_UART_IRQHandler  stm32f0xx_hal_uart.o
    0x08002250   0x08002250   0x0000007e   Code   RO         3487    i.HAL_UART_Init     stm32f0xx_hal_uart.o
    0x080022ce   0x080022ce   0x00000002   PAD
    0x080022d0   0x080022d0   0x00000110   Code   RO          578    i.HAL_UART_MspInit  usart.o
    0x080023e0   0x080023e0   0x0000007e   Code   RO         3491    i.HAL_UART_Receive_DMA  stm32f0xx_hal_uart.o
    0x0800245e   0x0800245e   0x00000002   Code   RO         3494    i.HAL_UART_RxCpltCallback  stm32f0xx_hal_uart.o
    0x08002460   0x08002460   0x00000002   Code   RO         3495    i.HAL_UART_RxHalfCpltCallback  stm32f0xx_hal_uart.o
    0x08002462   0x08002462   0x00000002   PAD
    0x08002464   0x08002464   0x000000c8   Code   RO         3497    i.HAL_UART_Transmit_DMA  stm32f0xx_hal_uart.o
    0x0800252c   0x0800252c   0x00000002   Code   RO         3499    i.HAL_UART_TxCpltCallback  stm32f0xx_hal_uart.o
    0x0800252e   0x0800252e   0x00000002   Code   RO         3500    i.HAL_UART_TxHalfCpltCallback  stm32f0xx_hal_uart.o
    0x08002530   0x08002530   0x00000004   Code   RO          616    i.HardFault_Handler  stm32f0xx_it.o
    0x08002534   0x08002534   0x00000024   Code   RO          299    i.IRQ_Handle        tool.o
    0x08002558   0x08002558   0x00000034   Code   RO          442    i.MX_DMA_Init       dma.o
    0x0800258c   0x0800258c   0x000000c8   Code   RO          422    i.MX_GPIO_Init      gpio.o
    0x08002654   0x08002654   0x00000034   Code   RO          462    i.MX_IWDG_Init      iwdg.o
    0x08002688   0x08002688   0x00000054   Code   RO          210    i.MX_ModbusInit     modbus.o
    0x080026dc   0x080026dc   0x00000054   Code   RO          490    i.MX_SPI1_Init      spi.o
    0x08002730   0x08002730   0x00000078   Code   RO          529    i.MX_TIM1_Init      tim.o
    0x080027a8   0x080027a8   0x00000044   Code   RO          579    i.MX_USART1_UART_Init  usart.o
    0x080027ec   0x080027ec   0x00000068   Code   RO          175    i.Mcp48xx_Write     mcp4822.o
    0x08002854   0x08002854   0x0000007c   Code   RO          211    i.Modbus_46H        modbus.o
    0x080028d0   0x080028d0   0x00000020   Code   RO          212    i.Modbus_Handle     modbus.o
    0x080028f0   0x080028f0   0x0000007a   Code   RO          213    i.Modbus_Operatex   modbus.o
    0x0800296a   0x0800296a   0x00000002   PAD
    0x0800296c   0x0800296c   0x000000bc   Code   RO          214    i.Modbus_Poll       modbus.o
    0x08002a28   0x08002a28   0x00000060   Code   RO          215    i.Modbus_Send       modbus.o
    0x08002a88   0x08002a88   0x00000052   Code   RO          216    i.Modbus_TI_Recive  modbus.o
    0x08002ada   0x08002ada   0x000000c2   Code   RO          217    i.Modus_ReadXRegister  modbus.o
    0x08002b9c   0x08002b9c   0x0000005c   Code   RO          218    i.Modus_ReportSeverId  modbus.o
    0x08002bf8   0x08002bf8   0x00000080   Code   RO          219    i.Modus_WriteHoldRegister  modbus.o
    0x08002c78   0x08002c78   0x00000004   Code   RO          617    i.NMI_Handler       stm32f0xx_it.o
    0x08002c7c   0x08002c7c   0x00000064   Code   RO          176    i.Output_Current    mcp4822.o
    0x08002ce0   0x08002ce0   0x00000002   Code   RO          618    i.PendSV_Handler    stm32f0xx_it.o
    0x08002ce2   0x08002ce2   0x00000088   Code   RO          300    i.Read_74HC165      tool.o
    0x08002d6a   0x08002d6a   0x0000006a   Code   RO         2190    i.SPI_EndRxTxTransaction  stm32f0xx_hal_spi.o
    0x08002dd4   0x08002dd4   0x000000fc   Code   RO         2195    i.SPI_WaitFifoStateUntilTimeout  stm32f0xx_hal_spi.o
    0x08002ed0   0x08002ed0   0x000000dc   Code   RO         2196    i.SPI_WaitFlagStateUntilTimeout  stm32f0xx_hal_spi.o
    0x08002fac   0x08002fac   0x00000002   Code   RO          619    i.SVC_Handler       stm32f0xx_it.o
    0x08002fae   0x08002fae   0x00000008   Code   RO          620    i.SysTick_Handler   stm32f0xx_it.o
    0x08002fb6   0x08002fb6   0x0000007e   Code   RO          359    i.SystemClock_Config  main.o
    0x08003034   0x08003034   0x00000002   Code   RO         3910    i.SystemInit        system_stm32f0xx.o
    0x08003036   0x08003036   0x00000002   PAD
    0x08003038   0x08003038   0x00000010   Code   RO          621    i.TIM1_BRK_UP_TRG_COM_IRQHandler  stm32f0xx_it.o
    0x08003048   0x08003048   0x00000090   Code   RO         2579    i.TIM_Base_SetConfig  stm32f0xx_hal_tim.o
    0x080030d8   0x080030d8   0x0000001c   Code   RO         2590    i.TIM_ETR_SetConfig  stm32f0xx_hal_tim.o
    0x080030f4   0x080030f4   0x00000018   Code   RO         2591    i.TIM_ITRx_SetConfig  stm32f0xx_hal_tim.o
    0x0800310c   0x0800310c   0x00000032   Code   RO         2597    i.TIM_TI1_ConfigInputStage  stm32f0xx_hal_tim.o
    0x0800313e   0x0800313e   0x00000032   Code   RO         2599    i.TIM_TI2_ConfigInputStage  stm32f0xx_hal_tim.o
    0x08003170   0x08003170   0x000000d4   Code   RO          360    i.TIRQ_Handle       main.o
    0x08003244   0x08003244   0x00000044   Code   RO          530    i.Timer_Handle      tim.o
    0x08003288   0x08003288   0x000000f0   Code   RO         3501    i.UART_AdvFeatureConfig  stm32f0xx_hal_uart.o
    0x08003378   0x08003378   0x00000100   Code   RO         3502    i.UART_CheckIdleState  stm32f0xx_hal_uart.o
    0x08003478   0x08003478   0x00000018   Code   RO         3503    i.UART_DMAAbortOnError  stm32f0xx_hal_uart.o
    0x08003490   0x08003490   0x00000058   Code   RO         3504    i.UART_DMAError     stm32f0xx_hal_uart.o
    0x080034e8   0x080034e8   0x000000c6   Code   RO         3505    i.UART_DMAReceiveCplt  stm32f0xx_hal_uart.o
    0x080035ae   0x080035ae   0x00000026   Code   RO         3507    i.UART_DMARxHalfCplt  stm32f0xx_hal_uart.o
    0x080035d4   0x080035d4   0x0000005e   Code   RO         3509    i.UART_DMATransmitCplt  stm32f0xx_hal_uart.o
    0x08003632   0x08003632   0x0000000e   Code   RO         3511    i.UART_DMATxHalfCplt  stm32f0xx_hal_uart.o
    0x08003640   0x08003640   0x00000080   Code   RO         3513    i.UART_EndRxTransfer  stm32f0xx_hal_uart.o
    0x080036c0   0x080036c0   0x00000036   Code   RO         3514    i.UART_EndTransmit_IT  stm32f0xx_hal_uart.o
    0x080036f6   0x080036f6   0x0000002c   Code   RO         3515    i.UART_EndTxTransfer  stm32f0xx_hal_uart.o
    0x08003722   0x08003722   0x00000002   PAD
    0x08003724   0x08003724   0x00000180   Code   RO         3518    i.UART_SetConfig    stm32f0xx_hal_uart.o
    0x080038a4   0x080038a4   0x000000dc   Code   RO         3519    i.UART_Start_Receive_DMA  stm32f0xx_hal_uart.o
    0x08003980   0x08003980   0x000000ac   Code   RO         3523    i.UART_WaitOnFlagUntilTimeout  stm32f0xx_hal_uart.o
    0x08003a2c   0x08003a2c   0x0000002c   Code   RO          622    i.USART1_IRQHandler  stm32f0xx_it.o
    0x08003a58   0x08003a58   0x0000004a   Code   RO          301    i.Write_74HC138     tool.o
    0x08003aa2   0x08003aa2   0x00000002   PAD
    0x08003aa4   0x08003aa4   0x00000074   Code   RO           12    i.Write_Analog_IO   io_signal.o
    0x08003b18   0x08003b18   0x00000030   Code   RO          815    i.__ARM_common_ll_muluu  stm32f0xx_hal_rcc.o
    0x08003b48   0x08003b48   0x00000078   Code   RO         1690    i.__NVIC_SetPriority  stm32f0xx_hal_cortex.o
    0x08003bc0   0x08003bc0   0x00000006   Code   RO         3524    i.__get_PRIMASK     stm32f0xx_hal_uart.o
    0x08003bc6   0x08003bc6   0x0000000e   Code   RO         4036    i.__scatterload_copy  mc_p.l(handlers.o)
    0x08003bd4   0x08003bd4   0x00000002   Code   RO         4037    i.__scatterload_null  mc_p.l(handlers.o)
    0x08003bd6   0x08003bd6   0x0000000e   Code   RO         4038    i.__scatterload_zeroinit  mc_p.l(handlers.o)
    0x08003be4   0x08003be4   0x00000006   Code   RO         3525    i.__set_PRIMASK     stm32f0xx_hal_uart.o
    0x08003bea   0x08003bea   0x00000002   PAD
    0x08003bec   0x08003bec   0x00000054   Code   RO         3959    i.free              mc_p.l(malloc.o)
    0x08003c40   0x08003c40   0x000000e0   Code   RO          361    i.main              main.o
    0x08003d20   0x08003d20   0x0000006c   Code   RO         3960    i.malloc            mc_p.l(malloc.o)
    0x08003d8c   0x08003d8c   0x00000060   Data   RO           13    .constdata          io_signal.o
    0x08003dec   0x08003dec   0x0000000c   Data   RO          303    .constdata          tool.o
    0x08003df8   0x08003df8   0x00000020   Data   RO          740    .constdata          stm32f0xx_hal_rcc.o
    0x08003e18   0x08003e18   0x00000018   Data   RO         3911    .constdata          system_stm32f0xx.o
    0x08003e30   0x08003e30   0x00000020   Data   RO         4034    Region$$Table       anon$$obj.o


    Execution Region RW_IRAM1 (Exec base: 0x20000000, Load base: 0x08003e50, Size: 0x00000918, Max: 0x00001000, ABSOLUTE)

    Exec Addr    Load Addr    Size         Type   Attr      Idx    E Section Name        Object

    0x20000000   0x08003e50   0x00000040   Data   RW          177    .data               mcp4822.o
    0x20000040   0x08003e90   0x00000005   Data   RW          221    .data               modbus.o
    0x20000045   0x08003e95   0x00000003   PAD
    0x20000048   0x08003e98   0x00000018   Data   RW          304    .data               tool.o
    0x20000060   0x08003eb0   0x0000004c   Data   RW          362    .data               main.o
    0x200000ac   0x08003efc   0x00000004   Data   RW          532    .data               tim.o
    0x200000b0   0x08003f00   0x00000009   Data   RW          877    .data               stm32f0xx_hal.o
    0x200000b9   0x08003f09   0x00000003   PAD
    0x200000bc   0x08003f0c   0x00000004   Data   RW         3912    .data               system_stm32f0xx.o
    0x200000c0   0x08003f10   0x00000004   Data   RW         4023    .data               mc_p.l(mvars.o)
    0x200000c4   0x08003f14   0x00000004   Data   RW         4024    .data               mc_p.l(mvars.o)
    0x200000c8        -       0x00000080   Zero   RW          220    .bss                modbus.o
    0x20000148        -       0x00000010   Zero   RW          463    .bss                iwdg.o
    0x20000158        -       0x00000064   Zero   RW          491    .bss                spi.o
    0x200001bc        -       0x00000048   Zero   RW          531    .bss                tim.o
    0x20000204        -       0x00000110   Zero   RW          580    .bss                usart.o
    0x20000314   0x08003f18   0x00000004   PAD
    0x20000318        -       0x00000200   Zero   RW            2    HEAP                startup_stm32f030x6.o
    0x20000518        -       0x00000400   Zero   RW            1    STACK               startup_stm32f030x6.o


==============================================================================

Image component sizes


      Code (inc. data)   RO Data    RW Data    ZI Data      Debug   Object Name

        52          4          0          0          0        742   dma.o
       200         14          0          0          0        927   gpio.o
       116          8         96          0          0     282153   io_signal.o
        52         16          0          0         16        675   iwdg.o
       580         36          0         76          0       4760   main.o
       204         20          0         64          0       1785   mcp4822.o
      1374         62          0          5        128       9990   modbus.o
       208         18          0          0        100       1641   spi.o
        28          8        176          0       1536        632   startup_stm32f030x6.o
       196         38          0          9          0       7825   stm32f0xx_hal.o
       222         26          0          0          0      10353   stm32f0xx_hal_cortex.o
       736         10          0          0          0       5781   stm32f0xx_hal_dma.o
       526         26          0          0          0       2635   stm32f0xx_hal_gpio.o
       140         18          0          0          0       1851   stm32f0xx_hal_iwdg.o
        64          4          0          0          0        830   stm32f0xx_hal_msp.o
      2032         78         32          0          0       5113   stm32f0xx_hal_rcc.o
       336         14          0          0          0       1392   stm32f0xx_hal_rcc_ex.o
      1320         12          0          0          0       5430   stm32f0xx_hal_spi.o
      1240         32          0          0          0       9227   stm32f0xx_hal_tim.o
       124         10          0          0          0       2405   stm32f0xx_hal_tim_ex.o
      3566         60          0          0          0      22635   stm32f0xx_hal_uart.o
       104         26          0          0          0       3589   stm32f0xx_it.o
         2          0         24          4          0       1123   system_stm32f0xx.o
       384         34          0          4         72       3328   tim.o
       334         16         12         24          0       3589   tool.o
       340         32          0          0        272       1840   usart.o

    ----------------------------------------------------------------------
     14506        622        372        192       2128     392251   Object Totals
         0          0         32          0          0          0   (incl. Generated)
        26          0          0          6          4          0   (incl. Padding)

    ----------------------------------------------------------------------

      Code (inc. data)   RO Data    RW Data    ZI Data      Debug   Library Member Name

         0          0          0          0          0          0   entry.o
         0          0          0          0          0          0   entry10a.o
         0          0          0          0          0          0   entry11a.o
         8          4          0          0          0          0   entry2.o
         4          0          0          0          0          0   entry5.o
         0          0          0          0          0          0   entry7b.o
         0          0          0          0          0          0   entry8b.o
         8          4          0          0          0          0   entry9a.o
        30          0          0          0          0          0   handlers.o
        36          8          0          0          0         68   init.o
         0          0          0          0          0          0   iusefp.o
        32          0          0          0          0         68   llshl.o
        34          0          0          0          0         68   llushr.o
       192         20          0          0          0        144   malloc.o
        40          0          0          0          0         68   memcpy.o
        36          0          0          0          0        100   memseta.o
         0          0          0          8          0          0   mvars.o
        44          0          0          0          0         72   uidiv.o
        96          0          0          0          0         84   uldiv.o
        20          0          0          0          0         68   cfcmple.o
        20          0          0          0          0         68   cfrcmple.o
       178          0          0          0          0        108   fadd.o
       130          0          0          0          0        144   fepilogue.o
        40          0          0          0          0         60   ffixui.o
       122          0          0          0          0         72   fmul.o

    ----------------------------------------------------------------------
      1074         36          0          8          0       1192   Library Totals
         4          0          0          0          0          0   (incl. Padding)

    ----------------------------------------------------------------------

      Code (inc. data)   RO Data    RW Data    ZI Data      Debug   Library Name

       560         36          0          8          0        672   mc_p.l
       510          0          0          0          0        520   mf_p.l

    ----------------------------------------------------------------------
      1074         36          0          8          0       1192   Library Totals

    ----------------------------------------------------------------------

==============================================================================


      Code (inc. data)   RO Data    RW Data    ZI Data      Debug   

     15580        658        372        200       2128     387947   Grand Totals
     15580        658        372        200       2128     387947   ELF Image Totals
     15580        658        372        200          0          0   ROM Totals

==============================================================================

    Total RO  Size (Code + RO Data)                15952 (  15.58kB)
    Total RW  Size (RW Data + ZI Data)              2328 (   2.27kB)
    Total ROM Size (Code + RO Data + RW Data)      16152 (  15.77kB)

==============================================================================

